[0.011s] Invoking command in '/home/jagdeesh/tracker/build/example_mode_mission_cpp': AMENT_PREFIX_PATH=/home/jagdeesh/tracker/install/px4_ros2_cpp:/home/jagdeesh/tracker/install/px4_msgs:${AMENT_PREFIX_PATH} CMAKE_PREFIX_PATH=/home/jagdeesh/tracker/install/px4_ros2_cpp:/home/jagdeesh/tracker/install/px4_msgs:/opt/ros/humble LD_LIBRARY_PATH=/home/jagdeesh/tracker/install/px4_ros2_cpp/lib:/home/jagdeesh/tracker/install/px4_msgs/lib:${LD_LIBRARY_PATH} PYTHONPATH=/home/jagdeesh/tracker/install/px4_msgs/local/lib/python3.10/dist-packages:${PYTHONPATH} /usr/bin/cmake /home/jagdeesh/tracker/src/px4-ros2-interface-lib/examples/cpp/modes/mission -DCMAKE_BUILD_TYPE=Release -DCMAKE_INSTALL_PREFIX=/home/jagdeesh/tracker/install/example_mode_mission_cpp
[0.078s] -- The C compiler identification is GNU 11.4.0
[0.151s] -- The CXX compiler identification is GNU 11.4.0
[0.160s] -- Detecting C compiler ABI info
[0.241s] -- Detecting C compiler ABI info - done
[0.251s] -- Check for working C compiler: /usr/bin/cc - skipped
[0.251s] -- Detecting C compile features
[0.251s] -- Detecting C compile features - done
[0.255s] -- Detecting CXX compiler ABI info
[0.347s] -- Detecting CXX compiler ABI info - done
[0.358s] -- Check for working CXX compiler: /usr/bin/c++ - skipped
[0.358s] -- Detecting CXX compile features
[0.359s] -- Detecting CXX compile features - done
[0.361s] -- Found eigen3_cmake_module: 0.1.1 (/opt/ros/humble/share/eigen3_cmake_module/cmake)
[0.371s] -- Found Eigen3: TRUE (found version "3.4.0") 
[0.373s] -- Found ament_cmake: 1.3.14 (/opt/ros/humble/share/ament_cmake/cmake)
[0.556s] -- Found Python3: /usr/bin/python3 (found version "3.10.12") found components: Interpreter 
[0.646s] -- Found rclcpp: 16.0.18 (/opt/ros/humble/share/rclcpp/cmake)
[0.695s] -- Found rosidl_generator_c: 3.1.8 (/opt/ros/humble/share/rosidl_generator_c/cmake)
[0.699s] -- Found rosidl_adapter: 3.1.8 (/opt/ros/humble/share/rosidl_adapter/cmake)
[0.707s] -- Found rosidl_generator_cpp: 3.1.8 (/opt/ros/humble/share/rosidl_generator_cpp/cmake)
[0.718s] -- Using all available rosidl_typesupport_c: rosidl_typesupport_fastrtps_c;rosidl_typesupport_introspection_c
[0.738s] -- Using all available rosidl_typesupport_cpp: rosidl_typesupport_fastrtps_cpp;rosidl_typesupport_introspection_cpp
[0.780s] -- Found rmw_implementation_cmake: 6.1.2 (/opt/ros/humble/share/rmw_implementation_cmake/cmake)
[0.782s] -- Found rmw_fastrtps_cpp: 6.2.10 (/opt/ros/humble/share/rmw_fastrtps_cpp/cmake)
[0.881s] -- Found OpenSSL: /usr/lib/x86_64-linux-gnu/libcrypto.so (found version "3.0.2")  
[0.915s] -- Found FastRTPS: /opt/ros/humble/include  
[0.960s] -- Using RMW implementation 'rmw_fastrtps_cpp' as default
[0.968s] -- Looking for pthread.h
[1.058s] -- Looking for pthread.h - found
[1.058s] -- Performing Test CMAKE_HAVE_LIBC_PTHREAD
[1.140s] -- Performing Test CMAKE_HAVE_LIBC_PTHREAD - Success
[1.142s] -- Found Threads: TRUE  
[1.212s] -- Found px4_ros2_cpp: 0.0.1 (/home/jagdeesh/tracker/install/px4_ros2_cpp/share/px4_ros2_cpp/cmake)
[1.228s] -- Found ament_lint_auto: 0.12.15 (/opt/ros/humble/share/ament_lint_auto/cmake)
[1.319s] -- Added test 'copyright' to check source files copyright and LICENSE
[1.319s] -- Added test 'cppcheck' to perform static code analysis on C / C++ code
[1.320s] -- Configured cppcheck include dirs: /home/jagdeesh/tracker/src/px4-ros2-interface-lib/examples/cpp/modes/mission/include
[1.320s] -- Configured cppcheck exclude dirs and/or files: 
[1.320s] -- Added test 'cpplint' to check C / C++ code against the Google style
[1.320s] -- Configured cpplint exclude dirs and/or files: 
[1.321s] -- Added test 'lint_cmake' to check CMake code style
[1.321s] -- Added test 'uncrustify' to check C / C++ code style
[1.322s] -- Configured uncrustify additional arguments: 
[1.322s] -- Added test 'xmllint' to check XML markup files
[1.323s] -- Configuring done
[1.331s] -- Generating done
[1.334s] -- Build files have been written to: /home/jagdeesh/tracker/build/example_mode_mission_cpp
[1.344s] Invoked command in '/home/jagdeesh/tracker/build/example_mode_mission_cpp' returned '0': AMENT_PREFIX_PATH=/home/jagdeesh/tracker/install/px4_ros2_cpp:/home/jagdeesh/tracker/install/px4_msgs:${AMENT_PREFIX_PATH} CMAKE_PREFIX_PATH=/home/jagdeesh/tracker/install/px4_ros2_cpp:/home/jagdeesh/tracker/install/px4_msgs:/opt/ros/humble LD_LIBRARY_PATH=/home/jagdeesh/tracker/install/px4_ros2_cpp/lib:/home/jagdeesh/tracker/install/px4_msgs/lib:${LD_LIBRARY_PATH} PYTHONPATH=/home/jagdeesh/tracker/install/px4_msgs/local/lib/python3.10/dist-packages:${PYTHONPATH} /usr/bin/cmake /home/jagdeesh/tracker/src/px4-ros2-interface-lib/examples/cpp/modes/mission -DCMAKE_BUILD_TYPE=Release -DCMAKE_INSTALL_PREFIX=/home/jagdeesh/tracker/install/example_mode_mission_cpp
[1.346s] Invoking command in '/home/jagdeesh/tracker/build/example_mode_mission_cpp': AMENT_PREFIX_PATH=/home/jagdeesh/tracker/install/px4_ros2_cpp:/home/jagdeesh/tracker/install/px4_msgs:${AMENT_PREFIX_PATH} CMAKE_PREFIX_PATH=/home/jagdeesh/tracker/install/px4_ros2_cpp:/home/jagdeesh/tracker/install/px4_msgs:/opt/ros/humble LD_LIBRARY_PATH=/home/jagdeesh/tracker/install/px4_ros2_cpp/lib:/home/jagdeesh/tracker/install/px4_msgs/lib:${LD_LIBRARY_PATH} PYTHONPATH=/home/jagdeesh/tracker/install/px4_msgs/local/lib/python3.10/dist-packages:${PYTHONPATH} /usr/bin/cmake --build /home/jagdeesh/tracker/build/example_mode_mission_cpp -- -j12 -l12
[1.358s] gmake[1]: Entering directory '/home/jagdeesh/tracker/build/example_mode_mission_cpp'
[1.384s] gmake[2]: Entering directory '/home/jagdeesh/tracker/build/example_mode_mission_cpp'
[1.385s] gmake[3]: Entering directory '/home/jagdeesh/tracker/build/example_mode_mission_cpp'
[1.396s] gmake[3]: Leaving directory '/home/jagdeesh/tracker/build/example_mode_mission_cpp'
[1.398s] gmake[3]: Entering directory '/home/jagdeesh/tracker/build/example_mode_mission_cpp'
[1.408s] [ 50%] [32mBuilding CXX object CMakeFiles/example_mode_mission.dir/src/main.cpp.o[0m
[11.166s] [100%] [32m[1mLinking CXX executable example_mode_mission[0m
[11.346s] gmake[3]: Leaving directory '/home/jagdeesh/tracker/build/example_mode_mission_cpp'
[11.356s] [100%] Built target example_mode_mission
[11.357s] gmake[2]: Leaving directory '/home/jagdeesh/tracker/build/example_mode_mission_cpp'
[11.367s] gmake[1]: Leaving directory '/home/jagdeesh/tracker/build/example_mode_mission_cpp'
[11.369s] Invoked command in '/home/jagdeesh/tracker/build/example_mode_mission_cpp' returned '0': AMENT_PREFIX_PATH=/home/jagdeesh/tracker/install/px4_ros2_cpp:/home/jagdeesh/tracker/install/px4_msgs:${AMENT_PREFIX_PATH} CMAKE_PREFIX_PATH=/home/jagdeesh/tracker/install/px4_ros2_cpp:/home/jagdeesh/tracker/install/px4_msgs:/opt/ros/humble LD_LIBRARY_PATH=/home/jagdeesh/tracker/install/px4_ros2_cpp/lib:/home/jagdeesh/tracker/install/px4_msgs/lib:${LD_LIBRARY_PATH} PYTHONPATH=/home/jagdeesh/tracker/install/px4_msgs/local/lib/python3.10/dist-packages:${PYTHONPATH} /usr/bin/cmake --build /home/jagdeesh/tracker/build/example_mode_mission_cpp -- -j12 -l12
[11.371s] Invoking command in '/home/jagdeesh/tracker/build/example_mode_mission_cpp': AMENT_PREFIX_PATH=/home/jagdeesh/tracker/install/px4_ros2_cpp:/home/jagdeesh/tracker/install/px4_msgs:${AMENT_PREFIX_PATH} CMAKE_PREFIX_PATH=/home/jagdeesh/tracker/install/px4_ros2_cpp:/home/jagdeesh/tracker/install/px4_msgs:/opt/ros/humble LD_LIBRARY_PATH=/home/jagdeesh/tracker/install/px4_ros2_cpp/lib:/home/jagdeesh/tracker/install/px4_msgs/lib:${LD_LIBRARY_PATH} PYTHONPATH=/home/jagdeesh/tracker/install/px4_msgs/local/lib/python3.10/dist-packages:${PYTHONPATH} /usr/bin/cmake --install /home/jagdeesh/tracker/build/example_mode_mission_cpp
[11.381s] -- Install configuration: "Release"
[11.381s] -- Installing: /home/jagdeesh/tracker/install/example_mode_mission_cpp/lib/example_mode_mission_cpp/example_mode_mission
[11.381s] -- Set runtime path of "/home/jagdeesh/tracker/install/example_mode_mission_cpp/lib/example_mode_mission_cpp/example_mode_mission" to ""
[11.382s] -- Installing: /home/jagdeesh/tracker/install/example_mode_mission_cpp/share/ament_index/resource_index/package_run_dependencies/example_mode_mission_cpp
[11.382s] -- Installing: /home/jagdeesh/tracker/install/example_mode_mission_cpp/share/ament_index/resource_index/parent_prefix_path/example_mode_mission_cpp
[11.382s] -- Installing: /home/jagdeesh/tracker/install/example_mode_mission_cpp/share/example_mode_mission_cpp/environment/ament_prefix_path.sh
[11.382s] -- Installing: /home/jagdeesh/tracker/install/example_mode_mission_cpp/share/example_mode_mission_cpp/environment/ament_prefix_path.dsv
[11.382s] -- Installing: /home/jagdeesh/tracker/install/example_mode_mission_cpp/share/example_mode_mission_cpp/environment/path.sh
[11.382s] -- Installing: /home/jagdeesh/tracker/install/example_mode_mission_cpp/share/example_mode_mission_cpp/environment/path.dsv
[11.383s] -- Installing: /home/jagdeesh/tracker/install/example_mode_mission_cpp/share/example_mode_mission_cpp/local_setup.bash
[11.383s] -- Installing: /home/jagdeesh/tracker/install/example_mode_mission_cpp/share/example_mode_mission_cpp/local_setup.sh
[11.383s] -- Installing: /home/jagdeesh/tracker/install/example_mode_mission_cpp/share/example_mode_mission_cpp/local_setup.zsh
[11.383s] -- Installing: /home/jagdeesh/tracker/install/example_mode_mission_cpp/share/example_mode_mission_cpp/local_setup.dsv
[11.383s] -- Installing: /home/jagdeesh/tracker/install/example_mode_mission_cpp/share/example_mode_mission_cpp/package.dsv
[11.383s] -- Installing: /home/jagdeesh/tracker/install/example_mode_mission_cpp/share/ament_index/resource_index/packages/example_mode_mission_cpp
[11.384s] -- Installing: /home/jagdeesh/tracker/install/example_mode_mission_cpp/share/example_mode_mission_cpp/cmake/example_mode_mission_cppConfig.cmake
[11.384s] -- Installing: /home/jagdeesh/tracker/install/example_mode_mission_cpp/share/example_mode_mission_cpp/cmake/example_mode_mission_cppConfig-version.cmake
[11.384s] -- Installing: /home/jagdeesh/tracker/install/example_mode_mission_cpp/share/example_mode_mission_cpp/package.xml
[11.386s] Invoked command in '/home/jagdeesh/tracker/build/example_mode_mission_cpp' returned '0': AMENT_PREFIX_PATH=/home/jagdeesh/tracker/install/px4_ros2_cpp:/home/jagdeesh/tracker/install/px4_msgs:${AMENT_PREFIX_PATH} CMAKE_PREFIX_PATH=/home/jagdeesh/tracker/install/px4_ros2_cpp:/home/jagdeesh/tracker/install/px4_msgs:/opt/ros/humble LD_LIBRARY_PATH=/home/jagdeesh/tracker/install/px4_ros2_cpp/lib:/home/jagdeesh/tracker/install/px4_msgs/lib:${LD_LIBRARY_PATH} PYTHONPATH=/home/jagdeesh/tracker/install/px4_msgs/local/lib/python3.10/dist-packages:${PYTHONPATH} /usr/bin/cmake --install /home/jagdeesh/tracker/build/example_mode_mission_cpp
