[0.044s] Invoking command in '/home/jagdeesh/tracker/build/ros_gz_sim': CMAKE_PREFIX_PATH=/opt/ros/humble /usr/bin/cmake /home/jagdeesh/tracker/src/ros_gz/ros_gz_sim -DCMAKE_INSTALL_PREFIX=/home/jagdeesh/tracker/install/ros_gz_sim
[0.074s] -- Found ament_cmake: 1.3.14 (/opt/ros/humble/share/ament_cmake/cmake)
[0.409s] -- Found rclcpp: 16.0.18 (/opt/ros/humble/share/rclcpp/cmake)
[0.489s] -- Found rosidl_generator_c: 3.1.8 (/opt/ros/humble/share/rosidl_generator_c/cmake)
[0.494s] -- Found rosidl_adapter: 3.1.8 (/opt/ros/humble/share/rosidl_adapter/cmake)
[0.515s] -- Found rosidl_generator_cpp: 3.1.8 (/opt/ros/humble/share/rosidl_generator_cpp/cmake)
[0.545s] -- Using all available rosidl_typesupport_c: rosidl_typesupport_fastrtps_c;rosidl_typesupport_introspection_c
[0.573s] -- Using all available rosidl_typesupport_cpp: rosidl_typesupport_fastrtps_cpp;rosidl_typesupport_introspection_cpp
[0.666s] -- Found rmw_implementation_cmake: 6.1.2 (/opt/ros/humble/share/rmw_implementation_cmake/cmake)
[0.669s] -- Found rmw_fastrtps_cpp: 6.2.10 (/opt/ros/humble/share/rmw_fastrtps_cpp/cmake)
[0.984s] -- Using RMW implementation 'rmw_fastrtps_cpp' as default
[1.147s] -- Looking for ignition-math6 -- found version 6.15.1
[1.157s] -- Searching for dependencies of ignition-math6
[1.160s] -- Looking for ignition-transport11 -- found version 11.4.2
[1.161s] -- Searching for dependencies of ignition-transport11
[1.250s] -- Config-file not installed for ZeroMQ -- checking for pkg-config
[1.262s] -- Checking for module 'libzmq >= 4'
[1.311s] --   Found libzmq , version 4.3.4
[1.431s] -- Checking for module 'uuid'
[1.467s] --   Found uuid, version 2.37.2
[1.561s] -- Looking for ignition-utils1 -- found version 1.5.1
[1.561s] -- Searching for dependencies of ignition-utils1
[1.562s] -- Searching for <ignition-utils1> component [cli]
[1.564s] -- Looking for ignition-utils1-cli -- found version 1.5.1
[1.568s] -- Searching for dependencies of ignition-utils1-cli
[1.570s] -- Looking for ignition-msgs8 -- found version 8.7.0
[1.570s] -- Searching for dependencies of ignition-msgs8
[1.637s] -- Found Protobuf: /usr/lib/x86_64-linux-gnu/libprotobuf.so (found suitable version "3.12.4", minimum required is "3") 
[1.642s] -- Looking for ignition-math6 -- found version 6.15.1
[1.668s] -- Checking for module 'tinyxml2'
[1.698s] --   Found tinyxml2, version 9.0.0
[1.784s] -- Looking for ignition-msgs8 -- found version 8.7.0
[1.786s] -- Looking for ignition-gazebo6 -- found version 6.17.1
[1.788s] -- Searching for dependencies of ignition-gazebo6
[1.791s] -- Looking for sdformat12 -- found version 12.9.0
[1.792s] -- Searching for dependencies of sdformat12
[1.817s] -- Looking for ignition-math6 -- found version 6.15.1
[1.820s] -- Looking for ignition-utils1 -- found version 1.5.1
[1.821s] -- Looking for ignition-plugin1 -- found version 1.4.0
[1.825s] -- Searching for dependencies of ignition-plugin1
[1.829s] -- Searching for <ignition-plugin1> component [loader]
[1.829s] -- Looking for ignition-plugin1-loader -- found version 1.4.0
[1.829s] -- Searching for dependencies of ignition-plugin1-loader
[1.834s] -- Searching for <ignition-plugin1> component [register]
[1.834s] -- Looking for ignition-plugin1-register -- found version 1.4.0
[1.835s] -- Searching for dependencies of ignition-plugin1-register
[1.836s] -- Looking for ignition-transport11 -- found version 11.4.2
[1.837s] -- Searching for dependencies of ignition-transport11
[1.906s] -- Found Protobuf: /usr/lib/x86_64-linux-gnu/libprotobuf.so (found version "3.12.4") 
[1.962s] -- Config-file not installed for ZeroMQ -- checking for pkg-config
[1.975s] -- Checking for module 'libzmq >= 4'
[2.009s] --   Found libzmq , version 4.3.4
[2.133s] -- Looking for ignition-utils1 -- found version 1.5.1
[2.140s] -- Looking for ignition-msgs8 -- found version 8.7.0
[2.144s] -- Searching for <ignition-transport11> component [log]
[2.146s] -- Looking for ignition-transport11-log -- found version 11.4.2
[2.147s] -- Searching for dependencies of ignition-transport11-log
[2.149s] -- Searching for <ignition-transport11> component [parameters]
[2.151s] -- Looking for ignition-transport11-parameters -- found version 11.4.2
[2.152s] -- Searching for dependencies of ignition-transport11-parameters
[2.159s] -- Looking for ignition-msgs8 -- found version 8.7.0
[2.160s] -- Looking for ignition-common4 -- found version 4.8.0
[2.160s] -- Searching for dependencies of ignition-common4
[2.161s] -- Looking for dlfcn.h - found
[2.161s] -- Looking for libdl - found
[2.194s] -- Searching for <ignition-common4> component [profiler]
[2.196s] -- Looking for ignition-common4-profiler -- found version 4.8.0
[2.197s] -- Searching for dependencies of ignition-common4-profiler
[2.201s] -- Searching for <ignition-common4> component [events]
[2.201s] -- Looking for ignition-common4-events -- found version 4.8.0
[2.202s] -- Searching for dependencies of ignition-common4-events
[2.204s] -- Looking for ignition-math6 -- found version 6.15.1
[2.205s] -- Searching for <ignition-common4> component [av]
[2.213s] -- Looking for ignition-common4-av -- found version 4.8.0
[2.214s] -- Searching for dependencies of ignition-common4-av
[2.234s] -- Checking for module 'libswscale'
[2.289s] --   Found libswscale, version 5.9.100
[2.380s] -- Checking for module 'libavdevice >= 56.4.100'
[2.411s] --   Found libavdevice , version 58.13.100
[2.527s] -- Checking for module 'libavformat'
[2.565s] --   Found libavformat, version 58.76.100
[2.743s] -- Checking for module 'libavcodec'
[2.782s] --   Found libavcodec, version 58.134.100
[2.917s] -- Checking for module 'libavutil'
[2.950s] --   Found libavutil, version 56.70.100
[3.047s] -- Looking for ignition-fuel_tools7 -- found version 7.3.1
[3.048s] -- Searching for dependencies of ignition-fuel_tools7
[3.164s] -- Checking for module 'jsoncpp'
[3.208s] --   Found jsoncpp, version 1.9.5
[3.332s] -- Checking for module 'libzip'
[3.381s] --   Found libzip, version 1.7.3
[3.489s] -- Looking for ignition-common4 -- found version 4.8.0
[3.491s] -- Looking for ignition-math6 -- found version 6.15.1
[3.493s] -- Looking for ignition-msgs8 -- found version 8.7.0
[3.499s] -- Looking for ignition-gui6 -- found version 6.9.0
[3.500s] -- Searching for dependencies of ignition-gui6
[3.608s] -- Looking for ignition-math6 -- found version 6.15.1
[3.609s] -- Looking for ignition-common4 -- found version 4.8.0
[3.610s] -- Looking for ignition-plugin1 -- found version 1.4.0
[3.611s] -- Looking for ignition-transport11 -- found version 11.4.2
[3.612s] -- Looking for ignition-rendering6 -- found version 6.6.4
[3.614s] -- Searching for dependencies of ignition-rendering6
[3.615s] -- Looking for ignition-math6 -- found version 6.15.1
[3.616s] -- Searching for dependencies of ignition-math6
[3.616s] -- Searching for <ignition-math6> component [eigen3]
[3.619s] -- Looking for ignition-math6-eigen3 -- found version 6.15.1
[3.620s] -- Searching for dependencies of ignition-math6-eigen3
[3.626s] -- Looking for ignition-common4 -- found version 4.8.0
[3.627s] -- Searching for dependencies of ignition-common4
[3.629s] -- Looking for dlfcn.h - found
[3.629s] -- Looking for libdl - found
[3.663s] -- Searching for <ignition-common4> component [graphics]
[3.667s] -- Looking for ignition-common4-graphics -- found version 4.8.0
[3.669s] -- Searching for dependencies of ignition-common4-graphics
[3.670s] -- Looking for ignition-math6 -- found version 6.15.1
[3.672s] -- Looking for ignition-utils1 -- found version 1.5.1
[3.673s] -- Searching for <ignition-common4> component [events]
[3.676s] -- Looking for ignition-plugin1 -- found version 1.4.0
[3.680s] -- Searching for dependencies of ignition-plugin1
[3.682s] -- Searching for <ignition-plugin1> component [all]
[3.682s] -- Looking for all libraries of ignition-plugin1 -- found version 1.4.0
[3.682s] -- Looking for ignition-plugin1 -- found version 1.4.0
[3.693s] -- Looking for ignition-msgs8 -- found version 8.7.0
[3.735s] -- Looking for ignition-physics5 -- found version 5.4.0
[3.736s] -- Searching for dependencies of ignition-physics5
[3.738s] -- Looking for ignition-math6 -- found version 6.15.1
[3.739s] -- Looking for ignition-plugin1 -- found version 1.4.0
[3.740s] -- Looking for ignition-utils1 -- found version 1.5.1
[3.744s] -- Searching for <ignition-physics5> component [heightmap]
[3.745s] -- Looking for ignition-physics5-heightmap -- found version 5.4.0
[3.747s] -- Searching for dependencies of ignition-physics5-heightmap
[3.748s] -- Looking for ignition-common4 -- found version 4.8.0
[3.751s] -- Searching for <ignition-physics5> component [mesh]
[3.753s] -- Looking for ignition-physics5-mesh -- found version 5.4.0
[3.754s] -- Searching for dependencies of ignition-physics5-mesh
[3.755s] -- Looking for ignition-common4 -- found version 4.8.0
[3.759s] -- Searching for <ignition-physics5> component [sdf]
[3.761s] -- Looking for ignition-physics5-sdf -- found version 5.4.0
[3.762s] -- Searching for dependencies of ignition-physics5-sdf
[3.763s] -- Looking for sdformat12 -- found version 12.9.0
[3.769s] -- Looking for ignition-sensors6 -- found version 6.9.0
[3.769s] -- Searching for dependencies of ignition-sensors6
[3.818s] -- Looking for ignition-math6 -- found version 6.15.1
[3.818s] -- Looking for ignition-common4 -- found version 4.8.0
[3.819s] -- Looking for ignition-transport11 -- found version 11.4.2
[3.819s] -- Looking for ignition-rendering6 -- found version 6.6.4
[3.819s] -- Looking for ignition-msgs8 -- found version 8.7.0
[3.820s] -- Looking for sdformat12 -- found version 12.9.0
[3.822s] -- Searching for <ignition-sensors6> component [air_pressure]
[3.823s] -- Looking for ignition-sensors6-air_pressure -- found version 6.9.0
[3.825s] -- Searching for dependencies of ignition-sensors6-air_pressure
[3.826s] -- Searching for <ignition-sensors6> component [altimeter]
[3.827s] -- Looking for ignition-sensors6-altimeter -- found version 6.9.0
[3.829s] -- Searching for dependencies of ignition-sensors6-altimeter
[3.830s] -- Searching for <ignition-sensors6> component [imu]
[3.831s] -- Looking for ignition-sensors6-imu -- found version 6.9.0
[3.833s] -- Searching for dependencies of ignition-sensors6-imu
[3.834s] -- Searching for <ignition-sensors6> component [force_torque]
[3.836s] -- Looking for ignition-sensors6-force_torque -- found version 6.9.0
[3.838s] -- Searching for dependencies of ignition-sensors6-force_torque
[3.839s] -- Searching for <ignition-sensors6> component [logical_camera]
[3.841s] -- Looking for ignition-sensors6-logical_camera -- found version 6.9.0
[3.842s] -- Searching for dependencies of ignition-sensors6-logical_camera
[3.844s] -- Searching for <ignition-sensors6> component [magnetometer]
[3.845s] -- Looking for ignition-sensors6-magnetometer -- found version 6.9.0
[3.846s] -- Searching for dependencies of ignition-sensors6-magnetometer
[3.849s] -- Searching for <ignition-sensors6> component [navsat]
[3.850s] -- Looking for ignition-sensors6-navsat -- found version 6.9.0
[3.852s] -- Searching for dependencies of ignition-sensors6-navsat
[3.853s] -- Searching for <ignition-sensors6> component [rendering]
[3.854s] -- Looking for ignition-sensors6-rendering -- found version 6.9.0
[3.856s] -- Searching for dependencies of ignition-sensors6-rendering
[3.858s] -- Searching for <ignition-sensors6> component [lidar]
[3.859s] -- Looking for ignition-sensors6-lidar -- found version 6.9.0
[3.860s] -- Searching for dependencies of ignition-sensors6-lidar
[3.861s] -- Looking for ignition-sensors6 -- found version 6.9.0
[3.863s] -- Searching for <ignition-sensors6> component [gpu_lidar]
[3.865s] -- Looking for ignition-sensors6-gpu_lidar -- found version 6.9.0
[3.867s] -- Searching for dependencies of ignition-sensors6-gpu_lidar
[3.867s] -- Looking for ignition-sensors6 -- found version 6.9.0
[3.869s] -- Searching for <ignition-sensors6> component [camera]
[3.870s] -- Looking for ignition-sensors6-camera -- found version 6.9.0
[3.872s] -- Searching for dependencies of ignition-sensors6-camera
[3.873s] -- Looking for ignition-sensors6 -- found version 6.9.0
[3.874s] -- Searching for <ignition-sensors6> component [boundingbox_camera]
[3.878s] -- Looking for ignition-sensors6-boundingbox_camera -- found version 6.9.0
[3.878s] -- Searching for dependencies of ignition-sensors6-boundingbox_camera
[3.878s] -- Searching for <ignition-sensors6> component [segmentation_camera]
[3.880s] -- Looking for ignition-sensors6-segmentation_camera -- found version 6.9.0
[3.881s] -- Searching for dependencies of ignition-sensors6-segmentation_camera
[3.882s] -- Searching for <ignition-sensors6> component [depth_camera]
[3.883s] -- Looking for ignition-sensors6-depth_camera -- found version 6.9.0
[3.884s] -- Searching for dependencies of ignition-sensors6-depth_camera
[3.885s] -- Looking for ignition-sensors6 -- found version 6.9.0
[3.887s] -- Searching for <ignition-sensors6> component [rgbd_camera]
[3.888s] -- Looking for ignition-sensors6-rgbd_camera -- found version 6.9.0
[3.890s] -- Searching for dependencies of ignition-sensors6-rgbd_camera
[3.890s] -- Looking for ignition-sensors6 -- found version 6.9.0
[3.892s] -- Searching for <ignition-sensors6> component [thermal_camera]
[3.893s] -- Looking for ignition-sensors6-thermal_camera -- found version 6.9.0
[3.894s] -- Searching for dependencies of ignition-sensors6-thermal_camera
[3.895s] -- Looking for ignition-sensors6 -- found version 6.9.0
[3.898s] -- Looking for ignition-rendering6 -- found version 6.6.4
[3.899s] -- Looking for ignition-math6 -- found version 6.15.1
[3.901s] -- Looking for ignition-utils1 -- found version 1.5.1
[3.945s] -- Compiling against Gazebo Fortress
[3.950s] -- Looking for gflags - found
[3.951s] 
[3.957s] -- Found ament_lint_auto: 0.12.15 (/opt/ros/humble/share/ament_lint_auto/cmake)
[4.145s] -- Found ament_cmake_gtest: 1.3.14 (/opt/ros/humble/share/ament_cmake_gtest/cmake)
[4.146s] -- Found gtest sources under '/opt/ros/humble/src/gtest_vendor': C++ tests using 'Google Test' will be built
[4.169s] -- Added test 'copyright' to check source files copyright and LICENSE
[4.171s] -- Added test 'cppcheck' to perform static code analysis on C / C++ code
[4.171s] -- Configured cppcheck include dirs: $<BUILD_INTERFACE:/home/jagdeesh/tracker/src/ros_gz/ros_gz_sim/include>
[4.172s] -- Configured cppcheck exclude dirs and/or files: 
[4.173s] -- Added test 'cpplint' to check C / C++ code against the Google style
[4.173s] -- Configured cpplint exclude dirs and/or files: 
[4.175s] -- Added test 'lint_cmake' to check CMake code style
[4.177s] -- Added test 'uncrustify' to check C / C++ code style
[4.177s] -- Configured uncrustify additional arguments: 
[4.177s] -- Added test 'xmllint' to check XML markup files
[4.186s] -- Configuring done
[4.242s] -- Generating done
[4.260s] -- Build files have been written to: /home/jagdeesh/tracker/build/ros_gz_sim
[4.284s] Invoked command in '/home/jagdeesh/tracker/build/ros_gz_sim' returned '0': CMAKE_PREFIX_PATH=/opt/ros/humble /usr/bin/cmake /home/jagdeesh/tracker/src/ros_gz/ros_gz_sim -DCMAKE_INSTALL_PREFIX=/home/jagdeesh/tracker/install/ros_gz_sim
[4.289s] Invoking command in '/home/jagdeesh/tracker/build/ros_gz_sim': CMAKE_PREFIX_PATH=/opt/ros/humble /usr/bin/cmake --build /home/jagdeesh/tracker/build/ros_gz_sim -- -j12 -l12
[4.380s] [35m[1mConsolidate compiler generated dependencies of target ros_gz_sim[0m
[4.384s] [35m[1mConsolidate compiler generated dependencies of target gtest_main[0m
[4.387s] [35m[1mConsolidate compiler generated dependencies of target create[0m
[4.403s] [35m[1mConsolidate compiler generated dependencies of target gtest[0m
[4.417s] [ 20%] Built target ros_gz_sim
[4.417s] [ 40%] Built target gtest_main
[4.439s] [ 80%] Built target create
[4.439s] [ 80%] Built target gtest
[4.463s] [35m[1mConsolidate compiler generated dependencies of target test_stopwatch[0m
[4.510s] [100%] Built target test_stopwatch
[4.545s] Invoked command in '/home/jagdeesh/tracker/build/ros_gz_sim' returned '0': CMAKE_PREFIX_PATH=/opt/ros/humble /usr/bin/cmake --build /home/jagdeesh/tracker/build/ros_gz_sim -- -j12 -l12
[4.548s] Invoking command in '/home/jagdeesh/tracker/build/ros_gz_sim': CMAKE_PREFIX_PATH=/opt/ros/humble /usr/bin/cmake --install /home/jagdeesh/tracker/build/ros_gz_sim
[4.562s] -- Install configuration: "Release"
[4.563s] -- Up-to-date: /home/jagdeesh/tracker/install/ros_gz_sim/include/ros_gz_sim
[4.563s] -- Up-to-date: /home/jagdeesh/tracker/install/ros_gz_sim/include/ros_gz_sim/Stopwatch.hpp
[4.563s] -- Up-to-date: /home/jagdeesh/tracker/install/ros_gz_sim/share/ros_gz_sim/launch/gz_sim.launch.py
[4.563s] -- Up-to-date: /home/jagdeesh/tracker/install/ros_gz_sim/lib/ros_gz_sim/create
[4.564s] -- Up-to-date: /home/jagdeesh/tracker/install/ros_gz_sim/lib/libros_gz_sim.so
[4.565s] -- Up-to-date: /home/jagdeesh/tracker/install/ros_gz_sim/lib/ros_gz_sim/test_stopwatch
[4.565s] -- Up-to-date: /home/jagdeesh/tracker/install/ros_gz_sim/share/ament_index/resource_index/package_run_dependencies/ros_gz_sim
[4.565s] -- Up-to-date: /home/jagdeesh/tracker/install/ros_gz_sim/share/ament_index/resource_index/parent_prefix_path/ros_gz_sim
[4.566s] -- Up-to-date: /home/jagdeesh/tracker/install/ros_gz_sim/share/ros_gz_sim/environment/ament_prefix_path.sh
[4.566s] -- Installing: /home/jagdeesh/tracker/install/ros_gz_sim/share/ros_gz_sim/environment/ament_prefix_path.dsv
[4.566s] -- Up-to-date: /home/jagdeesh/tracker/install/ros_gz_sim/share/ros_gz_sim/environment/path.sh
[4.566s] -- Installing: /home/jagdeesh/tracker/install/ros_gz_sim/share/ros_gz_sim/environment/path.dsv
[4.567s] -- Up-to-date: /home/jagdeesh/tracker/install/ros_gz_sim/share/ros_gz_sim/local_setup.bash
[4.567s] -- Up-to-date: /home/jagdeesh/tracker/install/ros_gz_sim/share/ros_gz_sim/local_setup.sh
[4.567s] -- Up-to-date: /home/jagdeesh/tracker/install/ros_gz_sim/share/ros_gz_sim/local_setup.zsh
[4.567s] -- Installing: /home/jagdeesh/tracker/install/ros_gz_sim/share/ros_gz_sim/local_setup.dsv
[4.568s] -- Installing: /home/jagdeesh/tracker/install/ros_gz_sim/share/ros_gz_sim/package.dsv
[4.568s] -- Up-to-date: /home/jagdeesh/tracker/install/ros_gz_sim/share/ament_index/resource_index/packages/ros_gz_sim
[4.568s] -- Up-to-date: /home/jagdeesh/tracker/install/ros_gz_sim/share/ros_gz_sim/cmake/ros_gz_simExport.cmake
[4.568s] -- Up-to-date: /home/jagdeesh/tracker/install/ros_gz_sim/share/ros_gz_sim/cmake/ros_gz_simExport-release.cmake
[4.568s] -- Up-to-date: /home/jagdeesh/tracker/install/ros_gz_sim/share/ros_gz_sim/cmake/ament_cmake_export_targets-extras.cmake
[4.568s] -- Up-to-date: /home/jagdeesh/tracker/install/ros_gz_sim/share/ros_gz_sim/cmake/ament_cmake_export_dependencies-extras.cmake
[4.577s] -- Up-to-date: /home/jagdeesh/tracker/install/ros_gz_sim/share/ros_gz_sim/cmake/ros_gz_simConfig.cmake
[4.577s] -- Up-to-date: /home/jagdeesh/tracker/install/ros_gz_sim/share/ros_gz_sim/cmake/ros_gz_simConfig-version.cmake
[4.578s] -- Up-to-date: /home/jagdeesh/tracker/install/ros_gz_sim/share/ros_gz_sim/package.xml
[4.578s] Invoked command in '/home/jagdeesh/tracker/build/ros_gz_sim' returned '0': CMAKE_PREFIX_PATH=/opt/ros/humble /usr/bin/cmake --install /home/jagdeesh/tracker/build/ros_gz_sim
