-- The C compiler identification is GNU 11.4.0
-- The CXX compiler identification is GNU 11.4.0
-- Detecting C compiler ABI info
-- Detecting C compiler ABI info - done
-- Check for working C compiler: /usr/bin/cc - skipped
-- Detecting C compile features
-- Detecting C compile features - done
-- Detecting CXX compiler ABI info
-- Detecting CXX compiler ABI info - done
-- Check for working CXX compiler: /usr/bin/c++ - skipped
-- Detecting CXX compile features
-- Detecting CXX compile features - done
-- Found ament_cmake: 1.3.14 (/opt/ros/humble/share/ament_cmake/cmake)
-- Found Python3: /usr/bin/python3 (found version "3.10.12") found components: Interpreter 
-- Found rclcpp: 16.0.18 (/opt/ros/humble/share/rclcpp/cmake)
-- Found rosidl_generator_c: 3.1.8 (/opt/ros/humble/share/rosidl_generator_c/cmake)
-- Found rosidl_adapter: 3.1.8 (/opt/ros/humble/share/rosidl_adapter/cmake)
-- Found rosidl_generator_cpp: 3.1.8 (/opt/ros/humble/share/rosidl_generator_cpp/cmake)
-- Using all available rosidl_typesupport_c: rosidl_typesupport_fastrtps_c;rosidl_typesupport_introspection_c
-- Using all available rosidl_typesupport_cpp: rosidl_typesupport_fastrtps_cpp;rosidl_typesupport_introspection_cpp
-- Found rmw_implementation_cmake: 6.1.2 (/opt/ros/humble/share/rmw_implementation_cmake/cmake)
-- Found rmw_fastrtps_cpp: 6.2.10 (/opt/ros/humble/share/rmw_fastrtps_cpp/cmake)
-- Found OpenSSL: /usr/lib/x86_64-linux-gnu/libcrypto.so (found version "3.0.2")  
-- Found FastRTPS: /opt/ros/humble/include  
-- Using RMW implementation 'rmw_fastrtps_cpp' as default
-- Looking for pthread.h
-- Looking for pthread.h - found
-- Performing Test CMAKE_HAVE_LIBC_PTHREAD
-- Performing Test CMAKE_HAVE_LIBC_PTHREAD - Success
-- Found Threads: TRUE  
-- Found eigen3_cmake_module: 0.1.1 (/opt/ros/humble/share/eigen3_cmake_module/cmake)
-- Found Eigen3: TRUE (found version "3.4.0") 
-- Found px4_ros2_cpp: 0.0.1 (/home/jagdeesh/tracker/install/px4_ros2_cpp/share/px4_ros2_cpp/cmake)
-- Found geometry_msgs: 4.9.1 (/opt/ros/humble/share/geometry_msgs/cmake)
-- Found tf2_ros: 0.25.19 (/opt/ros/humble/share/tf2_ros/cmake)
-- Found ament_lint_auto: 0.12.15 (/opt/ros/humble/share/ament_lint_auto/cmake)
-- Added test 'copyright' to check source files copyright and LICENSE
-- Added test 'cppcheck' to perform static code analysis on C / C++ code
-- Configured cppcheck include dirs: 
-- Configured cppcheck exclude dirs and/or files: 
-- Added test 'cpplint' to check C / C++ code against the Google style
-- Configured cpplint exclude dirs and/or files: 
-- Added test 'flake8' to check Python code syntax and style conventions
-- Added test 'lint_cmake' to check CMake code style
-- Added test 'pep257' to check Python code against some of the docstring style conventions in PEP 257
-- Added test 'uncrustify' to check C / C++ code style
-- Configured uncrustify additional arguments: 
-- Added test 'xmllint' to check XML markup files
-- Configuring done
-- Generating done
-- Build files have been written to: /home/jagdeesh/tracker/build/precision_land
gmake[1]: Entering directory '/home/jagdeesh/tracker/build/precision_land'
gmake[2]: Entering directory '/home/jagdeesh/tracker/build/precision_land'
gmake[3]: Entering directory '/home/jagdeesh/tracker/build/precision_land'
gmake[3]: Leaving directory '/home/jagdeesh/tracker/build/precision_land'
gmake[3]: Entering directory '/home/jagdeesh/tracker/build/precision_land'
[ 50%] [32mBuilding CXX object CMakeFiles/precision_land.dir/PrecisionLand.cpp.o[0m
[100%] [32m[1mLinking CXX executable precision_land[0m
gmake[3]: Leaving directory '/home/jagdeesh/tracker/build/precision_land'
[100%] Built target precision_land
gmake[2]: Leaving directory '/home/jagdeesh/tracker/build/precision_land'
gmake[1]: Leaving directory '/home/jagdeesh/tracker/build/precision_land'
-- Install configuration: "Release"
-- Installing: /home/jagdeesh/tracker/install/precision_land/lib/precision_land/precision_land
-- Set runtime path of "/home/jagdeesh/tracker/install/precision_land/lib/precision_land/precision_land" to ""
-- Installing: /home/jagdeesh/tracker/install/precision_land/share/precision_land//launch
-- Installing: /home/jagdeesh/tracker/install/precision_land/share/precision_land//launch/precision_landing_system.launch.py
-- Installing: /home/jagdeesh/tracker/install/precision_land/share/precision_land//cfg
-- Installing: /home/jagdeesh/tracker/install/precision_land/share/precision_land//cfg/bridge.yaml
-- Installing: /home/jagdeesh/tracker/install/precision_land/share/precision_land//cfg/params.yaml
-- Installing: /home/jagdeesh/tracker/install/precision_land/share/ament_index/resource_index/package_run_dependencies/precision_land
-- Installing: /home/jagdeesh/tracker/install/precision_land/share/ament_index/resource_index/parent_prefix_path/precision_land
-- Installing: /home/jagdeesh/tracker/install/precision_land/share/precision_land/environment/ament_prefix_path.sh
-- Installing: /home/jagdeesh/tracker/install/precision_land/share/precision_land/environment/ament_prefix_path.dsv
-- Installing: /home/jagdeesh/tracker/install/precision_land/share/precision_land/environment/path.sh
-- Installing: /home/jagdeesh/tracker/install/precision_land/share/precision_land/environment/path.dsv
-- Installing: /home/jagdeesh/tracker/install/precision_land/share/precision_land/local_setup.bash
-- Installing: /home/jagdeesh/tracker/install/precision_land/share/precision_land/local_setup.sh
-- Installing: /home/jagdeesh/tracker/install/precision_land/share/precision_land/local_setup.zsh
-- Installing: /home/jagdeesh/tracker/install/precision_land/share/precision_land/local_setup.dsv
-- Installing: /home/jagdeesh/tracker/install/precision_land/share/precision_land/package.dsv
-- Installing: /home/jagdeesh/tracker/install/precision_land/share/ament_index/resource_index/packages/precision_land
-- Installing: /home/jagdeesh/tracker/install/precision_land/share/precision_land/cmake/precision_landConfig.cmake
-- Installing: /home/jagdeesh/tracker/install/precision_land/share/precision_land/cmake/precision_landConfig-version.cmake
-- Installing: /home/jagdeesh/tracker/install/precision_land/share/precision_land/package.xml
