[0.014s] Invoking command in '/home/jagdeesh/tracker/build/precision_land': AMENT_PREFIX_PATH=/home/jagdeesh/tracker/install/px4_ros2_cpp:/home/jagdeesh/tracker/install/px4_msgs:${AMENT_PREFIX_PATH} CMAKE_PREFIX_PATH=/home/jagdeesh/tracker/install/px4_ros2_cpp:/home/jagdeesh/tracker/install/px4_msgs:/opt/ros/humble LD_LIBRARY_PATH=/home/jagdeesh/tracker/install/px4_ros2_cpp/lib:/home/jagdeesh/tracker/install/px4_msgs/lib:${LD_LIBRARY_PATH} PYTHONPATH=/home/jagdeesh/tracker/install/px4_msgs/local/lib/python3.10/dist-packages:${PYTHONPATH} /usr/bin/cmake /home/jagdeesh/tracker/fixed_src/precision_land -DCMAKE_BUILD_TYPE=Release -DCMAKE_INSTALL_PREFIX=/home/jagdeesh/tracker/install/precision_land
[0.074s] -- The C compiler identification is GNU 11.4.0
[0.138s] -- The CXX compiler identification is GNU 11.4.0
[0.145s] -- Detecting C compiler ABI info
[0.222s] -- Detecting C compiler ABI info - done
[0.230s] -- Check for working C compiler: /usr/bin/cc - skipped
[0.230s] -- Detecting C compile features
[0.231s] -- Detecting C compile features - done
[0.234s] -- Detecting CXX compiler ABI info
[0.322s] -- Detecting CXX compiler ABI info - done
[0.329s] -- Check for working CXX compiler: /usr/bin/c++ - skipped
[0.329s] -- Detecting CXX compile features
[0.330s] -- Detecting CXX compile features - done
[0.332s] -- Found ament_cmake: 1.3.14 (/opt/ros/humble/share/ament_cmake/cmake)
[0.523s] -- Found Python3: /usr/bin/python3 (found version "3.10.12") found components: Interpreter 
[0.611s] -- Found rclcpp: 16.0.18 (/opt/ros/humble/share/rclcpp/cmake)
[0.649s] -- Found rosidl_generator_c: 3.1.8 (/opt/ros/humble/share/rosidl_generator_c/cmake)
[0.652s] -- Found rosidl_adapter: 3.1.8 (/opt/ros/humble/share/rosidl_adapter/cmake)
[0.660s] -- Found rosidl_generator_cpp: 3.1.8 (/opt/ros/humble/share/rosidl_generator_cpp/cmake)
[0.669s] -- Using all available rosidl_typesupport_c: rosidl_typesupport_fastrtps_c;rosidl_typesupport_introspection_c
[0.683s] -- Using all available rosidl_typesupport_cpp: rosidl_typesupport_fastrtps_cpp;rosidl_typesupport_introspection_cpp
[0.718s] -- Found rmw_implementation_cmake: 6.1.2 (/opt/ros/humble/share/rmw_implementation_cmake/cmake)
[0.720s] -- Found rmw_fastrtps_cpp: 6.2.10 (/opt/ros/humble/share/rmw_fastrtps_cpp/cmake)
[0.800s] -- Found OpenSSL: /usr/lib/x86_64-linux-gnu/libcrypto.so (found version "3.0.2")  
[0.825s] -- Found FastRTPS: /opt/ros/humble/include  
[0.864s] -- Using RMW implementation 'rmw_fastrtps_cpp' as default
[0.871s] -- Looking for pthread.h
[0.943s] -- Looking for pthread.h - found
[0.943s] -- Performing Test CMAKE_HAVE_LIBC_PTHREAD
[1.010s] -- Performing Test CMAKE_HAVE_LIBC_PTHREAD - Success
[1.011s] -- Found Threads: TRUE  
[1.050s] -- Found eigen3_cmake_module: 0.1.1 (/opt/ros/humble/share/eigen3_cmake_module/cmake)
[1.055s] -- Found Eigen3: TRUE (found version "3.4.0") 
[1.055s] -- Found px4_ros2_cpp: 0.0.1 (/home/jagdeesh/tracker/install/px4_ros2_cpp/share/px4_ros2_cpp/cmake)
[1.067s] -- Found geometry_msgs: 4.9.1 (/opt/ros/humble/share/geometry_msgs/cmake)
[1.080s] -- Found tf2_ros: 0.25.19 (/opt/ros/humble/share/tf2_ros/cmake)
[1.164s] -- Found ament_lint_auto: 0.12.15 (/opt/ros/humble/share/ament_lint_auto/cmake)
[1.226s] -- Added test 'copyright' to check source files copyright and LICENSE
[1.227s] -- Added test 'cppcheck' to perform static code analysis on C / C++ code
[1.227s] -- Configured cppcheck include dirs: 
[1.227s] -- Configured cppcheck exclude dirs and/or files: 
[1.227s] -- Added test 'cpplint' to check C / C++ code against the Google style
[1.228s] -- Configured cpplint exclude dirs and/or files: 
[1.228s] -- Added test 'flake8' to check Python code syntax and style conventions
[1.228s] -- Added test 'lint_cmake' to check CMake code style
[1.229s] -- Added test 'pep257' to check Python code against some of the docstring style conventions in PEP 257
[1.229s] -- Added test 'uncrustify' to check C / C++ code style
[1.229s] -- Configured uncrustify additional arguments: 
[1.229s] -- Added test 'xmllint' to check XML markup files
[1.230s] -- Configuring done
[1.239s] -- Generating done
[1.242s] -- Build files have been written to: /home/jagdeesh/tracker/build/precision_land
[1.252s] Invoked command in '/home/jagdeesh/tracker/build/precision_land' returned '0': AMENT_PREFIX_PATH=/home/jagdeesh/tracker/install/px4_ros2_cpp:/home/jagdeesh/tracker/install/px4_msgs:${AMENT_PREFIX_PATH} CMAKE_PREFIX_PATH=/home/jagdeesh/tracker/install/px4_ros2_cpp:/home/jagdeesh/tracker/install/px4_msgs:/opt/ros/humble LD_LIBRARY_PATH=/home/jagdeesh/tracker/install/px4_ros2_cpp/lib:/home/jagdeesh/tracker/install/px4_msgs/lib:${LD_LIBRARY_PATH} PYTHONPATH=/home/jagdeesh/tracker/install/px4_msgs/local/lib/python3.10/dist-packages:${PYTHONPATH} /usr/bin/cmake /home/jagdeesh/tracker/fixed_src/precision_land -DCMAKE_BUILD_TYPE=Release -DCMAKE_INSTALL_PREFIX=/home/jagdeesh/tracker/install/precision_land
[1.253s] Invoking command in '/home/jagdeesh/tracker/build/precision_land': AMENT_PREFIX_PATH=/home/jagdeesh/tracker/install/px4_ros2_cpp:/home/jagdeesh/tracker/install/px4_msgs:${AMENT_PREFIX_PATH} CMAKE_PREFIX_PATH=/home/jagdeesh/tracker/install/px4_ros2_cpp:/home/jagdeesh/tracker/install/px4_msgs:/opt/ros/humble LD_LIBRARY_PATH=/home/jagdeesh/tracker/install/px4_ros2_cpp/lib:/home/jagdeesh/tracker/install/px4_msgs/lib:${LD_LIBRARY_PATH} PYTHONPATH=/home/jagdeesh/tracker/install/px4_msgs/local/lib/python3.10/dist-packages:${PYTHONPATH} /usr/bin/cmake --build /home/jagdeesh/tracker/build/precision_land -- -j12 -l12
[1.262s] gmake[1]: Entering directory '/home/jagdeesh/tracker/build/precision_land'
[1.280s] gmake[2]: Entering directory '/home/jagdeesh/tracker/build/precision_land'
[1.282s] gmake[3]: Entering directory '/home/jagdeesh/tracker/build/precision_land'
[1.292s] gmake[3]: Leaving directory '/home/jagdeesh/tracker/build/precision_land'
[1.293s] gmake[3]: Entering directory '/home/jagdeesh/tracker/build/precision_land'
[1.301s] [ 50%] [32mBuilding CXX object CMakeFiles/precision_land.dir/PrecisionLand.cpp.o[0m
[29.053s] [100%] [32m[1mLinking CXX executable precision_land[0m
[29.424s] gmake[3]: Leaving directory '/home/jagdeesh/tracker/build/precision_land'
[29.433s] [100%] Built target precision_land
[29.434s] gmake[2]: Leaving directory '/home/jagdeesh/tracker/build/precision_land'
[29.441s] gmake[1]: Leaving directory '/home/jagdeesh/tracker/build/precision_land'
[29.443s] Invoked command in '/home/jagdeesh/tracker/build/precision_land' returned '0': AMENT_PREFIX_PATH=/home/jagdeesh/tracker/install/px4_ros2_cpp:/home/jagdeesh/tracker/install/px4_msgs:${AMENT_PREFIX_PATH} CMAKE_PREFIX_PATH=/home/jagdeesh/tracker/install/px4_ros2_cpp:/home/jagdeesh/tracker/install/px4_msgs:/opt/ros/humble LD_LIBRARY_PATH=/home/jagdeesh/tracker/install/px4_ros2_cpp/lib:/home/jagdeesh/tracker/install/px4_msgs/lib:${LD_LIBRARY_PATH} PYTHONPATH=/home/jagdeesh/tracker/install/px4_msgs/local/lib/python3.10/dist-packages:${PYTHONPATH} /usr/bin/cmake --build /home/jagdeesh/tracker/build/precision_land -- -j12 -l12
[29.444s] Invoking command in '/home/jagdeesh/tracker/build/precision_land': AMENT_PREFIX_PATH=/home/jagdeesh/tracker/install/px4_ros2_cpp:/home/jagdeesh/tracker/install/px4_msgs:${AMENT_PREFIX_PATH} CMAKE_PREFIX_PATH=/home/jagdeesh/tracker/install/px4_ros2_cpp:/home/jagdeesh/tracker/install/px4_msgs:/opt/ros/humble LD_LIBRARY_PATH=/home/jagdeesh/tracker/install/px4_ros2_cpp/lib:/home/jagdeesh/tracker/install/px4_msgs/lib:${LD_LIBRARY_PATH} PYTHONPATH=/home/jagdeesh/tracker/install/px4_msgs/local/lib/python3.10/dist-packages:${PYTHONPATH} /usr/bin/cmake --install /home/jagdeesh/tracker/build/precision_land
[29.454s] -- Install configuration: "Release"
[29.454s] -- Installing: /home/jagdeesh/tracker/install/precision_land/lib/precision_land/precision_land
[29.458s] -- Set runtime path of "/home/jagdeesh/tracker/install/precision_land/lib/precision_land/precision_land" to ""
[29.458s] -- Installing: /home/jagdeesh/tracker/install/precision_land/share/precision_land//launch
[29.458s] -- Installing: /home/jagdeesh/tracker/install/precision_land/share/precision_land//launch/precision_landing_system.launch.py
[29.458s] -- Installing: /home/jagdeesh/tracker/install/precision_land/share/precision_land//cfg
[29.458s] -- Installing: /home/jagdeesh/tracker/install/precision_land/share/precision_land//cfg/bridge.yaml
[29.458s] -- Installing: /home/jagdeesh/tracker/install/precision_land/share/precision_land//cfg/params.yaml
[29.459s] -- Installing: /home/jagdeesh/tracker/install/precision_land/share/ament_index/resource_index/package_run_dependencies/precision_land
[29.459s] -- Installing: /home/jagdeesh/tracker/install/precision_land/share/ament_index/resource_index/parent_prefix_path/precision_land
[29.459s] -- Installing: /home/jagdeesh/tracker/install/precision_land/share/precision_land/environment/ament_prefix_path.sh
[29.459s] -- Installing: /home/jagdeesh/tracker/install/precision_land/share/precision_land/environment/ament_prefix_path.dsv
[29.459s] -- Installing: /home/jagdeesh/tracker/install/precision_land/share/precision_land/environment/path.sh
[29.459s] -- Installing: /home/jagdeesh/tracker/install/precision_land/share/precision_land/environment/path.dsv
[29.459s] -- Installing: /home/jagdeesh/tracker/install/precision_land/share/precision_land/local_setup.bash
[29.460s] -- Installing: /home/jagdeesh/tracker/install/precision_land/share/precision_land/local_setup.sh
[29.460s] -- Installing: /home/jagdeesh/tracker/install/precision_land/share/precision_land/local_setup.zsh
[29.460s] -- Installing: /home/jagdeesh/tracker/install/precision_land/share/precision_land/local_setup.dsv
[29.460s] -- Installing: /home/jagdeesh/tracker/install/precision_land/share/precision_land/package.dsv
[29.460s] -- Installing: /home/jagdeesh/tracker/install/precision_land/share/ament_index/resource_index/packages/precision_land
[29.460s] -- Installing: /home/jagdeesh/tracker/install/precision_land/share/precision_land/cmake/precision_landConfig.cmake
[29.460s] -- Installing: /home/jagdeesh/tracker/install/precision_land/share/precision_land/cmake/precision_landConfig-version.cmake
[29.460s] -- Installing: /home/jagdeesh/tracker/install/precision_land/share/precision_land/package.xml
[29.462s] Invoked command in '/home/jagdeesh/tracker/build/precision_land' returned '0': AMENT_PREFIX_PATH=/home/jagdeesh/tracker/install/px4_ros2_cpp:/home/jagdeesh/tracker/install/px4_msgs:${AMENT_PREFIX_PATH} CMAKE_PREFIX_PATH=/home/jagdeesh/tracker/install/px4_ros2_cpp:/home/jagdeesh/tracker/install/px4_msgs:/opt/ros/humble LD_LIBRARY_PATH=/home/jagdeesh/tracker/install/px4_ros2_cpp/lib:/home/jagdeesh/tracker/install/px4_msgs/lib:${LD_LIBRARY_PATH} PYTHONPATH=/home/jagdeesh/tracker/install/px4_msgs/local/lib/python3.10/dist-packages:${PYTHONPATH} /usr/bin/cmake --install /home/jagdeesh/tracker/build/precision_land
