[0.156s] Invoking command in '/home/jagdeesh/tracker/build/example_mode_with_executor_cpp': AMENT_PREFIX_PATH=/home/jagdeesh/tracker/install/px4_ros2_cpp:/home/jagdeesh/tracker/install/px4_msgs:${AMENT_PREFIX_PATH} CMAKE_PREFIX_PATH=/home/jagdeesh/tracker/install/px4_ros2_cpp:/home/jagdeesh/tracker/install/px4_msgs:/opt/ros/humble LD_LIBRARY_PATH=/home/jagdeesh/tracker/install/px4_ros2_cpp/lib:/home/jagdeesh/tracker/install/px4_msgs/lib:${LD_LIBRARY_PATH} PYTHONPATH=/home/jagdeesh/tracker/install/px4_msgs/local/lib/python3.10/dist-packages:${PYTHONPATH} /usr/bin/cmake /home/jagdeesh/tracker/src/px4-ros2-interface-lib/examples/cpp/modes/mode_with_executor -DCMAKE_INSTALL_PREFIX=/home/jagdeesh/tracker/install/example_mode_with_executor_cpp
[2.493s] -- Found eigen3_cmake_module: 0.1.1 (/opt/ros/humble/share/eigen3_cmake_module/cmake)
[2.493s] -- Found ament_cmake: 1.3.14 (/opt/ros/humble/share/ament_cmake/cmake)
[2.493s] -- Found rclcpp: 16.0.18 (/opt/ros/humble/share/rclcpp/cmake)
[2.493s] -- Found rosidl_generator_c: 3.1.8 (/opt/ros/humble/share/rosidl_generator_c/cmake)
[2.494s] -- Found rosidl_adapter: 3.1.8 (/opt/ros/humble/share/rosidl_adapter/cmake)
[2.502s] -- Found rosidl_generator_cpp: 3.1.8 (/opt/ros/humble/share/rosidl_generator_cpp/cmake)
[2.502s] -- Using all available rosidl_typesupport_c: rosidl_typesupport_fastrtps_c;rosidl_typesupport_introspection_c
[2.510s] -- Using all available rosidl_typesupport_cpp: rosidl_typesupport_fastrtps_cpp;rosidl_typesupport_introspection_cpp
[2.511s] -- Found rmw_implementation_cmake: 6.1.2 (/opt/ros/humble/share/rmw_implementation_cmake/cmake)
[2.511s] -- Found rmw_fastrtps_cpp: 6.2.10 (/opt/ros/humble/share/rmw_fastrtps_cpp/cmake)
[2.511s] -- Using RMW implementation 'rmw_fastrtps_cpp' as default
[2.511s] -- Found px4_ros2_cpp: 0.0.1 (/home/jagdeesh/tracker/install/px4_ros2_cpp/share/px4_ros2_cpp/cmake)
[2.511s] -- Found ament_lint_auto: 0.12.15 (/opt/ros/humble/share/ament_lint_auto/cmake)
[2.512s] -- Added test 'copyright' to check source files copyright and LICENSE
[2.512s] -- Added test 'cppcheck' to perform static code analysis on C / C++ code
[2.512s] -- Configured cppcheck include dirs: /home/jagdeesh/tracker/src/px4-ros2-interface-lib/examples/cpp/modes/mode_with_executor/include
[2.512s] -- Configured cppcheck exclude dirs and/or files: 
[2.512s] -- Added test 'cpplint' to check C / C++ code against the Google style
[2.513s] -- Configured cpplint exclude dirs and/or files: 
[2.513s] -- Added test 'lint_cmake' to check CMake code style
[2.514s] -- Added test 'uncrustify' to check C / C++ code style
[2.514s] -- Configured uncrustify additional arguments: 
[2.514s] -- Added test 'xmllint' to check XML markup files
[2.515s] -- Configuring done
[2.568s] -- Generating done
[2.614s] -- Build files have been written to: /home/jagdeesh/tracker/build/example_mode_with_executor_cpp
[2.677s] Invoked command in '/home/jagdeesh/tracker/build/example_mode_with_executor_cpp' returned '0': AMENT_PREFIX_PATH=/home/jagdeesh/tracker/install/px4_ros2_cpp:/home/jagdeesh/tracker/install/px4_msgs:${AMENT_PREFIX_PATH} CMAKE_PREFIX_PATH=/home/jagdeesh/tracker/install/px4_ros2_cpp:/home/jagdeesh/tracker/install/px4_msgs:/opt/ros/humble LD_LIBRARY_PATH=/home/jagdeesh/tracker/install/px4_ros2_cpp/lib:/home/jagdeesh/tracker/install/px4_msgs/lib:${LD_LIBRARY_PATH} PYTHONPATH=/home/jagdeesh/tracker/install/px4_msgs/local/lib/python3.10/dist-packages:${PYTHONPATH} /usr/bin/cmake /home/jagdeesh/tracker/src/px4-ros2-interface-lib/examples/cpp/modes/mode_with_executor -DCMAKE_INSTALL_PREFIX=/home/jagdeesh/tracker/install/example_mode_with_executor_cpp
[2.688s] Invoking command in '/home/jagdeesh/tracker/build/example_mode_with_executor_cpp': AMENT_PREFIX_PATH=/home/jagdeesh/tracker/install/px4_ros2_cpp:/home/jagdeesh/tracker/install/px4_msgs:${AMENT_PREFIX_PATH} CMAKE_PREFIX_PATH=/home/jagdeesh/tracker/install/px4_ros2_cpp:/home/jagdeesh/tracker/install/px4_msgs:/opt/ros/humble LD_LIBRARY_PATH=/home/jagdeesh/tracker/install/px4_ros2_cpp/lib:/home/jagdeesh/tracker/install/px4_msgs/lib:${LD_LIBRARY_PATH} PYTHONPATH=/home/jagdeesh/tracker/install/px4_msgs/local/lib/python3.10/dist-packages:${PYTHONPATH} /usr/bin/cmake --build /home/jagdeesh/tracker/build/example_mode_with_executor_cpp -- -j12 -l12
[2.970s] [35m[1mConsolidate compiler generated dependencies of target example_mode_with_executor[0m
[3.072s] [100%] Built target example_mode_with_executor
[3.295s] Invoked command in '/home/jagdeesh/tracker/build/example_mode_with_executor_cpp' returned '0': AMENT_PREFIX_PATH=/home/jagdeesh/tracker/install/px4_ros2_cpp:/home/jagdeesh/tracker/install/px4_msgs:${AMENT_PREFIX_PATH} CMAKE_PREFIX_PATH=/home/jagdeesh/tracker/install/px4_ros2_cpp:/home/jagdeesh/tracker/install/px4_msgs:/opt/ros/humble LD_LIBRARY_PATH=/home/jagdeesh/tracker/install/px4_ros2_cpp/lib:/home/jagdeesh/tracker/install/px4_msgs/lib:${LD_LIBRARY_PATH} PYTHONPATH=/home/jagdeesh/tracker/install/px4_msgs/local/lib/python3.10/dist-packages:${PYTHONPATH} /usr/bin/cmake --build /home/jagdeesh/tracker/build/example_mode_with_executor_cpp -- -j12 -l12
[3.297s] Invoking command in '/home/jagdeesh/tracker/build/example_mode_with_executor_cpp': AMENT_PREFIX_PATH=/home/jagdeesh/tracker/install/px4_ros2_cpp:/home/jagdeesh/tracker/install/px4_msgs:${AMENT_PREFIX_PATH} CMAKE_PREFIX_PATH=/home/jagdeesh/tracker/install/px4_ros2_cpp:/home/jagdeesh/tracker/install/px4_msgs:/opt/ros/humble LD_LIBRARY_PATH=/home/jagdeesh/tracker/install/px4_ros2_cpp/lib:/home/jagdeesh/tracker/install/px4_msgs/lib:${LD_LIBRARY_PATH} PYTHONPATH=/home/jagdeesh/tracker/install/px4_msgs/local/lib/python3.10/dist-packages:${PYTHONPATH} /usr/bin/cmake --install /home/jagdeesh/tracker/build/example_mode_with_executor_cpp
[3.388s] -- Install configuration: "Release"
[3.389s] -- Up-to-date: /home/jagdeesh/tracker/install/example_mode_with_executor_cpp/lib/example_mode_with_executor_cpp/example_mode_with_executor
[3.389s] -- Up-to-date: /home/jagdeesh/tracker/install/example_mode_with_executor_cpp/share/ament_index/resource_index/package_run_dependencies/example_mode_with_executor_cpp
[3.389s] -- Up-to-date: /home/jagdeesh/tracker/install/example_mode_with_executor_cpp/share/ament_index/resource_index/parent_prefix_path/example_mode_with_executor_cpp
[3.389s] -- Up-to-date: /home/jagdeesh/tracker/install/example_mode_with_executor_cpp/share/example_mode_with_executor_cpp/environment/ament_prefix_path.sh
[3.389s] -- Installing: /home/jagdeesh/tracker/install/example_mode_with_executor_cpp/share/example_mode_with_executor_cpp/environment/ament_prefix_path.dsv
[3.389s] -- Up-to-date: /home/jagdeesh/tracker/install/example_mode_with_executor_cpp/share/example_mode_with_executor_cpp/environment/path.sh
[3.390s] -- Installing: /home/jagdeesh/tracker/install/example_mode_with_executor_cpp/share/example_mode_with_executor_cpp/environment/path.dsv
[3.390s] -- Up-to-date: /home/jagdeesh/tracker/install/example_mode_with_executor_cpp/share/example_mode_with_executor_cpp/local_setup.bash
[3.390s] -- Up-to-date: /home/jagdeesh/tracker/install/example_mode_with_executor_cpp/share/example_mode_with_executor_cpp/local_setup.sh
[3.390s] -- Up-to-date: /home/jagdeesh/tracker/install/example_mode_with_executor_cpp/share/example_mode_with_executor_cpp/local_setup.zsh
[3.390s] -- Installing: /home/jagdeesh/tracker/install/example_mode_with_executor_cpp/share/example_mode_with_executor_cpp/local_setup.dsv
[3.391s] -- Installing: /home/jagdeesh/tracker/install/example_mode_with_executor_cpp/share/example_mode_with_executor_cpp/package.dsv
[3.391s] -- Up-to-date: /home/jagdeesh/tracker/install/example_mode_with_executor_cpp/share/ament_index/resource_index/packages/example_mode_with_executor_cpp
[3.394s] -- Up-to-date: /home/jagdeesh/tracker/install/example_mode_with_executor_cpp/share/example_mode_with_executor_cpp/cmake/example_mode_with_executor_cppConfig.cmake
[3.394s] -- Up-to-date: /home/jagdeesh/tracker/install/example_mode_with_executor_cpp/share/example_mode_with_executor_cpp/cmake/example_mode_with_executor_cppConfig-version.cmake
[3.395s] -- Up-to-date: /home/jagdeesh/tracker/install/example_mode_with_executor_cpp/share/example_mode_with_executor_cpp/package.xml
[3.436s] Invoked command in '/home/jagdeesh/tracker/build/example_mode_with_executor_cpp' returned '0': AMENT_PREFIX_PATH=/home/jagdeesh/tracker/install/px4_ros2_cpp:/home/jagdeesh/tracker/install/px4_msgs:${AMENT_PREFIX_PATH} CMAKE_PREFIX_PATH=/home/jagdeesh/tracker/install/px4_ros2_cpp:/home/jagdeesh/tracker/install/px4_msgs:/opt/ros/humble LD_LIBRARY_PATH=/home/jagdeesh/tracker/install/px4_ros2_cpp/lib:/home/jagdeesh/tracker/install/px4_msgs/lib:${LD_LIBRARY_PATH} PYTHONPATH=/home/jagdeesh/tracker/install/px4_msgs/local/lib/python3.10/dist-packages:${PYTHONPATH} /usr/bin/cmake --install /home/jagdeesh/tracker/build/example_mode_with_executor_cpp
