[0.046s] Invoking command in '/home/jagdeesh/tracker/build/ros_gz_interfaces': CMAKE_PREFIX_PATH=/opt/ros/humble /usr/bin/cmake /home/jagdeesh/tracker/src/ros_gz/ros_gz_interfaces -DCMAKE_INSTALL_PREFIX=/home/jagdeesh/tracker/install/ros_gz_interfaces
[0.066s] -- Found ament_cmake: 1.3.14 (/opt/ros/humble/share/ament_cmake/cmake)
[0.408s] -- Found builtin_interfaces: 1.2.2 (/opt/ros/humble/share/builtin_interfaces/cmake)
[0.462s] -- Found rosidl_generator_c: 3.1.8 (/opt/ros/humble/share/rosidl_generator_c/cmake)
[0.468s] -- Found rosidl_adapter: 3.1.8 (/opt/ros/humble/share/rosidl_adapter/cmake)
[0.481s] -- Found rosidl_generator_cpp: 3.1.8 (/opt/ros/humble/share/rosidl_generator_cpp/cmake)
[0.503s] -- Using all available rosidl_typesupport_c: rosidl_typesupport_fastrtps_c;rosidl_typesupport_introspection_c
[0.531s] -- Using all available rosidl_typesupport_cpp: rosidl_typesupport_fastrtps_cpp;rosidl_typesupport_introspection_cpp
[0.556s] -- Found rcl_interfaces: 1.2.2 (/opt/ros/humble/share/rcl_interfaces/cmake)
[0.582s] -- Found std_msgs: 4.9.1 (/opt/ros/humble/share/std_msgs/cmake)
[0.609s] -- Found geometry_msgs: 4.9.1 (/opt/ros/humble/share/geometry_msgs/cmake)
[0.643s] -- Found rosidl_default_generators: 1.2.1 (/opt/ros/humble/share/rosidl_default_generators/cmake)
[2.298s] -- Found ament_cmake_cppcheck: 0.12.15 (/opt/ros/humble/share/ament_cmake_cppcheck/cmake)
[2.301s] -- Found ament_cmake_cpplint: 0.12.15 (/opt/ros/humble/share/ament_cmake_cpplint/cmake)
[2.302s] -- Found ament_cmake_uncrustify: 0.12.15 (/opt/ros/humble/share/ament_cmake_uncrustify/cmake)
[2.306s] -- Found ament_cmake_ros: 0.10.0 (/opt/ros/humble/share/ament_cmake_ros/cmake)
[3.839s] -- Using all available rosidl_typesupport_c: rosidl_typesupport_fastrtps_c;rosidl_typesupport_introspection_c
[4.276s] -- Using all available rosidl_typesupport_cpp: rosidl_typesupport_fastrtps_cpp;rosidl_typesupport_introspection_cpp
[4.333s] -- Found python_cmake_module: 0.10.0 (/opt/ros/humble/share/python_cmake_module/cmake)
[4.398s] -- Using PYTHON_EXECUTABLE: /usr/bin/python3
[4.398s] -- Using PYTHON_INCLUDE_DIRS: /usr/include/python3.10
[4.398s] -- Using PYTHON_LIBRARIES: /usr/lib/x86_64-linux-gnu/libpython3.10.so
[4.542s] -- Found ament_cmake_flake8: 0.12.15 (/opt/ros/humble/share/ament_cmake_flake8/cmake)
[4.543s] -- Found ament_cmake_pep257: 0.12.15 (/opt/ros/humble/share/ament_cmake_pep257/cmake)
[4.801s] -- Configuring done
[5.043s] -- Generating done
[5.084s] -- Build files have been written to: /home/jagdeesh/tracker/build/ros_gz_interfaces
[5.110s] Invoked command in '/home/jagdeesh/tracker/build/ros_gz_interfaces' returned '0': CMAKE_PREFIX_PATH=/opt/ros/humble /usr/bin/cmake /home/jagdeesh/tracker/src/ros_gz/ros_gz_interfaces -DCMAKE_INSTALL_PREFIX=/home/jagdeesh/tracker/install/ros_gz_interfaces
[5.111s] Invoking command in '/home/jagdeesh/tracker/build/ros_gz_interfaces': CMAKE_PREFIX_PATH=/opt/ros/humble /usr/bin/cmake --build /home/jagdeesh/tracker/build/ros_gz_interfaces -- -j12 -l12
[5.282s] [35m[1mConsolidate compiler generated dependencies of target ros_gz_interfaces__rosidl_generator_c[0m
[5.323s] [  0%] Built target ros_gz_interfaces__cpp
[5.331s] [  1%] Built target ros_gz_interfaces__rs
[5.373s] [ 13%] Built target ros_gz_interfaces__rosidl_generator_c
[5.374s] [35m[1mConsolidate compiler generated dependencies of target ros_gz_interfaces__rosidl_typesupport_fastrtps_cpp[0m
[5.374s] [35m[1mConsolidate compiler generated dependencies of target ros_gz_interfaces__rosidl_typesupport_introspection_cpp[0m
[5.383s] [ 13%] Built target ament_cmake_python_copy_ros_gz_interfaces
[5.416s] [35m[1mConsolidate compiler generated dependencies of target ros_gz_interfaces__rosidl_typesupport_cpp[0m
[5.441s] [35m[1mConsolidate compiler generated dependencies of target ros_gz_interfaces__rosidl_typesupport_c[0m
[5.448s] [35m[1mConsolidate compiler generated dependencies of target ros_gz_interfaces__rosidl_typesupport_introspection_c[0m
[5.462s] [35m[1mConsolidate compiler generated dependencies of target ros_gz_interfaces__rosidl_typesupport_fastrtps_c[0m
[5.464s] [ 25%] Built target ros_gz_interfaces__rosidl_typesupport_fastrtps_cpp
[5.485s] [ 37%] Built target ros_gz_interfaces__rosidl_typesupport_introspection_cpp
[5.506s] [ 50%] Built target ros_gz_interfaces__rosidl_typesupport_introspection_c
[5.507s] [ 61%] Built target ros_gz_interfaces__rosidl_typesupport_c
[5.562s] [ 73%] Built target ros_gz_interfaces__rosidl_typesupport_fastrtps_c
[5.582s] [ 85%] Built target ros_gz_interfaces__rosidl_typesupport_cpp
[5.641s] [ 85%] Built target ros_gz_interfaces
[5.715s] [ 85%] Built target ros_gz_interfaces__py
[5.764s] [35m[1mConsolidate compiler generated dependencies of target ros_gz_interfaces__rosidl_generator_py[0m
[5.842s] [ 97%] Built target ros_gz_interfaces__rosidl_generator_py
[5.875s] [35m[1mConsolidate compiler generated dependencies of target ros_gz_interfaces__rosidl_typesupport_introspection_c__pyext[0m
[5.875s] [35m[1mConsolidate compiler generated dependencies of target ros_gz_interfaces__rosidl_typesupport_fastrtps_c__pyext[0m
[5.883s] [35m[1mConsolidate compiler generated dependencies of target ros_gz_interfaces__rosidl_typesupport_c__pyext[0m
[5.912s] [ 98%] Built target ros_gz_interfaces__rosidl_typesupport_introspection_c__pyext
[5.919s] [ 99%] Built target ros_gz_interfaces__rosidl_typesupport_c__pyext
[5.930s] [100%] Built target ros_gz_interfaces__rosidl_typesupport_fastrtps_c__pyext
[6.138s] running egg_info
[6.140s] writing ros_gz_interfaces.egg-info/PKG-INFO
[6.144s] writing dependency_links to ros_gz_interfaces.egg-info/dependency_links.txt
[6.144s] writing top-level names to ros_gz_interfaces.egg-info/top_level.txt
[6.149s] reading manifest file 'ros_gz_interfaces.egg-info/SOURCES.txt'
[6.154s] writing manifest file 'ros_gz_interfaces.egg-info/SOURCES.txt'
[6.218s] [100%] Built target ament_cmake_python_build_ros_gz_interfaces_egg
[6.255s] Invoked command in '/home/jagdeesh/tracker/build/ros_gz_interfaces' returned '0': CMAKE_PREFIX_PATH=/opt/ros/humble /usr/bin/cmake --build /home/jagdeesh/tracker/build/ros_gz_interfaces -- -j12 -l12
[6.259s] Invoking command in '/home/jagdeesh/tracker/build/ros_gz_interfaces': CMAKE_PREFIX_PATH=/opt/ros/humble /usr/bin/cmake --install /home/jagdeesh/tracker/build/ros_gz_interfaces
[6.276s] -- Install configuration: "Release"
[6.276s] -- Up-to-date: /home/jagdeesh/tracker/install/ros_gz_interfaces/share/ament_index/resource_index/rosidl_interfaces/ros_gz_interfaces
[6.277s] -- Up-to-date: /home/jagdeesh/tracker/install/ros_gz_interfaces/include/ros_gz_interfaces/ros_gz_interfaces
[6.277s] -- Up-to-date: /home/jagdeesh/tracker/install/ros_gz_interfaces/include/ros_gz_interfaces/ros_gz_interfaces/srv
[6.278s] -- Up-to-date: /home/jagdeesh/tracker/install/ros_gz_interfaces/include/ros_gz_interfaces/ros_gz_interfaces/srv/control_world.h
[6.278s] -- Up-to-date: /home/jagdeesh/tracker/install/ros_gz_interfaces/include/ros_gz_interfaces/ros_gz_interfaces/srv/detail
[6.278s] -- Up-to-date: /home/jagdeesh/tracker/install/ros_gz_interfaces/include/ros_gz_interfaces/ros_gz_interfaces/srv/detail/delete_entity__type_support.h
[6.278s] -- Up-to-date: /home/jagdeesh/tracker/install/ros_gz_interfaces/include/ros_gz_interfaces/ros_gz_interfaces/srv/detail/control_world__functions.h
[6.278s] -- Up-to-date: /home/jagdeesh/tracker/install/ros_gz_interfaces/include/ros_gz_interfaces/ros_gz_interfaces/srv/detail/spawn_entity__functions.h
[6.278s] -- Up-to-date: /home/jagdeesh/tracker/install/ros_gz_interfaces/include/ros_gz_interfaces/ros_gz_interfaces/srv/detail/delete_entity__functions.h
[6.278s] -- Up-to-date: /home/jagdeesh/tracker/install/ros_gz_interfaces/include/ros_gz_interfaces/ros_gz_interfaces/srv/detail/set_entity_pose__type_support.h
[6.279s] -- Up-to-date: /home/jagdeesh/tracker/install/ros_gz_interfaces/include/ros_gz_interfaces/ros_gz_interfaces/srv/detail/spawn_entity__type_support.h
[6.279s] -- Up-to-date: /home/jagdeesh/tracker/install/ros_gz_interfaces/include/ros_gz_interfaces/ros_gz_interfaces/srv/detail/control_world__type_support.h
[6.279s] -- Up-to-date: /home/jagdeesh/tracker/install/ros_gz_interfaces/include/ros_gz_interfaces/ros_gz_interfaces/srv/detail/set_entity_pose__struct.h
[6.279s] -- Up-to-date: /home/jagdeesh/tracker/install/ros_gz_interfaces/include/ros_gz_interfaces/ros_gz_interfaces/srv/detail/control_world__struct.h
[6.279s] -- Up-to-date: /home/jagdeesh/tracker/install/ros_gz_interfaces/include/ros_gz_interfaces/ros_gz_interfaces/srv/detail/control_world__functions.c
[6.279s] -- Up-to-date: /home/jagdeesh/tracker/install/ros_gz_interfaces/include/ros_gz_interfaces/ros_gz_interfaces/srv/detail/set_entity_pose__functions.c
[6.279s] -- Up-to-date: /home/jagdeesh/tracker/install/ros_gz_interfaces/include/ros_gz_interfaces/ros_gz_interfaces/srv/detail/delete_entity__struct.h
[6.280s] -- Up-to-date: /home/jagdeesh/tracker/install/ros_gz_interfaces/include/ros_gz_interfaces/ros_gz_interfaces/srv/detail/spawn_entity__functions.c
[6.280s] -- Up-to-date: /home/jagdeesh/tracker/install/ros_gz_interfaces/include/ros_gz_interfaces/ros_gz_interfaces/srv/detail/delete_entity__functions.c
[6.281s] -- Up-to-date: /home/jagdeesh/tracker/install/ros_gz_interfaces/include/ros_gz_interfaces/ros_gz_interfaces/srv/detail/spawn_entity__struct.h
[6.282s] -- Up-to-date: /home/jagdeesh/tracker/install/ros_gz_interfaces/include/ros_gz_interfaces/ros_gz_interfaces/srv/detail/set_entity_pose__functions.h
[6.282s] -- Up-to-date: /home/jagdeesh/tracker/install/ros_gz_interfaces/include/ros_gz_interfaces/ros_gz_interfaces/srv/set_entity_pose.h
[6.282s] -- Up-to-date: /home/jagdeesh/tracker/install/ros_gz_interfaces/include/ros_gz_interfaces/ros_gz_interfaces/srv/spawn_entity.h
[6.283s] -- Up-to-date: /home/jagdeesh/tracker/install/ros_gz_interfaces/include/ros_gz_interfaces/ros_gz_interfaces/srv/delete_entity.h
[6.283s] -- Up-to-date: /home/jagdeesh/tracker/install/ros_gz_interfaces/include/ros_gz_interfaces/ros_gz_interfaces/msg
[6.283s] -- Up-to-date: /home/jagdeesh/tracker/install/ros_gz_interfaces/include/ros_gz_interfaces/ros_gz_interfaces/msg/param_vec.h
[6.283s] -- Up-to-date: /home/jagdeesh/tracker/install/ros_gz_interfaces/include/ros_gz_interfaces/ros_gz_interfaces/msg/joint_wrench.h
[6.283s] -- Up-to-date: /home/jagdeesh/tracker/install/ros_gz_interfaces/include/ros_gz_interfaces/ros_gz_interfaces/msg/string_vec.h
[6.284s] -- Up-to-date: /home/jagdeesh/tracker/install/ros_gz_interfaces/include/ros_gz_interfaces/ros_gz_interfaces/msg/altimeter.h
[6.284s] -- Up-to-date: /home/jagdeesh/tracker/install/ros_gz_interfaces/include/ros_gz_interfaces/ros_gz_interfaces/msg/contact.h
[6.284s] -- Up-to-date: /home/jagdeesh/tracker/install/ros_gz_interfaces/include/ros_gz_interfaces/ros_gz_interfaces/msg/rosidl_generator_c__visibility_control.h
[6.285s] -- Up-to-date: /home/jagdeesh/tracker/install/ros_gz_interfaces/include/ros_gz_interfaces/ros_gz_interfaces/msg/detail
[6.285s] -- Up-to-date: /home/jagdeesh/tracker/install/ros_gz_interfaces/include/ros_gz_interfaces/ros_gz_interfaces/msg/detail/contact__struct.h
[6.285s] -- Up-to-date: /home/jagdeesh/tracker/install/ros_gz_interfaces/include/ros_gz_interfaces/ros_gz_interfaces/msg/detail/gui_camera__struct.h
[6.285s] -- Up-to-date: /home/jagdeesh/tracker/install/ros_gz_interfaces/include/ros_gz_interfaces/ros_gz_interfaces/msg/detail/material_color__functions.c
[6.286s] -- Up-to-date: /home/jagdeesh/tracker/install/ros_gz_interfaces/include/ros_gz_interfaces/ros_gz_interfaces/msg/detail/entity_factory__functions.h
[6.286s] -- Up-to-date: /home/jagdeesh/tracker/install/ros_gz_interfaces/include/ros_gz_interfaces/ros_gz_interfaces/msg/detail/light__functions.h
[6.286s] -- Up-to-date: /home/jagdeesh/tracker/install/ros_gz_interfaces/include/ros_gz_interfaces/ros_gz_interfaces/msg/detail/string_vec__functions.h
[6.286s] -- Up-to-date: /home/jagdeesh/tracker/install/ros_gz_interfaces/include/ros_gz_interfaces/ros_gz_interfaces/msg/detail/float32_array__functions.c
[6.286s] -- Up-to-date: /home/jagdeesh/tracker/install/ros_gz_interfaces/include/ros_gz_interfaces/ros_gz_interfaces/msg/detail/altimeter__type_support.h
[6.287s] -- Up-to-date: /home/jagdeesh/tracker/install/ros_gz_interfaces/include/ros_gz_interfaces/ros_gz_interfaces/msg/detail/float32_array__type_support.h
[6.287s] -- Up-to-date: /home/jagdeesh/tracker/install/ros_gz_interfaces/include/ros_gz_interfaces/ros_gz_interfaces/msg/detail/joint_wrench__type_support.h
[6.288s] -- Up-to-date: /home/jagdeesh/tracker/install/ros_gz_interfaces/include/ros_gz_interfaces/ros_gz_interfaces/msg/detail/contact__functions.h
[6.288s] -- Up-to-date: /home/jagdeesh/tracker/install/ros_gz_interfaces/include/ros_gz_interfaces/ros_gz_interfaces/msg/detail/track_visual__type_support.h
[6.288s] -- Up-to-date: /home/jagdeesh/tracker/install/ros_gz_interfaces/include/ros_gz_interfaces/ros_gz_interfaces/msg/detail/entity__type_support.h
[6.288s] -- Up-to-date: /home/jagdeesh/tracker/install/ros_gz_interfaces/include/ros_gz_interfaces/ros_gz_interfaces/msg/detail/contact__type_support.h
[6.288s] -- Up-to-date: /home/jagdeesh/tracker/install/ros_gz_interfaces/include/ros_gz_interfaces/ros_gz_interfaces/msg/detail/dataframe__type_support.h
[6.289s] -- Up-to-date: /home/jagdeesh/tracker/install/ros_gz_interfaces/include/ros_gz_interfaces/ros_gz_interfaces/msg/detail/material_color__type_support.h
[6.289s] -- Up-to-date: /home/jagdeesh/tracker/install/ros_gz_interfaces/include/ros_gz_interfaces/ros_gz_interfaces/msg/detail/light__struct.h
[6.289s] -- Up-to-date: /home/jagdeesh/tracker/install/ros_gz_interfaces/include/ros_gz_interfaces/ros_gz_interfaces/msg/detail/world_reset__functions.h
[6.289s] -- Up-to-date: /home/jagdeesh/tracker/install/ros_gz_interfaces/include/ros_gz_interfaces/ros_gz_interfaces/msg/detail/contacts__struct.h
[6.289s] -- Up-to-date: /home/jagdeesh/tracker/install/ros_gz_interfaces/include/ros_gz_interfaces/ros_gz_interfaces/msg/detail/joint_wrench__functions.c
[6.289s] -- Up-to-date: /home/jagdeesh/tracker/install/ros_gz_interfaces/include/ros_gz_interfaces/ros_gz_interfaces/msg/detail/dataframe__struct.h
[6.289s] -- Up-to-date: /home/jagdeesh/tracker/install/ros_gz_interfaces/include/ros_gz_interfaces/ros_gz_interfaces/msg/detail/gui_camera__functions.h
[6.290s] -- Up-to-date: /home/jagdeesh/tracker/install/ros_gz_interfaces/include/ros_gz_interfaces/ros_gz_interfaces/msg/detail/entity_wrench__functions.h
[6.290s] -- Up-to-date: /home/jagdeesh/tracker/install/ros_gz_interfaces/include/ros_gz_interfaces/ros_gz_interfaces/msg/detail/entity_factory__functions.c
[6.290s] -- Up-to-date: /home/jagdeesh/tracker/install/ros_gz_interfaces/include/ros_gz_interfaces/ros_gz_interfaces/msg/detail/gui_camera__type_support.h
[6.292s] -- Up-to-date: /home/jagdeesh/tracker/install/ros_gz_interfaces/include/ros_gz_interfaces/ros_gz_interfaces/msg/detail/altimeter__functions.c
[6.293s] -- Up-to-date: /home/jagdeesh/tracker/install/ros_gz_interfaces/include/ros_gz_interfaces/ros_gz_interfaces/msg/detail/track_visual__functions.c
[6.293s] -- Up-to-date: /home/jagdeesh/tracker/install/ros_gz_interfaces/include/ros_gz_interfaces/ros_gz_interfaces/msg/detail/entity_factory__type_support.h
[6.293s] -- Up-to-date: /home/jagdeesh/tracker/install/ros_gz_interfaces/include/ros_gz_interfaces/ros_gz_interfaces/msg/detail/sensor_noise__struct.h
[6.294s] -- Up-to-date: /home/jagdeesh/tracker/install/ros_gz_interfaces/include/ros_gz_interfaces/ros_gz_interfaces/msg/detail/material_color__struct.h
[6.294s] -- Up-to-date: /home/jagdeesh/tracker/install/ros_gz_interfaces/include/ros_gz_interfaces/ros_gz_interfaces/msg/detail/sensor_noise__functions.c
[6.295s] -- Up-to-date: /home/jagdeesh/tracker/install/ros_gz_interfaces/include/ros_gz_interfaces/ros_gz_interfaces/msg/detail/world_reset__struct.h
[6.295s] -- Up-to-date: /home/jagdeesh/tracker/install/ros_gz_interfaces/include/ros_gz_interfaces/ros_gz_interfaces/msg/detail/track_visual__functions.h
[6.295s] -- Up-to-date: /home/jagdeesh/tracker/install/ros_gz_interfaces/include/ros_gz_interfaces/ros_gz_interfaces/msg/detail/world_reset__type_support.h
[6.295s] -- Up-to-date: /home/jagdeesh/tracker/install/ros_gz_interfaces/include/ros_gz_interfaces/ros_gz_interfaces/msg/detail/video_record__functions.h
[6.295s] -- Up-to-date: /home/jagdeesh/tracker/install/ros_gz_interfaces/include/ros_gz_interfaces/ros_gz_interfaces/msg/detail/entity_wrench__functions.c
[6.296s] -- Up-to-date: /home/jagdeesh/tracker/install/ros_gz_interfaces/include/ros_gz_interfaces/ros_gz_interfaces/msg/detail/world_control__type_support.h
[6.296s] -- Up-to-date: /home/jagdeesh/tracker/install/ros_gz_interfaces/include/ros_gz_interfaces/ros_gz_interfaces/msg/detail/world_control__struct.h
[6.296s] -- Up-to-date: /home/jagdeesh/tracker/install/ros_gz_interfaces/include/ros_gz_interfaces/ros_gz_interfaces/msg/detail/entity__functions.c
[6.297s] -- Up-to-date: /home/jagdeesh/tracker/install/ros_gz_interfaces/include/ros_gz_interfaces/ros_gz_interfaces/msg/detail/video_record__struct.h
[6.297s] -- Up-to-date: /home/jagdeesh/tracker/install/ros_gz_interfaces/include/ros_gz_interfaces/ros_gz_interfaces/msg/detail/altimeter__functions.h
[6.298s] -- Up-to-date: /home/jagdeesh/tracker/install/ros_gz_interfaces/include/ros_gz_interfaces/ros_gz_interfaces/msg/detail/entity_factory__struct.h
[6.299s] -- Up-to-date: /home/jagdeesh/tracker/install/ros_gz_interfaces/include/ros_gz_interfaces/ros_gz_interfaces/msg/detail/joint_wrench__struct.h
[6.299s] -- Up-to-date: /home/jagdeesh/tracker/install/ros_gz_interfaces/include/ros_gz_interfaces/ros_gz_interfaces/msg/detail/entity_wrench__struct.h
[6.299s] -- Up-to-date: /home/jagdeesh/tracker/install/ros_gz_interfaces/include/ros_gz_interfaces/ros_gz_interfaces/msg/detail/entity__functions.h
[6.299s] -- Up-to-date: /home/jagdeesh/tracker/install/ros_gz_interfaces/include/ros_gz_interfaces/ros_gz_interfaces/msg/detail/dataframe__functions.h
[6.300s] -- Up-to-date: /home/jagdeesh/tracker/install/ros_gz_interfaces/include/ros_gz_interfaces/ros_gz_interfaces/msg/detail/gui_camera__functions.c
[6.300s] -- Up-to-date: /home/jagdeesh/tracker/install/ros_gz_interfaces/include/ros_gz_interfaces/ros_gz_interfaces/msg/detail/light__type_support.h
[6.300s] -- Up-to-date: /home/jagdeesh/tracker/install/ros_gz_interfaces/include/ros_gz_interfaces/ros_gz_interfaces/msg/detail/track_visual__struct.h
[6.300s] -- Up-to-date: /home/jagdeesh/tracker/install/ros_gz_interfaces/include/ros_gz_interfaces/ros_gz_interfaces/msg/detail/sensor_noise__type_support.h
[6.301s] -- Up-to-date: /home/jagdeesh/tracker/install/ros_gz_interfaces/include/ros_gz_interfaces/ros_gz_interfaces/msg/detail/entity__struct.h
[6.301s] -- Up-to-date: /home/jagdeesh/tracker/install/ros_gz_interfaces/include/ros_gz_interfaces/ros_gz_interfaces/msg/detail/contacts__functions.h
[6.302s] -- Up-to-date: /home/jagdeesh/tracker/install/ros_gz_interfaces/include/ros_gz_interfaces/ros_gz_interfaces/msg/detail/contact__functions.c
[6.302s] -- Up-to-date: /home/jagdeesh/tracker/install/ros_gz_interfaces/include/ros_gz_interfaces/ros_gz_interfaces/msg/detail/string_vec__struct.h
[6.302s] -- Up-to-date: /home/jagdeesh/tracker/install/ros_gz_interfaces/include/ros_gz_interfaces/ros_gz_interfaces/msg/detail/video_record__type_support.h
[6.303s] -- Up-to-date: /home/jagdeesh/tracker/install/ros_gz_interfaces/include/ros_gz_interfaces/ros_gz_interfaces/msg/detail/video_record__functions.c
[6.303s] -- Up-to-date: /home/jagdeesh/tracker/install/ros_gz_interfaces/include/ros_gz_interfaces/ros_gz_interfaces/msg/detail/joint_wrench__functions.h
[6.303s] -- Up-to-date: /home/jagdeesh/tracker/install/ros_gz_interfaces/include/ros_gz_interfaces/ros_gz_interfaces/msg/detail/sensor_noise__functions.h
[6.303s] -- Up-to-date: /home/jagdeesh/tracker/install/ros_gz_interfaces/include/ros_gz_interfaces/ros_gz_interfaces/msg/detail/altimeter__struct.h
[6.303s] -- Up-to-date: /home/jagdeesh/tracker/install/ros_gz_interfaces/include/ros_gz_interfaces/ros_gz_interfaces/msg/detail/param_vec__functions.c
[6.303s] -- Up-to-date: /home/jagdeesh/tracker/install/ros_gz_interfaces/include/ros_gz_interfaces/ros_gz_interfaces/msg/detail/material_color__functions.h
[6.303s] -- Up-to-date: /home/jagdeesh/tracker/install/ros_gz_interfaces/include/ros_gz_interfaces/ros_gz_interfaces/msg/detail/light__functions.c
[6.304s] -- Up-to-date: /home/jagdeesh/tracker/install/ros_gz_interfaces/include/ros_gz_interfaces/ros_gz_interfaces/msg/detail/entity_wrench__type_support.h
[6.304s] -- Up-to-date: /home/jagdeesh/tracker/install/ros_gz_interfaces/include/ros_gz_interfaces/ros_gz_interfaces/msg/detail/world_control__functions.c
[6.304s] -- Up-to-date: /home/jagdeesh/tracker/install/ros_gz_interfaces/include/ros_gz_interfaces/ros_gz_interfaces/msg/detail/dataframe__functions.c
[6.304s] -- Up-to-date: /home/jagdeesh/tracker/install/ros_gz_interfaces/include/ros_gz_interfaces/ros_gz_interfaces/msg/detail/contacts__functions.c
[6.304s] -- Up-to-date: /home/jagdeesh/tracker/install/ros_gz_interfaces/include/ros_gz_interfaces/ros_gz_interfaces/msg/detail/param_vec__functions.h
[6.305s] -- Up-to-date: /home/jagdeesh/tracker/install/ros_gz_interfaces/include/ros_gz_interfaces/ros_gz_interfaces/msg/detail/param_vec__type_support.h
[6.305s] -- Up-to-date: /home/jagdeesh/tracker/install/ros_gz_interfaces/include/ros_gz_interfaces/ros_gz_interfaces/msg/detail/world_control__functions.h
[6.305s] -- Up-to-date: /home/jagdeesh/tracker/install/ros_gz_interfaces/include/ros_gz_interfaces/ros_gz_interfaces/msg/detail/float32_array__struct.h
[6.305s] -- Up-to-date: /home/jagdeesh/tracker/install/ros_gz_interfaces/include/ros_gz_interfaces/ros_gz_interfaces/msg/detail/param_vec__struct.h
[6.305s] -- Up-to-date: /home/jagdeesh/tracker/install/ros_gz_interfaces/include/ros_gz_interfaces/ros_gz_interfaces/msg/detail/contacts__type_support.h
[6.305s] -- Up-to-date: /home/jagdeesh/tracker/install/ros_gz_interfaces/include/ros_gz_interfaces/ros_gz_interfaces/msg/detail/string_vec__type_support.h
[6.305s] -- Up-to-date: /home/jagdeesh/tracker/install/ros_gz_interfaces/include/ros_gz_interfaces/ros_gz_interfaces/msg/detail/world_reset__functions.c
[6.306s] -- Up-to-date: /home/jagdeesh/tracker/install/ros_gz_interfaces/include/ros_gz_interfaces/ros_gz_interfaces/msg/detail/string_vec__functions.c
[6.306s] -- Up-to-date: /home/jagdeesh/tracker/install/ros_gz_interfaces/include/ros_gz_interfaces/ros_gz_interfaces/msg/detail/float32_array__functions.h
[6.306s] -- Up-to-date: /home/jagdeesh/tracker/install/ros_gz_interfaces/include/ros_gz_interfaces/ros_gz_interfaces/msg/entity_wrench.h
[6.306s] -- Up-to-date: /home/jagdeesh/tracker/install/ros_gz_interfaces/include/ros_gz_interfaces/ros_gz_interfaces/msg/light.h
[6.306s] -- Up-to-date: /home/jagdeesh/tracker/install/ros_gz_interfaces/include/ros_gz_interfaces/ros_gz_interfaces/msg/gui_camera.h
[6.306s] -- Up-to-date: /home/jagdeesh/tracker/install/ros_gz_interfaces/include/ros_gz_interfaces/ros_gz_interfaces/msg/entity_factory.h
[6.306s] -- Up-to-date: /home/jagdeesh/tracker/install/ros_gz_interfaces/include/ros_gz_interfaces/ros_gz_interfaces/msg/video_record.h
[6.306s] -- Up-to-date: /home/jagdeesh/tracker/install/ros_gz_interfaces/include/ros_gz_interfaces/ros_gz_interfaces/msg/world_control.h
[6.306s] -- Up-to-date: /home/jagdeesh/tracker/install/ros_gz_interfaces/include/ros_gz_interfaces/ros_gz_interfaces/msg/world_reset.h
[6.306s] -- Up-to-date: /home/jagdeesh/tracker/install/ros_gz_interfaces/include/ros_gz_interfaces/ros_gz_interfaces/msg/float32_array.h
[6.306s] -- Up-to-date: /home/jagdeesh/tracker/install/ros_gz_interfaces/include/ros_gz_interfaces/ros_gz_interfaces/msg/dataframe.h
[6.307s] -- Up-to-date: /home/jagdeesh/tracker/install/ros_gz_interfaces/include/ros_gz_interfaces/ros_gz_interfaces/msg/sensor_noise.h
[6.307s] -- Up-to-date: /home/jagdeesh/tracker/install/ros_gz_interfaces/include/ros_gz_interfaces/ros_gz_interfaces/msg/contacts.h
[6.307s] -- Up-to-date: /home/jagdeesh/tracker/install/ros_gz_interfaces/include/ros_gz_interfaces/ros_gz_interfaces/msg/material_color.h
[6.307s] -- Up-to-date: /home/jagdeesh/tracker/install/ros_gz_interfaces/include/ros_gz_interfaces/ros_gz_interfaces/msg/entity.h
[6.307s] -- Up-to-date: /home/jagdeesh/tracker/install/ros_gz_interfaces/include/ros_gz_interfaces/ros_gz_interfaces/msg/track_visual.h
[6.307s] -- Up-to-date: /home/jagdeesh/tracker/install/ros_gz_interfaces/share/ros_gz_interfaces/environment/library_path.sh
[6.307s] -- Installing: /home/jagdeesh/tracker/install/ros_gz_interfaces/share/ros_gz_interfaces/environment/library_path.dsv
[6.307s] -- Up-to-date: /home/jagdeesh/tracker/install/ros_gz_interfaces/lib/libros_gz_interfaces__rosidl_generator_c.so
[6.307s] -- Up-to-date: /home/jagdeesh/tracker/install/ros_gz_interfaces/include/ros_gz_interfaces/ros_gz_interfaces
[6.308s] -- Up-to-date: /home/jagdeesh/tracker/install/ros_gz_interfaces/include/ros_gz_interfaces/ros_gz_interfaces/srv
[6.308s] -- Up-to-date: /home/jagdeesh/tracker/install/ros_gz_interfaces/include/ros_gz_interfaces/ros_gz_interfaces/srv/detail
[6.308s] -- Up-to-date: /home/jagdeesh/tracker/install/ros_gz_interfaces/include/ros_gz_interfaces/ros_gz_interfaces/srv/detail/control_world__rosidl_typesupport_fastrtps_c.h
[6.308s] -- Up-to-date: /home/jagdeesh/tracker/install/ros_gz_interfaces/include/ros_gz_interfaces/ros_gz_interfaces/srv/detail/delete_entity__rosidl_typesupport_fastrtps_c.h
[6.308s] -- Up-to-date: /home/jagdeesh/tracker/install/ros_gz_interfaces/include/ros_gz_interfaces/ros_gz_interfaces/srv/detail/spawn_entity__rosidl_typesupport_fastrtps_c.h
[6.309s] -- Up-to-date: /home/jagdeesh/tracker/install/ros_gz_interfaces/include/ros_gz_interfaces/ros_gz_interfaces/srv/detail/set_entity_pose__rosidl_typesupport_fastrtps_c.h
[6.309s] -- Up-to-date: /home/jagdeesh/tracker/install/ros_gz_interfaces/include/ros_gz_interfaces/ros_gz_interfaces/msg
[6.309s] -- Up-to-date: /home/jagdeesh/tracker/install/ros_gz_interfaces/include/ros_gz_interfaces/ros_gz_interfaces/msg/detail
[6.309s] -- Up-to-date: /home/jagdeesh/tracker/install/ros_gz_interfaces/include/ros_gz_interfaces/ros_gz_interfaces/msg/detail/contacts__rosidl_typesupport_fastrtps_c.h
[6.309s] -- Up-to-date: /home/jagdeesh/tracker/install/ros_gz_interfaces/include/ros_gz_interfaces/ros_gz_interfaces/msg/detail/entity_wrench__rosidl_typesupport_fastrtps_c.h
[6.309s] -- Up-to-date: /home/jagdeesh/tracker/install/ros_gz_interfaces/include/ros_gz_interfaces/ros_gz_interfaces/msg/detail/float32_array__rosidl_typesupport_fastrtps_c.h
[6.309s] -- Up-to-date: /home/jagdeesh/tracker/install/ros_gz_interfaces/include/ros_gz_interfaces/ros_gz_interfaces/msg/detail/world_reset__rosidl_typesupport_fastrtps_c.h
[6.309s] -- Up-to-date: /home/jagdeesh/tracker/install/ros_gz_interfaces/include/ros_gz_interfaces/ros_gz_interfaces/msg/detail/altimeter__rosidl_typesupport_fastrtps_c.h
[6.310s] -- Up-to-date: /home/jagdeesh/tracker/install/ros_gz_interfaces/include/ros_gz_interfaces/ros_gz_interfaces/msg/detail/dataframe__rosidl_typesupport_fastrtps_c.h
[6.310s] -- Up-to-date: /home/jagdeesh/tracker/install/ros_gz_interfaces/include/ros_gz_interfaces/ros_gz_interfaces/msg/detail/video_record__rosidl_typesupport_fastrtps_c.h
[6.311s] -- Up-to-date: /home/jagdeesh/tracker/install/ros_gz_interfaces/include/ros_gz_interfaces/ros_gz_interfaces/msg/detail/light__rosidl_typesupport_fastrtps_c.h
[6.312s] -- Up-to-date: /home/jagdeesh/tracker/install/ros_gz_interfaces/include/ros_gz_interfaces/ros_gz_interfaces/msg/detail/joint_wrench__rosidl_typesupport_fastrtps_c.h
[6.312s] -- Up-to-date: /home/jagdeesh/tracker/install/ros_gz_interfaces/include/ros_gz_interfaces/ros_gz_interfaces/msg/detail/gui_camera__rosidl_typesupport_fastrtps_c.h
[6.312s] -- Up-to-date: /home/jagdeesh/tracker/install/ros_gz_interfaces/include/ros_gz_interfaces/ros_gz_interfaces/msg/detail/entity_factory__rosidl_typesupport_fastrtps_c.h
[6.312s] -- Up-to-date: /home/jagdeesh/tracker/install/ros_gz_interfaces/include/ros_gz_interfaces/ros_gz_interfaces/msg/detail/entity__rosidl_typesupport_fastrtps_c.h
[6.314s] -- Up-to-date: /home/jagdeesh/tracker/install/ros_gz_interfaces/include/ros_gz_interfaces/ros_gz_interfaces/msg/detail/sensor_noise__rosidl_typesupport_fastrtps_c.h
[6.314s] -- Up-to-date: /home/jagdeesh/tracker/install/ros_gz_interfaces/include/ros_gz_interfaces/ros_gz_interfaces/msg/detail/track_visual__rosidl_typesupport_fastrtps_c.h
[6.314s] -- Up-to-date: /home/jagdeesh/tracker/install/ros_gz_interfaces/include/ros_gz_interfaces/ros_gz_interfaces/msg/detail/contact__rosidl_typesupport_fastrtps_c.h
[6.314s] -- Up-to-date: /home/jagdeesh/tracker/install/ros_gz_interfaces/include/ros_gz_interfaces/ros_gz_interfaces/msg/detail/string_vec__rosidl_typesupport_fastrtps_c.h
[6.315s] -- Up-to-date: /home/jagdeesh/tracker/install/ros_gz_interfaces/include/ros_gz_interfaces/ros_gz_interfaces/msg/detail/material_color__rosidl_typesupport_fastrtps_c.h
[6.315s] -- Up-to-date: /home/jagdeesh/tracker/install/ros_gz_interfaces/include/ros_gz_interfaces/ros_gz_interfaces/msg/detail/world_control__rosidl_typesupport_fastrtps_c.h
[6.315s] -- Up-to-date: /home/jagdeesh/tracker/install/ros_gz_interfaces/include/ros_gz_interfaces/ros_gz_interfaces/msg/detail/param_vec__rosidl_typesupport_fastrtps_c.h
[6.315s] -- Up-to-date: /home/jagdeesh/tracker/install/ros_gz_interfaces/include/ros_gz_interfaces/ros_gz_interfaces/msg/rosidl_typesupport_fastrtps_c__visibility_control.h
[6.315s] -- Up-to-date: /home/jagdeesh/tracker/install/ros_gz_interfaces/lib/libros_gz_interfaces__rosidl_typesupport_fastrtps_c.so
[6.316s] -- Up-to-date: /home/jagdeesh/tracker/install/ros_gz_interfaces/include/ros_gz_interfaces/ros_gz_interfaces
[6.316s] -- Up-to-date: /home/jagdeesh/tracker/install/ros_gz_interfaces/include/ros_gz_interfaces/ros_gz_interfaces/srv
[6.316s] -- Up-to-date: /home/jagdeesh/tracker/install/ros_gz_interfaces/include/ros_gz_interfaces/ros_gz_interfaces/srv/control_world.hpp
[6.316s] -- Up-to-date: /home/jagdeesh/tracker/install/ros_gz_interfaces/include/ros_gz_interfaces/ros_gz_interfaces/srv/delete_entity.hpp
[6.316s] -- Up-to-date: /home/jagdeesh/tracker/install/ros_gz_interfaces/include/ros_gz_interfaces/ros_gz_interfaces/srv/detail
[6.316s] -- Up-to-date: /home/jagdeesh/tracker/install/ros_gz_interfaces/include/ros_gz_interfaces/ros_gz_interfaces/srv/detail/spawn_entity__struct.hpp
[6.316s] -- Up-to-date: /home/jagdeesh/tracker/install/ros_gz_interfaces/include/ros_gz_interfaces/ros_gz_interfaces/srv/detail/control_world__builder.hpp
[6.317s] -- Up-to-date: /home/jagdeesh/tracker/install/ros_gz_interfaces/include/ros_gz_interfaces/ros_gz_interfaces/srv/detail/control_world__struct.hpp
[6.317s] -- Up-to-date: /home/jagdeesh/tracker/install/ros_gz_interfaces/include/ros_gz_interfaces/ros_gz_interfaces/srv/detail/set_entity_pose__builder.hpp
[6.317s] -- Up-to-date: /home/jagdeesh/tracker/install/ros_gz_interfaces/include/ros_gz_interfaces/ros_gz_interfaces/srv/detail/spawn_entity__builder.hpp
[6.317s] -- Up-to-date: /home/jagdeesh/tracker/install/ros_gz_interfaces/include/ros_gz_interfaces/ros_gz_interfaces/srv/detail/set_entity_pose__struct.hpp
[6.317s] -- Up-to-date: /home/jagdeesh/tracker/install/ros_gz_interfaces/include/ros_gz_interfaces/ros_gz_interfaces/srv/detail/control_world__type_support.hpp
[6.317s] -- Up-to-date: /home/jagdeesh/tracker/install/ros_gz_interfaces/include/ros_gz_interfaces/ros_gz_interfaces/srv/detail/delete_entity__builder.hpp
[6.318s] -- Up-to-date: /home/jagdeesh/tracker/install/ros_gz_interfaces/include/ros_gz_interfaces/ros_gz_interfaces/srv/detail/delete_entity__traits.hpp
[6.318s] -- Up-to-date: /home/jagdeesh/tracker/install/ros_gz_interfaces/include/ros_gz_interfaces/ros_gz_interfaces/srv/detail/spawn_entity__traits.hpp
[6.318s] -- Up-to-date: /home/jagdeesh/tracker/install/ros_gz_interfaces/include/ros_gz_interfaces/ros_gz_interfaces/srv/detail/delete_entity__struct.hpp
[6.318s] -- Up-to-date: /home/jagdeesh/tracker/install/ros_gz_interfaces/include/ros_gz_interfaces/ros_gz_interfaces/srv/detail/delete_entity__type_support.hpp
[6.318s] -- Up-to-date: /home/jagdeesh/tracker/install/ros_gz_interfaces/include/ros_gz_interfaces/ros_gz_interfaces/srv/detail/control_world__traits.hpp
[6.318s] -- Up-to-date: /home/jagdeesh/tracker/install/ros_gz_interfaces/include/ros_gz_interfaces/ros_gz_interfaces/srv/detail/set_entity_pose__type_support.hpp
[6.319s] -- Up-to-date: /home/jagdeesh/tracker/install/ros_gz_interfaces/include/ros_gz_interfaces/ros_gz_interfaces/srv/detail/set_entity_pose__traits.hpp
[6.319s] -- Up-to-date: /home/jagdeesh/tracker/install/ros_gz_interfaces/include/ros_gz_interfaces/ros_gz_interfaces/srv/detail/spawn_entity__type_support.hpp
[6.319s] -- Up-to-date: /home/jagdeesh/tracker/install/ros_gz_interfaces/include/ros_gz_interfaces/ros_gz_interfaces/srv/spawn_entity.hpp
[6.319s] -- Up-to-date: /home/jagdeesh/tracker/install/ros_gz_interfaces/include/ros_gz_interfaces/ros_gz_interfaces/srv/set_entity_pose.hpp
[6.319s] -- Up-to-date: /home/jagdeesh/tracker/install/ros_gz_interfaces/include/ros_gz_interfaces/ros_gz_interfaces/msg
[6.320s] -- Up-to-date: /home/jagdeesh/tracker/install/ros_gz_interfaces/include/ros_gz_interfaces/ros_gz_interfaces/msg/world_reset.hpp
[6.320s] -- Up-to-date: /home/jagdeesh/tracker/install/ros_gz_interfaces/include/ros_gz_interfaces/ros_gz_interfaces/msg/track_visual.hpp
[6.320s] -- Up-to-date: /home/jagdeesh/tracker/install/ros_gz_interfaces/include/ros_gz_interfaces/ros_gz_interfaces/msg/dataframe.hpp
[6.320s] -- Up-to-date: /home/jagdeesh/tracker/install/ros_gz_interfaces/include/ros_gz_interfaces/ros_gz_interfaces/msg/rosidl_generator_cpp__visibility_control.hpp
[6.320s] -- Up-to-date: /home/jagdeesh/tracker/install/ros_gz_interfaces/include/ros_gz_interfaces/ros_gz_interfaces/msg/detail
[6.321s] -- Up-to-date: /home/jagdeesh/tracker/install/ros_gz_interfaces/include/ros_gz_interfaces/ros_gz_interfaces/msg/detail/param_vec__builder.hpp
[6.321s] -- Up-to-date: /home/jagdeesh/tracker/install/ros_gz_interfaces/include/ros_gz_interfaces/ros_gz_interfaces/msg/detail/float32_array__builder.hpp
[6.321s] -- Up-to-date: /home/jagdeesh/tracker/install/ros_gz_interfaces/include/ros_gz_interfaces/ros_gz_interfaces/msg/detail/param_vec__type_support.hpp
[6.321s] -- Up-to-date: /home/jagdeesh/tracker/install/ros_gz_interfaces/include/ros_gz_interfaces/ros_gz_interfaces/msg/detail/dataframe__builder.hpp
[6.321s] -- Up-to-date: /home/jagdeesh/tracker/install/ros_gz_interfaces/include/ros_gz_interfaces/ros_gz_interfaces/msg/detail/track_visual__traits.hpp
[6.321s] -- Up-to-date: /home/jagdeesh/tracker/install/ros_gz_interfaces/include/ros_gz_interfaces/ros_gz_interfaces/msg/detail/param_vec__traits.hpp
[6.321s] -- Up-to-date: /home/jagdeesh/tracker/install/ros_gz_interfaces/include/ros_gz_interfaces/ros_gz_interfaces/msg/detail/material_color__type_support.hpp
[6.322s] -- Up-to-date: /home/jagdeesh/tracker/install/ros_gz_interfaces/include/ros_gz_interfaces/ros_gz_interfaces/msg/detail/string_vec__type_support.hpp
[6.322s] -- Up-to-date: /home/jagdeesh/tracker/install/ros_gz_interfaces/include/ros_gz_interfaces/ros_gz_interfaces/msg/detail/entity_wrench__traits.hpp
[6.322s] -- Up-to-date: /home/jagdeesh/tracker/install/ros_gz_interfaces/include/ros_gz_interfaces/ros_gz_interfaces/msg/detail/sensor_noise__traits.hpp
[6.322s] -- Up-to-date: /home/jagdeesh/tracker/install/ros_gz_interfaces/include/ros_gz_interfaces/ros_gz_interfaces/msg/detail/gui_camera__struct.hpp
[6.322s] -- Up-to-date: /home/jagdeesh/tracker/install/ros_gz_interfaces/include/ros_gz_interfaces/ros_gz_interfaces/msg/detail/sensor_noise__struct.hpp
[6.322s] -- Up-to-date: /home/jagdeesh/tracker/install/ros_gz_interfaces/include/ros_gz_interfaces/ros_gz_interfaces/msg/detail/gui_camera__builder.hpp
[6.322s] -- Up-to-date: /home/jagdeesh/tracker/install/ros_gz_interfaces/include/ros_gz_interfaces/ros_gz_interfaces/msg/detail/string_vec__builder.hpp
[6.323s] -- Up-to-date: /home/jagdeesh/tracker/install/ros_gz_interfaces/include/ros_gz_interfaces/ros_gz_interfaces/msg/detail/gui_camera__type_support.hpp
[6.323s] -- Up-to-date: /home/jagdeesh/tracker/install/ros_gz_interfaces/include/ros_gz_interfaces/ros_gz_interfaces/msg/detail/dataframe__struct.hpp
[6.323s] -- Up-to-date: /home/jagdeesh/tracker/install/ros_gz_interfaces/include/ros_gz_interfaces/ros_gz_interfaces/msg/detail/float32_array__traits.hpp
[6.323s] -- Up-to-date: /home/jagdeesh/tracker/install/ros_gz_interfaces/include/ros_gz_interfaces/ros_gz_interfaces/msg/detail/material_color__struct.hpp
[6.323s] -- Up-to-date: /home/jagdeesh/tracker/install/ros_gz_interfaces/include/ros_gz_interfaces/ros_gz_interfaces/msg/detail/param_vec__struct.hpp
[6.323s] -- Up-to-date: /home/jagdeesh/tracker/install/ros_gz_interfaces/include/ros_gz_interfaces/ros_gz_interfaces/msg/detail/video_record__type_support.hpp
[6.323s] -- Up-to-date: /home/jagdeesh/tracker/install/ros_gz_interfaces/include/ros_gz_interfaces/ros_gz_interfaces/msg/detail/contact__traits.hpp
[6.323s] -- Up-to-date: /home/jagdeesh/tracker/install/ros_gz_interfaces/include/ros_gz_interfaces/ros_gz_interfaces/msg/detail/joint_wrench__struct.hpp
[6.324s] -- Up-to-date: /home/jagdeesh/tracker/install/ros_gz_interfaces/include/ros_gz_interfaces/ros_gz_interfaces/msg/detail/contacts__type_support.hpp
[6.324s] -- Up-to-date: /home/jagdeesh/tracker/install/ros_gz_interfaces/include/ros_gz_interfaces/ros_gz_interfaces/msg/detail/contact__builder.hpp
[6.324s] -- Up-to-date: /home/jagdeesh/tracker/install/ros_gz_interfaces/include/ros_gz_interfaces/ros_gz_interfaces/msg/detail/world_control__type_support.hpp
[6.324s] -- Up-to-date: /home/jagdeesh/tracker/install/ros_gz_interfaces/include/ros_gz_interfaces/ros_gz_interfaces/msg/detail/track_visual__builder.hpp
[6.324s] -- Up-to-date: /home/jagdeesh/tracker/install/ros_gz_interfaces/include/ros_gz_interfaces/ros_gz_interfaces/msg/detail/video_record__traits.hpp
[6.324s] -- Up-to-date: /home/jagdeesh/tracker/install/ros_gz_interfaces/include/ros_gz_interfaces/ros_gz_interfaces/msg/detail/contact__type_support.hpp
[6.324s] -- Up-to-date: /home/jagdeesh/tracker/install/ros_gz_interfaces/include/ros_gz_interfaces/ros_gz_interfaces/msg/detail/entity__struct.hpp
[6.325s] -- Up-to-date: /home/jagdeesh/tracker/install/ros_gz_interfaces/include/ros_gz_interfaces/ros_gz_interfaces/msg/detail/joint_wrench__builder.hpp
[6.325s] -- Up-to-date: /home/jagdeesh/tracker/install/ros_gz_interfaces/include/ros_gz_interfaces/ros_gz_interfaces/msg/detail/entity_wrench__type_support.hpp
[6.325s] -- Up-to-date: /home/jagdeesh/tracker/install/ros_gz_interfaces/include/ros_gz_interfaces/ros_gz_interfaces/msg/detail/entity_factory__type_support.hpp
[6.325s] -- Up-to-date: /home/jagdeesh/tracker/install/ros_gz_interfaces/include/ros_gz_interfaces/ros_gz_interfaces/msg/detail/video_record__builder.hpp
[6.325s] -- Up-to-date: /home/jagdeesh/tracker/install/ros_gz_interfaces/include/ros_gz_interfaces/ros_gz_interfaces/msg/detail/contacts__builder.hpp
[6.325s] -- Up-to-date: /home/jagdeesh/tracker/install/ros_gz_interfaces/include/ros_gz_interfaces/ros_gz_interfaces/msg/detail/world_reset__struct.hpp
[6.325s] -- Up-to-date: /home/jagdeesh/tracker/install/ros_gz_interfaces/include/ros_gz_interfaces/ros_gz_interfaces/msg/detail/video_record__struct.hpp
[6.325s] -- Up-to-date: /home/jagdeesh/tracker/install/ros_gz_interfaces/include/ros_gz_interfaces/ros_gz_interfaces/msg/detail/altimeter__struct.hpp
[6.326s] -- Up-to-date: /home/jagdeesh/tracker/install/ros_gz_interfaces/include/ros_gz_interfaces/ros_gz_interfaces/msg/detail/track_visual__type_support.hpp
[6.326s] -- Up-to-date: /home/jagdeesh/tracker/install/ros_gz_interfaces/include/ros_gz_interfaces/ros_gz_interfaces/msg/detail/world_control__struct.hpp
[6.326s] -- Up-to-date: /home/jagdeesh/tracker/install/ros_gz_interfaces/include/ros_gz_interfaces/ros_gz_interfaces/msg/detail/light__type_support.hpp
[6.327s] -- Up-to-date: /home/jagdeesh/tracker/install/ros_gz_interfaces/include/ros_gz_interfaces/ros_gz_interfaces/msg/detail/contacts__struct.hpp
[6.327s] -- Up-to-date: /home/jagdeesh/tracker/install/ros_gz_interfaces/include/ros_gz_interfaces/ros_gz_interfaces/msg/detail/dataframe__type_support.hpp
[6.327s] -- Up-to-date: /home/jagdeesh/tracker/install/ros_gz_interfaces/include/ros_gz_interfaces/ros_gz_interfaces/msg/detail/world_reset__traits.hpp
[6.327s] -- Up-to-date: /home/jagdeesh/tracker/install/ros_gz_interfaces/include/ros_gz_interfaces/ros_gz_interfaces/msg/detail/joint_wrench__traits.hpp
[6.327s] -- Up-to-date: /home/jagdeesh/tracker/install/ros_gz_interfaces/include/ros_gz_interfaces/ros_gz_interfaces/msg/detail/world_reset__type_support.hpp
[6.327s] -- Up-to-date: /home/jagdeesh/tracker/install/ros_gz_interfaces/include/ros_gz_interfaces/ros_gz_interfaces/msg/detail/float32_array__struct.hpp
[6.327s] -- Up-to-date: /home/jagdeesh/tracker/install/ros_gz_interfaces/include/ros_gz_interfaces/ros_gz_interfaces/msg/detail/gui_camera__traits.hpp
[6.327s] -- Up-to-date: /home/jagdeesh/tracker/install/ros_gz_interfaces/include/ros_gz_interfaces/ros_gz_interfaces/msg/detail/float32_array__type_support.hpp
[6.328s] -- Up-to-date: /home/jagdeesh/tracker/install/ros_gz_interfaces/include/ros_gz_interfaces/ros_gz_interfaces/msg/detail/string_vec__traits.hpp
[6.328s] -- Up-to-date: /home/jagdeesh/tracker/install/ros_gz_interfaces/include/ros_gz_interfaces/ros_gz_interfaces/msg/detail/entity__type_support.hpp
[6.328s] -- Up-to-date: /home/jagdeesh/tracker/install/ros_gz_interfaces/include/ros_gz_interfaces/ros_gz_interfaces/msg/detail/joint_wrench__type_support.hpp
[6.328s] -- Up-to-date: /home/jagdeesh/tracker/install/ros_gz_interfaces/include/ros_gz_interfaces/ros_gz_interfaces/msg/detail/material_color__traits.hpp
[6.328s] -- Up-to-date: /home/jagdeesh/tracker/install/ros_gz_interfaces/include/ros_gz_interfaces/ros_gz_interfaces/msg/detail/dataframe__traits.hpp
[6.328s] -- Up-to-date: /home/jagdeesh/tracker/install/ros_gz_interfaces/include/ros_gz_interfaces/ros_gz_interfaces/msg/detail/entity_factory__builder.hpp
[6.328s] -- Up-to-date: /home/jagdeesh/tracker/install/ros_gz_interfaces/include/ros_gz_interfaces/ros_gz_interfaces/msg/detail/sensor_noise__type_support.hpp
[6.329s] -- Up-to-date: /home/jagdeesh/tracker/install/ros_gz_interfaces/include/ros_gz_interfaces/ros_gz_interfaces/msg/detail/material_color__builder.hpp
[6.329s] -- Up-to-date: /home/jagdeesh/tracker/install/ros_gz_interfaces/include/ros_gz_interfaces/ros_gz_interfaces/msg/detail/altimeter__builder.hpp
[6.329s] -- Up-to-date: /home/jagdeesh/tracker/install/ros_gz_interfaces/include/ros_gz_interfaces/ros_gz_interfaces/msg/detail/entity_factory__struct.hpp
[6.333s] -- Up-to-date: /home/jagdeesh/tracker/install/ros_gz_interfaces/include/ros_gz_interfaces/ros_gz_interfaces/msg/detail/entity_wrench__struct.hpp
[6.333s] -- Up-to-date: /home/jagdeesh/tracker/install/ros_gz_interfaces/include/ros_gz_interfaces/ros_gz_interfaces/msg/detail/track_visual__struct.hpp
[6.333s] -- Up-to-date: /home/jagdeesh/tracker/install/ros_gz_interfaces/include/ros_gz_interfaces/ros_gz_interfaces/msg/detail/sensor_noise__builder.hpp
[6.333s] -- Up-to-date: /home/jagdeesh/tracker/install/ros_gz_interfaces/include/ros_gz_interfaces/ros_gz_interfaces/msg/detail/world_reset__builder.hpp
[6.334s] -- Up-to-date: /home/jagdeesh/tracker/install/ros_gz_interfaces/include/ros_gz_interfaces/ros_gz_interfaces/msg/detail/contacts__traits.hpp
[6.334s] -- Up-to-date: /home/jagdeesh/tracker/install/ros_gz_interfaces/include/ros_gz_interfaces/ros_gz_interfaces/msg/detail/world_control__builder.hpp
[6.334s] -- Up-to-date: /home/jagdeesh/tracker/install/ros_gz_interfaces/include/ros_gz_interfaces/ros_gz_interfaces/msg/detail/entity__traits.hpp
[6.334s] -- Up-to-date: /home/jagdeesh/tracker/install/ros_gz_interfaces/include/ros_gz_interfaces/ros_gz_interfaces/msg/detail/altimeter__traits.hpp
[6.334s] -- Up-to-date: /home/jagdeesh/tracker/install/ros_gz_interfaces/include/ros_gz_interfaces/ros_gz_interfaces/msg/detail/entity_factory__traits.hpp
[6.334s] -- Up-to-date: /home/jagdeesh/tracker/install/ros_gz_interfaces/include/ros_gz_interfaces/ros_gz_interfaces/msg/detail/entity_wrench__builder.hpp
[6.334s] -- Up-to-date: /home/jagdeesh/tracker/install/ros_gz_interfaces/include/ros_gz_interfaces/ros_gz_interfaces/msg/detail/altimeter__type_support.hpp
[6.335s] -- Up-to-date: /home/jagdeesh/tracker/install/ros_gz_interfaces/include/ros_gz_interfaces/ros_gz_interfaces/msg/detail/world_control__traits.hpp
[6.335s] -- Up-to-date: /home/jagdeesh/tracker/install/ros_gz_interfaces/include/ros_gz_interfaces/ros_gz_interfaces/msg/detail/light__traits.hpp
[6.335s] -- Up-to-date: /home/jagdeesh/tracker/install/ros_gz_interfaces/include/ros_gz_interfaces/ros_gz_interfaces/msg/detail/contact__struct.hpp
[6.335s] -- Up-to-date: /home/jagdeesh/tracker/install/ros_gz_interfaces/include/ros_gz_interfaces/ros_gz_interfaces/msg/detail/light__builder.hpp
[6.335s] -- Up-to-date: /home/jagdeesh/tracker/install/ros_gz_interfaces/include/ros_gz_interfaces/ros_gz_interfaces/msg/detail/string_vec__struct.hpp
[6.335s] -- Up-to-date: /home/jagdeesh/tracker/install/ros_gz_interfaces/include/ros_gz_interfaces/ros_gz_interfaces/msg/detail/light__struct.hpp
[6.335s] -- Up-to-date: /home/jagdeesh/tracker/install/ros_gz_interfaces/include/ros_gz_interfaces/ros_gz_interfaces/msg/detail/entity__builder.hpp
[6.336s] -- Up-to-date: /home/jagdeesh/tracker/install/ros_gz_interfaces/include/ros_gz_interfaces/ros_gz_interfaces/msg/string_vec.hpp
[6.336s] -- Up-to-date: /home/jagdeesh/tracker/install/ros_gz_interfaces/include/ros_gz_interfaces/ros_gz_interfaces/msg/contact.hpp
[6.336s] -- Up-to-date: /home/jagdeesh/tracker/install/ros_gz_interfaces/include/ros_gz_interfaces/ros_gz_interfaces/msg/video_record.hpp
[6.336s] -- Up-to-date: /home/jagdeesh/tracker/install/ros_gz_interfaces/include/ros_gz_interfaces/ros_gz_interfaces/msg/entity_factory.hpp
[6.336s] -- Up-to-date: /home/jagdeesh/tracker/install/ros_gz_interfaces/include/ros_gz_interfaces/ros_gz_interfaces/msg/material_color.hpp
[6.336s] -- Up-to-date: /home/jagdeesh/tracker/install/ros_gz_interfaces/include/ros_gz_interfaces/ros_gz_interfaces/msg/light.hpp
[6.336s] -- Up-to-date: /home/jagdeesh/tracker/install/ros_gz_interfaces/include/ros_gz_interfaces/ros_gz_interfaces/msg/entity_wrench.hpp
[6.337s] -- Up-to-date: /home/jagdeesh/tracker/install/ros_gz_interfaces/include/ros_gz_interfaces/ros_gz_interfaces/msg/param_vec.hpp
[6.337s] -- Up-to-date: /home/jagdeesh/tracker/install/ros_gz_interfaces/include/ros_gz_interfaces/ros_gz_interfaces/msg/world_control.hpp
[6.337s] -- Up-to-date: /home/jagdeesh/tracker/install/ros_gz_interfaces/include/ros_gz_interfaces/ros_gz_interfaces/msg/altimeter.hpp
[6.337s] -- Up-to-date: /home/jagdeesh/tracker/install/ros_gz_interfaces/include/ros_gz_interfaces/ros_gz_interfaces/msg/sensor_noise.hpp
[6.337s] -- Up-to-date: /home/jagdeesh/tracker/install/ros_gz_interfaces/include/ros_gz_interfaces/ros_gz_interfaces/msg/joint_wrench.hpp
[6.337s] -- Up-to-date: /home/jagdeesh/tracker/install/ros_gz_interfaces/include/ros_gz_interfaces/ros_gz_interfaces/msg/contacts.hpp
[6.337s] -- Up-to-date: /home/jagdeesh/tracker/install/ros_gz_interfaces/include/ros_gz_interfaces/ros_gz_interfaces/msg/entity.hpp
[6.337s] -- Up-to-date: /home/jagdeesh/tracker/install/ros_gz_interfaces/include/ros_gz_interfaces/ros_gz_interfaces/msg/float32_array.hpp
[6.338s] -- Up-to-date: /home/jagdeesh/tracker/install/ros_gz_interfaces/include/ros_gz_interfaces/ros_gz_interfaces/msg/gui_camera.hpp
[6.338s] -- Up-to-date: /home/jagdeesh/tracker/install/ros_gz_interfaces/include/ros_gz_interfaces/ros_gz_interfaces
[6.338s] -- Up-to-date: /home/jagdeesh/tracker/install/ros_gz_interfaces/include/ros_gz_interfaces/ros_gz_interfaces/srv
[6.338s] -- Up-to-date: /home/jagdeesh/tracker/install/ros_gz_interfaces/include/ros_gz_interfaces/ros_gz_interfaces/srv/detail
[6.338s] -- Up-to-date: /home/jagdeesh/tracker/install/ros_gz_interfaces/include/ros_gz_interfaces/ros_gz_interfaces/srv/detail/delete_entity__rosidl_typesupport_fastrtps_cpp.hpp
[6.338s] -- Up-to-date: /home/jagdeesh/tracker/install/ros_gz_interfaces/include/ros_gz_interfaces/ros_gz_interfaces/srv/detail/set_entity_pose__rosidl_typesupport_fastrtps_cpp.hpp
[6.338s] -- Up-to-date: /home/jagdeesh/tracker/install/ros_gz_interfaces/include/ros_gz_interfaces/ros_gz_interfaces/srv/detail/control_world__rosidl_typesupport_fastrtps_cpp.hpp
[6.339s] -- Up-to-date: /home/jagdeesh/tracker/install/ros_gz_interfaces/include/ros_gz_interfaces/ros_gz_interfaces/srv/detail/spawn_entity__rosidl_typesupport_fastrtps_cpp.hpp
[6.339s] -- Up-to-date: /home/jagdeesh/tracker/install/ros_gz_interfaces/include/ros_gz_interfaces/ros_gz_interfaces/srv/detail/dds_fastrtps
[6.339s] -- Up-to-date: /home/jagdeesh/tracker/install/ros_gz_interfaces/include/ros_gz_interfaces/ros_gz_interfaces/msg
[6.339s] -- Up-to-date: /home/jagdeesh/tracker/install/ros_gz_interfaces/include/ros_gz_interfaces/ros_gz_interfaces/msg/detail
[6.339s] -- Up-to-date: /home/jagdeesh/tracker/install/ros_gz_interfaces/include/ros_gz_interfaces/ros_gz_interfaces/msg/detail/track_visual__rosidl_typesupport_fastrtps_cpp.hpp
[6.339s] -- Up-to-date: /home/jagdeesh/tracker/install/ros_gz_interfaces/include/ros_gz_interfaces/ros_gz_interfaces/msg/detail/contacts__rosidl_typesupport_fastrtps_cpp.hpp
[6.339s] -- Up-to-date: /home/jagdeesh/tracker/install/ros_gz_interfaces/include/ros_gz_interfaces/ros_gz_interfaces/msg/detail/altimeter__rosidl_typesupport_fastrtps_cpp.hpp
[6.339s] -- Up-to-date: /home/jagdeesh/tracker/install/ros_gz_interfaces/include/ros_gz_interfaces/ros_gz_interfaces/msg/detail/world_reset__rosidl_typesupport_fastrtps_cpp.hpp
[6.340s] -- Up-to-date: /home/jagdeesh/tracker/install/ros_gz_interfaces/include/ros_gz_interfaces/ros_gz_interfaces/msg/detail/contact__rosidl_typesupport_fastrtps_cpp.hpp
[6.340s] -- Up-to-date: /home/jagdeesh/tracker/install/ros_gz_interfaces/include/ros_gz_interfaces/ros_gz_interfaces/msg/detail/video_record__rosidl_typesupport_fastrtps_cpp.hpp
[6.340s] -- Up-to-date: /home/jagdeesh/tracker/install/ros_gz_interfaces/include/ros_gz_interfaces/ros_gz_interfaces/msg/detail/dataframe__rosidl_typesupport_fastrtps_cpp.hpp
[6.340s] -- Up-to-date: /home/jagdeesh/tracker/install/ros_gz_interfaces/include/ros_gz_interfaces/ros_gz_interfaces/msg/detail/entity_wrench__rosidl_typesupport_fastrtps_cpp.hpp
[6.340s] -- Up-to-date: /home/jagdeesh/tracker/install/ros_gz_interfaces/include/ros_gz_interfaces/ros_gz_interfaces/msg/detail/string_vec__rosidl_typesupport_fastrtps_cpp.hpp
[6.340s] -- Up-to-date: /home/jagdeesh/tracker/install/ros_gz_interfaces/include/ros_gz_interfaces/ros_gz_interfaces/msg/detail/joint_wrench__rosidl_typesupport_fastrtps_cpp.hpp
[6.340s] -- Up-to-date: /home/jagdeesh/tracker/install/ros_gz_interfaces/include/ros_gz_interfaces/ros_gz_interfaces/msg/detail/light__rosidl_typesupport_fastrtps_cpp.hpp
[6.341s] -- Up-to-date: /home/jagdeesh/tracker/install/ros_gz_interfaces/include/ros_gz_interfaces/ros_gz_interfaces/msg/detail/entity__rosidl_typesupport_fastrtps_cpp.hpp
[6.341s] -- Up-to-date: /home/jagdeesh/tracker/install/ros_gz_interfaces/include/ros_gz_interfaces/ros_gz_interfaces/msg/detail/gui_camera__rosidl_typesupport_fastrtps_cpp.hpp
[6.341s] -- Up-to-date: /home/jagdeesh/tracker/install/ros_gz_interfaces/include/ros_gz_interfaces/ros_gz_interfaces/msg/detail/float32_array__rosidl_typesupport_fastrtps_cpp.hpp
[6.341s] -- Up-to-date: /home/jagdeesh/tracker/install/ros_gz_interfaces/include/ros_gz_interfaces/ros_gz_interfaces/msg/detail/material_color__rosidl_typesupport_fastrtps_cpp.hpp
[6.341s] -- Up-to-date: /home/jagdeesh/tracker/install/ros_gz_interfaces/include/ros_gz_interfaces/ros_gz_interfaces/msg/detail/world_control__rosidl_typesupport_fastrtps_cpp.hpp
[6.341s] -- Up-to-date: /home/jagdeesh/tracker/install/ros_gz_interfaces/include/ros_gz_interfaces/ros_gz_interfaces/msg/detail/entity_factory__rosidl_typesupport_fastrtps_cpp.hpp
[6.341s] -- Up-to-date: /home/jagdeesh/tracker/install/ros_gz_interfaces/include/ros_gz_interfaces/ros_gz_interfaces/msg/detail/sensor_noise__rosidl_typesupport_fastrtps_cpp.hpp
[6.341s] -- Up-to-date: /home/jagdeesh/tracker/install/ros_gz_interfaces/include/ros_gz_interfaces/ros_gz_interfaces/msg/detail/dds_fastrtps
[6.342s] -- Up-to-date: /home/jagdeesh/tracker/install/ros_gz_interfaces/include/ros_gz_interfaces/ros_gz_interfaces/msg/detail/param_vec__rosidl_typesupport_fastrtps_cpp.hpp
[6.342s] -- Up-to-date: /home/jagdeesh/tracker/install/ros_gz_interfaces/include/ros_gz_interfaces/ros_gz_interfaces/msg/rosidl_typesupport_fastrtps_cpp__visibility_control.h
[6.342s] -- Up-to-date: /home/jagdeesh/tracker/install/ros_gz_interfaces/lib/libros_gz_interfaces__rosidl_typesupport_fastrtps_cpp.so
[6.342s] -- Up-to-date: /home/jagdeesh/tracker/install/ros_gz_interfaces/include/ros_gz_interfaces/ros_gz_interfaces
[6.342s] -- Up-to-date: /home/jagdeesh/tracker/install/ros_gz_interfaces/include/ros_gz_interfaces/ros_gz_interfaces/srv
[6.342s] -- Up-to-date: /home/jagdeesh/tracker/install/ros_gz_interfaces/include/ros_gz_interfaces/ros_gz_interfaces/srv/detail
[6.342s] -- Up-to-date: /home/jagdeesh/tracker/install/ros_gz_interfaces/include/ros_gz_interfaces/ros_gz_interfaces/srv/detail/set_entity_pose__type_support.c
[6.342s] -- Up-to-date: /home/jagdeesh/tracker/install/ros_gz_interfaces/include/ros_gz_interfaces/ros_gz_interfaces/srv/detail/delete_entity__type_support.c
[6.343s] -- Up-to-date: /home/jagdeesh/tracker/install/ros_gz_interfaces/include/ros_gz_interfaces/ros_gz_interfaces/srv/detail/control_world__rosidl_typesupport_introspection_c.h
[6.343s] -- Up-to-date: /home/jagdeesh/tracker/install/ros_gz_interfaces/include/ros_gz_interfaces/ros_gz_interfaces/srv/detail/set_entity_pose__rosidl_typesupport_introspection_c.h
[6.345s] -- Up-to-date: /home/jagdeesh/tracker/install/ros_gz_interfaces/include/ros_gz_interfaces/ros_gz_interfaces/srv/detail/spawn_entity__type_support.c
[6.346s] -- Up-to-date: /home/jagdeesh/tracker/install/ros_gz_interfaces/include/ros_gz_interfaces/ros_gz_interfaces/srv/detail/control_world__type_support.c
[6.346s] -- Up-to-date: /home/jagdeesh/tracker/install/ros_gz_interfaces/include/ros_gz_interfaces/ros_gz_interfaces/srv/detail/delete_entity__rosidl_typesupport_introspection_c.h
[6.346s] -- Up-to-date: /home/jagdeesh/tracker/install/ros_gz_interfaces/include/ros_gz_interfaces/ros_gz_interfaces/srv/detail/spawn_entity__rosidl_typesupport_introspection_c.h
[6.346s] -- Up-to-date: /home/jagdeesh/tracker/install/ros_gz_interfaces/include/ros_gz_interfaces/ros_gz_interfaces/msg
[6.346s] -- Up-to-date: /home/jagdeesh/tracker/install/ros_gz_interfaces/include/ros_gz_interfaces/ros_gz_interfaces/msg/rosidl_typesupport_introspection_c__visibility_control.h
[6.346s] -- Up-to-date: /home/jagdeesh/tracker/install/ros_gz_interfaces/include/ros_gz_interfaces/ros_gz_interfaces/msg/detail
[6.346s] -- Up-to-date: /home/jagdeesh/tracker/install/ros_gz_interfaces/include/ros_gz_interfaces/ros_gz_interfaces/msg/detail/dataframe__type_support.c
[6.347s] -- Up-to-date: /home/jagdeesh/tracker/install/ros_gz_interfaces/include/ros_gz_interfaces/ros_gz_interfaces/msg/detail/light__rosidl_typesupport_introspection_c.h
[6.347s] -- Up-to-date: /home/jagdeesh/tracker/install/ros_gz_interfaces/include/ros_gz_interfaces/ros_gz_interfaces/msg/detail/world_control__rosidl_typesupport_introspection_c.h
[6.347s] -- Up-to-date: /home/jagdeesh/tracker/install/ros_gz_interfaces/include/ros_gz_interfaces/ros_gz_interfaces/msg/detail/sensor_noise__type_support.c
[6.347s] -- Up-to-date: /home/jagdeesh/tracker/install/ros_gz_interfaces/include/ros_gz_interfaces/ros_gz_interfaces/msg/detail/gui_camera__rosidl_typesupport_introspection_c.h
[6.347s] -- Up-to-date: /home/jagdeesh/tracker/install/ros_gz_interfaces/include/ros_gz_interfaces/ros_gz_interfaces/msg/detail/joint_wrench__type_support.c
[6.347s] -- Up-to-date: /home/jagdeesh/tracker/install/ros_gz_interfaces/include/ros_gz_interfaces/ros_gz_interfaces/msg/detail/dataframe__rosidl_typesupport_introspection_c.h
[6.347s] -- Up-to-date: /home/jagdeesh/tracker/install/ros_gz_interfaces/include/ros_gz_interfaces/ros_gz_interfaces/msg/detail/entity_factory__rosidl_typesupport_introspection_c.h
[6.348s] -- Up-to-date: /home/jagdeesh/tracker/install/ros_gz_interfaces/include/ros_gz_interfaces/ros_gz_interfaces/msg/detail/contacts__type_support.c
[6.348s] -- Up-to-date: /home/jagdeesh/tracker/install/ros_gz_interfaces/include/ros_gz_interfaces/ros_gz_interfaces/msg/detail/world_control__type_support.c
[6.348s] -- Up-to-date: /home/jagdeesh/tracker/install/ros_gz_interfaces/include/ros_gz_interfaces/ros_gz_interfaces/msg/detail/gui_camera__type_support.c
[6.351s] -- Up-to-date: /home/jagdeesh/tracker/install/ros_gz_interfaces/include/ros_gz_interfaces/ros_gz_interfaces/msg/detail/contact__rosidl_typesupport_introspection_c.h
[6.351s] -- Up-to-date: /home/jagdeesh/tracker/install/ros_gz_interfaces/include/ros_gz_interfaces/ros_gz_interfaces/msg/detail/track_visual__type_support.c
[6.351s] -- Up-to-date: /home/jagdeesh/tracker/install/ros_gz_interfaces/include/ros_gz_interfaces/ros_gz_interfaces/msg/detail/contacts__rosidl_typesupport_introspection_c.h
[6.352s] -- Up-to-date: /home/jagdeesh/tracker/install/ros_gz_interfaces/include/ros_gz_interfaces/ros_gz_interfaces/msg/detail/param_vec__type_support.c
[6.352s] -- Up-to-date: /home/jagdeesh/tracker/install/ros_gz_interfaces/include/ros_gz_interfaces/ros_gz_interfaces/msg/detail/material_color__rosidl_typesupport_introspection_c.h
[6.352s] -- Up-to-date: /home/jagdeesh/tracker/install/ros_gz_interfaces/include/ros_gz_interfaces/ros_gz_interfaces/msg/detail/video_record__type_support.c
[6.352s] -- Up-to-date: /home/jagdeesh/tracker/install/ros_gz_interfaces/include/ros_gz_interfaces/ros_gz_interfaces/msg/detail/string_vec__type_support.c
[6.352s] -- Up-to-date: /home/jagdeesh/tracker/install/ros_gz_interfaces/include/ros_gz_interfaces/ros_gz_interfaces/msg/detail/param_vec__rosidl_typesupport_introspection_c.h
[6.352s] -- Up-to-date: /home/jagdeesh/tracker/install/ros_gz_interfaces/include/ros_gz_interfaces/ros_gz_interfaces/msg/detail/world_reset__type_support.c
[6.352s] -- Up-to-date: /home/jagdeesh/tracker/install/ros_gz_interfaces/include/ros_gz_interfaces/ros_gz_interfaces/msg/detail/entity_factory__type_support.c
[6.352s] -- Up-to-date: /home/jagdeesh/tracker/install/ros_gz_interfaces/include/ros_gz_interfaces/ros_gz_interfaces/msg/detail/altimeter__type_support.c
[6.353s] -- Up-to-date: /home/jagdeesh/tracker/install/ros_gz_interfaces/include/ros_gz_interfaces/ros_gz_interfaces/msg/detail/video_record__rosidl_typesupport_introspection_c.h
[6.353s] -- Up-to-date: /home/jagdeesh/tracker/install/ros_gz_interfaces/include/ros_gz_interfaces/ros_gz_interfaces/msg/detail/float32_array__rosidl_typesupport_introspection_c.h
[6.353s] -- Up-to-date: /home/jagdeesh/tracker/install/ros_gz_interfaces/include/ros_gz_interfaces/ros_gz_interfaces/msg/detail/string_vec__rosidl_typesupport_introspection_c.h
[6.353s] -- Up-to-date: /home/jagdeesh/tracker/install/ros_gz_interfaces/include/ros_gz_interfaces/ros_gz_interfaces/msg/detail/entity__rosidl_typesupport_introspection_c.h
[6.353s] -- Up-to-date: /home/jagdeesh/tracker/install/ros_gz_interfaces/include/ros_gz_interfaces/ros_gz_interfaces/msg/detail/world_reset__rosidl_typesupport_introspection_c.h
[6.353s] -- Up-to-date: /home/jagdeesh/tracker/install/ros_gz_interfaces/include/ros_gz_interfaces/ros_gz_interfaces/msg/detail/altimeter__rosidl_typesupport_introspection_c.h
[6.353s] -- Up-to-date: /home/jagdeesh/tracker/install/ros_gz_interfaces/include/ros_gz_interfaces/ros_gz_interfaces/msg/detail/light__type_support.c
[6.354s] -- Up-to-date: /home/jagdeesh/tracker/install/ros_gz_interfaces/include/ros_gz_interfaces/ros_gz_interfaces/msg/detail/float32_array__type_support.c
[6.354s] -- Up-to-date: /home/jagdeesh/tracker/install/ros_gz_interfaces/include/ros_gz_interfaces/ros_gz_interfaces/msg/detail/entity_wrench__type_support.c
[6.354s] -- Up-to-date: /home/jagdeesh/tracker/install/ros_gz_interfaces/include/ros_gz_interfaces/ros_gz_interfaces/msg/detail/entity__type_support.c
[6.354s] -- Up-to-date: /home/jagdeesh/tracker/install/ros_gz_interfaces/include/ros_gz_interfaces/ros_gz_interfaces/msg/detail/sensor_noise__rosidl_typesupport_introspection_c.h
[6.354s] -- Up-to-date: /home/jagdeesh/tracker/install/ros_gz_interfaces/include/ros_gz_interfaces/ros_gz_interfaces/msg/detail/track_visual__rosidl_typesupport_introspection_c.h
[6.354s] -- Up-to-date: /home/jagdeesh/tracker/install/ros_gz_interfaces/include/ros_gz_interfaces/ros_gz_interfaces/msg/detail/material_color__type_support.c
[6.354s] -- Up-to-date: /home/jagdeesh/tracker/install/ros_gz_interfaces/include/ros_gz_interfaces/ros_gz_interfaces/msg/detail/contact__type_support.c
[6.354s] -- Up-to-date: /home/jagdeesh/tracker/install/ros_gz_interfaces/include/ros_gz_interfaces/ros_gz_interfaces/msg/detail/joint_wrench__rosidl_typesupport_introspection_c.h
[6.355s] -- Up-to-date: /home/jagdeesh/tracker/install/ros_gz_interfaces/include/ros_gz_interfaces/ros_gz_interfaces/msg/detail/entity_wrench__rosidl_typesupport_introspection_c.h
[6.355s] -- Up-to-date: /home/jagdeesh/tracker/install/ros_gz_interfaces/lib/libros_gz_interfaces__rosidl_typesupport_introspection_c.so
[6.355s] -- Up-to-date: /home/jagdeesh/tracker/install/ros_gz_interfaces/lib/libros_gz_interfaces__rosidl_typesupport_c.so
[6.355s] -- Up-to-date: /home/jagdeesh/tracker/install/ros_gz_interfaces/include/ros_gz_interfaces/ros_gz_interfaces
[6.355s] -- Up-to-date: /home/jagdeesh/tracker/install/ros_gz_interfaces/include/ros_gz_interfaces/ros_gz_interfaces/srv
[6.356s] -- Up-to-date: /home/jagdeesh/tracker/install/ros_gz_interfaces/include/ros_gz_interfaces/ros_gz_interfaces/srv/detail
[6.356s] -- Up-to-date: /home/jagdeesh/tracker/install/ros_gz_interfaces/include/ros_gz_interfaces/ros_gz_interfaces/srv/detail/set_entity_pose__type_support.cpp
[6.356s] -- Up-to-date: /home/jagdeesh/tracker/install/ros_gz_interfaces/include/ros_gz_interfaces/ros_gz_interfaces/srv/detail/spawn_entity__type_support.cpp
[6.356s] -- Up-to-date: /home/jagdeesh/tracker/install/ros_gz_interfaces/include/ros_gz_interfaces/ros_gz_interfaces/srv/detail/delete_entity__rosidl_typesupport_introspection_cpp.hpp
[6.356s] -- Up-to-date: /home/jagdeesh/tracker/install/ros_gz_interfaces/include/ros_gz_interfaces/ros_gz_interfaces/srv/detail/control_world__type_support.cpp
[6.356s] -- Up-to-date: /home/jagdeesh/tracker/install/ros_gz_interfaces/include/ros_gz_interfaces/ros_gz_interfaces/srv/detail/delete_entity__type_support.cpp
[6.356s] -- Up-to-date: /home/jagdeesh/tracker/install/ros_gz_interfaces/include/ros_gz_interfaces/ros_gz_interfaces/srv/detail/control_world__rosidl_typesupport_introspection_cpp.hpp
[6.356s] -- Up-to-date: /home/jagdeesh/tracker/install/ros_gz_interfaces/include/ros_gz_interfaces/ros_gz_interfaces/srv/detail/set_entity_pose__rosidl_typesupport_introspection_cpp.hpp
[6.357s] -- Up-to-date: /home/jagdeesh/tracker/install/ros_gz_interfaces/include/ros_gz_interfaces/ros_gz_interfaces/srv/detail/spawn_entity__rosidl_typesupport_introspection_cpp.hpp
[6.357s] -- Up-to-date: /home/jagdeesh/tracker/install/ros_gz_interfaces/include/ros_gz_interfaces/ros_gz_interfaces/msg
[6.357s] -- Up-to-date: /home/jagdeesh/tracker/install/ros_gz_interfaces/include/ros_gz_interfaces/ros_gz_interfaces/msg/detail
[6.357s] -- Up-to-date: /home/jagdeesh/tracker/install/ros_gz_interfaces/include/ros_gz_interfaces/ros_gz_interfaces/msg/detail/gui_camera__rosidl_typesupport_introspection_cpp.hpp
[6.357s] -- Up-to-date: /home/jagdeesh/tracker/install/ros_gz_interfaces/include/ros_gz_interfaces/ros_gz_interfaces/msg/detail/sensor_noise__type_support.cpp
[6.357s] -- Up-to-date: /home/jagdeesh/tracker/install/ros_gz_interfaces/include/ros_gz_interfaces/ros_gz_interfaces/msg/detail/contacts__rosidl_typesupport_introspection_cpp.hpp
[6.357s] -- Up-to-date: /home/jagdeesh/tracker/install/ros_gz_interfaces/include/ros_gz_interfaces/ros_gz_interfaces/msg/detail/string_vec__rosidl_typesupport_introspection_cpp.hpp
[6.358s] -- Up-to-date: /home/jagdeesh/tracker/install/ros_gz_interfaces/include/ros_gz_interfaces/ros_gz_interfaces/msg/detail/video_record__rosidl_typesupport_introspection_cpp.hpp
[6.358s] -- Up-to-date: /home/jagdeesh/tracker/install/ros_gz_interfaces/include/ros_gz_interfaces/ros_gz_interfaces/msg/detail/material_color__rosidl_typesupport_introspection_cpp.hpp
[6.358s] -- Up-to-date: /home/jagdeesh/tracker/install/ros_gz_interfaces/include/ros_gz_interfaces/ros_gz_interfaces/msg/detail/entity_factory__type_support.cpp
[6.358s] -- Up-to-date: /home/jagdeesh/tracker/install/ros_gz_interfaces/include/ros_gz_interfaces/ros_gz_interfaces/msg/detail/track_visual__type_support.cpp
[6.358s] -- Up-to-date: /home/jagdeesh/tracker/install/ros_gz_interfaces/include/ros_gz_interfaces/ros_gz_interfaces/msg/detail/string_vec__type_support.cpp
[6.358s] -- Up-to-date: /home/jagdeesh/tracker/install/ros_gz_interfaces/include/ros_gz_interfaces/ros_gz_interfaces/msg/detail/contact__rosidl_typesupport_introspection_cpp.hpp
[6.358s] -- Up-to-date: /home/jagdeesh/tracker/install/ros_gz_interfaces/include/ros_gz_interfaces/ros_gz_interfaces/msg/detail/contact__type_support.cpp
[6.359s] -- Up-to-date: /home/jagdeesh/tracker/install/ros_gz_interfaces/include/ros_gz_interfaces/ros_gz_interfaces/msg/detail/entity__rosidl_typesupport_introspection_cpp.hpp
[6.359s] -- Up-to-date: /home/jagdeesh/tracker/install/ros_gz_interfaces/include/ros_gz_interfaces/ros_gz_interfaces/msg/detail/track_visual__rosidl_typesupport_introspection_cpp.hpp
[6.359s] -- Up-to-date: /home/jagdeesh/tracker/install/ros_gz_interfaces/include/ros_gz_interfaces/ros_gz_interfaces/msg/detail/sensor_noise__rosidl_typesupport_introspection_cpp.hpp
[6.359s] -- Up-to-date: /home/jagdeesh/tracker/install/ros_gz_interfaces/include/ros_gz_interfaces/ros_gz_interfaces/msg/detail/contacts__type_support.cpp
[6.359s] -- Up-to-date: /home/jagdeesh/tracker/install/ros_gz_interfaces/include/ros_gz_interfaces/ros_gz_interfaces/msg/detail/entity__type_support.cpp
[6.359s] -- Up-to-date: /home/jagdeesh/tracker/install/ros_gz_interfaces/include/ros_gz_interfaces/ros_gz_interfaces/msg/detail/float32_array__rosidl_typesupport_introspection_cpp.hpp
[6.359s] -- Up-to-date: /home/jagdeesh/tracker/install/ros_gz_interfaces/include/ros_gz_interfaces/ros_gz_interfaces/msg/detail/entity_factory__rosidl_typesupport_introspection_cpp.hpp
[6.360s] -- Up-to-date: /home/jagdeesh/tracker/install/ros_gz_interfaces/include/ros_gz_interfaces/ros_gz_interfaces/msg/detail/world_control__rosidl_typesupport_introspection_cpp.hpp
[6.360s] -- Up-to-date: /home/jagdeesh/tracker/install/ros_gz_interfaces/include/ros_gz_interfaces/ros_gz_interfaces/msg/detail/gui_camera__type_support.cpp
[6.360s] -- Up-to-date: /home/jagdeesh/tracker/install/ros_gz_interfaces/include/ros_gz_interfaces/ros_gz_interfaces/msg/detail/light__rosidl_typesupport_introspection_cpp.hpp
[6.360s] -- Up-to-date: /home/jagdeesh/tracker/install/ros_gz_interfaces/include/ros_gz_interfaces/ros_gz_interfaces/msg/detail/light__type_support.cpp
[6.361s] -- Up-to-date: /home/jagdeesh/tracker/install/ros_gz_interfaces/include/ros_gz_interfaces/ros_gz_interfaces/msg/detail/float32_array__type_support.cpp
[6.361s] -- Up-to-date: /home/jagdeesh/tracker/install/ros_gz_interfaces/include/ros_gz_interfaces/ros_gz_interfaces/msg/detail/param_vec__type_support.cpp
[6.361s] -- Up-to-date: /home/jagdeesh/tracker/install/ros_gz_interfaces/include/ros_gz_interfaces/ros_gz_interfaces/msg/detail/altimeter__rosidl_typesupport_introspection_cpp.hpp
[6.361s] -- Up-to-date: /home/jagdeesh/tracker/install/ros_gz_interfaces/include/ros_gz_interfaces/ros_gz_interfaces/msg/detail/joint_wrench__rosidl_typesupport_introspection_cpp.hpp
[6.361s] -- Up-to-date: /home/jagdeesh/tracker/install/ros_gz_interfaces/include/ros_gz_interfaces/ros_gz_interfaces/msg/detail/dataframe__rosidl_typesupport_introspection_cpp.hpp
[6.361s] -- Up-to-date: /home/jagdeesh/tracker/install/ros_gz_interfaces/include/ros_gz_interfaces/ros_gz_interfaces/msg/detail/world_control__type_support.cpp
[6.361s] -- Up-to-date: /home/jagdeesh/tracker/install/ros_gz_interfaces/include/ros_gz_interfaces/ros_gz_interfaces/msg/detail/entity_wrench__rosidl_typesupport_introspection_cpp.hpp
[6.362s] -- Up-to-date: /home/jagdeesh/tracker/install/ros_gz_interfaces/include/ros_gz_interfaces/ros_gz_interfaces/msg/detail/param_vec__rosidl_typesupport_introspection_cpp.hpp
[6.362s] -- Up-to-date: /home/jagdeesh/tracker/install/ros_gz_interfaces/include/ros_gz_interfaces/ros_gz_interfaces/msg/detail/world_reset__type_support.cpp
[6.362s] -- Up-to-date: /home/jagdeesh/tracker/install/ros_gz_interfaces/include/ros_gz_interfaces/ros_gz_interfaces/msg/detail/material_color__type_support.cpp
[6.362s] -- Up-to-date: /home/jagdeesh/tracker/install/ros_gz_interfaces/include/ros_gz_interfaces/ros_gz_interfaces/msg/detail/entity_wrench__type_support.cpp
[6.362s] -- Up-to-date: /home/jagdeesh/tracker/install/ros_gz_interfaces/include/ros_gz_interfaces/ros_gz_interfaces/msg/detail/altimeter__type_support.cpp
[6.362s] -- Up-to-date: /home/jagdeesh/tracker/install/ros_gz_interfaces/include/ros_gz_interfaces/ros_gz_interfaces/msg/detail/joint_wrench__type_support.cpp
[6.362s] -- Up-to-date: /home/jagdeesh/tracker/install/ros_gz_interfaces/include/ros_gz_interfaces/ros_gz_interfaces/msg/detail/video_record__type_support.cpp
[6.363s] -- Up-to-date: /home/jagdeesh/tracker/install/ros_gz_interfaces/include/ros_gz_interfaces/ros_gz_interfaces/msg/detail/dataframe__type_support.cpp
[6.363s] -- Up-to-date: /home/jagdeesh/tracker/install/ros_gz_interfaces/include/ros_gz_interfaces/ros_gz_interfaces/msg/detail/world_reset__rosidl_typesupport_introspection_cpp.hpp
[6.363s] -- Up-to-date: /home/jagdeesh/tracker/install/ros_gz_interfaces/lib/libros_gz_interfaces__rosidl_typesupport_introspection_cpp.so
[6.363s] -- Up-to-date: /home/jagdeesh/tracker/install/ros_gz_interfaces/lib/libros_gz_interfaces__rosidl_typesupport_cpp.so
[6.363s] -- Up-to-date: /home/jagdeesh/tracker/install/ros_gz_interfaces/share/ros_gz_interfaces/environment/pythonpath.sh
[6.363s] -- Installing: /home/jagdeesh/tracker/install/ros_gz_interfaces/share/ros_gz_interfaces/environment/pythonpath.dsv
[6.363s] -- Up-to-date: /home/jagdeesh/tracker/install/ros_gz_interfaces/local/lib/python3.10/dist-packages/ros_gz_interfaces-0.244.20-py3.10.egg-info
[6.363s] -- Installing: /home/jagdeesh/tracker/install/ros_gz_interfaces/local/lib/python3.10/dist-packages/ros_gz_interfaces-0.244.20-py3.10.egg-info/SOURCES.txt
[6.364s] -- Installing: /home/jagdeesh/tracker/install/ros_gz_interfaces/local/lib/python3.10/dist-packages/ros_gz_interfaces-0.244.20-py3.10.egg-info/dependency_links.txt
[6.364s] -- Installing: /home/jagdeesh/tracker/install/ros_gz_interfaces/local/lib/python3.10/dist-packages/ros_gz_interfaces-0.244.20-py3.10.egg-info/top_level.txt
[6.364s] -- Installing: /home/jagdeesh/tracker/install/ros_gz_interfaces/local/lib/python3.10/dist-packages/ros_gz_interfaces-0.244.20-py3.10.egg-info/PKG-INFO
[6.367s] -- Up-to-date: /home/jagdeesh/tracker/install/ros_gz_interfaces/local/lib/python3.10/dist-packages/ros_gz_interfaces
[6.367s] -- Installing: /home/jagdeesh/tracker/install/ros_gz_interfaces/local/lib/python3.10/dist-packages/ros_gz_interfaces/__init__.py
[6.367s] -- Up-to-date: /home/jagdeesh/tracker/install/ros_gz_interfaces/local/lib/python3.10/dist-packages/ros_gz_interfaces/_ros_gz_interfaces_s.ep.rosidl_typesupport_introspection_c.c
[6.367s] -- Up-to-date: /home/jagdeesh/tracker/install/ros_gz_interfaces/local/lib/python3.10/dist-packages/ros_gz_interfaces/libros_gz_interfaces__rosidl_generator_py.so
[6.367s] -- Up-to-date: /home/jagdeesh/tracker/install/ros_gz_interfaces/local/lib/python3.10/dist-packages/ros_gz_interfaces/_ros_gz_interfaces_s.ep.rosidl_typesupport_fastrtps_c.c
[6.368s] -- Up-to-date: /home/jagdeesh/tracker/install/ros_gz_interfaces/local/lib/python3.10/dist-packages/ros_gz_interfaces/ros_gz_interfaces_s__rosidl_typesupport_c.cpython-310-x86_64-linux-gnu.so
[6.368s] -- Up-to-date: /home/jagdeesh/tracker/install/ros_gz_interfaces/local/lib/python3.10/dist-packages/ros_gz_interfaces/srv
[6.368s] -- Up-to-date: /home/jagdeesh/tracker/install/ros_gz_interfaces/local/lib/python3.10/dist-packages/ros_gz_interfaces/srv/_control_world_s.c
[6.368s] -- Up-to-date: /home/jagdeesh/tracker/install/ros_gz_interfaces/local/lib/python3.10/dist-packages/ros_gz_interfaces/srv/__init__.py
[6.368s] -- Up-to-date: /home/jagdeesh/tracker/install/ros_gz_interfaces/local/lib/python3.10/dist-packages/ros_gz_interfaces/srv/_set_entity_pose.py
[6.368s] -- Up-to-date: /home/jagdeesh/tracker/install/ros_gz_interfaces/local/lib/python3.10/dist-packages/ros_gz_interfaces/srv/_delete_entity_s.c
[6.368s] -- Up-to-date: /home/jagdeesh/tracker/install/ros_gz_interfaces/local/lib/python3.10/dist-packages/ros_gz_interfaces/srv/_control_world.py
[6.369s] -- Up-to-date: /home/jagdeesh/tracker/install/ros_gz_interfaces/local/lib/python3.10/dist-packages/ros_gz_interfaces/srv/_spawn_entity.py
[6.369s] -- Up-to-date: /home/jagdeesh/tracker/install/ros_gz_interfaces/local/lib/python3.10/dist-packages/ros_gz_interfaces/srv/_set_entity_pose_s.c
[6.369s] -- Up-to-date: /home/jagdeesh/tracker/install/ros_gz_interfaces/local/lib/python3.10/dist-packages/ros_gz_interfaces/srv/_spawn_entity_s.c
[6.369s] -- Up-to-date: /home/jagdeesh/tracker/install/ros_gz_interfaces/local/lib/python3.10/dist-packages/ros_gz_interfaces/srv/_delete_entity.py
[6.369s] -- Up-to-date: /home/jagdeesh/tracker/install/ros_gz_interfaces/local/lib/python3.10/dist-packages/ros_gz_interfaces/msg
[6.369s] -- Up-to-date: /home/jagdeesh/tracker/install/ros_gz_interfaces/local/lib/python3.10/dist-packages/ros_gz_interfaces/msg/__init__.py
[6.369s] -- Up-to-date: /home/jagdeesh/tracker/install/ros_gz_interfaces/local/lib/python3.10/dist-packages/ros_gz_interfaces/msg/_gui_camera.py
[6.369s] -- Up-to-date: /home/jagdeesh/tracker/install/ros_gz_interfaces/local/lib/python3.10/dist-packages/ros_gz_interfaces/msg/_float32_array_s.c
[6.370s] -- Up-to-date: /home/jagdeesh/tracker/install/ros_gz_interfaces/local/lib/python3.10/dist-packages/ros_gz_interfaces/msg/_entity_wrench.py
[6.370s] -- Up-to-date: /home/jagdeesh/tracker/install/ros_gz_interfaces/local/lib/python3.10/dist-packages/ros_gz_interfaces/msg/_dataframe_s.c
[6.370s] -- Up-to-date: /home/jagdeesh/tracker/install/ros_gz_interfaces/local/lib/python3.10/dist-packages/ros_gz_interfaces/msg/_world_reset_s.c
[6.370s] -- Up-to-date: /home/jagdeesh/tracker/install/ros_gz_interfaces/local/lib/python3.10/dist-packages/ros_gz_interfaces/msg/_entity_s.c
[6.370s] -- Up-to-date: /home/jagdeesh/tracker/install/ros_gz_interfaces/local/lib/python3.10/dist-packages/ros_gz_interfaces/msg/_world_control.py
[6.370s] -- Up-to-date: /home/jagdeesh/tracker/install/ros_gz_interfaces/local/lib/python3.10/dist-packages/ros_gz_interfaces/msg/_joint_wrench.py
[6.370s] -- Up-to-date: /home/jagdeesh/tracker/install/ros_gz_interfaces/local/lib/python3.10/dist-packages/ros_gz_interfaces/msg/_sensor_noise_s.c
[6.371s] -- Up-to-date: /home/jagdeesh/tracker/install/ros_gz_interfaces/local/lib/python3.10/dist-packages/ros_gz_interfaces/msg/_entity_factory.py
[6.371s] -- Up-to-date: /home/jagdeesh/tracker/install/ros_gz_interfaces/local/lib/python3.10/dist-packages/ros_gz_interfaces/msg/_param_vec.py
[6.371s] -- Up-to-date: /home/jagdeesh/tracker/install/ros_gz_interfaces/local/lib/python3.10/dist-packages/ros_gz_interfaces/msg/_altimeter_s.c
[6.371s] -- Up-to-date: /home/jagdeesh/tracker/install/ros_gz_interfaces/local/lib/python3.10/dist-packages/ros_gz_interfaces/msg/_altimeter.py
[6.371s] -- Up-to-date: /home/jagdeesh/tracker/install/ros_gz_interfaces/local/lib/python3.10/dist-packages/ros_gz_interfaces/msg/_video_record.py
[6.371s] -- Up-to-date: /home/jagdeesh/tracker/install/ros_gz_interfaces/local/lib/python3.10/dist-packages/ros_gz_interfaces/msg/_contact.py
[6.371s] -- Up-to-date: /home/jagdeesh/tracker/install/ros_gz_interfaces/local/lib/python3.10/dist-packages/ros_gz_interfaces/msg/_dataframe.py
[6.371s] -- Up-to-date: /home/jagdeesh/tracker/install/ros_gz_interfaces/local/lib/python3.10/dist-packages/ros_gz_interfaces/msg/_material_color.py
[6.372s] -- Up-to-date: /home/jagdeesh/tracker/install/ros_gz_interfaces/local/lib/python3.10/dist-packages/ros_gz_interfaces/msg/_world_reset.py
[6.372s] -- Up-to-date: /home/jagdeesh/tracker/install/ros_gz_interfaces/local/lib/python3.10/dist-packages/ros_gz_interfaces/msg/_material_color_s.c
[6.372s] -- Up-to-date: /home/jagdeesh/tracker/install/ros_gz_interfaces/local/lib/python3.10/dist-packages/ros_gz_interfaces/msg/_light_s.c
[6.372s] -- Up-to-date: /home/jagdeesh/tracker/install/ros_gz_interfaces/local/lib/python3.10/dist-packages/ros_gz_interfaces/msg/_string_vec.py
[6.372s] -- Up-to-date: /home/jagdeesh/tracker/install/ros_gz_interfaces/local/lib/python3.10/dist-packages/ros_gz_interfaces/msg/_joint_wrench_s.c
[6.372s] -- Up-to-date: /home/jagdeesh/tracker/install/ros_gz_interfaces/local/lib/python3.10/dist-packages/ros_gz_interfaces/msg/_track_visual.py
[6.372s] -- Up-to-date: /home/jagdeesh/tracker/install/ros_gz_interfaces/local/lib/python3.10/dist-packages/ros_gz_interfaces/msg/_gui_camera_s.c
[6.372s] -- Up-to-date: /home/jagdeesh/tracker/install/ros_gz_interfaces/local/lib/python3.10/dist-packages/ros_gz_interfaces/msg/_video_record_s.c
[6.373s] -- Up-to-date: /home/jagdeesh/tracker/install/ros_gz_interfaces/local/lib/python3.10/dist-packages/ros_gz_interfaces/msg/_param_vec_s.c
[6.373s] -- Up-to-date: /home/jagdeesh/tracker/install/ros_gz_interfaces/local/lib/python3.10/dist-packages/ros_gz_interfaces/msg/_track_visual_s.c
[6.376s] -- Up-to-date: /home/jagdeesh/tracker/install/ros_gz_interfaces/local/lib/python3.10/dist-packages/ros_gz_interfaces/msg/_entity_factory_s.c
[6.376s] -- Up-to-date: /home/jagdeesh/tracker/install/ros_gz_interfaces/local/lib/python3.10/dist-packages/ros_gz_interfaces/msg/_world_control_s.c
[6.376s] -- Up-to-date: /home/jagdeesh/tracker/install/ros_gz_interfaces/local/lib/python3.10/dist-packages/ros_gz_interfaces/msg/_entity.py
[6.377s] -- Up-to-date: /home/jagdeesh/tracker/install/ros_gz_interfaces/local/lib/python3.10/dist-packages/ros_gz_interfaces/msg/_contact_s.c
[6.377s] -- Up-to-date: /home/jagdeesh/tracker/install/ros_gz_interfaces/local/lib/python3.10/dist-packages/ros_gz_interfaces/msg/_light.py
[6.377s] -- Up-to-date: /home/jagdeesh/tracker/install/ros_gz_interfaces/local/lib/python3.10/dist-packages/ros_gz_interfaces/msg/_contacts_s.c
[6.377s] -- Up-to-date: /home/jagdeesh/tracker/install/ros_gz_interfaces/local/lib/python3.10/dist-packages/ros_gz_interfaces/msg/_entity_wrench_s.c
[6.377s] -- Up-to-date: /home/jagdeesh/tracker/install/ros_gz_interfaces/local/lib/python3.10/dist-packages/ros_gz_interfaces/msg/_contacts.py
[6.377s] -- Up-to-date: /home/jagdeesh/tracker/install/ros_gz_interfaces/local/lib/python3.10/dist-packages/ros_gz_interfaces/msg/_string_vec_s.c
[6.377s] -- Up-to-date: /home/jagdeesh/tracker/install/ros_gz_interfaces/local/lib/python3.10/dist-packages/ros_gz_interfaces/msg/_float32_array.py
[6.377s] -- Up-to-date: /home/jagdeesh/tracker/install/ros_gz_interfaces/local/lib/python3.10/dist-packages/ros_gz_interfaces/msg/_sensor_noise.py
[6.378s] -- Up-to-date: /home/jagdeesh/tracker/install/ros_gz_interfaces/local/lib/python3.10/dist-packages/ros_gz_interfaces/_ros_gz_interfaces_s.ep.rosidl_typesupport_c.c
[6.378s] -- Up-to-date: /home/jagdeesh/tracker/install/ros_gz_interfaces/local/lib/python3.10/dist-packages/ros_gz_interfaces/ros_gz_interfaces_s__rosidl_typesupport_fastrtps_c.cpython-310-x86_64-linux-gnu.so
[6.378s] -- Up-to-date: /home/jagdeesh/tracker/install/ros_gz_interfaces/local/lib/python3.10/dist-packages/ros_gz_interfaces/ros_gz_interfaces_s__rosidl_typesupport_introspection_c.cpython-310-x86_64-linux-gnu.so
[6.410s] Listing '/home/jagdeesh/tracker/install/ros_gz_interfaces/local/lib/python3.10/dist-packages/ros_gz_interfaces'...
[6.410s] Compiling '/home/jagdeesh/tracker/install/ros_gz_interfaces/local/lib/python3.10/dist-packages/ros_gz_interfaces/__init__.py'...
[6.411s] Listing '/home/jagdeesh/tracker/install/ros_gz_interfaces/local/lib/python3.10/dist-packages/ros_gz_interfaces/msg'...
[6.411s] Listing '/home/jagdeesh/tracker/install/ros_gz_interfaces/local/lib/python3.10/dist-packages/ros_gz_interfaces/srv'...
[6.423s] -- Up-to-date: /home/jagdeesh/tracker/install/ros_gz_interfaces/local/lib/python3.10/dist-packages/ros_gz_interfaces/ros_gz_interfaces_s__rosidl_typesupport_fastrtps_c.cpython-310-x86_64-linux-gnu.so
[6.424s] -- Up-to-date: /home/jagdeesh/tracker/install/ros_gz_interfaces/local/lib/python3.10/dist-packages/ros_gz_interfaces/ros_gz_interfaces_s__rosidl_typesupport_introspection_c.cpython-310-x86_64-linux-gnu.so
[6.424s] -- Up-to-date: /home/jagdeesh/tracker/install/ros_gz_interfaces/local/lib/python3.10/dist-packages/ros_gz_interfaces/ros_gz_interfaces_s__rosidl_typesupport_c.cpython-310-x86_64-linux-gnu.so
[6.427s] -- Up-to-date: /home/jagdeesh/tracker/install/ros_gz_interfaces/lib/libros_gz_interfaces__rosidl_generator_py.so
[6.427s] -- Up-to-date: /home/jagdeesh/tracker/install/ros_gz_interfaces/share/ament_index/resource_index/rust_packages/ros_gz_interfaces
[6.428s] -- Up-to-date: /home/jagdeesh/tracker/install/ros_gz_interfaces/share/ros_gz_interfaces/rust
[6.428s] -- Up-to-date: /home/jagdeesh/tracker/install/ros_gz_interfaces/share/ros_gz_interfaces/rust/src
[6.428s] -- Up-to-date: /home/jagdeesh/tracker/install/ros_gz_interfaces/share/ros_gz_interfaces/rust/src/srv.rs
[6.428s] -- Up-to-date: /home/jagdeesh/tracker/install/ros_gz_interfaces/share/ros_gz_interfaces/rust/src/srv
[6.428s] -- Up-to-date: /home/jagdeesh/tracker/install/ros_gz_interfaces/share/ros_gz_interfaces/rust/src/srv/rmw.rs
[6.429s] -- Up-to-date: /home/jagdeesh/tracker/install/ros_gz_interfaces/share/ros_gz_interfaces/rust/src/lib.rs
[6.429s] -- Up-to-date: /home/jagdeesh/tracker/install/ros_gz_interfaces/share/ros_gz_interfaces/rust/src/msg
[6.429s] -- Up-to-date: /home/jagdeesh/tracker/install/ros_gz_interfaces/share/ros_gz_interfaces/rust/src/msg/rmw.rs
[6.429s] -- Up-to-date: /home/jagdeesh/tracker/install/ros_gz_interfaces/share/ros_gz_interfaces/rust/src/msg.rs
[6.429s] -- Up-to-date: /home/jagdeesh/tracker/install/ros_gz_interfaces/share/ros_gz_interfaces/rust/Cargo.toml
[6.429s] -- Up-to-date: /home/jagdeesh/tracker/install/ros_gz_interfaces/share/ros_gz_interfaces/rust/build.rs
[6.429s] -- Up-to-date: /home/jagdeesh/tracker/install/ros_gz_interfaces/share/ros_gz_interfaces/msg/Altimeter.idl
[6.429s] -- Up-to-date: /home/jagdeesh/tracker/install/ros_gz_interfaces/share/ros_gz_interfaces/msg/Contact.idl
[6.430s] -- Up-to-date: /home/jagdeesh/tracker/install/ros_gz_interfaces/share/ros_gz_interfaces/msg/Contacts.idl
[6.430s] -- Up-to-date: /home/jagdeesh/tracker/install/ros_gz_interfaces/share/ros_gz_interfaces/msg/Dataframe.idl
[6.430s] -- Up-to-date: /home/jagdeesh/tracker/install/ros_gz_interfaces/share/ros_gz_interfaces/msg/Entity.idl
[6.430s] -- Up-to-date: /home/jagdeesh/tracker/install/ros_gz_interfaces/share/ros_gz_interfaces/msg/EntityFactory.idl
[6.430s] -- Up-to-date: /home/jagdeesh/tracker/install/ros_gz_interfaces/share/ros_gz_interfaces/msg/EntityWrench.idl
[6.430s] -- Up-to-date: /home/jagdeesh/tracker/install/ros_gz_interfaces/share/ros_gz_interfaces/msg/Float32Array.idl
[6.430s] -- Up-to-date: /home/jagdeesh/tracker/install/ros_gz_interfaces/share/ros_gz_interfaces/msg/GuiCamera.idl
[6.431s] -- Up-to-date: /home/jagdeesh/tracker/install/ros_gz_interfaces/share/ros_gz_interfaces/msg/JointWrench.idl
[6.431s] -- Up-to-date: /home/jagdeesh/tracker/install/ros_gz_interfaces/share/ros_gz_interfaces/msg/Light.idl
[6.431s] -- Up-to-date: /home/jagdeesh/tracker/install/ros_gz_interfaces/share/ros_gz_interfaces/msg/MaterialColor.idl
[6.431s] -- Up-to-date: /home/jagdeesh/tracker/install/ros_gz_interfaces/share/ros_gz_interfaces/msg/ParamVec.idl
[6.431s] -- Up-to-date: /home/jagdeesh/tracker/install/ros_gz_interfaces/share/ros_gz_interfaces/msg/SensorNoise.idl
[6.431s] -- Up-to-date: /home/jagdeesh/tracker/install/ros_gz_interfaces/share/ros_gz_interfaces/msg/StringVec.idl
[6.431s] -- Up-to-date: /home/jagdeesh/tracker/install/ros_gz_interfaces/share/ros_gz_interfaces/msg/TrackVisual.idl
[6.432s] -- Up-to-date: /home/jagdeesh/tracker/install/ros_gz_interfaces/share/ros_gz_interfaces/msg/VideoRecord.idl
[6.432s] -- Up-to-date: /home/jagdeesh/tracker/install/ros_gz_interfaces/share/ros_gz_interfaces/msg/WorldControl.idl
[6.432s] -- Up-to-date: /home/jagdeesh/tracker/install/ros_gz_interfaces/share/ros_gz_interfaces/msg/WorldReset.idl
[6.432s] -- Up-to-date: /home/jagdeesh/tracker/install/ros_gz_interfaces/share/ros_gz_interfaces/srv/ControlWorld.idl
[6.432s] -- Up-to-date: /home/jagdeesh/tracker/install/ros_gz_interfaces/share/ros_gz_interfaces/srv/DeleteEntity.idl
[6.433s] -- Up-to-date: /home/jagdeesh/tracker/install/ros_gz_interfaces/share/ros_gz_interfaces/srv/SetEntityPose.idl
[6.433s] -- Up-to-date: /home/jagdeesh/tracker/install/ros_gz_interfaces/share/ros_gz_interfaces/srv/SpawnEntity.idl
[6.433s] -- Up-to-date: /home/jagdeesh/tracker/install/ros_gz_interfaces/share/ros_gz_interfaces/msg/Altimeter.msg
[6.433s] -- Up-to-date: /home/jagdeesh/tracker/install/ros_gz_interfaces/share/ros_gz_interfaces/msg/Contact.msg
[6.433s] -- Up-to-date: /home/jagdeesh/tracker/install/ros_gz_interfaces/share/ros_gz_interfaces/msg/Contacts.msg
[6.434s] -- Up-to-date: /home/jagdeesh/tracker/install/ros_gz_interfaces/share/ros_gz_interfaces/msg/Dataframe.msg
[6.434s] -- Up-to-date: /home/jagdeesh/tracker/install/ros_gz_interfaces/share/ros_gz_interfaces/msg/Entity.msg
[6.434s] -- Up-to-date: /home/jagdeesh/tracker/install/ros_gz_interfaces/share/ros_gz_interfaces/msg/EntityFactory.msg
[6.434s] -- Up-to-date: /home/jagdeesh/tracker/install/ros_gz_interfaces/share/ros_gz_interfaces/msg/EntityWrench.msg
[6.434s] -- Up-to-date: /home/jagdeesh/tracker/install/ros_gz_interfaces/share/ros_gz_interfaces/msg/Float32Array.msg
[6.434s] -- Up-to-date: /home/jagdeesh/tracker/install/ros_gz_interfaces/share/ros_gz_interfaces/msg/GuiCamera.msg
[6.435s] -- Up-to-date: /home/jagdeesh/tracker/install/ros_gz_interfaces/share/ros_gz_interfaces/msg/JointWrench.msg
[6.437s] -- Up-to-date: /home/jagdeesh/tracker/install/ros_gz_interfaces/share/ros_gz_interfaces/msg/Light.msg
[6.438s] -- Up-to-date: /home/jagdeesh/tracker/install/ros_gz_interfaces/share/ros_gz_interfaces/msg/MaterialColor.msg
[6.438s] -- Up-to-date: /home/jagdeesh/tracker/install/ros_gz_interfaces/share/ros_gz_interfaces/msg/ParamVec.msg
[6.438s] -- Up-to-date: /home/jagdeesh/tracker/install/ros_gz_interfaces/share/ros_gz_interfaces/msg/SensorNoise.msg
[6.438s] -- Up-to-date: /home/jagdeesh/tracker/install/ros_gz_interfaces/share/ros_gz_interfaces/msg/StringVec.msg
[6.439s] -- Up-to-date: /home/jagdeesh/tracker/install/ros_gz_interfaces/share/ros_gz_interfaces/msg/TrackVisual.msg
[6.439s] -- Up-to-date: /home/jagdeesh/tracker/install/ros_gz_interfaces/share/ros_gz_interfaces/msg/VideoRecord.msg
[6.439s] -- Up-to-date: /home/jagdeesh/tracker/install/ros_gz_interfaces/share/ros_gz_interfaces/msg/WorldControl.msg
[6.440s] -- Up-to-date: /home/jagdeesh/tracker/install/ros_gz_interfaces/share/ros_gz_interfaces/msg/WorldReset.msg
[6.440s] -- Up-to-date: /home/jagdeesh/tracker/install/ros_gz_interfaces/share/ros_gz_interfaces/srv/ControlWorld.srv
[6.440s] -- Up-to-date: /home/jagdeesh/tracker/install/ros_gz_interfaces/share/ros_gz_interfaces/srv/ControlWorld_Request.msg
[6.440s] -- Up-to-date: /home/jagdeesh/tracker/install/ros_gz_interfaces/share/ros_gz_interfaces/srv/ControlWorld_Response.msg
[6.440s] -- Up-to-date: /home/jagdeesh/tracker/install/ros_gz_interfaces/share/ros_gz_interfaces/srv/DeleteEntity.srv
[6.440s] -- Up-to-date: /home/jagdeesh/tracker/install/ros_gz_interfaces/share/ros_gz_interfaces/srv/DeleteEntity_Request.msg
[6.440s] -- Up-to-date: /home/jagdeesh/tracker/install/ros_gz_interfaces/share/ros_gz_interfaces/srv/DeleteEntity_Response.msg
[6.441s] -- Up-to-date: /home/jagdeesh/tracker/install/ros_gz_interfaces/share/ros_gz_interfaces/srv/SetEntityPose.srv
[6.443s] -- Up-to-date: /home/jagdeesh/tracker/install/ros_gz_interfaces/share/ros_gz_interfaces/srv/SetEntityPose_Request.msg
[6.445s] -- Up-to-date: /home/jagdeesh/tracker/install/ros_gz_interfaces/share/ros_gz_interfaces/srv/SetEntityPose_Response.msg
[6.445s] -- Up-to-date: /home/jagdeesh/tracker/install/ros_gz_interfaces/share/ros_gz_interfaces/srv/SpawnEntity.srv
[6.445s] -- Up-to-date: /home/jagdeesh/tracker/install/ros_gz_interfaces/share/ros_gz_interfaces/srv/SpawnEntity_Request.msg
[6.445s] -- Up-to-date: /home/jagdeesh/tracker/install/ros_gz_interfaces/share/ros_gz_interfaces/srv/SpawnEntity_Response.msg
[6.446s] -- Up-to-date: /home/jagdeesh/tracker/install/ros_gz_interfaces/share/ament_index/resource_index/package_run_dependencies/ros_gz_interfaces
[6.446s] -- Up-to-date: /home/jagdeesh/tracker/install/ros_gz_interfaces/share/ament_index/resource_index/parent_prefix_path/ros_gz_interfaces
[6.446s] -- Up-to-date: /home/jagdeesh/tracker/install/ros_gz_interfaces/share/ros_gz_interfaces/environment/ament_prefix_path.sh
[6.447s] -- Installing: /home/jagdeesh/tracker/install/ros_gz_interfaces/share/ros_gz_interfaces/environment/ament_prefix_path.dsv
[6.447s] -- Up-to-date: /home/jagdeesh/tracker/install/ros_gz_interfaces/share/ros_gz_interfaces/environment/path.sh
[6.447s] -- Installing: /home/jagdeesh/tracker/install/ros_gz_interfaces/share/ros_gz_interfaces/environment/path.dsv
[6.447s] -- Up-to-date: /home/jagdeesh/tracker/install/ros_gz_interfaces/share/ros_gz_interfaces/local_setup.bash
[6.447s] -- Up-to-date: /home/jagdeesh/tracker/install/ros_gz_interfaces/share/ros_gz_interfaces/local_setup.sh
[6.448s] -- Up-to-date: /home/jagdeesh/tracker/install/ros_gz_interfaces/share/ros_gz_interfaces/local_setup.zsh
[6.448s] -- Installing: /home/jagdeesh/tracker/install/ros_gz_interfaces/share/ros_gz_interfaces/local_setup.dsv
[6.448s] -- Installing: /home/jagdeesh/tracker/install/ros_gz_interfaces/share/ros_gz_interfaces/package.dsv
[6.448s] -- Up-to-date: /home/jagdeesh/tracker/install/ros_gz_interfaces/share/ament_index/resource_index/packages/ros_gz_interfaces
[6.448s] -- Up-to-date: /home/jagdeesh/tracker/install/ros_gz_interfaces/share/ros_gz_interfaces/cmake/export_ros_gz_interfaces__rosidl_generator_cExport.cmake
[6.448s] -- Up-to-date: /home/jagdeesh/tracker/install/ros_gz_interfaces/share/ros_gz_interfaces/cmake/export_ros_gz_interfaces__rosidl_generator_cExport-release.cmake
[6.449s] -- Up-to-date: /home/jagdeesh/tracker/install/ros_gz_interfaces/share/ros_gz_interfaces/cmake/export_ros_gz_interfaces__rosidl_typesupport_fastrtps_cExport.cmake
[6.449s] -- Up-to-date: /home/jagdeesh/tracker/install/ros_gz_interfaces/share/ros_gz_interfaces/cmake/export_ros_gz_interfaces__rosidl_typesupport_fastrtps_cExport-release.cmake
[6.449s] -- Up-to-date: /home/jagdeesh/tracker/install/ros_gz_interfaces/share/ros_gz_interfaces/cmake/export_ros_gz_interfaces__rosidl_generator_cppExport.cmake
[6.449s] -- Up-to-date: /home/jagdeesh/tracker/install/ros_gz_interfaces/share/ros_gz_interfaces/cmake/export_ros_gz_interfaces__rosidl_typesupport_fastrtps_cppExport.cmake
[6.449s] -- Up-to-date: /home/jagdeesh/tracker/install/ros_gz_interfaces/share/ros_gz_interfaces/cmake/export_ros_gz_interfaces__rosidl_typesupport_fastrtps_cppExport-release.cmake
[6.450s] -- Up-to-date: /home/jagdeesh/tracker/install/ros_gz_interfaces/share/ros_gz_interfaces/cmake/ros_gz_interfaces__rosidl_typesupport_introspection_cExport.cmake
[6.450s] -- Up-to-date: /home/jagdeesh/tracker/install/ros_gz_interfaces/share/ros_gz_interfaces/cmake/ros_gz_interfaces__rosidl_typesupport_introspection_cExport-release.cmake
[6.450s] -- Up-to-date: /home/jagdeesh/tracker/install/ros_gz_interfaces/share/ros_gz_interfaces/cmake/ros_gz_interfaces__rosidl_typesupport_cExport.cmake
[6.450s] -- Up-to-date: /home/jagdeesh/tracker/install/ros_gz_interfaces/share/ros_gz_interfaces/cmake/ros_gz_interfaces__rosidl_typesupport_cExport-release.cmake
[6.451s] -- Up-to-date: /home/jagdeesh/tracker/install/ros_gz_interfaces/share/ros_gz_interfaces/cmake/ros_gz_interfaces__rosidl_typesupport_introspection_cppExport.cmake
[6.451s] -- Up-to-date: /home/jagdeesh/tracker/install/ros_gz_interfaces/share/ros_gz_interfaces/cmake/ros_gz_interfaces__rosidl_typesupport_introspection_cppExport-release.cmake
[6.451s] -- Up-to-date: /home/jagdeesh/tracker/install/ros_gz_interfaces/share/ros_gz_interfaces/cmake/ros_gz_interfaces__rosidl_typesupport_cppExport.cmake
[6.452s] -- Up-to-date: /home/jagdeesh/tracker/install/ros_gz_interfaces/share/ros_gz_interfaces/cmake/ros_gz_interfaces__rosidl_typesupport_cppExport-release.cmake
[6.452s] -- Up-to-date: /home/jagdeesh/tracker/install/ros_gz_interfaces/share/ros_gz_interfaces/cmake/export_ros_gz_interfaces__rosidl_generator_pyExport.cmake
[6.452s] -- Up-to-date: /home/jagdeesh/tracker/install/ros_gz_interfaces/share/ros_gz_interfaces/cmake/export_ros_gz_interfaces__rosidl_generator_pyExport-release.cmake
[6.453s] -- Up-to-date: /home/jagdeesh/tracker/install/ros_gz_interfaces/share/ros_gz_interfaces/cmake/rosidl_cmake-extras.cmake
[6.453s] -- Up-to-date: /home/jagdeesh/tracker/install/ros_gz_interfaces/share/ros_gz_interfaces/cmake/ament_cmake_export_dependencies-extras.cmake
[6.454s] -- Up-to-date: /home/jagdeesh/tracker/install/ros_gz_interfaces/share/ros_gz_interfaces/cmake/ament_cmake_export_include_directories-extras.cmake
[6.454s] -- Up-to-date: /home/jagdeesh/tracker/install/ros_gz_interfaces/share/ros_gz_interfaces/cmake/ament_cmake_export_libraries-extras.cmake
[6.454s] -- Up-to-date: /home/jagdeesh/tracker/install/ros_gz_interfaces/share/ros_gz_interfaces/cmake/ament_cmake_export_targets-extras.cmake
[6.455s] -- Up-to-date: /home/jagdeesh/tracker/install/ros_gz_interfaces/share/ros_gz_interfaces/cmake/rosidl_cmake_export_typesupport_targets-extras.cmake
[6.455s] -- Up-to-date: /home/jagdeesh/tracker/install/ros_gz_interfaces/share/ros_gz_interfaces/cmake/rosidl_cmake_export_typesupport_libraries-extras.cmake
[6.455s] -- Up-to-date: /home/jagdeesh/tracker/install/ros_gz_interfaces/share/ros_gz_interfaces/cmake/ros_gz_interfacesConfig.cmake
[6.455s] -- Up-to-date: /home/jagdeesh/tracker/install/ros_gz_interfaces/share/ros_gz_interfaces/cmake/ros_gz_interfacesConfig-version.cmake
[6.455s] -- Up-to-date: /home/jagdeesh/tracker/install/ros_gz_interfaces/share/ros_gz_interfaces/package.xml
[6.464s] Invoked command in '/home/jagdeesh/tracker/build/ros_gz_interfaces' returned '0': CMAKE_PREFIX_PATH=/opt/ros/humble /usr/bin/cmake --install /home/jagdeesh/tracker/build/ros_gz_interfaces
