[0.012s] Invoking command in '/home/jagdeesh/tracker/build/example_mode_manual_cpp': AMENT_PREFIX_PATH=/home/jagdeesh/tracker/install/px4_ros2_cpp:/home/jagdeesh/tracker/install/px4_msgs:${AMENT_PREFIX_PATH} CMAKE_PREFIX_PATH=/home/jagdeesh/tracker/install/px4_ros2_cpp:/home/jagdeesh/tracker/install/px4_msgs:/opt/ros/humble LD_LIBRARY_PATH=/home/jagdeesh/tracker/install/px4_ros2_cpp/lib:/home/jagdeesh/tracker/install/px4_msgs/lib:${LD_LIBRARY_PATH} PYTHONPATH=/home/jagdeesh/tracker/install/px4_msgs/local/lib/python3.10/dist-packages:${PYTHONPATH} /usr/bin/cmake /home/jagdeesh/tracker/src/px4-ros2-interface-lib/examples/cpp/modes/manual -DCMAKE_BUILD_TYPE=Release -DCMAKE_INSTALL_PREFIX=/home/jagdeesh/tracker/install/example_mode_manual_cpp
[0.071s] -- The C compiler identification is GNU 11.4.0
[0.131s] -- The CXX compiler identification is GNU 11.4.0
[0.139s] -- Detecting C compiler ABI info
[0.218s] -- Detecting C compiler ABI info - done
[0.226s] -- Check for working C compiler: /usr/bin/cc - skipped
[0.226s] -- Detecting C compile features
[0.226s] -- Detecting C compile features - done
[0.229s] -- Detecting CXX compiler ABI info
[0.322s] -- Detecting CXX compiler ABI info - done
[0.333s] -- Check for working CXX compiler: /usr/bin/c++ - skipped
[0.333s] -- Detecting CXX compile features
[0.334s] -- Detecting CXX compile features - done
[0.336s] -- Found eigen3_cmake_module: 0.1.1 (/opt/ros/humble/share/eigen3_cmake_module/cmake)
[0.343s] -- Found Eigen3: TRUE (found version "3.4.0") 
[0.344s] -- Found ament_cmake: 1.3.14 (/opt/ros/humble/share/ament_cmake/cmake)
[0.515s] -- Found Python3: /usr/bin/python3 (found version "3.10.12") found components: Interpreter 
[0.606s] -- Found rclcpp: 16.0.18 (/opt/ros/humble/share/rclcpp/cmake)
[0.643s] -- Found rosidl_generator_c: 3.1.8 (/opt/ros/humble/share/rosidl_generator_c/cmake)
[0.647s] -- Found rosidl_adapter: 3.1.8 (/opt/ros/humble/share/rosidl_adapter/cmake)
[0.655s] -- Found rosidl_generator_cpp: 3.1.8 (/opt/ros/humble/share/rosidl_generator_cpp/cmake)
[0.666s] -- Using all available rosidl_typesupport_c: rosidl_typesupport_fastrtps_c;rosidl_typesupport_introspection_c
[0.681s] -- Using all available rosidl_typesupport_cpp: rosidl_typesupport_fastrtps_cpp;rosidl_typesupport_introspection_cpp
[0.719s] -- Found rmw_implementation_cmake: 6.1.2 (/opt/ros/humble/share/rmw_implementation_cmake/cmake)
[0.721s] -- Found rmw_fastrtps_cpp: 6.2.10 (/opt/ros/humble/share/rmw_fastrtps_cpp/cmake)
[0.828s] -- Found OpenSSL: /usr/lib/x86_64-linux-gnu/libcrypto.so (found version "3.0.2")  
[0.869s] -- Found FastRTPS: /opt/ros/humble/include  
[0.929s] -- Using RMW implementation 'rmw_fastrtps_cpp' as default
[0.940s] -- Looking for pthread.h
[1.029s] -- Looking for pthread.h - found
[1.029s] -- Performing Test CMAKE_HAVE_LIBC_PTHREAD
[1.118s] -- Performing Test CMAKE_HAVE_LIBC_PTHREAD - Success
[1.119s] -- Found Threads: TRUE  
[1.172s] -- Found px4_ros2_cpp: 0.0.1 (/home/jagdeesh/tracker/install/px4_ros2_cpp/share/px4_ros2_cpp/cmake)
[1.189s] -- Found ament_lint_auto: 0.12.15 (/opt/ros/humble/share/ament_lint_auto/cmake)
[1.287s] -- Added test 'copyright' to check source files copyright and LICENSE
[1.288s] -- Added test 'cppcheck' to perform static code analysis on C / C++ code
[1.288s] -- Configured cppcheck include dirs: /home/jagdeesh/tracker/src/px4-ros2-interface-lib/examples/cpp/modes/manual/include
[1.288s] -- Configured cppcheck exclude dirs and/or files: 
[1.288s] -- Added test 'cpplint' to check C / C++ code against the Google style
[1.289s] -- Configured cpplint exclude dirs and/or files: 
[1.289s] -- Added test 'lint_cmake' to check CMake code style
[1.290s] -- Added test 'uncrustify' to check C / C++ code style
[1.290s] -- Configured uncrustify additional arguments: 
[1.290s] -- Added test 'xmllint' to check XML markup files
[1.291s] -- Configuring done
[1.299s] -- Generating done
[1.303s] -- Build files have been written to: /home/jagdeesh/tracker/build/example_mode_manual_cpp
[1.315s] Invoked command in '/home/jagdeesh/tracker/build/example_mode_manual_cpp' returned '0': AMENT_PREFIX_PATH=/home/jagdeesh/tracker/install/px4_ros2_cpp:/home/jagdeesh/tracker/install/px4_msgs:${AMENT_PREFIX_PATH} CMAKE_PREFIX_PATH=/home/jagdeesh/tracker/install/px4_ros2_cpp:/home/jagdeesh/tracker/install/px4_msgs:/opt/ros/humble LD_LIBRARY_PATH=/home/jagdeesh/tracker/install/px4_ros2_cpp/lib:/home/jagdeesh/tracker/install/px4_msgs/lib:${LD_LIBRARY_PATH} PYTHONPATH=/home/jagdeesh/tracker/install/px4_msgs/local/lib/python3.10/dist-packages:${PYTHONPATH} /usr/bin/cmake /home/jagdeesh/tracker/src/px4-ros2-interface-lib/examples/cpp/modes/manual -DCMAKE_BUILD_TYPE=Release -DCMAKE_INSTALL_PREFIX=/home/jagdeesh/tracker/install/example_mode_manual_cpp
[1.317s] Invoking command in '/home/jagdeesh/tracker/build/example_mode_manual_cpp': AMENT_PREFIX_PATH=/home/jagdeesh/tracker/install/px4_ros2_cpp:/home/jagdeesh/tracker/install/px4_msgs:${AMENT_PREFIX_PATH} CMAKE_PREFIX_PATH=/home/jagdeesh/tracker/install/px4_ros2_cpp:/home/jagdeesh/tracker/install/px4_msgs:/opt/ros/humble LD_LIBRARY_PATH=/home/jagdeesh/tracker/install/px4_ros2_cpp/lib:/home/jagdeesh/tracker/install/px4_msgs/lib:${LD_LIBRARY_PATH} PYTHONPATH=/home/jagdeesh/tracker/install/px4_msgs/local/lib/python3.10/dist-packages:${PYTHONPATH} /usr/bin/cmake --build /home/jagdeesh/tracker/build/example_mode_manual_cpp -- -j12 -l12
[1.328s] gmake[1]: Entering directory '/home/jagdeesh/tracker/build/example_mode_manual_cpp'
[1.353s] gmake[2]: Entering directory '/home/jagdeesh/tracker/build/example_mode_manual_cpp'
[1.354s] gmake[3]: Entering directory '/home/jagdeesh/tracker/build/example_mode_manual_cpp'
[1.364s] gmake[3]: Leaving directory '/home/jagdeesh/tracker/build/example_mode_manual_cpp'
[1.366s] gmake[3]: Entering directory '/home/jagdeesh/tracker/build/example_mode_manual_cpp'
[1.376s] [ 50%] [32mBuilding CXX object CMakeFiles/example_mode_manual.dir/src/main.cpp.o[0m
[5.868s] [100%] [32m[1mLinking CXX executable example_mode_manual[0m
[6.057s] gmake[3]: Leaving directory '/home/jagdeesh/tracker/build/example_mode_manual_cpp'
[6.067s] [100%] Built target example_mode_manual
[6.068s] gmake[2]: Leaving directory '/home/jagdeesh/tracker/build/example_mode_manual_cpp'
[6.077s] gmake[1]: Leaving directory '/home/jagdeesh/tracker/build/example_mode_manual_cpp'
[6.079s] Invoked command in '/home/jagdeesh/tracker/build/example_mode_manual_cpp' returned '0': AMENT_PREFIX_PATH=/home/jagdeesh/tracker/install/px4_ros2_cpp:/home/jagdeesh/tracker/install/px4_msgs:${AMENT_PREFIX_PATH} CMAKE_PREFIX_PATH=/home/jagdeesh/tracker/install/px4_ros2_cpp:/home/jagdeesh/tracker/install/px4_msgs:/opt/ros/humble LD_LIBRARY_PATH=/home/jagdeesh/tracker/install/px4_ros2_cpp/lib:/home/jagdeesh/tracker/install/px4_msgs/lib:${LD_LIBRARY_PATH} PYTHONPATH=/home/jagdeesh/tracker/install/px4_msgs/local/lib/python3.10/dist-packages:${PYTHONPATH} /usr/bin/cmake --build /home/jagdeesh/tracker/build/example_mode_manual_cpp -- -j12 -l12
[6.082s] Invoking command in '/home/jagdeesh/tracker/build/example_mode_manual_cpp': AMENT_PREFIX_PATH=/home/jagdeesh/tracker/install/px4_ros2_cpp:/home/jagdeesh/tracker/install/px4_msgs:${AMENT_PREFIX_PATH} CMAKE_PREFIX_PATH=/home/jagdeesh/tracker/install/px4_ros2_cpp:/home/jagdeesh/tracker/install/px4_msgs:/opt/ros/humble LD_LIBRARY_PATH=/home/jagdeesh/tracker/install/px4_ros2_cpp/lib:/home/jagdeesh/tracker/install/px4_msgs/lib:${LD_LIBRARY_PATH} PYTHONPATH=/home/jagdeesh/tracker/install/px4_msgs/local/lib/python3.10/dist-packages:${PYTHONPATH} /usr/bin/cmake --install /home/jagdeesh/tracker/build/example_mode_manual_cpp
[6.090s] -- Install configuration: "Release"
[6.090s] -- Installing: /home/jagdeesh/tracker/install/example_mode_manual_cpp/lib/example_mode_manual_cpp/example_mode_manual
[6.091s] -- Set runtime path of "/home/jagdeesh/tracker/install/example_mode_manual_cpp/lib/example_mode_manual_cpp/example_mode_manual" to ""
[6.091s] -- Installing: /home/jagdeesh/tracker/install/example_mode_manual_cpp/share/ament_index/resource_index/package_run_dependencies/example_mode_manual_cpp
[6.091s] -- Installing: /home/jagdeesh/tracker/install/example_mode_manual_cpp/share/ament_index/resource_index/parent_prefix_path/example_mode_manual_cpp
[6.091s] -- Installing: /home/jagdeesh/tracker/install/example_mode_manual_cpp/share/example_mode_manual_cpp/environment/ament_prefix_path.sh
[6.091s] -- Installing: /home/jagdeesh/tracker/install/example_mode_manual_cpp/share/example_mode_manual_cpp/environment/ament_prefix_path.dsv
[6.092s] -- Installing: /home/jagdeesh/tracker/install/example_mode_manual_cpp/share/example_mode_manual_cpp/environment/path.sh
[6.092s] -- Installing: /home/jagdeesh/tracker/install/example_mode_manual_cpp/share/example_mode_manual_cpp/environment/path.dsv
[6.092s] -- Installing: /home/jagdeesh/tracker/install/example_mode_manual_cpp/share/example_mode_manual_cpp/local_setup.bash
[6.092s] -- Installing: /home/jagdeesh/tracker/install/example_mode_manual_cpp/share/example_mode_manual_cpp/local_setup.sh
[6.092s] -- Installing: /home/jagdeesh/tracker/install/example_mode_manual_cpp/share/example_mode_manual_cpp/local_setup.zsh
[6.092s] -- Installing: /home/jagdeesh/tracker/install/example_mode_manual_cpp/share/example_mode_manual_cpp/local_setup.dsv
[6.093s] -- Installing: /home/jagdeesh/tracker/install/example_mode_manual_cpp/share/example_mode_manual_cpp/package.dsv
[6.093s] -- Installing: /home/jagdeesh/tracker/install/example_mode_manual_cpp/share/ament_index/resource_index/packages/example_mode_manual_cpp
[6.093s] -- Installing: /home/jagdeesh/tracker/install/example_mode_manual_cpp/share/example_mode_manual_cpp/cmake/example_mode_manual_cppConfig.cmake
[6.093s] -- Installing: /home/jagdeesh/tracker/install/example_mode_manual_cpp/share/example_mode_manual_cpp/cmake/example_mode_manual_cppConfig-version.cmake
[6.093s] -- Installing: /home/jagdeesh/tracker/install/example_mode_manual_cpp/share/example_mode_manual_cpp/package.xml
[6.096s] Invoked command in '/home/jagdeesh/tracker/build/example_mode_manual_cpp' returned '0': AMENT_PREFIX_PATH=/home/jagdeesh/tracker/install/px4_ros2_cpp:/home/jagdeesh/tracker/install/px4_msgs:${AMENT_PREFIX_PATH} CMAKE_PREFIX_PATH=/home/jagdeesh/tracker/install/px4_ros2_cpp:/home/jagdeesh/tracker/install/px4_msgs:/opt/ros/humble LD_LIBRARY_PATH=/home/jagdeesh/tracker/install/px4_ros2_cpp/lib:/home/jagdeesh/tracker/install/px4_msgs/lib:${LD_LIBRARY_PATH} PYTHONPATH=/home/jagdeesh/tracker/install/px4_msgs/local/lib/python3.10/dist-packages:${PYTHONPATH} /usr/bin/cmake --install /home/jagdeesh/tracker/build/example_mode_manual_cpp
