[0.026s] Invoking command in '/home/jagdeesh/tracker/build/precision_land': AMENT_PREFIX_PATH=/home/jagdeesh/tracker/install/px4_ros2_cpp:/home/jagdeesh/tracker/install/px4_msgs:${AMENT_PREFIX_PATH} CMAKE_PREFIX_PATH=/home/jagdeesh/tracker/install/px4_ros2_cpp:/home/jagdeesh/tracker/install/px4_msgs:/opt/ros/humble LD_LIBRARY_PATH=/home/jagdeesh/tracker/install/px4_ros2_cpp/lib:/home/jagdeesh/tracker/install/px4_msgs/lib:${LD_LIBRARY_PATH} PYTHONPATH=/home/jagdeesh/tracker/install/px4_msgs/local/lib/python3.10/dist-packages:${PYTHONPATH} /usr/bin/cmake /home/jagdeesh/tracker/fixed_src/precision_land -DCMAKE_INSTALL_PREFIX=/home/jagdeesh/tracker/install/precision_land
[0.048s] -- Found ament_cmake: 1.3.14 (/opt/ros/humble/share/ament_cmake/cmake)
[0.313s] -- Found rclcpp: 16.0.18 (/opt/ros/humble/share/rclcpp/cmake)
[0.374s] -- Found rosidl_generator_c: 3.1.8 (/opt/ros/humble/share/rosidl_generator_c/cmake)
[0.384s] -- Found rosidl_adapter: 3.1.8 (/opt/ros/humble/share/rosidl_adapter/cmake)
[0.395s] -- Found rosidl_generator_cpp: 3.1.8 (/opt/ros/humble/share/rosidl_generator_cpp/cmake)
[0.416s] -- Using all available rosidl_typesupport_c: rosidl_typesupport_fastrtps_c;rosidl_typesupport_introspection_c
[0.442s] -- Using all available rosidl_typesupport_cpp: rosidl_typesupport_fastrtps_cpp;rosidl_typesupport_introspection_cpp
[0.512s] -- Found rmw_implementation_cmake: 6.1.2 (/opt/ros/humble/share/rmw_implementation_cmake/cmake)
[0.516s] -- Found rmw_fastrtps_cpp: 6.2.10 (/opt/ros/humble/share/rmw_fastrtps_cpp/cmake)
[0.720s] -- Using RMW implementation 'rmw_fastrtps_cpp' as default
[0.811s] -- Found eigen3_cmake_module: 0.1.1 (/opt/ros/humble/share/eigen3_cmake_module/cmake)
[0.815s] -- Found px4_ros2_cpp: 0.0.1 (/home/jagdeesh/tracker/install/px4_ros2_cpp/share/px4_ros2_cpp/cmake)
[0.840s] -- Found geometry_msgs: 4.9.1 (/opt/ros/humble/share/geometry_msgs/cmake)
[0.862s] -- Found tf2_ros: 0.25.19 (/opt/ros/humble/share/tf2_ros/cmake)
[1.015s] -- Found ament_lint_auto: 0.12.15 (/opt/ros/humble/share/ament_lint_auto/cmake)
[1.152s] -- Added test 'copyright' to check source files copyright and LICENSE
[1.153s] -- Added test 'cppcheck' to perform static code analysis on C / C++ code
[1.154s] -- Configured cppcheck include dirs: 
[1.154s] -- Configured cppcheck exclude dirs and/or files: 
[1.155s] -- Added test 'cpplint' to check C / C++ code against the Google style
[1.155s] -- Configured cpplint exclude dirs and/or files: 
[1.155s] -- Added test 'flake8' to check Python code syntax and style conventions
[1.156s] -- Added test 'lint_cmake' to check CMake code style
[1.157s] -- Added test 'pep257' to check Python code against some of the docstring style conventions in PEP 257
[1.158s] -- Added test 'uncrustify' to check C / C++ code style
[1.158s] -- Configured uncrustify additional arguments: 
[1.159s] -- Added test 'xmllint' to check XML markup files
[1.160s] -- Configuring done
[1.183s] -- Generating done
[1.192s] -- Build files have been written to: /home/jagdeesh/tracker/build/precision_land
[1.205s] Invoked command in '/home/jagdeesh/tracker/build/precision_land' returned '0': AMENT_PREFIX_PATH=/home/jagdeesh/tracker/install/px4_ros2_cpp:/home/jagdeesh/tracker/install/px4_msgs:${AMENT_PREFIX_PATH} CMAKE_PREFIX_PATH=/home/jagdeesh/tracker/install/px4_ros2_cpp:/home/jagdeesh/tracker/install/px4_msgs:/opt/ros/humble LD_LIBRARY_PATH=/home/jagdeesh/tracker/install/px4_ros2_cpp/lib:/home/jagdeesh/tracker/install/px4_msgs/lib:${LD_LIBRARY_PATH} PYTHONPATH=/home/jagdeesh/tracker/install/px4_msgs/local/lib/python3.10/dist-packages:${PYTHONPATH} /usr/bin/cmake /home/jagdeesh/tracker/fixed_src/precision_land -DCMAKE_INSTALL_PREFIX=/home/jagdeesh/tracker/install/precision_land
[1.208s] Invoking command in '/home/jagdeesh/tracker/build/precision_land': AMENT_PREFIX_PATH=/home/jagdeesh/tracker/install/px4_ros2_cpp:/home/jagdeesh/tracker/install/px4_msgs:${AMENT_PREFIX_PATH} CMAKE_PREFIX_PATH=/home/jagdeesh/tracker/install/px4_ros2_cpp:/home/jagdeesh/tracker/install/px4_msgs:/opt/ros/humble LD_LIBRARY_PATH=/home/jagdeesh/tracker/install/px4_ros2_cpp/lib:/home/jagdeesh/tracker/install/px4_msgs/lib:${LD_LIBRARY_PATH} PYTHONPATH=/home/jagdeesh/tracker/install/px4_msgs/local/lib/python3.10/dist-packages:${PYTHONPATH} /usr/bin/cmake --build /home/jagdeesh/tracker/build/precision_land -- -j12 -l12
[1.293s] [35m[1mConsolidate compiler generated dependencies of target precision_land[0m
[1.334s] [100%] Built target precision_land
[1.354s] Invoked command in '/home/jagdeesh/tracker/build/precision_land' returned '0': AMENT_PREFIX_PATH=/home/jagdeesh/tracker/install/px4_ros2_cpp:/home/jagdeesh/tracker/install/px4_msgs:${AMENT_PREFIX_PATH} CMAKE_PREFIX_PATH=/home/jagdeesh/tracker/install/px4_ros2_cpp:/home/jagdeesh/tracker/install/px4_msgs:/opt/ros/humble LD_LIBRARY_PATH=/home/jagdeesh/tracker/install/px4_ros2_cpp/lib:/home/jagdeesh/tracker/install/px4_msgs/lib:${LD_LIBRARY_PATH} PYTHONPATH=/home/jagdeesh/tracker/install/px4_msgs/local/lib/python3.10/dist-packages:${PYTHONPATH} /usr/bin/cmake --build /home/jagdeesh/tracker/build/precision_land -- -j12 -l12
[1.357s] Invoking command in '/home/jagdeesh/tracker/build/precision_land': AMENT_PREFIX_PATH=/home/jagdeesh/tracker/install/px4_ros2_cpp:/home/jagdeesh/tracker/install/px4_msgs:${AMENT_PREFIX_PATH} CMAKE_PREFIX_PATH=/home/jagdeesh/tracker/install/px4_ros2_cpp:/home/jagdeesh/tracker/install/px4_msgs:/opt/ros/humble LD_LIBRARY_PATH=/home/jagdeesh/tracker/install/px4_ros2_cpp/lib:/home/jagdeesh/tracker/install/px4_msgs/lib:${LD_LIBRARY_PATH} PYTHONPATH=/home/jagdeesh/tracker/install/px4_msgs/local/lib/python3.10/dist-packages:${PYTHONPATH} /usr/bin/cmake --install /home/jagdeesh/tracker/build/precision_land
[1.369s] -- Install configuration: "Release"
[1.369s] -- Up-to-date: /home/jagdeesh/tracker/install/precision_land/lib/precision_land/precision_land
[1.370s] -- Up-to-date: /home/jagdeesh/tracker/install/precision_land/share/precision_land//launch
[1.370s] -- Up-to-date: /home/jagdeesh/tracker/install/precision_land/share/precision_land//launch/precision_landing_system.launch.py
[1.370s] -- Up-to-date: /home/jagdeesh/tracker/install/precision_land/share/precision_land//cfg
[1.371s] -- Up-to-date: /home/jagdeesh/tracker/install/precision_land/share/precision_land//cfg/bridge.yaml
[1.371s] -- Up-to-date: /home/jagdeesh/tracker/install/precision_land/share/precision_land//cfg/params.yaml
[1.371s] -- Up-to-date: /home/jagdeesh/tracker/install/precision_land/share/ament_index/resource_index/package_run_dependencies/precision_land
[1.371s] -- Up-to-date: /home/jagdeesh/tracker/install/precision_land/share/ament_index/resource_index/parent_prefix_path/precision_land
[1.372s] -- Up-to-date: /home/jagdeesh/tracker/install/precision_land/share/precision_land/environment/ament_prefix_path.sh
[1.372s] -- Installing: /home/jagdeesh/tracker/install/precision_land/share/precision_land/environment/ament_prefix_path.dsv
[1.372s] -- Up-to-date: /home/jagdeesh/tracker/install/precision_land/share/precision_land/environment/path.sh
[1.372s] -- Installing: /home/jagdeesh/tracker/install/precision_land/share/precision_land/environment/path.dsv
[1.372s] -- Up-to-date: /home/jagdeesh/tracker/install/precision_land/share/precision_land/local_setup.bash
[1.372s] -- Up-to-date: /home/jagdeesh/tracker/install/precision_land/share/precision_land/local_setup.sh
[1.373s] -- Up-to-date: /home/jagdeesh/tracker/install/precision_land/share/precision_land/local_setup.zsh
[1.373s] -- Installing: /home/jagdeesh/tracker/install/precision_land/share/precision_land/local_setup.dsv
[1.373s] -- Installing: /home/jagdeesh/tracker/install/precision_land/share/precision_land/package.dsv
[1.373s] -- Up-to-date: /home/jagdeesh/tracker/install/precision_land/share/ament_index/resource_index/packages/precision_land
[1.373s] -- Up-to-date: /home/jagdeesh/tracker/install/precision_land/share/precision_land/cmake/precision_landConfig.cmake
[1.374s] -- Up-to-date: /home/jagdeesh/tracker/install/precision_land/share/precision_land/cmake/precision_landConfig-version.cmake
[1.374s] -- Up-to-date: /home/jagdeesh/tracker/install/precision_land/share/precision_land/package.xml
[1.378s] Invoked command in '/home/jagdeesh/tracker/build/precision_land' returned '0': AMENT_PREFIX_PATH=/home/jagdeesh/tracker/install/px4_ros2_cpp:/home/jagdeesh/tracker/install/px4_msgs:${AMENT_PREFIX_PATH} CMAKE_PREFIX_PATH=/home/jagdeesh/tracker/install/px4_ros2_cpp:/home/jagdeesh/tracker/install/px4_msgs:/opt/ros/humble LD_LIBRARY_PATH=/home/jagdeesh/tracker/install/px4_ros2_cpp/lib:/home/jagdeesh/tracker/install/px4_msgs/lib:${LD_LIBRARY_PATH} PYTHONPATH=/home/jagdeesh/tracker/install/px4_msgs/local/lib/python3.10/dist-packages:${PYTHONPATH} /usr/bin/cmake --install /home/jagdeesh/tracker/build/precision_land
