gmake[1]: Entering directory '/home/jagdeesh/tracker/build/example_rover_velocity_mode_cpp'
gmake[2]: Entering directory '/home/jagdeesh/tracker/build/example_rover_velocity_mode_cpp'
gmake[3]: Entering directory '/home/jagdeesh/tracker/build/example_rover_velocity_mode_cpp'
Consolidate compiler generated dependencies of target rover_velocity_mode
gmake[3]: Leaving directory '/home/jagdeesh/tracker/build/example_rover_velocity_mode_cpp'
[100%] Built target rover_velocity_mode
gmake[2]: Leaving directory '/home/jagdeesh/tracker/build/example_rover_velocity_mode_cpp'
gmake[1]: Leaving directory '/home/jagdeesh/tracker/build/example_rover_velocity_mode_cpp'
-- Install configuration: "Release"
-- Up-to-date: /home/jagdeesh/tracker/install/example_rover_velocity_mode_cpp/lib/example_rover_velocity_mode_cpp/rover_velocity_mode
-- Up-to-date: /home/jagdeesh/tracker/install/example_rover_velocity_mode_cpp/share/ament_index/resource_index/package_run_dependencies/example_rover_velocity_mode_cpp
-- Up-to-date: /home/jagdeesh/tracker/install/example_rover_velocity_mode_cpp/share/ament_index/resource_index/parent_prefix_path/example_rover_velocity_mode_cpp
-- Up-to-date: /home/jagdeesh/tracker/install/example_rover_velocity_mode_cpp/share/example_rover_velocity_mode_cpp/environment/ament_prefix_path.sh
-- Up-to-date: /home/jagdeesh/tracker/install/example_rover_velocity_mode_cpp/share/example_rover_velocity_mode_cpp/environment/ament_prefix_path.dsv
-- Up-to-date: /home/jagdeesh/tracker/install/example_rover_velocity_mode_cpp/share/example_rover_velocity_mode_cpp/environment/path.sh
-- Up-to-date: /home/jagdeesh/tracker/install/example_rover_velocity_mode_cpp/share/example_rover_velocity_mode_cpp/environment/path.dsv
-- Up-to-date: /home/jagdeesh/tracker/install/example_rover_velocity_mode_cpp/share/example_rover_velocity_mode_cpp/local_setup.bash
-- Up-to-date: /home/jagdeesh/tracker/install/example_rover_velocity_mode_cpp/share/example_rover_velocity_mode_cpp/local_setup.sh
-- Up-to-date: /home/jagdeesh/tracker/install/example_rover_velocity_mode_cpp/share/example_rover_velocity_mode_cpp/local_setup.zsh
-- Up-to-date: /home/jagdeesh/tracker/install/example_rover_velocity_mode_cpp/share/example_rover_velocity_mode_cpp/local_setup.dsv
-- Installing: /home/jagdeesh/tracker/install/example_rover_velocity_mode_cpp/share/example_rover_velocity_mode_cpp/package.dsv
-- Up-to-date: /home/jagdeesh/tracker/install/example_rover_velocity_mode_cpp/share/ament_index/resource_index/packages/example_rover_velocity_mode_cpp
-- Up-to-date: /home/jagdeesh/tracker/install/example_rover_velocity_mode_cpp/share/example_rover_velocity_mode_cpp/cmake/example_rover_velocity_mode_cppConfig.cmake
-- Up-to-date: /home/jagdeesh/tracker/install/example_rover_velocity_mode_cpp/share/example_rover_velocity_mode_cpp/cmake/example_rover_velocity_mode_cppConfig-version.cmake
-- Up-to-date: /home/jagdeesh/tracker/install/example_rover_velocity_mode_cpp/share/example_rover_velocity_mode_cpp/package.xml
