-- Found ament_cmake: 1.3.14 (/opt/ros/humble/share/ament_cmake/cmake)
-- Found ament_index_cpp: 1.4.1 (/opt/ros/humble/share/ament_index_cpp/cmake)
-- Configuring done
-- Generating done
-- Build files have been written to: /home/jagdeesh/tracker/build/ros_ign_image
[35m[1mConsolidate compiler generated dependencies of target image_bridge[0m
[100%] Built target image_bridge
-- Install configuration: "Release"
-- Up-to-date: /home/jagdeesh/tracker/install/ros_ign_image/lib/ros_ign_image/image_bridge
-- Up-to-date: /home/jagdeesh/tracker/install/ros_ign_image/share/ament_index/resource_index/package_run_dependencies/ros_ign_image
-- Up-to-date: /home/jagdeesh/tracker/install/ros_ign_image/share/ament_index/resource_index/parent_prefix_path/ros_ign_image
-- Up-to-date: /home/jagdeesh/tracker/install/ros_ign_image/share/ros_ign_image/environment/ament_prefix_path.sh
-- Installing: /home/jagdeesh/tracker/install/ros_ign_image/share/ros_ign_image/environment/ament_prefix_path.dsv
-- Up-to-date: /home/jagdeesh/tracker/install/ros_ign_image/share/ros_ign_image/environment/path.sh
-- Installing: /home/jagdeesh/tracker/install/ros_ign_image/share/ros_ign_image/environment/path.dsv
-- Up-to-date: /home/jagdeesh/tracker/install/ros_ign_image/share/ros_ign_image/local_setup.bash
-- Up-to-date: /home/jagdeesh/tracker/install/ros_ign_image/share/ros_ign_image/local_setup.sh
-- Up-to-date: /home/jagdeesh/tracker/install/ros_ign_image/share/ros_ign_image/local_setup.zsh
-- Installing: /home/jagdeesh/tracker/install/ros_ign_image/share/ros_ign_image/local_setup.dsv
-- Installing: /home/jagdeesh/tracker/install/ros_ign_image/share/ros_ign_image/package.dsv
-- Up-to-date: /home/jagdeesh/tracker/install/ros_ign_image/share/ament_index/resource_index/packages/ros_ign_image
-- Up-to-date: /home/jagdeesh/tracker/install/ros_ign_image/share/ros_ign_image/cmake/ament_cmake_export_dependencies-extras.cmake
-- Up-to-date: /home/jagdeesh/tracker/install/ros_ign_image/share/ros_ign_image/cmake/ros_ign_imageConfig.cmake
-- Up-to-date: /home/jagdeesh/tracker/install/ros_ign_image/share/ros_ign_image/cmake/ros_ign_imageConfig-version.cmake
-- Up-to-date: /home/jagdeesh/tracker/install/ros_ign_image/share/ros_ign_image/package.xml
