[0.039s] Invoking command in '/home/jagdeesh/tracker/build/ros_ign_image': AMENT_PREFIX_PATH=/home/jagdeesh/tracker/install/ros_gz_image:/home/jagdeesh/tracker/install/ros_gz_bridge:/home/jagdeesh/tracker/install/ros_gz_interfaces:${AMENT_PREFIX_PATH} CMAKE_PREFIX_PATH=/home/jagdeesh/tracker/install/ros_gz_image:/home/jagdeesh/tracker/install/ros_gz_bridge:/home/jagdeesh/tracker/install/ros_gz_interfaces:/opt/ros/humble LD_LIBRARY_PATH=/home/jagdeesh/tracker/install/ros_gz_bridge/lib:/home/jagdeesh/tracker/install/ros_gz_interfaces/lib:${LD_LIBRARY_PATH} PYTHONPATH=/home/jagdeesh/tracker/install/ros_gz_interfaces/local/lib/python3.10/dist-packages:${PYTHONPATH} /usr/bin/cmake /home/jagdeesh/tracker/src/ros_gz/ros_ign_image -DCMAKE_INSTALL_PREFIX=/home/jagdeesh/tracker/install/ros_ign_image
[0.062s] -- Found ament_cmake: 1.3.14 (/opt/ros/humble/share/ament_cmake/cmake)
[0.338s] -- Found ament_index_cpp: 1.4.1 (/opt/ros/humble/share/ament_index_cpp/cmake)
[0.504s] -- Configuring done
[0.531s] -- Generating done
[0.534s] -- Build files have been written to: /home/jagdeesh/tracker/build/ros_ign_image
[0.540s] Invoked command in '/home/jagdeesh/tracker/build/ros_ign_image' returned '0': AMENT_PREFIX_PATH=/home/jagdeesh/tracker/install/ros_gz_image:/home/jagdeesh/tracker/install/ros_gz_bridge:/home/jagdeesh/tracker/install/ros_gz_interfaces:${AMENT_PREFIX_PATH} CMAKE_PREFIX_PATH=/home/jagdeesh/tracker/install/ros_gz_image:/home/jagdeesh/tracker/install/ros_gz_bridge:/home/jagdeesh/tracker/install/ros_gz_interfaces:/opt/ros/humble LD_LIBRARY_PATH=/home/jagdeesh/tracker/install/ros_gz_bridge/lib:/home/jagdeesh/tracker/install/ros_gz_interfaces/lib:${LD_LIBRARY_PATH} PYTHONPATH=/home/jagdeesh/tracker/install/ros_gz_interfaces/local/lib/python3.10/dist-packages:${PYTHONPATH} /usr/bin/cmake /home/jagdeesh/tracker/src/ros_gz/ros_ign_image -DCMAKE_INSTALL_PREFIX=/home/jagdeesh/tracker/install/ros_ign_image
[0.543s] Invoking command in '/home/jagdeesh/tracker/build/ros_ign_image': AMENT_PREFIX_PATH=/home/jagdeesh/tracker/install/ros_gz_image:/home/jagdeesh/tracker/install/ros_gz_bridge:/home/jagdeesh/tracker/install/ros_gz_interfaces:${AMENT_PREFIX_PATH} CMAKE_PREFIX_PATH=/home/jagdeesh/tracker/install/ros_gz_image:/home/jagdeesh/tracker/install/ros_gz_bridge:/home/jagdeesh/tracker/install/ros_gz_interfaces:/opt/ros/humble LD_LIBRARY_PATH=/home/jagdeesh/tracker/install/ros_gz_bridge/lib:/home/jagdeesh/tracker/install/ros_gz_interfaces/lib:${LD_LIBRARY_PATH} PYTHONPATH=/home/jagdeesh/tracker/install/ros_gz_interfaces/local/lib/python3.10/dist-packages:${PYTHONPATH} /usr/bin/cmake --build /home/jagdeesh/tracker/build/ros_ign_image -- -j12 -l12
[0.693s] [35m[1mConsolidate compiler generated dependencies of target image_bridge[0m
[1.076s] [100%] Built target image_bridge
[1.651s] Invoked command in '/home/jagdeesh/tracker/build/ros_ign_image' returned '0': AMENT_PREFIX_PATH=/home/jagdeesh/tracker/install/ros_gz_image:/home/jagdeesh/tracker/install/ros_gz_bridge:/home/jagdeesh/tracker/install/ros_gz_interfaces:${AMENT_PREFIX_PATH} CMAKE_PREFIX_PATH=/home/jagdeesh/tracker/install/ros_gz_image:/home/jagdeesh/tracker/install/ros_gz_bridge:/home/jagdeesh/tracker/install/ros_gz_interfaces:/opt/ros/humble LD_LIBRARY_PATH=/home/jagdeesh/tracker/install/ros_gz_bridge/lib:/home/jagdeesh/tracker/install/ros_gz_interfaces/lib:${LD_LIBRARY_PATH} PYTHONPATH=/home/jagdeesh/tracker/install/ros_gz_interfaces/local/lib/python3.10/dist-packages:${PYTHONPATH} /usr/bin/cmake --build /home/jagdeesh/tracker/build/ros_ign_image -- -j12 -l12
[1.652s] Invoking command in '/home/jagdeesh/tracker/build/ros_ign_image': AMENT_PREFIX_PATH=/home/jagdeesh/tracker/install/ros_gz_image:/home/jagdeesh/tracker/install/ros_gz_bridge:/home/jagdeesh/tracker/install/ros_gz_interfaces:${AMENT_PREFIX_PATH} CMAKE_PREFIX_PATH=/home/jagdeesh/tracker/install/ros_gz_image:/home/jagdeesh/tracker/install/ros_gz_bridge:/home/jagdeesh/tracker/install/ros_gz_interfaces:/opt/ros/humble LD_LIBRARY_PATH=/home/jagdeesh/tracker/install/ros_gz_bridge/lib:/home/jagdeesh/tracker/install/ros_gz_interfaces/lib:${LD_LIBRARY_PATH} PYTHONPATH=/home/jagdeesh/tracker/install/ros_gz_interfaces/local/lib/python3.10/dist-packages:${PYTHONPATH} /usr/bin/cmake --install /home/jagdeesh/tracker/build/ros_ign_image
[1.654s] -- Install configuration: "Release"
[1.654s] -- Up-to-date: /home/jagdeesh/tracker/install/ros_ign_image/lib/ros_ign_image/image_bridge
[1.654s] -- Up-to-date: /home/jagdeesh/tracker/install/ros_ign_image/share/ament_index/resource_index/package_run_dependencies/ros_ign_image
[1.654s] -- Up-to-date: /home/jagdeesh/tracker/install/ros_ign_image/share/ament_index/resource_index/parent_prefix_path/ros_ign_image
[1.654s] -- Up-to-date: /home/jagdeesh/tracker/install/ros_ign_image/share/ros_ign_image/environment/ament_prefix_path.sh
[1.655s] -- Installing: /home/jagdeesh/tracker/install/ros_ign_image/share/ros_ign_image/environment/ament_prefix_path.dsv
[1.655s] -- Up-to-date: /home/jagdeesh/tracker/install/ros_ign_image/share/ros_ign_image/environment/path.sh
[1.655s] -- Installing: /home/jagdeesh/tracker/install/ros_ign_image/share/ros_ign_image/environment/path.dsv
[1.655s] -- Up-to-date: /home/jagdeesh/tracker/install/ros_ign_image/share/ros_ign_image/local_setup.bash
[1.655s] -- Up-to-date: /home/jagdeesh/tracker/install/ros_ign_image/share/ros_ign_image/local_setup.sh
[1.655s] -- Up-to-date: /home/jagdeesh/tracker/install/ros_ign_image/share/ros_ign_image/local_setup.zsh
[1.656s] -- Installing: /home/jagdeesh/tracker/install/ros_ign_image/share/ros_ign_image/local_setup.dsv
[1.656s] -- Installing: /home/jagdeesh/tracker/install/ros_ign_image/share/ros_ign_image/package.dsv
[1.656s] -- Up-to-date: /home/jagdeesh/tracker/install/ros_ign_image/share/ament_index/resource_index/packages/ros_ign_image
[1.656s] -- Up-to-date: /home/jagdeesh/tracker/install/ros_ign_image/share/ros_ign_image/cmake/ament_cmake_export_dependencies-extras.cmake
[1.656s] -- Up-to-date: /home/jagdeesh/tracker/install/ros_ign_image/share/ros_ign_image/cmake/ros_ign_imageConfig.cmake
[1.656s] -- Up-to-date: /home/jagdeesh/tracker/install/ros_ign_image/share/ros_ign_image/cmake/ros_ign_imageConfig-version.cmake
[1.656s] -- Up-to-date: /home/jagdeesh/tracker/install/ros_ign_image/share/ros_ign_image/package.xml
[1.661s] Invoked command in '/home/jagdeesh/tracker/build/ros_ign_image' returned '0': AMENT_PREFIX_PATH=/home/jagdeesh/tracker/install/ros_gz_image:/home/jagdeesh/tracker/install/ros_gz_bridge:/home/jagdeesh/tracker/install/ros_gz_interfaces:${AMENT_PREFIX_PATH} CMAKE_PREFIX_PATH=/home/jagdeesh/tracker/install/ros_gz_image:/home/jagdeesh/tracker/install/ros_gz_bridge:/home/jagdeesh/tracker/install/ros_gz_interfaces:/opt/ros/humble LD_LIBRARY_PATH=/home/jagdeesh/tracker/install/ros_gz_bridge/lib:/home/jagdeesh/tracker/install/ros_gz_interfaces/lib:${LD_LIBRARY_PATH} PYTHONPATH=/home/jagdeesh/tracker/install/ros_gz_interfaces/local/lib/python3.10/dist-packages:${PYTHONPATH} /usr/bin/cmake --install /home/jagdeesh/tracker/build/ros_ign_image
