[0.011s] Invoking command in '/home/jagdeesh/tracker/build/image_geometry': CMAKE_PREFIX_PATH=/opt/ros/humble /usr/bin/cmake --build /home/jagdeesh/tracker/build/image_geometry -- -j12 -l12
[0.026s] gmake[1]: Entering directory '/home/jagdeesh/tracker/build/image_geometry'
[0.062s] gmake[2]: Entering directory '/home/jagdeesh/tracker/build/image_geometry'
[0.064s] gmake[3]: Entering directory '/home/jagdeesh/tracker/build/image_geometry'
[0.080s] gmake[3]: Leaving directory '/home/jagdeesh/tracker/build/image_geometry'
[0.082s] gmake[3]: Entering directory '/home/jagdeesh/tracker/build/image_geometry'
[0.123s] gmake[3]: Leaving directory '/home/jagdeesh/tracker/build/image_geometry'
[0.137s] [  0%] Built target ament_cmake_python_copy_image_geometry
[0.141s] gmake[3]: Entering directory '/home/jagdeesh/tracker/build/image_geometry'
[0.161s] Consolidate compiler generated dependencies of target gtest
[0.162s] gmake[3]: Leaving directory '/home/jagdeesh/tracker/build/image_geometry'
[0.181s] [ 18%] Built target gtest
[0.188s] gmake[3]: Entering directory '/home/jagdeesh/tracker/build/image_geometry'
[0.201s] gmake[3]: Leaving directory '/home/jagdeesh/tracker/build/image_geometry'
[0.203s] gmake[3]: Entering directory '/home/jagdeesh/tracker/build/image_geometry'
[1.006s] running egg_info
[1.006s] writing image_geometry.egg-info/PKG-INFO
[1.006s] writing dependency_links to image_geometry.egg-info/dependency_links.txt
[1.006s] writing top-level names to image_geometry.egg-info/top_level.txt
[1.033s] reading manifest file 'image_geometry.egg-info/SOURCES.txt'
[1.044s] writing manifest file 'image_geometry.egg-info/SOURCES.txt'
[1.169s] gmake[3]: Leaving directory '/home/jagdeesh/tracker/build/image_geometry'
[1.222s] [ 18%] Built target ament_cmake_python_build_image_geometry_egg
[1.279s] gmake[3]: Entering directory '/home/jagdeesh/tracker/build/image_geometry'
[1.344s] Consolidate compiler generated dependencies of target gtest_main
[1.349s] gmake[3]: Leaving directory '/home/jagdeesh/tracker/build/image_geometry'
[1.424s] [ 36%] Built target gtest_main
[1.424s] gmake[3]: Entering directory '/home/jagdeesh/tracker/build/image_geometry'
[1.424s] Consolidate compiler generated dependencies of target image_geometry
[1.424s] gmake[3]: Leaving directory '/home/jagdeesh/tracker/build/image_geometry'
[1.425s] [ 63%] Built target image_geometry
[1.425s] gmake[3]: Entering directory '/home/jagdeesh/tracker/build/image_geometry'
[1.425s] Consolidate compiler generated dependencies of target image_geometry-utest
[1.425s] gmake[3]: Leaving directory '/home/jagdeesh/tracker/build/image_geometry'
[1.425s] [ 81%] Built target image_geometry-utest
[1.428s] gmake[3]: Entering directory '/home/jagdeesh/tracker/build/image_geometry'
[1.439s] Consolidate compiler generated dependencies of target image_geometry-utest-equi
[1.439s] gmake[3]: Leaving directory '/home/jagdeesh/tracker/build/image_geometry'
[1.442s] [100%] Built target image_geometry-utest-equi
[1.442s] gmake[2]: Leaving directory '/home/jagdeesh/tracker/build/image_geometry'
[1.448s] gmake[1]: Leaving directory '/home/jagdeesh/tracker/build/image_geometry'
[1.449s] Invoked command in '/home/jagdeesh/tracker/build/image_geometry' returned '0': CMAKE_PREFIX_PATH=/opt/ros/humble /usr/bin/cmake --build /home/jagdeesh/tracker/build/image_geometry -- -j12 -l12
[1.450s] Invoking command in '/home/jagdeesh/tracker/build/image_geometry': CMAKE_PREFIX_PATH=/opt/ros/humble /usr/bin/cmake --install /home/jagdeesh/tracker/build/image_geometry
[1.453s] -- Install configuration: "Release"
[1.453s] -- Up-to-date: /home/jagdeesh/tracker/install/image_geometry/share/image_geometry/environment/pythonpath.sh
[1.453s] -- Up-to-date: /home/jagdeesh/tracker/install/image_geometry/share/image_geometry/environment/pythonpath.dsv
[1.453s] -- Up-to-date: /home/jagdeesh/tracker/install/image_geometry/local/lib/python3.10/dist-packages/image_geometry-4.1.0-py3.10.egg-info
[1.453s] -- Installing: /home/jagdeesh/tracker/install/image_geometry/local/lib/python3.10/dist-packages/image_geometry-4.1.0-py3.10.egg-info/SOURCES.txt
[1.454s] -- Installing: /home/jagdeesh/tracker/install/image_geometry/local/lib/python3.10/dist-packages/image_geometry-4.1.0-py3.10.egg-info/dependency_links.txt
[1.454s] -- Installing: /home/jagdeesh/tracker/install/image_geometry/local/lib/python3.10/dist-packages/image_geometry-4.1.0-py3.10.egg-info/top_level.txt
[1.454s] -- Installing: /home/jagdeesh/tracker/install/image_geometry/local/lib/python3.10/dist-packages/image_geometry-4.1.0-py3.10.egg-info/PKG-INFO
[1.454s] -- Up-to-date: /home/jagdeesh/tracker/install/image_geometry/local/lib/python3.10/dist-packages/image_geometry
[1.454s] -- Up-to-date: /home/jagdeesh/tracker/install/image_geometry/local/lib/python3.10/dist-packages/image_geometry/__init__.py
[1.454s] -- Up-to-date: /home/jagdeesh/tracker/install/image_geometry/local/lib/python3.10/dist-packages/image_geometry/cameramodels.py
[1.460s] Listing '/home/jagdeesh/tracker/install/image_geometry/local/lib/python3.10/dist-packages/image_geometry'...
[1.461s] -- Up-to-date: /home/jagdeesh/tracker/install/image_geometry/include/image_geometry
[1.461s] -- Up-to-date: /home/jagdeesh/tracker/install/image_geometry/include/image_geometry/image_geometry
[1.461s] -- Up-to-date: /home/jagdeesh/tracker/install/image_geometry/include/image_geometry/image_geometry/pinhole_camera_model.hpp
[1.461s] -- Up-to-date: /home/jagdeesh/tracker/install/image_geometry/include/image_geometry/image_geometry/visibility_control.hpp
[1.461s] -- Up-to-date: /home/jagdeesh/tracker/install/image_geometry/include/image_geometry/image_geometry/stereo_camera_model.hpp
[1.461s] -- Up-to-date: /home/jagdeesh/tracker/install/image_geometry/lib/libimage_geometry.so
[1.461s] -- Up-to-date: /home/jagdeesh/tracker/install/image_geometry/share/ament_index/resource_index/package_run_dependencies/image_geometry
[1.461s] -- Up-to-date: /home/jagdeesh/tracker/install/image_geometry/share/ament_index/resource_index/parent_prefix_path/image_geometry
[1.461s] -- Up-to-date: /home/jagdeesh/tracker/install/image_geometry/share/image_geometry/environment/ament_prefix_path.sh
[1.461s] -- Up-to-date: /home/jagdeesh/tracker/install/image_geometry/share/image_geometry/environment/ament_prefix_path.dsv
[1.461s] -- Up-to-date: /home/jagdeesh/tracker/install/image_geometry/share/image_geometry/environment/path.sh
[1.462s] -- Up-to-date: /home/jagdeesh/tracker/install/image_geometry/share/image_geometry/environment/path.dsv
[1.462s] -- Up-to-date: /home/jagdeesh/tracker/install/image_geometry/share/image_geometry/local_setup.bash
[1.462s] -- Up-to-date: /home/jagdeesh/tracker/install/image_geometry/share/image_geometry/local_setup.sh
[1.462s] -- Up-to-date: /home/jagdeesh/tracker/install/image_geometry/share/image_geometry/local_setup.zsh
[1.462s] -- Up-to-date: /home/jagdeesh/tracker/install/image_geometry/share/image_geometry/local_setup.dsv
[1.462s] -- Installing: /home/jagdeesh/tracker/install/image_geometry/share/image_geometry/package.dsv
[1.462s] -- Up-to-date: /home/jagdeesh/tracker/install/image_geometry/share/ament_index/resource_index/packages/image_geometry
[1.463s] -- Up-to-date: /home/jagdeesh/tracker/install/image_geometry/share/image_geometry/cmake/export_image_geometryExport.cmake
[1.463s] -- Up-to-date: /home/jagdeesh/tracker/install/image_geometry/share/image_geometry/cmake/export_image_geometryExport-release.cmake
[1.463s] -- Up-to-date: /home/jagdeesh/tracker/install/image_geometry/share/image_geometry/cmake/ament_cmake_export_targets-extras.cmake
[1.463s] -- Up-to-date: /home/jagdeesh/tracker/install/image_geometry/share/image_geometry/cmake/ament_cmake_export_dependencies-extras.cmake
[1.463s] -- Up-to-date: /home/jagdeesh/tracker/install/image_geometry/share/image_geometry/cmake/image_geometryConfig.cmake
[1.463s] -- Up-to-date: /home/jagdeesh/tracker/install/image_geometry/share/image_geometry/cmake/image_geometryConfig-version.cmake
[1.463s] -- Up-to-date: /home/jagdeesh/tracker/install/image_geometry/share/image_geometry/package.xml
[1.464s] Invoked command in '/home/jagdeesh/tracker/build/image_geometry' returned '0': CMAKE_PREFIX_PATH=/opt/ros/humble /usr/bin/cmake --install /home/jagdeesh/tracker/build/image_geometry
