[0.012s] Invoking command in '/home/jagdeesh/tracker/build/example_mode_vtol_cpp': AMENT_PREFIX_PATH=/home/jagdeesh/tracker/install/px4_ros2_cpp:/home/jagdeesh/tracker/install/px4_msgs:${AMENT_PREFIX_PATH} CMAKE_PREFIX_PATH=/home/jagdeesh/tracker/install/px4_ros2_cpp:/home/jagdeesh/tracker/install/px4_msgs:/opt/ros/humble LD_LIBRARY_PATH=/home/jagdeesh/tracker/install/px4_ros2_cpp/lib:/home/jagdeesh/tracker/install/px4_msgs/lib:${LD_LIBRARY_PATH} PYTHONPATH=/home/jagdeesh/tracker/install/px4_msgs/local/lib/python3.10/dist-packages:${PYTHONPATH} /usr/bin/cmake /home/jagdeesh/tracker/src/px4-ros2-interface-lib/examples/cpp/modes/vtol -DCMAKE_BUILD_TYPE=Release -DCMAKE_INSTALL_PREFIX=/home/jagdeesh/tracker/install/example_mode_vtol_cpp
[0.075s] -- The C compiler identification is GNU 11.4.0
[0.141s] -- The CXX compiler identification is GNU 11.4.0
[0.150s] -- Detecting C compiler ABI info
[0.225s] -- Detecting C compiler ABI info - done
[0.233s] -- Check for working C compiler: /usr/bin/cc - skipped
[0.233s] -- Detecting C compile features
[0.234s] -- Detecting C compile features - done
[0.237s] -- Detecting CXX compiler ABI info
[0.322s] -- Detecting CXX compiler ABI info - done
[0.333s] -- Check for working CXX compiler: /usr/bin/c++ - skipped
[0.333s] -- Detecting CXX compile features
[0.334s] -- Detecting CXX compile features - done
[0.336s] -- Found eigen3_cmake_module: 0.1.1 (/opt/ros/humble/share/eigen3_cmake_module/cmake)
[0.346s] -- Found Eigen3: TRUE (found version "3.4.0") 
[0.348s] -- Found ament_cmake: 1.3.14 (/opt/ros/humble/share/ament_cmake/cmake)
[0.546s] -- Found Python3: /usr/bin/python3 (found version "3.10.12") found components: Interpreter 
[0.645s] -- Found rclcpp: 16.0.18 (/opt/ros/humble/share/rclcpp/cmake)
[0.702s] -- Found rosidl_generator_c: 3.1.8 (/opt/ros/humble/share/rosidl_generator_c/cmake)
[0.706s] -- Found rosidl_adapter: 3.1.8 (/opt/ros/humble/share/rosidl_adapter/cmake)
[0.714s] -- Found rosidl_generator_cpp: 3.1.8 (/opt/ros/humble/share/rosidl_generator_cpp/cmake)
[0.726s] -- Using all available rosidl_typesupport_c: rosidl_typesupport_fastrtps_c;rosidl_typesupport_introspection_c
[0.741s] -- Using all available rosidl_typesupport_cpp: rosidl_typesupport_fastrtps_cpp;rosidl_typesupport_introspection_cpp
[0.782s] -- Found rmw_implementation_cmake: 6.1.2 (/opt/ros/humble/share/rmw_implementation_cmake/cmake)
[0.784s] -- Found rmw_fastrtps_cpp: 6.2.10 (/opt/ros/humble/share/rmw_fastrtps_cpp/cmake)
[0.876s] -- Found OpenSSL: /usr/lib/x86_64-linux-gnu/libcrypto.so (found version "3.0.2")  
[0.911s] -- Found FastRTPS: /opt/ros/humble/include  
[0.962s] -- Using RMW implementation 'rmw_fastrtps_cpp' as default
[0.972s] -- Looking for pthread.h
[1.055s] -- Looking for pthread.h - found
[1.055s] -- Performing Test CMAKE_HAVE_LIBC_PTHREAD
[1.138s] -- Performing Test CMAKE_HAVE_LIBC_PTHREAD - Success
[1.139s] -- Found Threads: TRUE  
[1.190s] -- Found px4_ros2_cpp: 0.0.1 (/home/jagdeesh/tracker/install/px4_ros2_cpp/share/px4_ros2_cpp/cmake)
[1.206s] -- Found ament_lint_auto: 0.12.15 (/opt/ros/humble/share/ament_lint_auto/cmake)
[1.288s] -- Added test 'copyright' to check source files copyright and LICENSE
[1.289s] -- Added test 'cppcheck' to perform static code analysis on C / C++ code
[1.289s] -- Configured cppcheck include dirs: /home/jagdeesh/tracker/src/px4-ros2-interface-lib/examples/cpp/modes/vtol/include
[1.289s] -- Configured cppcheck exclude dirs and/or files: 
[1.290s] -- Added test 'cpplint' to check C / C++ code against the Google style
[1.290s] -- Configured cpplint exclude dirs and/or files: 
[1.291s] -- Added test 'lint_cmake' to check CMake code style
[1.292s] -- Added test 'uncrustify' to check C / C++ code style
[1.292s] -- Configured uncrustify additional arguments: 
[1.293s] -- Added test 'xmllint' to check XML markup files
[1.294s] -- Configuring done
[1.301s] -- Generating done
[1.304s] -- Build files have been written to: /home/jagdeesh/tracker/build/example_mode_vtol_cpp
[1.313s] Invoked command in '/home/jagdeesh/tracker/build/example_mode_vtol_cpp' returned '0': AMENT_PREFIX_PATH=/home/jagdeesh/tracker/install/px4_ros2_cpp:/home/jagdeesh/tracker/install/px4_msgs:${AMENT_PREFIX_PATH} CMAKE_PREFIX_PATH=/home/jagdeesh/tracker/install/px4_ros2_cpp:/home/jagdeesh/tracker/install/px4_msgs:/opt/ros/humble LD_LIBRARY_PATH=/home/jagdeesh/tracker/install/px4_ros2_cpp/lib:/home/jagdeesh/tracker/install/px4_msgs/lib:${LD_LIBRARY_PATH} PYTHONPATH=/home/jagdeesh/tracker/install/px4_msgs/local/lib/python3.10/dist-packages:${PYTHONPATH} /usr/bin/cmake /home/jagdeesh/tracker/src/px4-ros2-interface-lib/examples/cpp/modes/vtol -DCMAKE_BUILD_TYPE=Release -DCMAKE_INSTALL_PREFIX=/home/jagdeesh/tracker/install/example_mode_vtol_cpp
[1.315s] Invoking command in '/home/jagdeesh/tracker/build/example_mode_vtol_cpp': AMENT_PREFIX_PATH=/home/jagdeesh/tracker/install/px4_ros2_cpp:/home/jagdeesh/tracker/install/px4_msgs:${AMENT_PREFIX_PATH} CMAKE_PREFIX_PATH=/home/jagdeesh/tracker/install/px4_ros2_cpp:/home/jagdeesh/tracker/install/px4_msgs:/opt/ros/humble LD_LIBRARY_PATH=/home/jagdeesh/tracker/install/px4_ros2_cpp/lib:/home/jagdeesh/tracker/install/px4_msgs/lib:${LD_LIBRARY_PATH} PYTHONPATH=/home/jagdeesh/tracker/install/px4_msgs/local/lib/python3.10/dist-packages:${PYTHONPATH} /usr/bin/cmake --build /home/jagdeesh/tracker/build/example_mode_vtol_cpp -- -j12 -l12
[1.326s] gmake[1]: Entering directory '/home/jagdeesh/tracker/build/example_mode_vtol_cpp'
[1.349s] gmake[2]: Entering directory '/home/jagdeesh/tracker/build/example_mode_vtol_cpp'
[1.351s] gmake[3]: Entering directory '/home/jagdeesh/tracker/build/example_mode_vtol_cpp'
[1.362s] gmake[3]: Leaving directory '/home/jagdeesh/tracker/build/example_mode_vtol_cpp'
[1.363s] gmake[3]: Entering directory '/home/jagdeesh/tracker/build/example_mode_vtol_cpp'
[1.373s] [ 50%] [32mBuilding CXX object CMakeFiles/example_mode_vtol.dir/src/main.cpp.o[0m
[6.191s] [100%] [32m[1mLinking CXX executable example_mode_vtol[0m
[6.376s] gmake[3]: Leaving directory '/home/jagdeesh/tracker/build/example_mode_vtol_cpp'
[6.386s] [100%] Built target example_mode_vtol
[6.387s] gmake[2]: Leaving directory '/home/jagdeesh/tracker/build/example_mode_vtol_cpp'
[6.397s] gmake[1]: Leaving directory '/home/jagdeesh/tracker/build/example_mode_vtol_cpp'
[6.399s] Invoked command in '/home/jagdeesh/tracker/build/example_mode_vtol_cpp' returned '0': AMENT_PREFIX_PATH=/home/jagdeesh/tracker/install/px4_ros2_cpp:/home/jagdeesh/tracker/install/px4_msgs:${AMENT_PREFIX_PATH} CMAKE_PREFIX_PATH=/home/jagdeesh/tracker/install/px4_ros2_cpp:/home/jagdeesh/tracker/install/px4_msgs:/opt/ros/humble LD_LIBRARY_PATH=/home/jagdeesh/tracker/install/px4_ros2_cpp/lib:/home/jagdeesh/tracker/install/px4_msgs/lib:${LD_LIBRARY_PATH} PYTHONPATH=/home/jagdeesh/tracker/install/px4_msgs/local/lib/python3.10/dist-packages:${PYTHONPATH} /usr/bin/cmake --build /home/jagdeesh/tracker/build/example_mode_vtol_cpp -- -j12 -l12
[6.401s] Invoking command in '/home/jagdeesh/tracker/build/example_mode_vtol_cpp': AMENT_PREFIX_PATH=/home/jagdeesh/tracker/install/px4_ros2_cpp:/home/jagdeesh/tracker/install/px4_msgs:${AMENT_PREFIX_PATH} CMAKE_PREFIX_PATH=/home/jagdeesh/tracker/install/px4_ros2_cpp:/home/jagdeesh/tracker/install/px4_msgs:/opt/ros/humble LD_LIBRARY_PATH=/home/jagdeesh/tracker/install/px4_ros2_cpp/lib:/home/jagdeesh/tracker/install/px4_msgs/lib:${LD_LIBRARY_PATH} PYTHONPATH=/home/jagdeesh/tracker/install/px4_msgs/local/lib/python3.10/dist-packages:${PYTHONPATH} /usr/bin/cmake --install /home/jagdeesh/tracker/build/example_mode_vtol_cpp
[6.410s] -- Install configuration: "Release"
[6.410s] -- Installing: /home/jagdeesh/tracker/install/example_mode_vtol_cpp/lib/example_mode_vtol_cpp/example_mode_vtol
[6.411s] -- Set runtime path of "/home/jagdeesh/tracker/install/example_mode_vtol_cpp/lib/example_mode_vtol_cpp/example_mode_vtol" to ""
[6.411s] -- Installing: /home/jagdeesh/tracker/install/example_mode_vtol_cpp/share/ament_index/resource_index/package_run_dependencies/example_mode_vtol_cpp
[6.411s] -- Installing: /home/jagdeesh/tracker/install/example_mode_vtol_cpp/share/ament_index/resource_index/parent_prefix_path/example_mode_vtol_cpp
[6.411s] -- Installing: /home/jagdeesh/tracker/install/example_mode_vtol_cpp/share/example_mode_vtol_cpp/environment/ament_prefix_path.sh
[6.411s] -- Installing: /home/jagdeesh/tracker/install/example_mode_vtol_cpp/share/example_mode_vtol_cpp/environment/ament_prefix_path.dsv
[6.412s] -- Installing: /home/jagdeesh/tracker/install/example_mode_vtol_cpp/share/example_mode_vtol_cpp/environment/path.sh
[6.412s] -- Installing: /home/jagdeesh/tracker/install/example_mode_vtol_cpp/share/example_mode_vtol_cpp/environment/path.dsv
[6.412s] -- Installing: /home/jagdeesh/tracker/install/example_mode_vtol_cpp/share/example_mode_vtol_cpp/local_setup.bash
[6.412s] -- Installing: /home/jagdeesh/tracker/install/example_mode_vtol_cpp/share/example_mode_vtol_cpp/local_setup.sh
[6.412s] -- Installing: /home/jagdeesh/tracker/install/example_mode_vtol_cpp/share/example_mode_vtol_cpp/local_setup.zsh
[6.412s] -- Installing: /home/jagdeesh/tracker/install/example_mode_vtol_cpp/share/example_mode_vtol_cpp/local_setup.dsv
[6.413s] -- Installing: /home/jagdeesh/tracker/install/example_mode_vtol_cpp/share/example_mode_vtol_cpp/package.dsv
[6.413s] -- Installing: /home/jagdeesh/tracker/install/example_mode_vtol_cpp/share/ament_index/resource_index/packages/example_mode_vtol_cpp
[6.413s] -- Installing: /home/jagdeesh/tracker/install/example_mode_vtol_cpp/share/example_mode_vtol_cpp/cmake/example_mode_vtol_cppConfig.cmake
[6.413s] -- Installing: /home/jagdeesh/tracker/install/example_mode_vtol_cpp/share/example_mode_vtol_cpp/cmake/example_mode_vtol_cppConfig-version.cmake
[6.413s] -- Installing: /home/jagdeesh/tracker/install/example_mode_vtol_cpp/share/example_mode_vtol_cpp/package.xml
[6.416s] Invoked command in '/home/jagdeesh/tracker/build/example_mode_vtol_cpp' returned '0': AMENT_PREFIX_PATH=/home/jagdeesh/tracker/install/px4_ros2_cpp:/home/jagdeesh/tracker/install/px4_msgs:${AMENT_PREFIX_PATH} CMAKE_PREFIX_PATH=/home/jagdeesh/tracker/install/px4_ros2_cpp:/home/jagdeesh/tracker/install/px4_msgs:/opt/ros/humble LD_LIBRARY_PATH=/home/jagdeesh/tracker/install/px4_ros2_cpp/lib:/home/jagdeesh/tracker/install/px4_msgs/lib:${LD_LIBRARY_PATH} PYTHONPATH=/home/jagdeesh/tracker/install/px4_msgs/local/lib/python3.10/dist-packages:${PYTHONPATH} /usr/bin/cmake --install /home/jagdeesh/tracker/build/example_mode_vtol_cpp
