-- Found ament_cmake: 1.3.14 (/opt/ros/humble/share/ament_cmake/cmake)
-- Found ament_lint_auto: 0.12.15 (/opt/ros/humble/share/ament_lint_auto/cmake)
-- Added test 'copyright' to check source files copyright and LICENSE
-- Added test 'lint_cmake' to check CMake code style
-- Added test 'xmllint' to check XML markup files
-- Configuring done
-- Generating done
-- Build files have been written to: /home/jagdeesh/tracker/build/ros_gz
-- Install configuration: "Release"
-- Up-to-date: /home/jagdeesh/tracker/install/ros_gz/share/ament_index/resource_index/package_run_dependencies/ros_gz
-- Up-to-date: /home/jagdeesh/tracker/install/ros_gz/share/ament_index/resource_index/parent_prefix_path/ros_gz
-- Up-to-date: /home/jagdeesh/tracker/install/ros_gz/share/ros_gz/environment/ament_prefix_path.sh
-- Installing: /home/jagdeesh/tracker/install/ros_gz/share/ros_gz/environment/ament_prefix_path.dsv
-- Up-to-date: /home/jagdeesh/tracker/install/ros_gz/share/ros_gz/environment/path.sh
-- Installing: /home/jagdeesh/tracker/install/ros_gz/share/ros_gz/environment/path.dsv
-- Up-to-date: /home/jagdeesh/tracker/install/ros_gz/share/ros_gz/local_setup.bash
-- Up-to-date: /home/jagdeesh/tracker/install/ros_gz/share/ros_gz/local_setup.sh
-- Up-to-date: /home/jagdeesh/tracker/install/ros_gz/share/ros_gz/local_setup.zsh
-- Installing: /home/jagdeesh/tracker/install/ros_gz/share/ros_gz/local_setup.dsv
-- Installing: /home/jagdeesh/tracker/install/ros_gz/share/ros_gz/package.dsv
-- Up-to-date: /home/jagdeesh/tracker/install/ros_gz/share/ament_index/resource_index/packages/ros_gz
-- Up-to-date: /home/jagdeesh/tracker/install/ros_gz/share/ros_gz/cmake/ros_gzConfig.cmake
-- Up-to-date: /home/jagdeesh/tracker/install/ros_gz/share/ros_gz/cmake/ros_gzConfig-version.cmake
-- Up-to-date: /home/jagdeesh/tracker/install/ros_gz/share/ros_gz/package.xml
