[0.012s] Invoking command in '/home/jagdeesh/tracker/build/example_mode_rtl_replacement_cpp': AMENT_PREFIX_PATH=/home/jagdeesh/tracker/install/px4_ros2_cpp:/home/jagdeesh/tracker/install/px4_msgs:${AMENT_PREFIX_PATH} CMAKE_PREFIX_PATH=/home/jagdeesh/tracker/install/px4_ros2_cpp:/home/jagdeesh/tracker/install/px4_msgs:/opt/ros/humble LD_LIBRARY_PATH=/home/jagdeesh/tracker/install/px4_ros2_cpp/lib:/home/jagdeesh/tracker/install/px4_msgs/lib:${LD_LIBRARY_PATH} PYTHONPATH=/home/jagdeesh/tracker/install/px4_msgs/local/lib/python3.10/dist-packages:${PYTHONPATH} /usr/bin/cmake /home/jagdeesh/tracker/src/px4-ros2-interface-lib/examples/cpp/modes/rtl_replacement -DCMAKE_BUILD_TYPE=Release -DCMAKE_INSTALL_PREFIX=/home/jagdeesh/tracker/install/example_mode_rtl_replacement_cpp
[0.075s] -- The C compiler identification is GNU 11.4.0
[0.140s] -- The CXX compiler identification is GNU 11.4.0
[0.149s] -- Detecting C compiler ABI info
[0.228s] -- Detecting C compiler ABI info - done
[0.238s] -- Check for working C compiler: /usr/bin/cc - skipped
[0.238s] -- Detecting C compile features
[0.239s] -- Detecting C compile features - done
[0.242s] -- Detecting CXX compiler ABI info
[0.328s] -- Detecting CXX compiler ABI info - done
[0.339s] -- Check for working CXX compiler: /usr/bin/c++ - skipped
[0.339s] -- Detecting CXX compile features
[0.339s] -- Detecting CXX compile features - done
[0.342s] -- Found eigen3_cmake_module: 0.1.1 (/opt/ros/humble/share/eigen3_cmake_module/cmake)
[0.353s] -- Found Eigen3: TRUE (found version "3.4.0") 
[0.354s] -- Found ament_cmake: 1.3.14 (/opt/ros/humble/share/ament_cmake/cmake)
[0.522s] -- Found Python3: /usr/bin/python3 (found version "3.10.12") found components: Interpreter 
[0.612s] -- Found rclcpp: 16.0.18 (/opt/ros/humble/share/rclcpp/cmake)
[0.660s] -- Found rosidl_generator_c: 3.1.8 (/opt/ros/humble/share/rosidl_generator_c/cmake)
[0.664s] -- Found rosidl_adapter: 3.1.8 (/opt/ros/humble/share/rosidl_adapter/cmake)
[0.672s] -- Found rosidl_generator_cpp: 3.1.8 (/opt/ros/humble/share/rosidl_generator_cpp/cmake)
[0.683s] -- Using all available rosidl_typesupport_c: rosidl_typesupport_fastrtps_c;rosidl_typesupport_introspection_c
[0.697s] -- Using all available rosidl_typesupport_cpp: rosidl_typesupport_fastrtps_cpp;rosidl_typesupport_introspection_cpp
[0.749s] -- Found rmw_implementation_cmake: 6.1.2 (/opt/ros/humble/share/rmw_implementation_cmake/cmake)
[0.756s] -- Found rmw_fastrtps_cpp: 6.2.10 (/opt/ros/humble/share/rmw_fastrtps_cpp/cmake)
[0.863s] -- Found OpenSSL: /usr/lib/x86_64-linux-gnu/libcrypto.so (found version "3.0.2")  
[0.900s] -- Found FastRTPS: /opt/ros/humble/include  
[0.952s] -- Using RMW implementation 'rmw_fastrtps_cpp' as default
[0.963s] -- Looking for pthread.h
[1.042s] -- Looking for pthread.h - found
[1.042s] -- Performing Test CMAKE_HAVE_LIBC_PTHREAD
[1.122s] -- Performing Test CMAKE_HAVE_LIBC_PTHREAD - Success
[1.123s] -- Found Threads: TRUE  
[1.190s] -- Found px4_ros2_cpp: 0.0.1 (/home/jagdeesh/tracker/install/px4_ros2_cpp/share/px4_ros2_cpp/cmake)
[1.209s] -- Found ament_lint_auto: 0.12.15 (/opt/ros/humble/share/ament_lint_auto/cmake)
[1.304s] -- Added test 'copyright' to check source files copyright and LICENSE
[1.305s] -- Added test 'cppcheck' to perform static code analysis on C / C++ code
[1.305s] -- Configured cppcheck include dirs: /home/jagdeesh/tracker/src/px4-ros2-interface-lib/examples/cpp/modes/rtl_replacement/include
[1.305s] -- Configured cppcheck exclude dirs and/or files: 
[1.306s] -- Added test 'cpplint' to check C / C++ code against the Google style
[1.306s] -- Configured cpplint exclude dirs and/or files: 
[1.307s] -- Added test 'lint_cmake' to check CMake code style
[1.307s] -- Added test 'uncrustify' to check C / C++ code style
[1.308s] -- Configured uncrustify additional arguments: 
[1.308s] -- Added test 'xmllint' to check XML markup files
[1.309s] -- Configuring done
[1.316s] -- Generating done
[1.320s] -- Build files have been written to: /home/jagdeesh/tracker/build/example_mode_rtl_replacement_cpp
[1.329s] Invoked command in '/home/jagdeesh/tracker/build/example_mode_rtl_replacement_cpp' returned '0': AMENT_PREFIX_PATH=/home/jagdeesh/tracker/install/px4_ros2_cpp:/home/jagdeesh/tracker/install/px4_msgs:${AMENT_PREFIX_PATH} CMAKE_PREFIX_PATH=/home/jagdeesh/tracker/install/px4_ros2_cpp:/home/jagdeesh/tracker/install/px4_msgs:/opt/ros/humble LD_LIBRARY_PATH=/home/jagdeesh/tracker/install/px4_ros2_cpp/lib:/home/jagdeesh/tracker/install/px4_msgs/lib:${LD_LIBRARY_PATH} PYTHONPATH=/home/jagdeesh/tracker/install/px4_msgs/local/lib/python3.10/dist-packages:${PYTHONPATH} /usr/bin/cmake /home/jagdeesh/tracker/src/px4-ros2-interface-lib/examples/cpp/modes/rtl_replacement -DCMAKE_BUILD_TYPE=Release -DCMAKE_INSTALL_PREFIX=/home/jagdeesh/tracker/install/example_mode_rtl_replacement_cpp
[1.330s] Invoking command in '/home/jagdeesh/tracker/build/example_mode_rtl_replacement_cpp': AMENT_PREFIX_PATH=/home/jagdeesh/tracker/install/px4_ros2_cpp:/home/jagdeesh/tracker/install/px4_msgs:${AMENT_PREFIX_PATH} CMAKE_PREFIX_PATH=/home/jagdeesh/tracker/install/px4_ros2_cpp:/home/jagdeesh/tracker/install/px4_msgs:/opt/ros/humble LD_LIBRARY_PATH=/home/jagdeesh/tracker/install/px4_ros2_cpp/lib:/home/jagdeesh/tracker/install/px4_msgs/lib:${LD_LIBRARY_PATH} PYTHONPATH=/home/jagdeesh/tracker/install/px4_msgs/local/lib/python3.10/dist-packages:${PYTHONPATH} /usr/bin/cmake --build /home/jagdeesh/tracker/build/example_mode_rtl_replacement_cpp -- -j12 -l12
[1.342s] gmake[1]: Entering directory '/home/jagdeesh/tracker/build/example_mode_rtl_replacement_cpp'
[1.366s] gmake[2]: Entering directory '/home/jagdeesh/tracker/build/example_mode_rtl_replacement_cpp'
[1.367s] gmake[3]: Entering directory '/home/jagdeesh/tracker/build/example_mode_rtl_replacement_cpp'
[1.378s] gmake[3]: Leaving directory '/home/jagdeesh/tracker/build/example_mode_rtl_replacement_cpp'
[1.380s] gmake[3]: Entering directory '/home/jagdeesh/tracker/build/example_mode_rtl_replacement_cpp'
[1.389s] [ 50%] [32mBuilding CXX object CMakeFiles/example_mode_rtl.dir/src/main.cpp.o[0m
[12.852s] [100%] [32m[1mLinking CXX executable example_mode_rtl[0m
[13.084s] gmake[3]: Leaving directory '/home/jagdeesh/tracker/build/example_mode_rtl_replacement_cpp'
[13.093s] [100%] Built target example_mode_rtl
[13.094s] gmake[2]: Leaving directory '/home/jagdeesh/tracker/build/example_mode_rtl_replacement_cpp'
[13.102s] gmake[1]: Leaving directory '/home/jagdeesh/tracker/build/example_mode_rtl_replacement_cpp'
[13.105s] Invoked command in '/home/jagdeesh/tracker/build/example_mode_rtl_replacement_cpp' returned '0': AMENT_PREFIX_PATH=/home/jagdeesh/tracker/install/px4_ros2_cpp:/home/jagdeesh/tracker/install/px4_msgs:${AMENT_PREFIX_PATH} CMAKE_PREFIX_PATH=/home/jagdeesh/tracker/install/px4_ros2_cpp:/home/jagdeesh/tracker/install/px4_msgs:/opt/ros/humble LD_LIBRARY_PATH=/home/jagdeesh/tracker/install/px4_ros2_cpp/lib:/home/jagdeesh/tracker/install/px4_msgs/lib:${LD_LIBRARY_PATH} PYTHONPATH=/home/jagdeesh/tracker/install/px4_msgs/local/lib/python3.10/dist-packages:${PYTHONPATH} /usr/bin/cmake --build /home/jagdeesh/tracker/build/example_mode_rtl_replacement_cpp -- -j12 -l12
[13.107s] Invoking command in '/home/jagdeesh/tracker/build/example_mode_rtl_replacement_cpp': AMENT_PREFIX_PATH=/home/jagdeesh/tracker/install/px4_ros2_cpp:/home/jagdeesh/tracker/install/px4_msgs:${AMENT_PREFIX_PATH} CMAKE_PREFIX_PATH=/home/jagdeesh/tracker/install/px4_ros2_cpp:/home/jagdeesh/tracker/install/px4_msgs:/opt/ros/humble LD_LIBRARY_PATH=/home/jagdeesh/tracker/install/px4_ros2_cpp/lib:/home/jagdeesh/tracker/install/px4_msgs/lib:${LD_LIBRARY_PATH} PYTHONPATH=/home/jagdeesh/tracker/install/px4_msgs/local/lib/python3.10/dist-packages:${PYTHONPATH} /usr/bin/cmake --install /home/jagdeesh/tracker/build/example_mode_rtl_replacement_cpp
[13.115s] -- Install configuration: "Release"
[13.115s] -- Installing: /home/jagdeesh/tracker/install/example_mode_rtl_replacement_cpp/lib/example_mode_rtl_replacement_cpp/example_mode_rtl
[13.116s] -- Set runtime path of "/home/jagdeesh/tracker/install/example_mode_rtl_replacement_cpp/lib/example_mode_rtl_replacement_cpp/example_mode_rtl" to ""
[13.116s] -- Installing: /home/jagdeesh/tracker/install/example_mode_rtl_replacement_cpp/share/ament_index/resource_index/package_run_dependencies/example_mode_rtl_replacement_cpp
[13.117s] -- Installing: /home/jagdeesh/tracker/install/example_mode_rtl_replacement_cpp/share/ament_index/resource_index/parent_prefix_path/example_mode_rtl_replacement_cpp
[13.117s] -- Installing: /home/jagdeesh/tracker/install/example_mode_rtl_replacement_cpp/share/example_mode_rtl_replacement_cpp/environment/ament_prefix_path.sh
[13.117s] -- Installing: /home/jagdeesh/tracker/install/example_mode_rtl_replacement_cpp/share/example_mode_rtl_replacement_cpp/environment/ament_prefix_path.dsv
[13.117s] -- Installing: /home/jagdeesh/tracker/install/example_mode_rtl_replacement_cpp/share/example_mode_rtl_replacement_cpp/environment/path.sh
[13.117s] -- Installing: /home/jagdeesh/tracker/install/example_mode_rtl_replacement_cpp/share/example_mode_rtl_replacement_cpp/environment/path.dsv
[13.117s] -- Installing: /home/jagdeesh/tracker/install/example_mode_rtl_replacement_cpp/share/example_mode_rtl_replacement_cpp/local_setup.bash
[13.117s] -- Installing: /home/jagdeesh/tracker/install/example_mode_rtl_replacement_cpp/share/example_mode_rtl_replacement_cpp/local_setup.sh
[13.117s] -- Installing: /home/jagdeesh/tracker/install/example_mode_rtl_replacement_cpp/share/example_mode_rtl_replacement_cpp/local_setup.zsh
[13.117s] -- Installing: /home/jagdeesh/tracker/install/example_mode_rtl_replacement_cpp/share/example_mode_rtl_replacement_cpp/local_setup.dsv
[13.118s] -- Installing: /home/jagdeesh/tracker/install/example_mode_rtl_replacement_cpp/share/example_mode_rtl_replacement_cpp/package.dsv
[13.118s] -- Installing: /home/jagdeesh/tracker/install/example_mode_rtl_replacement_cpp/share/ament_index/resource_index/packages/example_mode_rtl_replacement_cpp
[13.118s] -- Installing: /home/jagdeesh/tracker/install/example_mode_rtl_replacement_cpp/share/example_mode_rtl_replacement_cpp/cmake/example_mode_rtl_replacement_cppConfig.cmake
[13.118s] -- Installing: /home/jagdeesh/tracker/install/example_mode_rtl_replacement_cpp/share/example_mode_rtl_replacement_cpp/cmake/example_mode_rtl_replacement_cppConfig-version.cmake
[13.118s] -- Installing: /home/jagdeesh/tracker/install/example_mode_rtl_replacement_cpp/share/example_mode_rtl_replacement_cpp/package.xml
[13.120s] Invoked command in '/home/jagdeesh/tracker/build/example_mode_rtl_replacement_cpp' returned '0': AMENT_PREFIX_PATH=/home/jagdeesh/tracker/install/px4_ros2_cpp:/home/jagdeesh/tracker/install/px4_msgs:${AMENT_PREFIX_PATH} CMAKE_PREFIX_PATH=/home/jagdeesh/tracker/install/px4_ros2_cpp:/home/jagdeesh/tracker/install/px4_msgs:/opt/ros/humble LD_LIBRARY_PATH=/home/jagdeesh/tracker/install/px4_ros2_cpp/lib:/home/jagdeesh/tracker/install/px4_msgs/lib:${LD_LIBRARY_PATH} PYTHONPATH=/home/jagdeesh/tracker/install/px4_msgs/local/lib/python3.10/dist-packages:${PYTHONPATH} /usr/bin/cmake --install /home/jagdeesh/tracker/build/example_mode_rtl_replacement_cpp
