[0.093s] Invoking command in '/home/jagdeesh/tracker/build/example_mode_goto_global_cpp': AMENT_PREFIX_PATH=/home/jagdeesh/tracker/install/px4_ros2_cpp:/home/jagdeesh/tracker/install/px4_msgs:${AMENT_PREFIX_PATH} CMAKE_PREFIX_PATH=/home/jagdeesh/tracker/install/px4_ros2_cpp:/home/jagdeesh/tracker/install/px4_msgs:/opt/ros/humble LD_LIBRARY_PATH=/home/jagdeesh/tracker/install/px4_ros2_cpp/lib:/home/jagdeesh/tracker/install/px4_msgs/lib:${LD_LIBRARY_PATH} PYTHONPATH=/home/jagdeesh/tracker/install/px4_msgs/local/lib/python3.10/dist-packages:${PYTHONPATH} /usr/bin/cmake /home/jagdeesh/tracker/src/px4-ros2-interface-lib/examples/cpp/modes/goto_global -DCMAKE_INSTALL_PREFIX=/home/jagdeesh/tracker/install/example_mode_goto_global_cpp
[0.233s] -- Found eigen3_cmake_module: 0.1.1 (/opt/ros/humble/share/eigen3_cmake_module/cmake)
[0.233s] -- Found ament_cmake: 1.3.14 (/opt/ros/humble/share/ament_cmake/cmake)
[0.683s] -- Found rclcpp: 16.0.18 (/opt/ros/humble/share/rclcpp/cmake)
[0.759s] -- Found rosidl_generator_c: 3.1.8 (/opt/ros/humble/share/rosidl_generator_c/cmake)
[0.765s] -- Found rosidl_adapter: 3.1.8 (/opt/ros/humble/share/rosidl_adapter/cmake)
[0.781s] -- Found rosidl_generator_cpp: 3.1.8 (/opt/ros/humble/share/rosidl_generator_cpp/cmake)
[0.804s] -- Using all available rosidl_typesupport_c: rosidl_typesupport_fastrtps_c;rosidl_typesupport_introspection_c
[0.837s] -- Using all available rosidl_typesupport_cpp: rosidl_typesupport_fastrtps_cpp;rosidl_typesupport_introspection_cpp
[0.922s] -- Found rmw_implementation_cmake: 6.1.2 (/opt/ros/humble/share/rmw_implementation_cmake/cmake)
[0.922s] -- Found rmw_fastrtps_cpp: 6.2.10 (/opt/ros/humble/share/rmw_fastrtps_cpp/cmake)
[1.450s] -- Using RMW implementation 'rmw_fastrtps_cpp' as default
[1.826s] -- Found px4_ros2_cpp: 0.0.1 (/home/jagdeesh/tracker/install/px4_ros2_cpp/share/px4_ros2_cpp/cmake)
[1.936s] -- Found ament_lint_auto: 0.12.15 (/opt/ros/humble/share/ament_lint_auto/cmake)
[2.294s] -- Added test 'copyright' to check source files copyright and LICENSE
[2.298s] -- Added test 'cppcheck' to perform static code analysis on C / C++ code
[2.300s] -- Configured cppcheck include dirs: /home/jagdeesh/tracker/src/px4-ros2-interface-lib/examples/cpp/modes/goto_global/include
[2.302s] -- Configured cppcheck exclude dirs and/or files: 
[2.304s] -- Added test 'cpplint' to check C / C++ code against the Google style
[2.304s] -- Configured cpplint exclude dirs and/or files: 
[2.307s] -- Added test 'lint_cmake' to check CMake code style
[2.310s] -- Added test 'uncrustify' to check C / C++ code style
[2.311s] -- Configured uncrustify additional arguments: 
[2.312s] -- Added test 'xmllint' to check XML markup files
[2.318s] -- Configuring done
[2.395s] -- Generating done
[2.424s] -- Build files have been written to: /home/jagdeesh/tracker/build/example_mode_goto_global_cpp
[2.547s] Invoked command in '/home/jagdeesh/tracker/build/example_mode_goto_global_cpp' returned '0': AMENT_PREFIX_PATH=/home/jagdeesh/tracker/install/px4_ros2_cpp:/home/jagdeesh/tracker/install/px4_msgs:${AMENT_PREFIX_PATH} CMAKE_PREFIX_PATH=/home/jagdeesh/tracker/install/px4_ros2_cpp:/home/jagdeesh/tracker/install/px4_msgs:/opt/ros/humble LD_LIBRARY_PATH=/home/jagdeesh/tracker/install/px4_ros2_cpp/lib:/home/jagdeesh/tracker/install/px4_msgs/lib:${LD_LIBRARY_PATH} PYTHONPATH=/home/jagdeesh/tracker/install/px4_msgs/local/lib/python3.10/dist-packages:${PYTHONPATH} /usr/bin/cmake /home/jagdeesh/tracker/src/px4-ros2-interface-lib/examples/cpp/modes/goto_global -DCMAKE_INSTALL_PREFIX=/home/jagdeesh/tracker/install/example_mode_goto_global_cpp
[2.557s] Invoking command in '/home/jagdeesh/tracker/build/example_mode_goto_global_cpp': AMENT_PREFIX_PATH=/home/jagdeesh/tracker/install/px4_ros2_cpp:/home/jagdeesh/tracker/install/px4_msgs:${AMENT_PREFIX_PATH} CMAKE_PREFIX_PATH=/home/jagdeesh/tracker/install/px4_ros2_cpp:/home/jagdeesh/tracker/install/px4_msgs:/opt/ros/humble LD_LIBRARY_PATH=/home/jagdeesh/tracker/install/px4_ros2_cpp/lib:/home/jagdeesh/tracker/install/px4_msgs/lib:${LD_LIBRARY_PATH} PYTHONPATH=/home/jagdeesh/tracker/install/px4_msgs/local/lib/python3.10/dist-packages:${PYTHONPATH} /usr/bin/cmake --build /home/jagdeesh/tracker/build/example_mode_goto_global_cpp -- -j12 -l12
[2.931s] [35m[1mConsolidate compiler generated dependencies of target example_mode_goto_global[0m
[2.960s] [100%] Built target example_mode_goto_global
[3.065s] Invoked command in '/home/jagdeesh/tracker/build/example_mode_goto_global_cpp' returned '0': AMENT_PREFIX_PATH=/home/jagdeesh/tracker/install/px4_ros2_cpp:/home/jagdeesh/tracker/install/px4_msgs:${AMENT_PREFIX_PATH} CMAKE_PREFIX_PATH=/home/jagdeesh/tracker/install/px4_ros2_cpp:/home/jagdeesh/tracker/install/px4_msgs:/opt/ros/humble LD_LIBRARY_PATH=/home/jagdeesh/tracker/install/px4_ros2_cpp/lib:/home/jagdeesh/tracker/install/px4_msgs/lib:${LD_LIBRARY_PATH} PYTHONPATH=/home/jagdeesh/tracker/install/px4_msgs/local/lib/python3.10/dist-packages:${PYTHONPATH} /usr/bin/cmake --build /home/jagdeesh/tracker/build/example_mode_goto_global_cpp -- -j12 -l12
[3.066s] Invoking command in '/home/jagdeesh/tracker/build/example_mode_goto_global_cpp': AMENT_PREFIX_PATH=/home/jagdeesh/tracker/install/px4_ros2_cpp:/home/jagdeesh/tracker/install/px4_msgs:${AMENT_PREFIX_PATH} CMAKE_PREFIX_PATH=/home/jagdeesh/tracker/install/px4_ros2_cpp:/home/jagdeesh/tracker/install/px4_msgs:/opt/ros/humble LD_LIBRARY_PATH=/home/jagdeesh/tracker/install/px4_ros2_cpp/lib:/home/jagdeesh/tracker/install/px4_msgs/lib:${LD_LIBRARY_PATH} PYTHONPATH=/home/jagdeesh/tracker/install/px4_msgs/local/lib/python3.10/dist-packages:${PYTHONPATH} /usr/bin/cmake --install /home/jagdeesh/tracker/build/example_mode_goto_global_cpp
[3.314s] -- Install configuration: "Release"
[3.314s] -- Up-to-date: /home/jagdeesh/tracker/install/example_mode_goto_global_cpp/lib/example_mode_goto_global_cpp/example_mode_goto_global
[3.314s] -- Up-to-date: /home/jagdeesh/tracker/install/example_mode_goto_global_cpp/share/ament_index/resource_index/package_run_dependencies/example_mode_goto_global_cpp
[3.316s] -- Up-to-date: /home/jagdeesh/tracker/install/example_mode_goto_global_cpp/share/ament_index/resource_index/parent_prefix_path/example_mode_goto_global_cpp
[3.318s] -- Up-to-date: /home/jagdeesh/tracker/install/example_mode_goto_global_cpp/share/example_mode_goto_global_cpp/environment/ament_prefix_path.sh
[3.318s] -- Installing: /home/jagdeesh/tracker/install/example_mode_goto_global_cpp/share/example_mode_goto_global_cpp/environment/ament_prefix_path.dsv
[3.320s] -- Up-to-date: /home/jagdeesh/tracker/install/example_mode_goto_global_cpp/share/example_mode_goto_global_cpp/environment/path.sh
[3.320s] -- Installing: /home/jagdeesh/tracker/install/example_mode_goto_global_cpp/share/example_mode_goto_global_cpp/environment/path.dsv
[3.324s] -- Up-to-date: /home/jagdeesh/tracker/install/example_mode_goto_global_cpp/share/example_mode_goto_global_cpp/local_setup.bash
[3.325s] -- Up-to-date: /home/jagdeesh/tracker/install/example_mode_goto_global_cpp/share/example_mode_goto_global_cpp/local_setup.sh
[3.326s] -- Up-to-date: /home/jagdeesh/tracker/install/example_mode_goto_global_cpp/share/example_mode_goto_global_cpp/local_setup.zsh
[3.326s] -- Installing: /home/jagdeesh/tracker/install/example_mode_goto_global_cpp/share/example_mode_goto_global_cpp/local_setup.dsv
[3.326s] -- Installing: /home/jagdeesh/tracker/install/example_mode_goto_global_cpp/share/example_mode_goto_global_cpp/package.dsv
[3.326s] -- Up-to-date: /home/jagdeesh/tracker/install/example_mode_goto_global_cpp/share/ament_index/resource_index/packages/example_mode_goto_global_cpp
[3.327s] -- Up-to-date: /home/jagdeesh/tracker/install/example_mode_goto_global_cpp/share/example_mode_goto_global_cpp/cmake/example_mode_goto_global_cppConfig.cmake
[3.327s] -- Up-to-date: /home/jagdeesh/tracker/install/example_mode_goto_global_cpp/share/example_mode_goto_global_cpp/cmake/example_mode_goto_global_cppConfig-version.cmake
[3.327s] -- Up-to-date: /home/jagdeesh/tracker/install/example_mode_goto_global_cpp/share/example_mode_goto_global_cpp/package.xml
[3.344s] Invoked command in '/home/jagdeesh/tracker/build/example_mode_goto_global_cpp' returned '0': AMENT_PREFIX_PATH=/home/jagdeesh/tracker/install/px4_ros2_cpp:/home/jagdeesh/tracker/install/px4_msgs:${AMENT_PREFIX_PATH} CMAKE_PREFIX_PATH=/home/jagdeesh/tracker/install/px4_ros2_cpp:/home/jagdeesh/tracker/install/px4_msgs:/opt/ros/humble LD_LIBRARY_PATH=/home/jagdeesh/tracker/install/px4_ros2_cpp/lib:/home/jagdeesh/tracker/install/px4_msgs/lib:${LD_LIBRARY_PATH} PYTHONPATH=/home/jagdeesh/tracker/install/px4_msgs/local/lib/python3.10/dist-packages:${PYTHONPATH} /usr/bin/cmake --install /home/jagdeesh/tracker/build/example_mode_goto_global_cpp
