[0.045s] Invoking command in '/home/jagdeesh/tracker/build/example_mode_mission_cpp': AMENT_PREFIX_PATH=/home/jagdeesh/tracker/install/px4_ros2_cpp:/home/jagdeesh/tracker/install/px4_msgs:${AMENT_PREFIX_PATH} CMAKE_PREFIX_PATH=/home/jagdeesh/tracker/install/px4_ros2_cpp:/home/jagdeesh/tracker/install/px4_msgs:/opt/ros/humble LD_LIBRARY_PATH=/home/jagdeesh/tracker/install/px4_ros2_cpp/lib:/home/jagdeesh/tracker/install/px4_msgs/lib:${LD_LIBRARY_PATH} PYTHONPATH=/home/jagdeesh/tracker/install/px4_msgs/local/lib/python3.10/dist-packages:${PYTHONPATH} /usr/bin/cmake --build /home/jagdeesh/tracker/build/example_mode_mission_cpp -- -j12 -l12
[0.060s] gmake[1]: Entering directory '/home/jagdeesh/tracker/build/example_mode_mission_cpp'
[0.094s] gmake[2]: Entering directory '/home/jagdeesh/tracker/build/example_mode_mission_cpp'
[0.097s] gmake[3]: Entering directory '/home/jagdeesh/tracker/build/example_mode_mission_cpp'
[0.124s] Consolidate compiler generated dependencies of target example_mode_mission
[0.125s] gmake[3]: Leaving directory '/home/jagdeesh/tracker/build/example_mode_mission_cpp'
[0.150s] [100%] Built target example_mode_mission
[0.151s] gmake[2]: Leaving directory '/home/jagdeesh/tracker/build/example_mode_mission_cpp'
[0.164s] gmake[1]: Leaving directory '/home/jagdeesh/tracker/build/example_mode_mission_cpp'
[0.167s] Invoked command in '/home/jagdeesh/tracker/build/example_mode_mission_cpp' returned '0': AMENT_PREFIX_PATH=/home/jagdeesh/tracker/install/px4_ros2_cpp:/home/jagdeesh/tracker/install/px4_msgs:${AMENT_PREFIX_PATH} CMAKE_PREFIX_PATH=/home/jagdeesh/tracker/install/px4_ros2_cpp:/home/jagdeesh/tracker/install/px4_msgs:/opt/ros/humble LD_LIBRARY_PATH=/home/jagdeesh/tracker/install/px4_ros2_cpp/lib:/home/jagdeesh/tracker/install/px4_msgs/lib:${LD_LIBRARY_PATH} PYTHONPATH=/home/jagdeesh/tracker/install/px4_msgs/local/lib/python3.10/dist-packages:${PYTHONPATH} /usr/bin/cmake --build /home/jagdeesh/tracker/build/example_mode_mission_cpp -- -j12 -l12
[0.169s] Invoking command in '/home/jagdeesh/tracker/build/example_mode_mission_cpp': AMENT_PREFIX_PATH=/home/jagdeesh/tracker/install/px4_ros2_cpp:/home/jagdeesh/tracker/install/px4_msgs:${AMENT_PREFIX_PATH} CMAKE_PREFIX_PATH=/home/jagdeesh/tracker/install/px4_ros2_cpp:/home/jagdeesh/tracker/install/px4_msgs:/opt/ros/humble LD_LIBRARY_PATH=/home/jagdeesh/tracker/install/px4_ros2_cpp/lib:/home/jagdeesh/tracker/install/px4_msgs/lib:${LD_LIBRARY_PATH} PYTHONPATH=/home/jagdeesh/tracker/install/px4_msgs/local/lib/python3.10/dist-packages:${PYTHONPATH} /usr/bin/cmake --install /home/jagdeesh/tracker/build/example_mode_mission_cpp
[0.182s] -- Install configuration: "Release"
[0.183s] -- Up-to-date: /home/jagdeesh/tracker/install/example_mode_mission_cpp/lib/example_mode_mission_cpp/example_mode_mission
[0.183s] -- Up-to-date: /home/jagdeesh/tracker/install/example_mode_mission_cpp/share/ament_index/resource_index/package_run_dependencies/example_mode_mission_cpp
[0.183s] -- Up-to-date: /home/jagdeesh/tracker/install/example_mode_mission_cpp/share/ament_index/resource_index/parent_prefix_path/example_mode_mission_cpp
[0.184s] -- Up-to-date: /home/jagdeesh/tracker/install/example_mode_mission_cpp/share/example_mode_mission_cpp/environment/ament_prefix_path.sh
[0.184s] -- Up-to-date: /home/jagdeesh/tracker/install/example_mode_mission_cpp/share/example_mode_mission_cpp/environment/ament_prefix_path.dsv
[0.184s] -- Up-to-date: /home/jagdeesh/tracker/install/example_mode_mission_cpp/share/example_mode_mission_cpp/environment/path.sh
[0.184s] -- Up-to-date: /home/jagdeesh/tracker/install/example_mode_mission_cpp/share/example_mode_mission_cpp/environment/path.dsv
[0.185s] -- Up-to-date: /home/jagdeesh/tracker/install/example_mode_mission_cpp/share/example_mode_mission_cpp/local_setup.bash
[0.185s] -- Up-to-date: /home/jagdeesh/tracker/install/example_mode_mission_cpp/share/example_mode_mission_cpp/local_setup.sh
[0.185s] -- Up-to-date: /home/jagdeesh/tracker/install/example_mode_mission_cpp/share/example_mode_mission_cpp/local_setup.zsh
[0.185s] -- Up-to-date: /home/jagdeesh/tracker/install/example_mode_mission_cpp/share/example_mode_mission_cpp/local_setup.dsv
[0.185s] -- Installing: /home/jagdeesh/tracker/install/example_mode_mission_cpp/share/example_mode_mission_cpp/package.dsv
[0.185s] -- Up-to-date: /home/jagdeesh/tracker/install/example_mode_mission_cpp/share/ament_index/resource_index/packages/example_mode_mission_cpp
[0.185s] -- Up-to-date: /home/jagdeesh/tracker/install/example_mode_mission_cpp/share/example_mode_mission_cpp/cmake/example_mode_mission_cppConfig.cmake
[0.185s] -- Up-to-date: /home/jagdeesh/tracker/install/example_mode_mission_cpp/share/example_mode_mission_cpp/cmake/example_mode_mission_cppConfig-version.cmake
[0.186s] -- Up-to-date: /home/jagdeesh/tracker/install/example_mode_mission_cpp/share/example_mode_mission_cpp/package.xml
[0.192s] Invoked command in '/home/jagdeesh/tracker/build/example_mode_mission_cpp' returned '0': AMENT_PREFIX_PATH=/home/jagdeesh/tracker/install/px4_ros2_cpp:/home/jagdeesh/tracker/install/px4_msgs:${AMENT_PREFIX_PATH} CMAKE_PREFIX_PATH=/home/jagdeesh/tracker/install/px4_ros2_cpp:/home/jagdeesh/tracker/install/px4_msgs:/opt/ros/humble LD_LIBRARY_PATH=/home/jagdeesh/tracker/install/px4_ros2_cpp/lib:/home/jagdeesh/tracker/install/px4_msgs/lib:${LD_LIBRARY_PATH} PYTHONPATH=/home/jagdeesh/tracker/install/px4_msgs/local/lib/python3.10/dist-packages:${PYTHONPATH} /usr/bin/cmake --install /home/jagdeesh/tracker/build/example_mode_mission_cpp
