[0.011s] Invoking command in '/home/jagdeesh/tracker/build/ros_gz_bridge': AMENT_PREFIX_PATH=/home/jagdeesh/tracker/install/ros_gz_interfaces:${AMENT_PREFIX_PATH} CMAKE_PREFIX_PATH=/home/jagdeesh/tracker/install/ros_gz_interfaces:/opt/ros/humble LD_LIBRARY_PATH=/home/jagdeesh/tracker/install/ros_gz_interfaces/lib:${LD_LIBRARY_PATH} PYTHONPATH=/home/jagdeesh/tracker/install/ros_gz_interfaces/local/lib/python3.10/dist-packages:${PYTHONPATH} /usr/bin/cmake /home/jagdeesh/tracker/src/ros_gz/ros_gz_bridge -DCMAKE_BUILD_TYPE=Release -DCMAKE_INSTALL_PREFIX=/home/jagdeesh/tracker/install/ros_gz_bridge
[0.075s] -- The C compiler identification is GNU 11.4.0
[0.141s] -- The CXX compiler identification is GNU 11.4.0
[0.150s] -- Detecting C compiler ABI info
[0.234s] -- Detecting C compiler ABI info - done
[0.244s] -- Check for working C compiler: /usr/bin/cc - skipped
[0.244s] -- Detecting C compile features
[0.245s] -- Detecting C compile features - done
[0.249s] -- Detecting CXX compiler ABI info
[0.334s] -- Detecting CXX compiler ABI info - done
[0.341s] -- Check for working CXX compiler: /usr/bin/c++ - skipped
[0.341s] -- Detecting CXX compile features
[0.342s] -- Detecting CXX compile features - done
[0.344s] -- Found ament_cmake: 1.3.14 (/opt/ros/humble/share/ament_cmake/cmake)
[0.516s] -- Found Python3: /usr/bin/python3 (found version "3.10.12") found components: Interpreter 
[0.613s] -- Found rclcpp: 16.0.18 (/opt/ros/humble/share/rclcpp/cmake)
[0.669s] -- Found rosidl_generator_c: 3.1.8 (/opt/ros/humble/share/rosidl_generator_c/cmake)
[0.675s] -- Found rosidl_adapter: 3.1.8 (/opt/ros/humble/share/rosidl_adapter/cmake)
[0.685s] -- Found rosidl_generator_cpp: 3.1.8 (/opt/ros/humble/share/rosidl_generator_cpp/cmake)
[0.701s] -- Using all available rosidl_typesupport_c: rosidl_typesupport_fastrtps_c;rosidl_typesupport_introspection_c
[0.721s] -- Using all available rosidl_typesupport_cpp: rosidl_typesupport_fastrtps_cpp;rosidl_typesupport_introspection_cpp
[0.782s] -- Found rmw_implementation_cmake: 6.1.2 (/opt/ros/humble/share/rmw_implementation_cmake/cmake)
[0.786s] -- Found rmw_fastrtps_cpp: 6.2.10 (/opt/ros/humble/share/rmw_fastrtps_cpp/cmake)
[0.893s] -- Found OpenSSL: /usr/lib/x86_64-linux-gnu/libcrypto.so (found version "3.0.2")  
[0.930s] -- Found FastRTPS: /opt/ros/humble/include  
[0.991s] -- Using RMW implementation 'rmw_fastrtps_cpp' as default
[1.004s] -- Looking for pthread.h
[1.091s] -- Looking for pthread.h - found
[1.092s] -- Performing Test CMAKE_HAVE_LIBC_PTHREAD
[1.174s] -- Performing Test CMAKE_HAVE_LIBC_PTHREAD - Success
[1.176s] -- Found Threads: TRUE  
[1.250s] -- Found rclcpp_components: 16.0.18 (/opt/ros/humble/share/rclcpp_components/cmake)
[1.281s] -- Found yaml_cpp_vendor: 8.0.2 (/opt/ros/humble/share/yaml_cpp_vendor/cmake)
[1.287s] -- Looking for ignition-transport11 -- found version 11.4.2
[1.298s] -- Searching for dependencies of ignition-transport11
[1.328s] -- Found Protobuf: /usr/lib/x86_64-linux-gnu/libprotobuf.so (found version "3.12.4") 
[1.340s] -- Config-file not installed for ZeroMQ -- checking for pkg-config
[1.346s] -- Checking for module 'libzmq >= 4'
[1.361s] --   Found libzmq , version 4.3.4
[1.398s] -- Found ZeroMQ: TRUE (Required is at least version "4") 
[1.404s] -- Checking for module 'uuid'
[1.418s] --   Found uuid, version 2.37.2
[1.451s] -- Found UUID: TRUE  
[1.454s] -- Looking for ignition-utils1 -- found version 1.5.1
[1.454s] -- Searching for dependencies of ignition-utils1
[1.455s] -- Searching for <ignition-utils1> component [cli]
[1.457s] -- Looking for ignition-utils1-cli -- found version 1.5.1
[1.457s] -- Searching for dependencies of ignition-utils1-cli
[1.460s] -- Looking for ignition-msgs8 -- found version 8.7.0
[1.460s] -- Searching for dependencies of ignition-msgs8
[1.477s] -- Found Protobuf: /usr/lib/x86_64-linux-gnu/libprotobuf.so (found suitable version "3.12.4", minimum required is "3") 
[1.480s] -- Looking for ignition-math6 -- found version 6.15.1
[1.481s] -- Searching for dependencies of ignition-math6
[1.487s] -- Checking for module 'tinyxml2'
[1.501s] --   Found tinyxml2, version 9.0.0
[1.539s] -- Looking for ignition-msgs8 -- found version 8.7.0
[1.539s] -- Compiling against Ignition Fortress
[1.539s] -- Found builtin_interfaces: 1.2.2 (/opt/ros/humble/share/builtin_interfaces/cmake)
[1.562s] -- Found actuator_msgs: 0.0.1 (/opt/ros/humble/share/actuator_msgs/cmake)
[1.580s] -- Found geometry_msgs: 4.9.1 (/opt/ros/humble/share/geometry_msgs/cmake)
[1.601s] -- Found gps_msgs: 2.1.2 (/opt/ros/humble/share/gps_msgs/cmake)
[1.630s] -- Found nav_msgs: 4.9.1 (/opt/ros/humble/share/nav_msgs/cmake)
[1.630s] -- Found rcl_interfaces: 1.2.2 (/opt/ros/humble/share/rcl_interfaces/cmake)
[1.656s] -- Found ros_gz_interfaces: 0.244.20 (/home/jagdeesh/tracker/install/ros_gz_interfaces/share/ros_gz_interfaces/cmake)
[1.656s] -- Found rosgraph_msgs: 1.2.2 (/opt/ros/humble/share/rosgraph_msgs/cmake)
[1.682s] -- Found sensor_msgs: 4.9.1 (/opt/ros/humble/share/sensor_msgs/cmake)
[1.682s] -- Found std_msgs: 4.9.1 (/opt/ros/humble/share/std_msgs/cmake)
[1.747s] -- Found tf2_msgs: 0.25.19 (/opt/ros/humble/share/tf2_msgs/cmake)
[1.772s] -- Found trajectory_msgs: 4.9.1 (/opt/ros/humble/share/trajectory_msgs/cmake)
[1.797s] -- Found vision_msgs: 4.1.1 (/opt/ros/humble/share/vision_msgs/cmake)
[1.915s] -- Found ament_lint_auto: 0.12.15 (/opt/ros/humble/share/ament_lint_auto/cmake)
[2.049s] -- Found python_cmake_module: 0.10.0 (/opt/ros/humble/share/python_cmake_module/cmake)
[2.072s] -- Found PythonInterp: /usr/bin/python3 (found suitable version "3.10.12", minimum required is "3.6") 
[2.080s] -- Found PythonLibs: /usr/lib/x86_64-linux-gnu/libpython3.10.so (found suitable version "3.10.12", minimum required is "3.5") 
[2.081s] -- Using PYTHON_EXECUTABLE: /usr/bin/python3
[2.081s] -- Using PYTHON_INCLUDE_DIRS: /usr/include/python3.10
[2.081s] -- Using PYTHON_LIBRARIES: /usr/lib/x86_64-linux-gnu/libpython3.10.so
[2.111s] -- Found PythonExtra: .so  
[2.149s] -- Found gtest sources under '/opt/ros/humble/src/gtest_vendor': C++ tests using 'Google Test' will be built
[2.188s] -- Added test 'copyright' to check source files copyright and LICENSE
[2.194s] -- Added test 'cppcheck' to perform static code analysis on C / C++ code
[2.195s] -- Configured cppcheck include dirs: $<BUILD_INTERFACE:/home/jagdeesh/tracker/src/ros_gz/ros_gz_bridge/include>;$<BUILD_INTERFACE:/home/jagdeesh/tracker/src/ros_gz/ros_gz_bridge/src>;/home/jagdeesh/tracker/src/ros_gz/ros_gz_bridge/include;/home/jagdeesh/tracker/src/ros_gz/ros_gz_bridge/test;/home/jagdeesh/tracker/src/ros_gz/ros_gz_bridge/test/subscribers;/home/jagdeesh/tracker/src/ros_gz/ros_gz_bridge/src
[2.195s] -- Configured cppcheck exclude dirs and/or files: 
[2.201s] -- Added test 'cpplint' to check C / C++ code against the Google style
[2.201s] -- Configured cpplint exclude dirs and/or files: 
[2.202s] -- Added test 'flake8' to check Python code syntax and style conventions
[2.204s] -- Added test 'lint_cmake' to check CMake code style
[2.205s] -- Added test 'pep257' to check Python code against some of the docstring style conventions in PEP 257
[2.210s] -- Added test 'uncrustify' to check C / C++ code style
[2.210s] -- Configured uncrustify additional arguments: 
[2.211s] -- Added test 'xmllint' to check XML markup files
[2.215s] -- Configuring done
[2.340s] -- Generating done
[2.375s] -- Build files have been written to: /home/jagdeesh/tracker/build/ros_gz_bridge
[2.389s] Invoked command in '/home/jagdeesh/tracker/build/ros_gz_bridge' returned '0': AMENT_PREFIX_PATH=/home/jagdeesh/tracker/install/ros_gz_interfaces:${AMENT_PREFIX_PATH} CMAKE_PREFIX_PATH=/home/jagdeesh/tracker/install/ros_gz_interfaces:/opt/ros/humble LD_LIBRARY_PATH=/home/jagdeesh/tracker/install/ros_gz_interfaces/lib:${LD_LIBRARY_PATH} PYTHONPATH=/home/jagdeesh/tracker/install/ros_gz_interfaces/local/lib/python3.10/dist-packages:${PYTHONPATH} /usr/bin/cmake /home/jagdeesh/tracker/src/ros_gz/ros_gz_bridge -DCMAKE_BUILD_TYPE=Release -DCMAKE_INSTALL_PREFIX=/home/jagdeesh/tracker/install/ros_gz_bridge
[2.392s] Invoking command in '/home/jagdeesh/tracker/build/ros_gz_bridge': AMENT_PREFIX_PATH=/home/jagdeesh/tracker/install/ros_gz_interfaces:${AMENT_PREFIX_PATH} CMAKE_PREFIX_PATH=/home/jagdeesh/tracker/install/ros_gz_interfaces:/opt/ros/humble LD_LIBRARY_PATH=/home/jagdeesh/tracker/install/ros_gz_interfaces/lib:${LD_LIBRARY_PATH} PYTHONPATH=/home/jagdeesh/tracker/install/ros_gz_interfaces/local/lib/python3.10/dist-packages:${PYTHONPATH} /usr/bin/cmake --build /home/jagdeesh/tracker/build/ros_gz_bridge -- -j12 -l12
[2.405s] gmake[1]: Entering directory '/home/jagdeesh/tracker/build/ros_gz_bridge'
[2.432s] gmake[2]: Entering directory '/home/jagdeesh/tracker/build/ros_gz_bridge'
[2.434s] gmake[3]: Entering directory '/home/jagdeesh/tracker/build/ros_gz_bridge'
[2.434s] gmake[3]: Entering directory '/home/jagdeesh/tracker/build/ros_gz_bridge'
[2.434s] gmake[3]: Entering directory '/home/jagdeesh/tracker/build/ros_gz_bridge'
[2.435s] gmake[3]: Entering directory '/home/jagdeesh/tracker/build/ros_gz_bridge'
[2.444s] [  1%] [34m[1mGenerating factories for interface types[0m
[2.445s] gmake[3]: Leaving directory '/home/jagdeesh/tracker/build/ros_gz_bridge'
[2.445s] gmake[3]: Leaving directory '/home/jagdeesh/tracker/build/ros_gz_bridge'
[2.445s] gmake[3]: Leaving directory '/home/jagdeesh/tracker/build/ros_gz_bridge'
[2.447s] gmake[3]: Entering directory '/home/jagdeesh/tracker/build/ros_gz_bridge'
[2.447s] gmake[3]: Entering directory '/home/jagdeesh/tracker/build/ros_gz_bridge'
[2.447s] gmake[3]: Entering directory '/home/jagdeesh/tracker/build/ros_gz_bridge'
[2.456s] [  4%] [32mBuilding CXX object gtest/CMakeFiles/gtest.dir/src/gtest-all.cc.o[0m
[2.456s] [  4%] [32mBuilding CXX object CMakeFiles/bridge_node.dir/rclcpp_components/node_main_bridge_node.cpp.o[0m
[2.456s] [  4%] [32mBuilding CXX object gtest/CMakeFiles/gtest_main.dir/src/gtest_main.cc.o[0m
[2.721s] gmake[3]: Leaving directory '/home/jagdeesh/tracker/build/ros_gz_bridge'
[2.725s] gmake[3]: Entering directory '/home/jagdeesh/tracker/build/ros_gz_bridge'
[2.741s] [  5%] [32mBuilding CXX object CMakeFiles/ros_gz_bridge.dir/src/bridge_config.cpp.o[0m
[2.742s] [  6%] [32mBuilding CXX object CMakeFiles/ros_gz_bridge.dir/src/bridge_handle_ros_to_gz.cpp.o[0m
[2.742s] [  7%] [32mBuilding CXX object CMakeFiles/ros_gz_bridge.dir/src/bridge_handle.cpp.o[0m
[2.742s] [  8%] [32mBuilding CXX object CMakeFiles/ros_gz_bridge.dir/src/factory_interface.cpp.o[0m
[2.743s] [  9%] [32mBuilding CXX object CMakeFiles/ros_gz_bridge.dir/src/bridge_handle_gz_to_ros.cpp.o[0m
[2.747s] [ 10%] [32mBuilding CXX object CMakeFiles/ros_gz_bridge.dir/src/service_factories/ros_gz_interfaces.cpp.o[0m
[2.754s] [ 12%] [32mBuilding CXX object CMakeFiles/ros_gz_bridge.dir/src/service_factory_interface.cpp.o[0m
[2.755s] [ 13%] [32mBuilding CXX object CMakeFiles/ros_gz_bridge.dir/src/convert/utils.cpp.o[0m
[2.757s] [ 14%] [32mBuilding CXX object CMakeFiles/ros_gz_bridge.dir/src/ros_gz_bridge.cpp.o[0m
[3.266s] [ 15%] [32mBuilding CXX object CMakeFiles/ros_gz_bridge.dir/src/convert/builtin_interfaces.cpp.o[0m
[4.780s] [ 16%] [32m[1mLinking CXX static library libgtest_main.a[0m
[5.121s] gmake[3]: Leaving directory '/home/jagdeesh/tracker/build/ros_gz_bridge'
[5.152s] [ 16%] Built target gtest_main
[5.181s] [ 17%] [32mBuilding CXX object CMakeFiles/ros_gz_bridge.dir/src/convert/actuator_msgs.cpp.o[0m
[5.409s] [ 18%] [32mBuilding CXX object CMakeFiles/ros_gz_bridge.dir/src/convert/geometry_msgs.cpp.o[0m
[8.728s] [ 19%] [32mBuilding CXX object CMakeFiles/ros_gz_bridge.dir/src/convert/gps_msgs.cpp.o[0m
[8.881s] [ 20%] [32mBuilding CXX object CMakeFiles/ros_gz_bridge.dir/src/convert/nav_msgs.cpp.o[0m
[10.870s] [ 21%] [32m[1mLinking CXX executable bridge_node[0m
[11.202s] gmake[3]: Leaving directory '/home/jagdeesh/tracker/build/ros_gz_bridge'
[11.232s] [ 21%] Built target bridge_node
[11.264s] [ 23%] [32mBuilding CXX object CMakeFiles/ros_gz_bridge.dir/src/convert/rcl_interfaces.cpp.o[0m
[12.092s] [ 24%] [32mBuilding CXX object CMakeFiles/ros_gz_bridge.dir/src/convert/ros_gz_interfaces.cpp.o[0m
[12.555s] [ 25%] [32mBuilding CXX object CMakeFiles/ros_gz_bridge.dir/src/convert/rosgraph_msgs.cpp.o[0m
[15.325s] [ 26%] [32mBuilding CXX object CMakeFiles/ros_gz_bridge.dir/src/convert/sensor_msgs.cpp.o[0m
[15.885s] [ 27%] [32mBuilding CXX object CMakeFiles/ros_gz_bridge.dir/src/convert/std_msgs.cpp.o[0m
[20.139s] [ 28%] [32mBuilding CXX object CMakeFiles/ros_gz_bridge.dir/src/convert/tf2_msgs.cpp.o[0m
[22.724s] [ 29%] [32mBuilding CXX object CMakeFiles/ros_gz_bridge.dir/src/convert/trajectory_msgs.cpp.o[0m
[23.697s] [ 30%] [32mBuilding CXX object CMakeFiles/ros_gz_bridge.dir/src/convert/vision_msgs.cpp.o[0m
[23.987s] /home/jagdeesh/tracker/src/ros_gz/ros_gz_bridge/src/ros_gz_bridge.cpp: In member function ‘void ros_gz_bridge::RosGzBridge::spin()’:
[23.987s] /home/jagdeesh/tracker/src/ros_gz/ros_gz_bridge/src/ros_gz_bridge.cpp:50:10: warning: ‘expand_names’ may be used uninitialized in this function [-Wmaybe-uninitialized]
[23.987s]    50 |     bool expand_names;
[23.987s]       |          ^~~~~~~~~~~~
[24.071s] [ 31%] [32m[1mLinking CXX static library libgtest.a[0m
[24.204s] gmake[3]: Leaving directory '/home/jagdeesh/tracker/build/ros_gz_bridge'
[24.236s] [ 31%] Built target gtest
[24.264s] [ 32%] [32mBuilding CXX object CMakeFiles/ros_gz_bridge.dir/generated/get_factory.cpp.o[0m
[24.750s] gmake[3]: Entering directory '/home/jagdeesh/tracker/build/ros_gz_bridge'
[24.789s] gmake[3]: Leaving directory '/home/jagdeesh/tracker/build/ros_gz_bridge'
[24.792s] gmake[3]: Entering directory '/home/jagdeesh/tracker/build/ros_gz_bridge'
[24.824s] [ 34%] [32mBuilding CXX object CMakeFiles/test_rcl_interfaces.dir/src/convert/rcl_interfaces.cpp.o[0m
[26.037s] [ 35%] [32mBuilding CXX object CMakeFiles/test_rcl_interfaces.dir/src/convert/rcl_interfaces_TEST.cpp.o[0m
[26.097s] gmake[3]: Entering directory '/home/jagdeesh/tracker/build/ros_gz_bridge'
[26.128s] gmake[3]: Leaving directory '/home/jagdeesh/tracker/build/ros_gz_bridge'
[26.134s] gmake[3]: Entering directory '/home/jagdeesh/tracker/build/ros_gz_bridge'
[26.159s] [ 36%] [32mBuilding CXX object CMakeFiles/test_utils.dir/test/utils/gz_test_msg.cpp.o[0m
[26.699s] [ 37%] [32mBuilding CXX object CMakeFiles/test_utils.dir/test/utils/ros_test_msg.cpp.o[0m
[26.937s] [ 38%] [32mBuilding CXX object CMakeFiles/ros_gz_bridge.dir/generated/get_mappings.cpp.o[0m
[27.836s] [ 39%] [32mBuilding CXX object CMakeFiles/ros_gz_bridge.dir/generated/factories/builtin_interfaces.cpp.o[0m
[28.719s] [ 40%] [32mBuilding CXX object CMakeFiles/ros_gz_bridge.dir/generated/factories/actuator_msgs.cpp.o[0m
[28.874s] [ 41%] [32mBuilding CXX object CMakeFiles/ros_gz_bridge.dir/generated/factories/gps_msgs.cpp.o[0m
[28.874s] [ 42%] [32mBuilding CXX object CMakeFiles/ros_gz_bridge.dir/generated/factories/geometry_msgs.cpp.o[0m
[29.691s] [ 43%] [32mBuilding CXX object CMakeFiles/ros_gz_bridge.dir/generated/factories/nav_msgs.cpp.o[0m
[30.036s] [ 45%] [32mBuilding CXX object CMakeFiles/ros_gz_bridge.dir/generated/factories/rcl_interfaces.cpp.o[0m
[30.493s] [ 46%] [32mBuilding CXX object CMakeFiles/ros_gz_bridge.dir/generated/factories/ros_gz_interfaces.cpp.o[0m
[32.029s] [ 47%] [32m[1mLinking CXX executable test_rcl_interfaces[0m
[32.623s] gmake[3]: Leaving directory '/home/jagdeesh/tracker/build/ros_gz_bridge'
[32.652s] [ 47%] Built target test_rcl_interfaces
[32.682s] [ 48%] [32mBuilding CXX object CMakeFiles/ros_gz_bridge.dir/generated/factories/rosgraph_msgs.cpp.o[0m
[39.487s] [ 49%] [32mBuilding CXX object CMakeFiles/ros_gz_bridge.dir/generated/factories/sensor_msgs.cpp.o[0m
[45.956s] [ 50%] [32mBuilding CXX object CMakeFiles/ros_gz_bridge.dir/generated/factories/std_msgs.cpp.o[0m
[69.960s] [ 51%] [32m[1mLinking CXX static library libtest_utils.a[0m
[70.198s] gmake[3]: Leaving directory '/home/jagdeesh/tracker/build/ros_gz_bridge'
[70.218s] [ 51%] Built target test_utils
[89.996s] [ 52%] [32mBuilding CXX object CMakeFiles/ros_gz_bridge.dir/generated/factories/trajectory_msgs.cpp.o[0m
[92.010s] [ 53%] [32mBuilding CXX object CMakeFiles/ros_gz_bridge.dir/generated/factories/tf2_msgs.cpp.o[0m
[143.629s] [ 54%] [32mBuilding CXX object CMakeFiles/ros_gz_bridge.dir/generated/factories/vision_msgs.cpp.o[0m
[200.745s] [ 56%] [32m[1mLinking CXX shared library libros_gz_bridge.so[0m
[204.845s] gmake[3]: Leaving directory '/home/jagdeesh/tracker/build/ros_gz_bridge'
[204.855s] [ 56%] Built target ros_gz_bridge
[204.858s] gmake[3]: Entering directory '/home/jagdeesh/tracker/build/ros_gz_bridge'
[204.859s] gmake[3]: Entering directory '/home/jagdeesh/tracker/build/ros_gz_bridge'
[204.859s] gmake[3]: Entering directory '/home/jagdeesh/tracker/build/ros_gz_bridge'
[204.868s] gmake[3]: Leaving directory '/home/jagdeesh/tracker/build/ros_gz_bridge'
[204.868s] [ 57%] [34m[1mGenerating test helpers[0m
[204.869s] gmake[3]: Entering directory '/home/jagdeesh/tracker/build/ros_gz_bridge'
[204.872s] gmake[3]: Leaving directory '/home/jagdeesh/tracker/build/ros_gz_bridge'
[204.874s] gmake[3]: Entering directory '/home/jagdeesh/tracker/build/ros_gz_bridge'
[204.876s] [ 58%] [32mBuilding CXX object CMakeFiles/test_gz_server.dir/test/serverclient/gz_server.cpp.o[0m
[204.883s] [ 59%] [32mBuilding CXX object CMakeFiles/test_ros_client.dir/test/serverclient/ros_client.cpp.o[0m
[205.082s] gmake[3]: Leaving directory '/home/jagdeesh/tracker/build/ros_gz_bridge'
[205.084s] gmake[3]: Entering directory '/home/jagdeesh/tracker/build/ros_gz_bridge'
[205.092s] [ 60%] [32mBuilding CXX object CMakeFiles/test_ros_subscriber.dir/test/subscribers/ros_subscriber.cpp.o[0m
[205.094s] [ 61%] [32mBuilding CXX object CMakeFiles/test_ros_subscriber.dir/generated/test/builtin_interfaces_subscriber.cpp.o[0m
[213.364s] [ 62%] [32m[1mLinking CXX executable test_ros_client[0m
[213.658s] gmake[3]: Leaving directory '/home/jagdeesh/tracker/build/ros_gz_bridge'
[213.668s] [ 62%] Built target test_ros_client
[213.674s] gmake[3]: Entering directory '/home/jagdeesh/tracker/build/ros_gz_bridge'
[213.674s] gmake[3]: Entering directory '/home/jagdeesh/tracker/build/ros_gz_bridge'
[213.674s] gmake[3]: Entering directory '/home/jagdeesh/tracker/build/ros_gz_bridge'
[213.675s] gmake[3]: Entering directory '/home/jagdeesh/tracker/build/ros_gz_bridge'
[213.683s] [ 63%] [32mBuilding CXX object CMakeFiles/test_ros_subscriber.dir/generated/test/actuator_msgs_subscriber.cpp.o[0m
[213.688s] gmake[3]: Leaving directory '/home/jagdeesh/tracker/build/ros_gz_bridge'
[213.691s] gmake[3]: Leaving directory '/home/jagdeesh/tracker/build/ros_gz_bridge'
[213.691s] gmake[3]: Leaving directory '/home/jagdeesh/tracker/build/ros_gz_bridge'
[213.693s] gmake[3]: Entering directory '/home/jagdeesh/tracker/build/ros_gz_bridge'
[213.693s] gmake[3]: Entering directory '/home/jagdeesh/tracker/build/ros_gz_bridge'
[213.693s] gmake[3]: Entering directory '/home/jagdeesh/tracker/build/ros_gz_bridge'
[213.697s] gmake[3]: Leaving directory '/home/jagdeesh/tracker/build/ros_gz_bridge'
[213.698s] gmake[3]: Entering directory '/home/jagdeesh/tracker/build/ros_gz_bridge'
[213.703s] [ 64%] [32mBuilding CXX object CMakeFiles/ros_gz_bridge_bridge_config.dir/test/bridge_config.cpp.o[0m
[213.704s] [ 65%] [32mBuilding CXX object CMakeFiles/bridge_types.dir/src/bridge_types.cpp.o[0m
[213.708s] [ 67%] [32mBuilding CXX object CMakeFiles/test_ros_gz_interfaces.dir/src/convert/ros_gz_interfaces.cpp.o[0m
[213.718s] [ 68%] [32mBuilding CXX object CMakeFiles/static_bridge.dir/src/static_bridge.cpp.o[0m
[215.018s] [ 69%] [32m[1mLinking CXX executable bridge_types[0m
[217.421s] gmake[3]: Leaving directory '/home/jagdeesh/tracker/build/ros_gz_bridge'
[217.437s] [ 69%] Built target bridge_types
[217.446s] gmake[3]: Entering directory '/home/jagdeesh/tracker/build/ros_gz_bridge'
[217.450s] gmake[3]: Entering directory '/home/jagdeesh/tracker/build/ros_gz_bridge'
[217.452s] gmake[3]: Entering directory '/home/jagdeesh/tracker/build/ros_gz_bridge'
[217.459s] gmake[3]: Entering directory '/home/jagdeesh/tracker/build/ros_gz_bridge'
[217.462s] [ 70%] [32mBuilding CXX object CMakeFiles/test_ros_gz_interfaces.dir/src/convert/ros_gz_interfaces_TEST.cpp.o[0m
[217.474s] gmake[3]: Leaving directory '/home/jagdeesh/tracker/build/ros_gz_bridge'
[217.475s] gmake[3]: Leaving directory '/home/jagdeesh/tracker/build/ros_gz_bridge'
[217.480s] gmake[3]: Entering directory '/home/jagdeesh/tracker/build/ros_gz_bridge'
[217.482s] gmake[3]: Entering directory '/home/jagdeesh/tracker/build/ros_gz_bridge'
[217.485s] gmake[3]: Leaving directory '/home/jagdeesh/tracker/build/ros_gz_bridge'
[217.488s] gmake[3]: Leaving directory '/home/jagdeesh/tracker/build/ros_gz_bridge'
[217.492s] gmake[3]: Entering directory '/home/jagdeesh/tracker/build/ros_gz_bridge'
[217.501s] gmake[3]: Entering directory '/home/jagdeesh/tracker/build/ros_gz_bridge'
[217.517s] [ 71%] [32mBuilding CXX object CMakeFiles/test_ros_publisher.dir/generated/test/ros_publisher.cpp.o[0m
[217.518s] [ 72%] [32mBuilding CXX object CMakeFiles/test_gz_subscriber.dir/generated/test/gz_subscriber.cpp.o[0m
[217.520s] [ 73%] [32mBuilding CXX object CMakeFiles/parameter_bridge.dir/src/parameter_bridge.cpp.o[0m
[217.525s] [ 74%] [32mBuilding CXX object CMakeFiles/test_gz_publisher.dir/generated/test/gz_publisher.cpp.o[0m
[219.248s] [ 75%] [32m[1mLinking CXX executable ros_gz_bridge_bridge_config[0m
[222.574s] gmake[3]: Leaving directory '/home/jagdeesh/tracker/build/ros_gz_bridge'
[222.590s] [ 75%] Built target ros_gz_bridge_bridge_config
[222.610s] [ 76%] [32mBuilding CXX object CMakeFiles/test_ros_subscriber.dir/generated/test/geometry_msgs_subscriber.cpp.o[0m
[227.056s] [ 78%] [32m[1mLinking CXX executable test_gz_server[0m
[227.994s] gmake[3]: Leaving directory '/home/jagdeesh/tracker/build/ros_gz_bridge'
[228.032s] [ 78%] Built target test_gz_server
[237.883s] [ 79%] [32m[1mLinking CXX executable parameter_bridge[0m
[239.478s] [ 80%] [32m[1mLinking CXX executable static_bridge[0m
[240.406s] gmake[3]: Leaving directory '/home/jagdeesh/tracker/build/ros_gz_bridge'
[240.431s] [ 80%] Built target parameter_bridge
[241.927s] gmake[3]: Leaving directory '/home/jagdeesh/tracker/build/ros_gz_bridge'
[241.945s] [ 80%] Built target static_bridge
[244.410s] [ 81%] [32m[1mLinking CXX executable test_gz_publisher[0m
[244.984s] [ 82%] [32m[1mLinking CXX executable test_ros_gz_interfaces[0m
[245.047s] gmake[3]: Leaving directory '/home/jagdeesh/tracker/build/ros_gz_bridge'
[245.061s] [ 83%] Built target test_gz_publisher
[247.687s] gmake[3]: Leaving directory '/home/jagdeesh/tracker/build/ros_gz_bridge'
[247.700s] [ 83%] Built target test_ros_gz_interfaces
[265.381s] [ 84%] [32mBuilding CXX object CMakeFiles/test_ros_subscriber.dir/generated/test/trajectory_msgs_subscriber.cpp.o[0m
[267.398s] [ 85%] [32mBuilding CXX object CMakeFiles/test_ros_subscriber.dir/generated/test/tf2_msgs_subscriber.cpp.o[0m
[269.414s] [ 86%] [32mBuilding CXX object CMakeFiles/test_ros_subscriber.dir/generated/test/std_msgs_subscriber.cpp.o[0m
[270.114s] [ 87%] [32m[1mLinking CXX executable test_gz_subscriber[0m
[270.444s] [ 89%] [32mBuilding CXX object CMakeFiles/test_ros_subscriber.dir/generated/test/sensor_msgs_subscriber.cpp.o[0m
[270.447s] [ 90%] [32mBuilding CXX object CMakeFiles/test_ros_subscriber.dir/generated/test/rosgraph_msgs_subscriber.cpp.o[0m
[270.951s] gmake[3]: Leaving directory '/home/jagdeesh/tracker/build/ros_gz_bridge'
[270.967s] [ 91%] Built target test_gz_subscriber
[300.597s] [ 92%] [32mBuilding CXX object CMakeFiles/test_ros_subscriber.dir/generated/test/vision_msgs_subscriber.cpp.o[0m
[303.285s] [ 93%] [32mBuilding CXX object CMakeFiles/test_ros_subscriber.dir/generated/test/ros_gz_interfaces_subscriber.cpp.o[0m
[314.390s] [ 94%] [32mBuilding CXX object CMakeFiles/test_ros_subscriber.dir/generated/test/rcl_interfaces_subscriber.cpp.o[0m
[333.964s] [ 95%] [32m[1mLinking CXX executable test_ros_publisher[0m
[334.778s] gmake[3]: Leaving directory '/home/jagdeesh/tracker/build/ros_gz_bridge'
[334.790s] [ 96%] Built target test_ros_publisher
[352.998s] [ 97%] [32mBuilding CXX object CMakeFiles/test_ros_subscriber.dir/generated/test/nav_msgs_subscriber.cpp.o[0m
[364.017s] [ 98%] [32mBuilding CXX object CMakeFiles/test_ros_subscriber.dir/generated/test/gps_msgs_subscriber.cpp.o[0m
[429.649s] [100%] [32m[1mLinking CXX executable test_ros_subscriber[0m
[432.131s] gmake[3]: Leaving directory '/home/jagdeesh/tracker/build/ros_gz_bridge'
[432.141s] [100%] Built target test_ros_subscriber
[432.143s] gmake[2]: Leaving directory '/home/jagdeesh/tracker/build/ros_gz_bridge'
[432.161s] gmake[1]: Leaving directory '/home/jagdeesh/tracker/build/ros_gz_bridge'
[432.206s] Invoked command in '/home/jagdeesh/tracker/build/ros_gz_bridge' returned '0': AMENT_PREFIX_PATH=/home/jagdeesh/tracker/install/ros_gz_interfaces:${AMENT_PREFIX_PATH} CMAKE_PREFIX_PATH=/home/jagdeesh/tracker/install/ros_gz_interfaces:/opt/ros/humble LD_LIBRARY_PATH=/home/jagdeesh/tracker/install/ros_gz_interfaces/lib:${LD_LIBRARY_PATH} PYTHONPATH=/home/jagdeesh/tracker/install/ros_gz_interfaces/local/lib/python3.10/dist-packages:${PYTHONPATH} /usr/bin/cmake --build /home/jagdeesh/tracker/build/ros_gz_bridge -- -j12 -l12
[432.238s] Invoking command in '/home/jagdeesh/tracker/build/ros_gz_bridge': AMENT_PREFIX_PATH=/home/jagdeesh/tracker/install/ros_gz_interfaces:${AMENT_PREFIX_PATH} CMAKE_PREFIX_PATH=/home/jagdeesh/tracker/install/ros_gz_interfaces:/opt/ros/humble LD_LIBRARY_PATH=/home/jagdeesh/tracker/install/ros_gz_interfaces/lib:${LD_LIBRARY_PATH} PYTHONPATH=/home/jagdeesh/tracker/install/ros_gz_interfaces/local/lib/python3.10/dist-packages:${PYTHONPATH} /usr/bin/cmake --install /home/jagdeesh/tracker/build/ros_gz_bridge
[432.248s] -- Install configuration: "Release"
[432.248s] -- Installing: /home/jagdeesh/tracker/install/ros_gz_bridge/lib/ros_gz_bridge/bridge_node
[432.248s] -- Set runtime path of "/home/jagdeesh/tracker/install/ros_gz_bridge/lib/ros_gz_bridge/bridge_node" to ""
[432.248s] -- Installing: /home/jagdeesh/tracker/install/ros_gz_bridge/lib/libros_gz_bridge.so
[432.279s] -- Set runtime path of "/home/jagdeesh/tracker/install/ros_gz_bridge/lib/libros_gz_bridge.so" to ""
[432.279s] -- Installing: /home/jagdeesh/tracker/install/ros_gz_bridge/include/ros_gz_bridge
[432.280s] -- Installing: /home/jagdeesh/tracker/install/ros_gz_bridge/include/ros_gz_bridge/ros_gz_bridge
[432.280s] -- Installing: /home/jagdeesh/tracker/install/ros_gz_bridge/include/ros_gz_bridge/ros_gz_bridge/convert_decl.hpp
[432.280s] -- Installing: /home/jagdeesh/tracker/install/ros_gz_bridge/include/ros_gz_bridge/ros_gz_bridge/convert.hpp
[432.280s] -- Installing: /home/jagdeesh/tracker/install/ros_gz_bridge/include/ros_gz_bridge/ros_gz_bridge/ros_gz_bridge.hpp
[432.280s] -- Installing: /home/jagdeesh/tracker/install/ros_gz_bridge/include/ros_gz_bridge/ros_gz_bridge/convert
[432.280s] -- Installing: /home/jagdeesh/tracker/install/ros_gz_bridge/include/ros_gz_bridge/ros_gz_bridge/convert/geometry_msgs.hpp
[432.280s] -- Installing: /home/jagdeesh/tracker/install/ros_gz_bridge/include/ros_gz_bridge/ros_gz_bridge/convert/actuator_msgs.hpp
[432.280s] -- Installing: /home/jagdeesh/tracker/install/ros_gz_bridge/include/ros_gz_bridge/ros_gz_bridge/convert/rosgraph_msgs.hpp
[432.280s] -- Installing: /home/jagdeesh/tracker/install/ros_gz_bridge/include/ros_gz_bridge/ros_gz_bridge/convert/builtin_interfaces.hpp
[432.281s] -- Installing: /home/jagdeesh/tracker/install/ros_gz_bridge/include/ros_gz_bridge/ros_gz_bridge/convert/std_msgs.hpp
[432.281s] -- Installing: /home/jagdeesh/tracker/install/ros_gz_bridge/include/ros_gz_bridge/ros_gz_bridge/convert/rcl_interfaces.hpp
[432.282s] -- Installing: /home/jagdeesh/tracker/install/ros_gz_bridge/include/ros_gz_bridge/ros_gz_bridge/convert/gps_msgs.hpp
[432.282s] -- Installing: /home/jagdeesh/tracker/install/ros_gz_bridge/include/ros_gz_bridge/ros_gz_bridge/convert/sensor_msgs.hpp
[432.282s] -- Installing: /home/jagdeesh/tracker/install/ros_gz_bridge/include/ros_gz_bridge/ros_gz_bridge/convert/tf2_msgs.hpp
[432.282s] -- Installing: /home/jagdeesh/tracker/install/ros_gz_bridge/include/ros_gz_bridge/ros_gz_bridge/convert/nav_msgs.hpp
[432.282s] -- Installing: /home/jagdeesh/tracker/install/ros_gz_bridge/include/ros_gz_bridge/ros_gz_bridge/convert/trajectory_msgs.hpp
[432.282s] -- Installing: /home/jagdeesh/tracker/install/ros_gz_bridge/include/ros_gz_bridge/ros_gz_bridge/convert/vision_msgs.hpp
[432.282s] -- Installing: /home/jagdeesh/tracker/install/ros_gz_bridge/include/ros_gz_bridge/ros_gz_bridge/convert/ros_gz_interfaces.hpp
[432.282s] -- Installing: /home/jagdeesh/tracker/install/ros_gz_bridge/include/ros_gz_bridge/ros_gz_bridge/bridge_config.hpp
[432.283s] -- Installing: /home/jagdeesh/tracker/install/ros_gz_bridge/lib/ros_gz_bridge/parameter_bridge
[432.283s] -- Set runtime path of "/home/jagdeesh/tracker/install/ros_gz_bridge/lib/ros_gz_bridge/parameter_bridge" to ""
[432.283s] -- Installing: /home/jagdeesh/tracker/install/ros_gz_bridge/lib/ros_gz_bridge/static_bridge
[432.284s] -- Set runtime path of "/home/jagdeesh/tracker/install/ros_gz_bridge/lib/ros_gz_bridge/static_bridge" to ""
[432.284s] -- Installing: /home/jagdeesh/tracker/install/ros_gz_bridge/lib/ros_gz_bridge/bridge_types
[432.285s] -- Set runtime path of "/home/jagdeesh/tracker/install/ros_gz_bridge/lib/ros_gz_bridge/bridge_types" to ""
[432.285s] -- Installing: /home/jagdeesh/tracker/install/ros_gz_bridge/lib/ros_gz_bridge/test_ros_publisher
[432.290s] -- Set runtime path of "/home/jagdeesh/tracker/install/ros_gz_bridge/lib/ros_gz_bridge/test_ros_publisher" to ""
[432.292s] -- Installing: /home/jagdeesh/tracker/install/ros_gz_bridge/lib/ros_gz_bridge/test_ros_subscriber
[432.318s] -- Set runtime path of "/home/jagdeesh/tracker/install/ros_gz_bridge/lib/ros_gz_bridge/test_ros_subscriber" to ""
[432.318s] -- Installing: /home/jagdeesh/tracker/install/ros_gz_bridge/lib/ros_gz_bridge/test_gz_publisher
[432.320s] -- Set runtime path of "/home/jagdeesh/tracker/install/ros_gz_bridge/lib/ros_gz_bridge/test_gz_publisher" to ""
[432.320s] -- Installing: /home/jagdeesh/tracker/install/ros_gz_bridge/lib/ros_gz_bridge/test_gz_subscriber
[432.323s] -- Set runtime path of "/home/jagdeesh/tracker/install/ros_gz_bridge/lib/ros_gz_bridge/test_gz_subscriber" to ""
[432.325s] -- Installing: /home/jagdeesh/tracker/install/ros_gz_bridge/lib/ros_gz_bridge/test_gz_server
[432.326s] -- Set runtime path of "/home/jagdeesh/tracker/install/ros_gz_bridge/lib/ros_gz_bridge/test_gz_server" to ""
[432.326s] -- Installing: /home/jagdeesh/tracker/install/ros_gz_bridge/lib/ros_gz_bridge/test_ros_client
[432.326s] -- Set runtime path of "/home/jagdeesh/tracker/install/ros_gz_bridge/lib/ros_gz_bridge/test_ros_client" to ""
[432.326s] -- Installing: /home/jagdeesh/tracker/install/ros_gz_bridge/share/ros_gz_bridge/environment/library_path.sh
[432.326s] -- Installing: /home/jagdeesh/tracker/install/ros_gz_bridge/share/ros_gz_bridge/environment/library_path.dsv
[432.326s] -- Installing: /home/jagdeesh/tracker/install/ros_gz_bridge/share/ament_index/resource_index/package_run_dependencies/ros_gz_bridge
[432.327s] -- Installing: /home/jagdeesh/tracker/install/ros_gz_bridge/share/ament_index/resource_index/parent_prefix_path/ros_gz_bridge
[432.327s] -- Installing: /home/jagdeesh/tracker/install/ros_gz_bridge/share/ros_gz_bridge/environment/ament_prefix_path.sh
[432.327s] -- Installing: /home/jagdeesh/tracker/install/ros_gz_bridge/share/ros_gz_bridge/environment/ament_prefix_path.dsv
[432.327s] -- Installing: /home/jagdeesh/tracker/install/ros_gz_bridge/share/ros_gz_bridge/environment/path.sh
[432.328s] -- Installing: /home/jagdeesh/tracker/install/ros_gz_bridge/share/ros_gz_bridge/environment/path.dsv
[432.328s] -- Installing: /home/jagdeesh/tracker/install/ros_gz_bridge/share/ros_gz_bridge/local_setup.bash
[432.328s] -- Installing: /home/jagdeesh/tracker/install/ros_gz_bridge/share/ros_gz_bridge/local_setup.sh
[432.328s] -- Installing: /home/jagdeesh/tracker/install/ros_gz_bridge/share/ros_gz_bridge/local_setup.zsh
[432.328s] -- Installing: /home/jagdeesh/tracker/install/ros_gz_bridge/share/ros_gz_bridge/local_setup.dsv
[432.329s] -- Installing: /home/jagdeesh/tracker/install/ros_gz_bridge/share/ros_gz_bridge/package.dsv
[432.329s] -- Installing: /home/jagdeesh/tracker/install/ros_gz_bridge/share/ament_index/resource_index/packages/ros_gz_bridge
[432.329s] -- Installing: /home/jagdeesh/tracker/install/ros_gz_bridge/share/ament_index/resource_index/rclcpp_components/ros_gz_bridge
[432.330s] -- Installing: /home/jagdeesh/tracker/install/ros_gz_bridge/share/ros_gz_bridge/cmake/export_ros_gz_bridgeExport.cmake
[432.330s] -- Installing: /home/jagdeesh/tracker/install/ros_gz_bridge/share/ros_gz_bridge/cmake/export_ros_gz_bridgeExport-release.cmake
[432.330s] -- Installing: /home/jagdeesh/tracker/install/ros_gz_bridge/share/ros_gz_bridge/cmake/ament_cmake_export_include_directories-extras.cmake
[432.330s] -- Installing: /home/jagdeesh/tracker/install/ros_gz_bridge/share/ros_gz_bridge/cmake/ament_cmake_export_libraries-extras.cmake
[432.331s] -- Installing: /home/jagdeesh/tracker/install/ros_gz_bridge/share/ros_gz_bridge/cmake/ament_cmake_export_targets-extras.cmake
[432.331s] -- Installing: /home/jagdeesh/tracker/install/ros_gz_bridge/share/ros_gz_bridge/cmake/ament_cmake_export_dependencies-extras.cmake
[432.331s] -- Installing: /home/jagdeesh/tracker/install/ros_gz_bridge/share/ros_gz_bridge/cmake/ros_gz_bridgeConfig.cmake
[432.331s] -- Installing: /home/jagdeesh/tracker/install/ros_gz_bridge/share/ros_gz_bridge/cmake/ros_gz_bridgeConfig-version.cmake
[432.332s] -- Installing: /home/jagdeesh/tracker/install/ros_gz_bridge/share/ros_gz_bridge/package.xml
[432.347s] Invoked command in '/home/jagdeesh/tracker/build/ros_gz_bridge' returned '0': AMENT_PREFIX_PATH=/home/jagdeesh/tracker/install/ros_gz_interfaces:${AMENT_PREFIX_PATH} CMAKE_PREFIX_PATH=/home/jagdeesh/tracker/install/ros_gz_interfaces:/opt/ros/humble LD_LIBRARY_PATH=/home/jagdeesh/tracker/install/ros_gz_interfaces/lib:${LD_LIBRARY_PATH} PYTHONPATH=/home/jagdeesh/tracker/install/ros_gz_interfaces/local/lib/python3.10/dist-packages:${PYTHONPATH} /usr/bin/cmake --install /home/jagdeesh/tracker/build/ros_gz_bridge
