[0.146s] Invoking command in '/home/jagdeesh/tracker/build/example_mode_vtol_cpp': AMENT_PREFIX_PATH=/home/jagdeesh/tracker/install/px4_ros2_cpp:/home/jagdeesh/tracker/install/px4_msgs:${AMENT_PREFIX_PATH} CMAKE_PREFIX_PATH=/home/jagdeesh/tracker/install/px4_ros2_cpp:/home/jagdeesh/tracker/install/px4_msgs:/opt/ros/humble LD_LIBRARY_PATH=/home/jagdeesh/tracker/install/px4_ros2_cpp/lib:/home/jagdeesh/tracker/install/px4_msgs/lib:${LD_LIBRARY_PATH} PYTHONPATH=/home/jagdeesh/tracker/install/px4_msgs/local/lib/python3.10/dist-packages:${PYTHONPATH} /usr/bin/cmake /home/jagdeesh/tracker/src/px4-ros2-interface-lib/examples/cpp/modes/vtol -DCMAKE_INSTALL_PREFIX=/home/jagdeesh/tracker/install/example_mode_vtol_cpp
[2.341s] -- Found eigen3_cmake_module: 0.1.1 (/opt/ros/humble/share/eigen3_cmake_module/cmake)
[2.341s] -- Found ament_cmake: 1.3.14 (/opt/ros/humble/share/ament_cmake/cmake)
[2.342s] -- Found rclcpp: 16.0.18 (/opt/ros/humble/share/rclcpp/cmake)
[2.343s] -- Found rosidl_generator_c: 3.1.8 (/opt/ros/humble/share/rosidl_generator_c/cmake)
[2.343s] -- Found rosidl_adapter: 3.1.8 (/opt/ros/humble/share/rosidl_adapter/cmake)
[2.344s] -- Found rosidl_generator_cpp: 3.1.8 (/opt/ros/humble/share/rosidl_generator_cpp/cmake)
[2.344s] -- Using all available rosidl_typesupport_c: rosidl_typesupport_fastrtps_c;rosidl_typesupport_introspection_c
[2.344s] -- Using all available rosidl_typesupport_cpp: rosidl_typesupport_fastrtps_cpp;rosidl_typesupport_introspection_cpp
[2.346s] -- Found rmw_implementation_cmake: 6.1.2 (/opt/ros/humble/share/rmw_implementation_cmake/cmake)
[2.346s] -- Found rmw_fastrtps_cpp: 6.2.10 (/opt/ros/humble/share/rmw_fastrtps_cpp/cmake)
[3.110s] -- Using RMW implementation 'rmw_fastrtps_cpp' as default
[3.310s] -- Found px4_ros2_cpp: 0.0.1 (/home/jagdeesh/tracker/install/px4_ros2_cpp/share/px4_ros2_cpp/cmake)
[3.353s] -- Found ament_lint_auto: 0.12.15 (/opt/ros/humble/share/ament_lint_auto/cmake)
[3.580s] -- Added test 'copyright' to check source files copyright and LICENSE
[3.580s] -- Added test 'cppcheck' to perform static code analysis on C / C++ code
[3.580s] -- Configured cppcheck include dirs: /home/jagdeesh/tracker/src/px4-ros2-interface-lib/examples/cpp/modes/vtol/include
[3.580s] -- Configured cppcheck exclude dirs and/or files: 
[3.580s] -- Added test 'cpplint' to check C / C++ code against the Google style
[3.581s] -- Configured cpplint exclude dirs and/or files: 
[3.582s] -- Added test 'lint_cmake' to check CMake code style
[3.584s] -- Added test 'uncrustify' to check C / C++ code style
[3.584s] -- Configured uncrustify additional arguments: 
[3.587s] -- Added test 'xmllint' to check XML markup files
[3.591s] -- Configuring done
[3.623s] -- Generating done
[3.644s] -- Build files have been written to: /home/jagdeesh/tracker/build/example_mode_vtol_cpp
[3.676s] Invoked command in '/home/jagdeesh/tracker/build/example_mode_vtol_cpp' returned '0': AMENT_PREFIX_PATH=/home/jagdeesh/tracker/install/px4_ros2_cpp:/home/jagdeesh/tracker/install/px4_msgs:${AMENT_PREFIX_PATH} CMAKE_PREFIX_PATH=/home/jagdeesh/tracker/install/px4_ros2_cpp:/home/jagdeesh/tracker/install/px4_msgs:/opt/ros/humble LD_LIBRARY_PATH=/home/jagdeesh/tracker/install/px4_ros2_cpp/lib:/home/jagdeesh/tracker/install/px4_msgs/lib:${LD_LIBRARY_PATH} PYTHONPATH=/home/jagdeesh/tracker/install/px4_msgs/local/lib/python3.10/dist-packages:${PYTHONPATH} /usr/bin/cmake /home/jagdeesh/tracker/src/px4-ros2-interface-lib/examples/cpp/modes/vtol -DCMAKE_INSTALL_PREFIX=/home/jagdeesh/tracker/install/example_mode_vtol_cpp
[3.678s] Invoking command in '/home/jagdeesh/tracker/build/example_mode_vtol_cpp': AMENT_PREFIX_PATH=/home/jagdeesh/tracker/install/px4_ros2_cpp:/home/jagdeesh/tracker/install/px4_msgs:${AMENT_PREFIX_PATH} CMAKE_PREFIX_PATH=/home/jagdeesh/tracker/install/px4_ros2_cpp:/home/jagdeesh/tracker/install/px4_msgs:/opt/ros/humble LD_LIBRARY_PATH=/home/jagdeesh/tracker/install/px4_ros2_cpp/lib:/home/jagdeesh/tracker/install/px4_msgs/lib:${LD_LIBRARY_PATH} PYTHONPATH=/home/jagdeesh/tracker/install/px4_msgs/local/lib/python3.10/dist-packages:${PYTHONPATH} /usr/bin/cmake --build /home/jagdeesh/tracker/build/example_mode_vtol_cpp -- -j12 -l12
[3.758s] [35m[1mConsolidate compiler generated dependencies of target example_mode_vtol[0m
[3.803s] [100%] Built target example_mode_vtol
[3.876s] Invoked command in '/home/jagdeesh/tracker/build/example_mode_vtol_cpp' returned '0': AMENT_PREFIX_PATH=/home/jagdeesh/tracker/install/px4_ros2_cpp:/home/jagdeesh/tracker/install/px4_msgs:${AMENT_PREFIX_PATH} CMAKE_PREFIX_PATH=/home/jagdeesh/tracker/install/px4_ros2_cpp:/home/jagdeesh/tracker/install/px4_msgs:/opt/ros/humble LD_LIBRARY_PATH=/home/jagdeesh/tracker/install/px4_ros2_cpp/lib:/home/jagdeesh/tracker/install/px4_msgs/lib:${LD_LIBRARY_PATH} PYTHONPATH=/home/jagdeesh/tracker/install/px4_msgs/local/lib/python3.10/dist-packages:${PYTHONPATH} /usr/bin/cmake --build /home/jagdeesh/tracker/build/example_mode_vtol_cpp -- -j12 -l12
[3.878s] Invoking command in '/home/jagdeesh/tracker/build/example_mode_vtol_cpp': AMENT_PREFIX_PATH=/home/jagdeesh/tracker/install/px4_ros2_cpp:/home/jagdeesh/tracker/install/px4_msgs:${AMENT_PREFIX_PATH} CMAKE_PREFIX_PATH=/home/jagdeesh/tracker/install/px4_ros2_cpp:/home/jagdeesh/tracker/install/px4_msgs:/opt/ros/humble LD_LIBRARY_PATH=/home/jagdeesh/tracker/install/px4_ros2_cpp/lib:/home/jagdeesh/tracker/install/px4_msgs/lib:${LD_LIBRARY_PATH} PYTHONPATH=/home/jagdeesh/tracker/install/px4_msgs/local/lib/python3.10/dist-packages:${PYTHONPATH} /usr/bin/cmake --install /home/jagdeesh/tracker/build/example_mode_vtol_cpp
[3.895s] -- Install configuration: "Release"
[3.896s] -- Up-to-date: /home/jagdeesh/tracker/install/example_mode_vtol_cpp/lib/example_mode_vtol_cpp/example_mode_vtol
[3.896s] -- Up-to-date: /home/jagdeesh/tracker/install/example_mode_vtol_cpp/share/ament_index/resource_index/package_run_dependencies/example_mode_vtol_cpp
[3.896s] -- Up-to-date: /home/jagdeesh/tracker/install/example_mode_vtol_cpp/share/ament_index/resource_index/parent_prefix_path/example_mode_vtol_cpp
[3.897s] -- Up-to-date: /home/jagdeesh/tracker/install/example_mode_vtol_cpp/share/example_mode_vtol_cpp/environment/ament_prefix_path.sh
[3.897s] -- Installing: /home/jagdeesh/tracker/install/example_mode_vtol_cpp/share/example_mode_vtol_cpp/environment/ament_prefix_path.dsv
[3.897s] -- Up-to-date: /home/jagdeesh/tracker/install/example_mode_vtol_cpp/share/example_mode_vtol_cpp/environment/path.sh
[3.897s] -- Installing: /home/jagdeesh/tracker/install/example_mode_vtol_cpp/share/example_mode_vtol_cpp/environment/path.dsv
[3.897s] -- Up-to-date: /home/jagdeesh/tracker/install/example_mode_vtol_cpp/share/example_mode_vtol_cpp/local_setup.bash
[3.897s] -- Up-to-date: /home/jagdeesh/tracker/install/example_mode_vtol_cpp/share/example_mode_vtol_cpp/local_setup.sh
[3.897s] -- Up-to-date: /home/jagdeesh/tracker/install/example_mode_vtol_cpp/share/example_mode_vtol_cpp/local_setup.zsh
[3.897s] -- Installing: /home/jagdeesh/tracker/install/example_mode_vtol_cpp/share/example_mode_vtol_cpp/local_setup.dsv
[3.898s] -- Installing: /home/jagdeesh/tracker/install/example_mode_vtol_cpp/share/example_mode_vtol_cpp/package.dsv
[3.898s] -- Up-to-date: /home/jagdeesh/tracker/install/example_mode_vtol_cpp/share/ament_index/resource_index/packages/example_mode_vtol_cpp
[3.898s] -- Up-to-date: /home/jagdeesh/tracker/install/example_mode_vtol_cpp/share/example_mode_vtol_cpp/cmake/example_mode_vtol_cppConfig.cmake
[3.898s] -- Up-to-date: /home/jagdeesh/tracker/install/example_mode_vtol_cpp/share/example_mode_vtol_cpp/cmake/example_mode_vtol_cppConfig-version.cmake
[3.898s] -- Up-to-date: /home/jagdeesh/tracker/install/example_mode_vtol_cpp/share/example_mode_vtol_cpp/package.xml
[3.918s] Invoked command in '/home/jagdeesh/tracker/build/example_mode_vtol_cpp' returned '0': AMENT_PREFIX_PATH=/home/jagdeesh/tracker/install/px4_ros2_cpp:/home/jagdeesh/tracker/install/px4_msgs:${AMENT_PREFIX_PATH} CMAKE_PREFIX_PATH=/home/jagdeesh/tracker/install/px4_ros2_cpp:/home/jagdeesh/tracker/install/px4_msgs:/opt/ros/humble LD_LIBRARY_PATH=/home/jagdeesh/tracker/install/px4_ros2_cpp/lib:/home/jagdeesh/tracker/install/px4_msgs/lib:${LD_LIBRARY_PATH} PYTHONPATH=/home/jagdeesh/tracker/install/px4_msgs/local/lib/python3.10/dist-packages:${PYTHONPATH} /usr/bin/cmake --install /home/jagdeesh/tracker/build/example_mode_vtol_cpp
