-- Found ament_cmake: 1.3.14 (/opt/ros/humble/share/ament_cmake/cmake)
-- Found rclcpp: 16.0.18 (/opt/ros/humble/share/rclcpp/cmake)
-- Found rosidl_generator_c: 3.1.8 (/opt/ros/humble/share/rosidl_generator_c/cmake)
-- Found rosidl_adapter: 3.1.8 (/opt/ros/humble/share/rosidl_adapter/cmake)
-- Found rosidl_generator_cpp: 3.1.8 (/opt/ros/humble/share/rosidl_generator_cpp/cmake)
-- Using all available rosidl_typesupport_c: rosidl_typesupport_fastrtps_c;rosidl_typesupport_introspection_c
-- Using all available rosidl_typesupport_cpp: rosidl_typesupport_fastrtps_cpp;rosidl_typesupport_introspection_cpp
-- Found rmw_implementation_cmake: 6.1.2 (/opt/ros/humble/share/rmw_implementation_cmake/cmake)
-- Found rmw_fastrtps_cpp: 6.2.10 (/opt/ros/humble/share/rmw_fastrtps_cpp/cmake)
-- Using RMW implementation 'rmw_fastrtps_cpp' as default
-- Found eigen3_cmake_module: 0.1.1 (/opt/ros/humble/share/eigen3_cmake_module/cmake)
-- Found px4_ros2_cpp: 0.0.1 (/home/jagdeesh/tracker/install/px4_ros2_cpp/share/px4_ros2_cpp/cmake)
-- Found geometry_msgs: 4.9.1 (/opt/ros/humble/share/geometry_msgs/cmake)
-- Found tf2_ros: 0.25.19 (/opt/ros/humble/share/tf2_ros/cmake)
-- Found ament_lint_auto: 0.12.15 (/opt/ros/humble/share/ament_lint_auto/cmake)
-- Added test 'copyright' to check source files copyright and LICENSE
-- Added test 'cppcheck' to perform static code analysis on C / C++ code
-- Configured cppcheck include dirs: 
-- Configured cppcheck exclude dirs and/or files: 
-- Added test 'cpplint' to check C / C++ code against the Google style
-- Configured cpplint exclude dirs and/or files: 
-- Added test 'flake8' to check Python code syntax and style conventions
-- Added test 'lint_cmake' to check CMake code style
-- Added test 'pep257' to check Python code against some of the docstring style conventions in PEP 257
-- Added test 'uncrustify' to check C / C++ code style
-- Configured uncrustify additional arguments: 
-- Added test 'xmllint' to check XML markup files
-- Configuring done
-- Generating done
-- Build files have been written to: /home/jagdeesh/tracker/build/precision_land
gmake[1]: Entering directory '/home/jagdeesh/tracker/build/precision_land'
gmake[2]: Entering directory '/home/jagdeesh/tracker/build/precision_land'
gmake[3]: Entering directory '/home/jagdeesh/tracker/build/precision_land'
Consolidate compiler generated dependencies of target precision_land
gmake[3]: Leaving directory '/home/jagdeesh/tracker/build/precision_land'
[100%] Built target precision_land
gmake[2]: Leaving directory '/home/jagdeesh/tracker/build/precision_land'
gmake[1]: Leaving directory '/home/jagdeesh/tracker/build/precision_land'
-- Install configuration: "Release"
-- Up-to-date: /home/jagdeesh/tracker/install/precision_land/lib/precision_land/precision_land
-- Up-to-date: /home/jagdeesh/tracker/install/precision_land/share/precision_land//launch
-- Up-to-date: /home/jagdeesh/tracker/install/precision_land/share/precision_land//launch/precision_landing_system.launch.py
-- Up-to-date: /home/jagdeesh/tracker/install/precision_land/share/precision_land//cfg
-- Up-to-date: /home/jagdeesh/tracker/install/precision_land/share/precision_land//cfg/bridge.yaml
-- Up-to-date: /home/jagdeesh/tracker/install/precision_land/share/precision_land//cfg/params.yaml
-- Up-to-date: /home/jagdeesh/tracker/install/precision_land/share/ament_index/resource_index/package_run_dependencies/precision_land
-- Up-to-date: /home/jagdeesh/tracker/install/precision_land/share/ament_index/resource_index/parent_prefix_path/precision_land
-- Up-to-date: /home/jagdeesh/tracker/install/precision_land/share/precision_land/environment/ament_prefix_path.sh
-- Installing: /home/jagdeesh/tracker/install/precision_land/share/precision_land/environment/ament_prefix_path.dsv
-- Up-to-date: /home/jagdeesh/tracker/install/precision_land/share/precision_land/environment/path.sh
-- Installing: /home/jagdeesh/tracker/install/precision_land/share/precision_land/environment/path.dsv
-- Up-to-date: /home/jagdeesh/tracker/install/precision_land/share/precision_land/local_setup.bash
-- Up-to-date: /home/jagdeesh/tracker/install/precision_land/share/precision_land/local_setup.sh
-- Up-to-date: /home/jagdeesh/tracker/install/precision_land/share/precision_land/local_setup.zsh
-- Installing: /home/jagdeesh/tracker/install/precision_land/share/precision_land/local_setup.dsv
-- Installing: /home/jagdeesh/tracker/install/precision_land/share/precision_land/package.dsv
-- Up-to-date: /home/jagdeesh/tracker/install/precision_land/share/ament_index/resource_index/packages/precision_land
-- Up-to-date: /home/jagdeesh/tracker/install/precision_land/share/precision_land/cmake/precision_landConfig.cmake
-- Up-to-date: /home/jagdeesh/tracker/install/precision_land/share/precision_land/cmake/precision_landConfig-version.cmake
-- Up-to-date: /home/jagdeesh/tracker/install/precision_land/share/precision_land/package.xml
