[0.033s] Invoking command in '/home/jagdeesh/tracker/build/ros_gz_interfaces': CMAKE_PREFIX_PATH=/opt/ros/humble /usr/bin/cmake --build /home/jagdeesh/tracker/build/ros_gz_interfaces -- -j12 -l12
[0.238s] [  1%] Built target ros_gz_interfaces__rs
[0.244s] [  1%] Built target ament_cmake_python_copy_ros_gz_interfaces
[0.279s] [ 13%] Built target ros_gz_interfaces__rosidl_generator_c
[0.279s] [ 13%] Built target ros_gz_interfaces__cpp
[0.430s] [ 25%] Built target ros_gz_interfaces__rosidl_typesupport_introspection_cpp
[0.470s] [ 37%] Built target ros_gz_interfaces__rosidl_typesupport_c
[0.471s] [ 49%] Built target ros_gz_interfaces__rosidl_typesupport_cpp
[0.471s] [ 61%] Built target ros_gz_interfaces__rosidl_typesupport_fastrtps_c
[0.483s] [ 73%] Built target ros_gz_interfaces__rosidl_typesupport_introspection_c
[0.550s] [ 85%] Built target ros_gz_interfaces__rosidl_typesupport_fastrtps_cpp
[0.618s] [ 85%] Built target ros_gz_interfaces
[0.667s] [ 85%] Built target ros_gz_interfaces__py
[0.784s] [ 97%] Built target ros_gz_interfaces__rosidl_generator_py
[0.857s] [ 98%] Built target ros_gz_interfaces__rosidl_typesupport_fastrtps_c__pyext
[0.880s] [ 99%] Built target ros_gz_interfaces__rosidl_typesupport_c__pyext
[0.880s] [100%] Built target ros_gz_interfaces__rosidl_typesupport_introspection_c__pyext
[1.079s] running egg_info
[1.080s] writing ros_gz_interfaces.egg-info/PKG-INFO
[1.081s] writing dependency_links to ros_gz_interfaces.egg-info/dependency_links.txt
[1.081s] writing top-level names to ros_gz_interfaces.egg-info/top_level.txt
[1.088s] reading manifest file 'ros_gz_interfaces.egg-info/SOURCES.txt'
[1.090s] writing manifest file 'ros_gz_interfaces.egg-info/SOURCES.txt'
[1.151s] [100%] Built target ament_cmake_python_build_ros_gz_interfaces_egg
[1.179s] Invoked command in '/home/jagdeesh/tracker/build/ros_gz_interfaces' returned '0': CMAKE_PREFIX_PATH=/opt/ros/humble /usr/bin/cmake --build /home/jagdeesh/tracker/build/ros_gz_interfaces -- -j12 -l12
[1.186s] Invoking command in '/home/jagdeesh/tracker/build/ros_gz_interfaces': CMAKE_PREFIX_PATH=/opt/ros/humble /usr/bin/cmake --install /home/jagdeesh/tracker/build/ros_gz_interfaces
[1.210s] -- Install configuration: "Release"
[1.210s] -- Up-to-date: /home/jagdeesh/tracker/install/ros_gz_interfaces/share/ament_index/resource_index/rosidl_interfaces/ros_gz_interfaces
[1.210s] -- Up-to-date: /home/jagdeesh/tracker/install/ros_gz_interfaces/include/ros_gz_interfaces/ros_gz_interfaces
[1.210s] -- Up-to-date: /home/jagdeesh/tracker/install/ros_gz_interfaces/include/ros_gz_interfaces/ros_gz_interfaces/srv
[1.210s] -- Up-to-date: /home/jagdeesh/tracker/install/ros_gz_interfaces/include/ros_gz_interfaces/ros_gz_interfaces/srv/control_world.h
[1.211s] -- Up-to-date: /home/jagdeesh/tracker/install/ros_gz_interfaces/include/ros_gz_interfaces/ros_gz_interfaces/srv/detail
[1.212s] -- Up-to-date: /home/jagdeesh/tracker/install/ros_gz_interfaces/include/ros_gz_interfaces/ros_gz_interfaces/srv/detail/delete_entity__type_support.h
[1.212s] -- Up-to-date: /home/jagdeesh/tracker/install/ros_gz_interfaces/include/ros_gz_interfaces/ros_gz_interfaces/srv/detail/control_world__functions.h
[1.216s] -- Up-to-date: /home/jagdeesh/tracker/install/ros_gz_interfaces/include/ros_gz_interfaces/ros_gz_interfaces/srv/detail/spawn_entity__functions.h
[1.217s] -- Up-to-date: /home/jagdeesh/tracker/install/ros_gz_interfaces/include/ros_gz_interfaces/ros_gz_interfaces/srv/detail/delete_entity__functions.h
[1.217s] -- Up-to-date: /home/jagdeesh/tracker/install/ros_gz_interfaces/include/ros_gz_interfaces/ros_gz_interfaces/srv/detail/set_entity_pose__type_support.h
[1.217s] -- Up-to-date: /home/jagdeesh/tracker/install/ros_gz_interfaces/include/ros_gz_interfaces/ros_gz_interfaces/srv/detail/spawn_entity__type_support.h
[1.217s] -- Up-to-date: /home/jagdeesh/tracker/install/ros_gz_interfaces/include/ros_gz_interfaces/ros_gz_interfaces/srv/detail/control_world__type_support.h
[1.218s] -- Up-to-date: /home/jagdeesh/tracker/install/ros_gz_interfaces/include/ros_gz_interfaces/ros_gz_interfaces/srv/detail/set_entity_pose__struct.h
[1.218s] -- Up-to-date: /home/jagdeesh/tracker/install/ros_gz_interfaces/include/ros_gz_interfaces/ros_gz_interfaces/srv/detail/control_world__struct.h
[1.218s] -- Up-to-date: /home/jagdeesh/tracker/install/ros_gz_interfaces/include/ros_gz_interfaces/ros_gz_interfaces/srv/detail/control_world__functions.c
[1.218s] -- Up-to-date: /home/jagdeesh/tracker/install/ros_gz_interfaces/include/ros_gz_interfaces/ros_gz_interfaces/srv/detail/set_entity_pose__functions.c
[1.218s] -- Up-to-date: /home/jagdeesh/tracker/install/ros_gz_interfaces/include/ros_gz_interfaces/ros_gz_interfaces/srv/detail/delete_entity__struct.h
[1.218s] -- Up-to-date: /home/jagdeesh/tracker/install/ros_gz_interfaces/include/ros_gz_interfaces/ros_gz_interfaces/srv/detail/spawn_entity__functions.c
[1.219s] -- Up-to-date: /home/jagdeesh/tracker/install/ros_gz_interfaces/include/ros_gz_interfaces/ros_gz_interfaces/srv/detail/delete_entity__functions.c
[1.219s] -- Up-to-date: /home/jagdeesh/tracker/install/ros_gz_interfaces/include/ros_gz_interfaces/ros_gz_interfaces/srv/detail/spawn_entity__struct.h
[1.219s] -- Up-to-date: /home/jagdeesh/tracker/install/ros_gz_interfaces/include/ros_gz_interfaces/ros_gz_interfaces/srv/detail/set_entity_pose__functions.h
[1.219s] -- Up-to-date: /home/jagdeesh/tracker/install/ros_gz_interfaces/include/ros_gz_interfaces/ros_gz_interfaces/srv/set_entity_pose.h
[1.219s] -- Up-to-date: /home/jagdeesh/tracker/install/ros_gz_interfaces/include/ros_gz_interfaces/ros_gz_interfaces/srv/spawn_entity.h
[1.219s] -- Up-to-date: /home/jagdeesh/tracker/install/ros_gz_interfaces/include/ros_gz_interfaces/ros_gz_interfaces/srv/delete_entity.h
[1.220s] -- Up-to-date: /home/jagdeesh/tracker/install/ros_gz_interfaces/include/ros_gz_interfaces/ros_gz_interfaces/msg
[1.224s] -- Up-to-date: /home/jagdeesh/tracker/install/ros_gz_interfaces/include/ros_gz_interfaces/ros_gz_interfaces/msg/param_vec.h
[1.224s] -- Up-to-date: /home/jagdeesh/tracker/install/ros_gz_interfaces/include/ros_gz_interfaces/ros_gz_interfaces/msg/joint_wrench.h
[1.225s] -- Up-to-date: /home/jagdeesh/tracker/install/ros_gz_interfaces/include/ros_gz_interfaces/ros_gz_interfaces/msg/string_vec.h
[1.225s] -- Up-to-date: /home/jagdeesh/tracker/install/ros_gz_interfaces/include/ros_gz_interfaces/ros_gz_interfaces/msg/altimeter.h
[1.225s] -- Up-to-date: /home/jagdeesh/tracker/install/ros_gz_interfaces/include/ros_gz_interfaces/ros_gz_interfaces/msg/contact.h
[1.225s] -- Up-to-date: /home/jagdeesh/tracker/install/ros_gz_interfaces/include/ros_gz_interfaces/ros_gz_interfaces/msg/rosidl_generator_c__visibility_control.h
[1.225s] -- Up-to-date: /home/jagdeesh/tracker/install/ros_gz_interfaces/include/ros_gz_interfaces/ros_gz_interfaces/msg/detail
[1.225s] -- Up-to-date: /home/jagdeesh/tracker/install/ros_gz_interfaces/include/ros_gz_interfaces/ros_gz_interfaces/msg/detail/contact__struct.h
[1.225s] -- Up-to-date: /home/jagdeesh/tracker/install/ros_gz_interfaces/include/ros_gz_interfaces/ros_gz_interfaces/msg/detail/gui_camera__struct.h
[1.225s] -- Up-to-date: /home/jagdeesh/tracker/install/ros_gz_interfaces/include/ros_gz_interfaces/ros_gz_interfaces/msg/detail/material_color__functions.c
[1.226s] -- Up-to-date: /home/jagdeesh/tracker/install/ros_gz_interfaces/include/ros_gz_interfaces/ros_gz_interfaces/msg/detail/entity_factory__functions.h
[1.226s] -- Up-to-date: /home/jagdeesh/tracker/install/ros_gz_interfaces/include/ros_gz_interfaces/ros_gz_interfaces/msg/detail/light__functions.h
[1.226s] -- Up-to-date: /home/jagdeesh/tracker/install/ros_gz_interfaces/include/ros_gz_interfaces/ros_gz_interfaces/msg/detail/string_vec__functions.h
[1.226s] -- Up-to-date: /home/jagdeesh/tracker/install/ros_gz_interfaces/include/ros_gz_interfaces/ros_gz_interfaces/msg/detail/float32_array__functions.c
[1.226s] -- Up-to-date: /home/jagdeesh/tracker/install/ros_gz_interfaces/include/ros_gz_interfaces/ros_gz_interfaces/msg/detail/altimeter__type_support.h
[1.226s] -- Up-to-date: /home/jagdeesh/tracker/install/ros_gz_interfaces/include/ros_gz_interfaces/ros_gz_interfaces/msg/detail/float32_array__type_support.h
[1.226s] -- Up-to-date: /home/jagdeesh/tracker/install/ros_gz_interfaces/include/ros_gz_interfaces/ros_gz_interfaces/msg/detail/joint_wrench__type_support.h
[1.226s] -- Up-to-date: /home/jagdeesh/tracker/install/ros_gz_interfaces/include/ros_gz_interfaces/ros_gz_interfaces/msg/detail/contact__functions.h
[1.226s] -- Up-to-date: /home/jagdeesh/tracker/install/ros_gz_interfaces/include/ros_gz_interfaces/ros_gz_interfaces/msg/detail/track_visual__type_support.h
[1.226s] -- Up-to-date: /home/jagdeesh/tracker/install/ros_gz_interfaces/include/ros_gz_interfaces/ros_gz_interfaces/msg/detail/entity__type_support.h
[1.227s] -- Up-to-date: /home/jagdeesh/tracker/install/ros_gz_interfaces/include/ros_gz_interfaces/ros_gz_interfaces/msg/detail/contact__type_support.h
[1.227s] -- Up-to-date: /home/jagdeesh/tracker/install/ros_gz_interfaces/include/ros_gz_interfaces/ros_gz_interfaces/msg/detail/dataframe__type_support.h
[1.227s] -- Up-to-date: /home/jagdeesh/tracker/install/ros_gz_interfaces/include/ros_gz_interfaces/ros_gz_interfaces/msg/detail/material_color__type_support.h
[1.227s] -- Up-to-date: /home/jagdeesh/tracker/install/ros_gz_interfaces/include/ros_gz_interfaces/ros_gz_interfaces/msg/detail/light__struct.h
[1.227s] -- Up-to-date: /home/jagdeesh/tracker/install/ros_gz_interfaces/include/ros_gz_interfaces/ros_gz_interfaces/msg/detail/world_reset__functions.h
[1.227s] -- Up-to-date: /home/jagdeesh/tracker/install/ros_gz_interfaces/include/ros_gz_interfaces/ros_gz_interfaces/msg/detail/contacts__struct.h
[1.227s] -- Up-to-date: /home/jagdeesh/tracker/install/ros_gz_interfaces/include/ros_gz_interfaces/ros_gz_interfaces/msg/detail/joint_wrench__functions.c
[1.227s] -- Up-to-date: /home/jagdeesh/tracker/install/ros_gz_interfaces/include/ros_gz_interfaces/ros_gz_interfaces/msg/detail/dataframe__struct.h
[1.228s] -- Up-to-date: /home/jagdeesh/tracker/install/ros_gz_interfaces/include/ros_gz_interfaces/ros_gz_interfaces/msg/detail/gui_camera__functions.h
[1.228s] -- Up-to-date: /home/jagdeesh/tracker/install/ros_gz_interfaces/include/ros_gz_interfaces/ros_gz_interfaces/msg/detail/entity_wrench__functions.h
[1.228s] -- Up-to-date: /home/jagdeesh/tracker/install/ros_gz_interfaces/include/ros_gz_interfaces/ros_gz_interfaces/msg/detail/entity_factory__functions.c
[1.228s] -- Up-to-date: /home/jagdeesh/tracker/install/ros_gz_interfaces/include/ros_gz_interfaces/ros_gz_interfaces/msg/detail/gui_camera__type_support.h
[1.229s] -- Up-to-date: /home/jagdeesh/tracker/install/ros_gz_interfaces/include/ros_gz_interfaces/ros_gz_interfaces/msg/detail/altimeter__functions.c
[1.231s] -- Up-to-date: /home/jagdeesh/tracker/install/ros_gz_interfaces/include/ros_gz_interfaces/ros_gz_interfaces/msg/detail/track_visual__functions.c
[1.231s] -- Up-to-date: /home/jagdeesh/tracker/install/ros_gz_interfaces/include/ros_gz_interfaces/ros_gz_interfaces/msg/detail/entity_factory__type_support.h
[1.231s] -- Up-to-date: /home/jagdeesh/tracker/install/ros_gz_interfaces/include/ros_gz_interfaces/ros_gz_interfaces/msg/detail/sensor_noise__struct.h
[1.231s] -- Up-to-date: /home/jagdeesh/tracker/install/ros_gz_interfaces/include/ros_gz_interfaces/ros_gz_interfaces/msg/detail/material_color__struct.h
[1.231s] -- Up-to-date: /home/jagdeesh/tracker/install/ros_gz_interfaces/include/ros_gz_interfaces/ros_gz_interfaces/msg/detail/sensor_noise__functions.c
[1.231s] -- Up-to-date: /home/jagdeesh/tracker/install/ros_gz_interfaces/include/ros_gz_interfaces/ros_gz_interfaces/msg/detail/world_reset__struct.h
[1.232s] -- Up-to-date: /home/jagdeesh/tracker/install/ros_gz_interfaces/include/ros_gz_interfaces/ros_gz_interfaces/msg/detail/track_visual__functions.h
[1.237s] -- Up-to-date: /home/jagdeesh/tracker/install/ros_gz_interfaces/include/ros_gz_interfaces/ros_gz_interfaces/msg/detail/world_reset__type_support.h
[1.237s] -- Up-to-date: /home/jagdeesh/tracker/install/ros_gz_interfaces/include/ros_gz_interfaces/ros_gz_interfaces/msg/detail/video_record__functions.h
[1.237s] -- Up-to-date: /home/jagdeesh/tracker/install/ros_gz_interfaces/include/ros_gz_interfaces/ros_gz_interfaces/msg/detail/entity_wrench__functions.c
[1.238s] -- Up-to-date: /home/jagdeesh/tracker/install/ros_gz_interfaces/include/ros_gz_interfaces/ros_gz_interfaces/msg/detail/world_control__type_support.h
[1.238s] -- Up-to-date: /home/jagdeesh/tracker/install/ros_gz_interfaces/include/ros_gz_interfaces/ros_gz_interfaces/msg/detail/world_control__struct.h
[1.239s] -- Up-to-date: /home/jagdeesh/tracker/install/ros_gz_interfaces/include/ros_gz_interfaces/ros_gz_interfaces/msg/detail/entity__functions.c
[1.240s] -- Up-to-date: /home/jagdeesh/tracker/install/ros_gz_interfaces/include/ros_gz_interfaces/ros_gz_interfaces/msg/detail/video_record__struct.h
[1.240s] -- Up-to-date: /home/jagdeesh/tracker/install/ros_gz_interfaces/include/ros_gz_interfaces/ros_gz_interfaces/msg/detail/altimeter__functions.h
[1.240s] -- Up-to-date: /home/jagdeesh/tracker/install/ros_gz_interfaces/include/ros_gz_interfaces/ros_gz_interfaces/msg/detail/entity_factory__struct.h
[1.240s] -- Up-to-date: /home/jagdeesh/tracker/install/ros_gz_interfaces/include/ros_gz_interfaces/ros_gz_interfaces/msg/detail/joint_wrench__struct.h
[1.240s] -- Up-to-date: /home/jagdeesh/tracker/install/ros_gz_interfaces/include/ros_gz_interfaces/ros_gz_interfaces/msg/detail/entity_wrench__struct.h
[1.240s] -- Up-to-date: /home/jagdeesh/tracker/install/ros_gz_interfaces/include/ros_gz_interfaces/ros_gz_interfaces/msg/detail/entity__functions.h
[1.240s] -- Up-to-date: /home/jagdeesh/tracker/install/ros_gz_interfaces/include/ros_gz_interfaces/ros_gz_interfaces/msg/detail/dataframe__functions.h
[1.241s] -- Up-to-date: /home/jagdeesh/tracker/install/ros_gz_interfaces/include/ros_gz_interfaces/ros_gz_interfaces/msg/detail/gui_camera__functions.c
[1.241s] -- Up-to-date: /home/jagdeesh/tracker/install/ros_gz_interfaces/include/ros_gz_interfaces/ros_gz_interfaces/msg/detail/light__type_support.h
[1.241s] -- Up-to-date: /home/jagdeesh/tracker/install/ros_gz_interfaces/include/ros_gz_interfaces/ros_gz_interfaces/msg/detail/track_visual__struct.h
[1.241s] -- Up-to-date: /home/jagdeesh/tracker/install/ros_gz_interfaces/include/ros_gz_interfaces/ros_gz_interfaces/msg/detail/sensor_noise__type_support.h
[1.241s] -- Up-to-date: /home/jagdeesh/tracker/install/ros_gz_interfaces/include/ros_gz_interfaces/ros_gz_interfaces/msg/detail/entity__struct.h
[1.241s] -- Up-to-date: /home/jagdeesh/tracker/install/ros_gz_interfaces/include/ros_gz_interfaces/ros_gz_interfaces/msg/detail/contacts__functions.h
[1.242s] -- Up-to-date: /home/jagdeesh/tracker/install/ros_gz_interfaces/include/ros_gz_interfaces/ros_gz_interfaces/msg/detail/contact__functions.c
[1.242s] -- Up-to-date: /home/jagdeesh/tracker/install/ros_gz_interfaces/include/ros_gz_interfaces/ros_gz_interfaces/msg/detail/string_vec__struct.h
[1.242s] -- Up-to-date: /home/jagdeesh/tracker/install/ros_gz_interfaces/include/ros_gz_interfaces/ros_gz_interfaces/msg/detail/video_record__type_support.h
[1.242s] -- Up-to-date: /home/jagdeesh/tracker/install/ros_gz_interfaces/include/ros_gz_interfaces/ros_gz_interfaces/msg/detail/video_record__functions.c
[1.242s] -- Up-to-date: /home/jagdeesh/tracker/install/ros_gz_interfaces/include/ros_gz_interfaces/ros_gz_interfaces/msg/detail/joint_wrench__functions.h
[1.242s] -- Up-to-date: /home/jagdeesh/tracker/install/ros_gz_interfaces/include/ros_gz_interfaces/ros_gz_interfaces/msg/detail/sensor_noise__functions.h
[1.243s] -- Up-to-date: /home/jagdeesh/tracker/install/ros_gz_interfaces/include/ros_gz_interfaces/ros_gz_interfaces/msg/detail/altimeter__struct.h
[1.244s] -- Up-to-date: /home/jagdeesh/tracker/install/ros_gz_interfaces/include/ros_gz_interfaces/ros_gz_interfaces/msg/detail/param_vec__functions.c
[1.247s] -- Up-to-date: /home/jagdeesh/tracker/install/ros_gz_interfaces/include/ros_gz_interfaces/ros_gz_interfaces/msg/detail/material_color__functions.h
[1.247s] -- Up-to-date: /home/jagdeesh/tracker/install/ros_gz_interfaces/include/ros_gz_interfaces/ros_gz_interfaces/msg/detail/light__functions.c
[1.248s] -- Up-to-date: /home/jagdeesh/tracker/install/ros_gz_interfaces/include/ros_gz_interfaces/ros_gz_interfaces/msg/detail/entity_wrench__type_support.h
[1.248s] -- Up-to-date: /home/jagdeesh/tracker/install/ros_gz_interfaces/include/ros_gz_interfaces/ros_gz_interfaces/msg/detail/world_control__functions.c
[1.249s] -- Up-to-date: /home/jagdeesh/tracker/install/ros_gz_interfaces/include/ros_gz_interfaces/ros_gz_interfaces/msg/detail/dataframe__functions.c
[1.251s] -- Up-to-date: /home/jagdeesh/tracker/install/ros_gz_interfaces/include/ros_gz_interfaces/ros_gz_interfaces/msg/detail/contacts__functions.c
[1.251s] -- Up-to-date: /home/jagdeesh/tracker/install/ros_gz_interfaces/include/ros_gz_interfaces/ros_gz_interfaces/msg/detail/param_vec__functions.h
[1.252s] -- Up-to-date: /home/jagdeesh/tracker/install/ros_gz_interfaces/include/ros_gz_interfaces/ros_gz_interfaces/msg/detail/param_vec__type_support.h
[1.252s] -- Up-to-date: /home/jagdeesh/tracker/install/ros_gz_interfaces/include/ros_gz_interfaces/ros_gz_interfaces/msg/detail/world_control__functions.h
[1.252s] -- Up-to-date: /home/jagdeesh/tracker/install/ros_gz_interfaces/include/ros_gz_interfaces/ros_gz_interfaces/msg/detail/float32_array__struct.h
[1.252s] -- Up-to-date: /home/jagdeesh/tracker/install/ros_gz_interfaces/include/ros_gz_interfaces/ros_gz_interfaces/msg/detail/param_vec__struct.h
[1.252s] -- Up-to-date: /home/jagdeesh/tracker/install/ros_gz_interfaces/include/ros_gz_interfaces/ros_gz_interfaces/msg/detail/contacts__type_support.h
[1.253s] -- Up-to-date: /home/jagdeesh/tracker/install/ros_gz_interfaces/include/ros_gz_interfaces/ros_gz_interfaces/msg/detail/string_vec__type_support.h
[1.253s] -- Up-to-date: /home/jagdeesh/tracker/install/ros_gz_interfaces/include/ros_gz_interfaces/ros_gz_interfaces/msg/detail/world_reset__functions.c
[1.253s] -- Up-to-date: /home/jagdeesh/tracker/install/ros_gz_interfaces/include/ros_gz_interfaces/ros_gz_interfaces/msg/detail/string_vec__functions.c
[1.253s] -- Up-to-date: /home/jagdeesh/tracker/install/ros_gz_interfaces/include/ros_gz_interfaces/ros_gz_interfaces/msg/detail/float32_array__functions.h
[1.253s] -- Up-to-date: /home/jagdeesh/tracker/install/ros_gz_interfaces/include/ros_gz_interfaces/ros_gz_interfaces/msg/entity_wrench.h
[1.253s] -- Up-to-date: /home/jagdeesh/tracker/install/ros_gz_interfaces/include/ros_gz_interfaces/ros_gz_interfaces/msg/light.h
[1.253s] -- Up-to-date: /home/jagdeesh/tracker/install/ros_gz_interfaces/include/ros_gz_interfaces/ros_gz_interfaces/msg/gui_camera.h
[1.254s] -- Up-to-date: /home/jagdeesh/tracker/install/ros_gz_interfaces/include/ros_gz_interfaces/ros_gz_interfaces/msg/entity_factory.h
[1.254s] -- Up-to-date: /home/jagdeesh/tracker/install/ros_gz_interfaces/include/ros_gz_interfaces/ros_gz_interfaces/msg/video_record.h
[1.254s] -- Up-to-date: /home/jagdeesh/tracker/install/ros_gz_interfaces/include/ros_gz_interfaces/ros_gz_interfaces/msg/world_control.h
[1.254s] -- Up-to-date: /home/jagdeesh/tracker/install/ros_gz_interfaces/include/ros_gz_interfaces/ros_gz_interfaces/msg/world_reset.h
[1.255s] -- Up-to-date: /home/jagdeesh/tracker/install/ros_gz_interfaces/include/ros_gz_interfaces/ros_gz_interfaces/msg/float32_array.h
[1.256s] -- Up-to-date: /home/jagdeesh/tracker/install/ros_gz_interfaces/include/ros_gz_interfaces/ros_gz_interfaces/msg/dataframe.h
[1.256s] -- Up-to-date: /home/jagdeesh/tracker/install/ros_gz_interfaces/include/ros_gz_interfaces/ros_gz_interfaces/msg/sensor_noise.h
[1.256s] -- Up-to-date: /home/jagdeesh/tracker/install/ros_gz_interfaces/include/ros_gz_interfaces/ros_gz_interfaces/msg/contacts.h
[1.256s] -- Up-to-date: /home/jagdeesh/tracker/install/ros_gz_interfaces/include/ros_gz_interfaces/ros_gz_interfaces/msg/material_color.h
[1.256s] -- Up-to-date: /home/jagdeesh/tracker/install/ros_gz_interfaces/include/ros_gz_interfaces/ros_gz_interfaces/msg/entity.h
[1.256s] -- Up-to-date: /home/jagdeesh/tracker/install/ros_gz_interfaces/include/ros_gz_interfaces/ros_gz_interfaces/msg/track_visual.h
[1.257s] -- Up-to-date: /home/jagdeesh/tracker/install/ros_gz_interfaces/share/ros_gz_interfaces/environment/library_path.sh
[1.257s] -- Up-to-date: /home/jagdeesh/tracker/install/ros_gz_interfaces/share/ros_gz_interfaces/environment/library_path.dsv
[1.257s] -- Up-to-date: /home/jagdeesh/tracker/install/ros_gz_interfaces/lib/libros_gz_interfaces__rosidl_generator_c.so
[1.258s] -- Up-to-date: /home/jagdeesh/tracker/install/ros_gz_interfaces/include/ros_gz_interfaces/ros_gz_interfaces
[1.258s] -- Up-to-date: /home/jagdeesh/tracker/install/ros_gz_interfaces/include/ros_gz_interfaces/ros_gz_interfaces/srv
[1.258s] -- Up-to-date: /home/jagdeesh/tracker/install/ros_gz_interfaces/include/ros_gz_interfaces/ros_gz_interfaces/srv/detail
[1.258s] -- Up-to-date: /home/jagdeesh/tracker/install/ros_gz_interfaces/include/ros_gz_interfaces/ros_gz_interfaces/srv/detail/control_world__rosidl_typesupport_fastrtps_c.h
[1.258s] -- Up-to-date: /home/jagdeesh/tracker/install/ros_gz_interfaces/include/ros_gz_interfaces/ros_gz_interfaces/srv/detail/delete_entity__rosidl_typesupport_fastrtps_c.h
[1.258s] -- Up-to-date: /home/jagdeesh/tracker/install/ros_gz_interfaces/include/ros_gz_interfaces/ros_gz_interfaces/srv/detail/spawn_entity__rosidl_typesupport_fastrtps_c.h
[1.259s] -- Up-to-date: /home/jagdeesh/tracker/install/ros_gz_interfaces/include/ros_gz_interfaces/ros_gz_interfaces/srv/detail/set_entity_pose__rosidl_typesupport_fastrtps_c.h
[1.259s] -- Up-to-date: /home/jagdeesh/tracker/install/ros_gz_interfaces/include/ros_gz_interfaces/ros_gz_interfaces/msg
[1.259s] -- Up-to-date: /home/jagdeesh/tracker/install/ros_gz_interfaces/include/ros_gz_interfaces/ros_gz_interfaces/msg/detail
[1.259s] -- Up-to-date: /home/jagdeesh/tracker/install/ros_gz_interfaces/include/ros_gz_interfaces/ros_gz_interfaces/msg/detail/contacts__rosidl_typesupport_fastrtps_c.h
[1.261s] -- Up-to-date: /home/jagdeesh/tracker/install/ros_gz_interfaces/include/ros_gz_interfaces/ros_gz_interfaces/msg/detail/entity_wrench__rosidl_typesupport_fastrtps_c.h
[1.261s] -- Up-to-date: /home/jagdeesh/tracker/install/ros_gz_interfaces/include/ros_gz_interfaces/ros_gz_interfaces/msg/detail/float32_array__rosidl_typesupport_fastrtps_c.h
[1.261s] -- Up-to-date: /home/jagdeesh/tracker/install/ros_gz_interfaces/include/ros_gz_interfaces/ros_gz_interfaces/msg/detail/world_reset__rosidl_typesupport_fastrtps_c.h
[1.261s] -- Up-to-date: /home/jagdeesh/tracker/install/ros_gz_interfaces/include/ros_gz_interfaces/ros_gz_interfaces/msg/detail/altimeter__rosidl_typesupport_fastrtps_c.h
[1.261s] -- Up-to-date: /home/jagdeesh/tracker/install/ros_gz_interfaces/include/ros_gz_interfaces/ros_gz_interfaces/msg/detail/dataframe__rosidl_typesupport_fastrtps_c.h
[1.261s] -- Up-to-date: /home/jagdeesh/tracker/install/ros_gz_interfaces/include/ros_gz_interfaces/ros_gz_interfaces/msg/detail/video_record__rosidl_typesupport_fastrtps_c.h
[1.262s] -- Up-to-date: /home/jagdeesh/tracker/install/ros_gz_interfaces/include/ros_gz_interfaces/ros_gz_interfaces/msg/detail/light__rosidl_typesupport_fastrtps_c.h
[1.262s] -- Up-to-date: /home/jagdeesh/tracker/install/ros_gz_interfaces/include/ros_gz_interfaces/ros_gz_interfaces/msg/detail/joint_wrench__rosidl_typesupport_fastrtps_c.h
[1.262s] -- Up-to-date: /home/jagdeesh/tracker/install/ros_gz_interfaces/include/ros_gz_interfaces/ros_gz_interfaces/msg/detail/gui_camera__rosidl_typesupport_fastrtps_c.h
[1.262s] -- Up-to-date: /home/jagdeesh/tracker/install/ros_gz_interfaces/include/ros_gz_interfaces/ros_gz_interfaces/msg/detail/entity_factory__rosidl_typesupport_fastrtps_c.h
[1.262s] -- Up-to-date: /home/jagdeesh/tracker/install/ros_gz_interfaces/include/ros_gz_interfaces/ros_gz_interfaces/msg/detail/entity__rosidl_typesupport_fastrtps_c.h
[1.262s] -- Up-to-date: /home/jagdeesh/tracker/install/ros_gz_interfaces/include/ros_gz_interfaces/ros_gz_interfaces/msg/detail/sensor_noise__rosidl_typesupport_fastrtps_c.h
[1.263s] -- Up-to-date: /home/jagdeesh/tracker/install/ros_gz_interfaces/include/ros_gz_interfaces/ros_gz_interfaces/msg/detail/track_visual__rosidl_typesupport_fastrtps_c.h
[1.263s] -- Up-to-date: /home/jagdeesh/tracker/install/ros_gz_interfaces/include/ros_gz_interfaces/ros_gz_interfaces/msg/detail/contact__rosidl_typesupport_fastrtps_c.h
[1.263s] -- Up-to-date: /home/jagdeesh/tracker/install/ros_gz_interfaces/include/ros_gz_interfaces/ros_gz_interfaces/msg/detail/string_vec__rosidl_typesupport_fastrtps_c.h
[1.263s] -- Up-to-date: /home/jagdeesh/tracker/install/ros_gz_interfaces/include/ros_gz_interfaces/ros_gz_interfaces/msg/detail/material_color__rosidl_typesupport_fastrtps_c.h
[1.263s] -- Up-to-date: /home/jagdeesh/tracker/install/ros_gz_interfaces/include/ros_gz_interfaces/ros_gz_interfaces/msg/detail/world_control__rosidl_typesupport_fastrtps_c.h
[1.263s] -- Up-to-date: /home/jagdeesh/tracker/install/ros_gz_interfaces/include/ros_gz_interfaces/ros_gz_interfaces/msg/detail/param_vec__rosidl_typesupport_fastrtps_c.h
[1.264s] -- Up-to-date: /home/jagdeesh/tracker/install/ros_gz_interfaces/include/ros_gz_interfaces/ros_gz_interfaces/msg/rosidl_typesupport_fastrtps_c__visibility_control.h
[1.264s] -- Up-to-date: /home/jagdeesh/tracker/install/ros_gz_interfaces/lib/libros_gz_interfaces__rosidl_typesupport_fastrtps_c.so
[1.264s] -- Up-to-date: /home/jagdeesh/tracker/install/ros_gz_interfaces/include/ros_gz_interfaces/ros_gz_interfaces
[1.264s] -- Up-to-date: /home/jagdeesh/tracker/install/ros_gz_interfaces/include/ros_gz_interfaces/ros_gz_interfaces/srv
[1.264s] -- Up-to-date: /home/jagdeesh/tracker/install/ros_gz_interfaces/include/ros_gz_interfaces/ros_gz_interfaces/srv/control_world.hpp
[1.265s] -- Up-to-date: /home/jagdeesh/tracker/install/ros_gz_interfaces/include/ros_gz_interfaces/ros_gz_interfaces/srv/delete_entity.hpp
[1.265s] -- Up-to-date: /home/jagdeesh/tracker/install/ros_gz_interfaces/include/ros_gz_interfaces/ros_gz_interfaces/srv/detail
[1.265s] -- Up-to-date: /home/jagdeesh/tracker/install/ros_gz_interfaces/include/ros_gz_interfaces/ros_gz_interfaces/srv/detail/spawn_entity__struct.hpp
[1.265s] -- Up-to-date: /home/jagdeesh/tracker/install/ros_gz_interfaces/include/ros_gz_interfaces/ros_gz_interfaces/srv/detail/control_world__builder.hpp
[1.265s] -- Up-to-date: /home/jagdeesh/tracker/install/ros_gz_interfaces/include/ros_gz_interfaces/ros_gz_interfaces/srv/detail/control_world__struct.hpp
[1.265s] -- Up-to-date: /home/jagdeesh/tracker/install/ros_gz_interfaces/include/ros_gz_interfaces/ros_gz_interfaces/srv/detail/set_entity_pose__builder.hpp
[1.266s] -- Up-to-date: /home/jagdeesh/tracker/install/ros_gz_interfaces/include/ros_gz_interfaces/ros_gz_interfaces/srv/detail/spawn_entity__builder.hpp
[1.266s] -- Up-to-date: /home/jagdeesh/tracker/install/ros_gz_interfaces/include/ros_gz_interfaces/ros_gz_interfaces/srv/detail/set_entity_pose__struct.hpp
[1.266s] -- Up-to-date: /home/jagdeesh/tracker/install/ros_gz_interfaces/include/ros_gz_interfaces/ros_gz_interfaces/srv/detail/control_world__type_support.hpp
[1.266s] -- Up-to-date: /home/jagdeesh/tracker/install/ros_gz_interfaces/include/ros_gz_interfaces/ros_gz_interfaces/srv/detail/delete_entity__builder.hpp
[1.266s] -- Up-to-date: /home/jagdeesh/tracker/install/ros_gz_interfaces/include/ros_gz_interfaces/ros_gz_interfaces/srv/detail/delete_entity__traits.hpp
[1.267s] -- Up-to-date: /home/jagdeesh/tracker/install/ros_gz_interfaces/include/ros_gz_interfaces/ros_gz_interfaces/srv/detail/spawn_entity__traits.hpp
[1.267s] -- Up-to-date: /home/jagdeesh/tracker/install/ros_gz_interfaces/include/ros_gz_interfaces/ros_gz_interfaces/srv/detail/delete_entity__struct.hpp
[1.267s] -- Up-to-date: /home/jagdeesh/tracker/install/ros_gz_interfaces/include/ros_gz_interfaces/ros_gz_interfaces/srv/detail/delete_entity__type_support.hpp
[1.267s] -- Up-to-date: /home/jagdeesh/tracker/install/ros_gz_interfaces/include/ros_gz_interfaces/ros_gz_interfaces/srv/detail/control_world__traits.hpp
[1.268s] -- Up-to-date: /home/jagdeesh/tracker/install/ros_gz_interfaces/include/ros_gz_interfaces/ros_gz_interfaces/srv/detail/set_entity_pose__type_support.hpp
[1.268s] -- Up-to-date: /home/jagdeesh/tracker/install/ros_gz_interfaces/include/ros_gz_interfaces/ros_gz_interfaces/srv/detail/set_entity_pose__traits.hpp
[1.268s] -- Up-to-date: /home/jagdeesh/tracker/install/ros_gz_interfaces/include/ros_gz_interfaces/ros_gz_interfaces/srv/detail/spawn_entity__type_support.hpp
[1.268s] -- Up-to-date: /home/jagdeesh/tracker/install/ros_gz_interfaces/include/ros_gz_interfaces/ros_gz_interfaces/srv/spawn_entity.hpp
[1.269s] -- Up-to-date: /home/jagdeesh/tracker/install/ros_gz_interfaces/include/ros_gz_interfaces/ros_gz_interfaces/srv/set_entity_pose.hpp
[1.269s] -- Up-to-date: /home/jagdeesh/tracker/install/ros_gz_interfaces/include/ros_gz_interfaces/ros_gz_interfaces/msg
[1.270s] -- Up-to-date: /home/jagdeesh/tracker/install/ros_gz_interfaces/include/ros_gz_interfaces/ros_gz_interfaces/msg/world_reset.hpp
[1.270s] -- Up-to-date: /home/jagdeesh/tracker/install/ros_gz_interfaces/include/ros_gz_interfaces/ros_gz_interfaces/msg/track_visual.hpp
[1.270s] -- Up-to-date: /home/jagdeesh/tracker/install/ros_gz_interfaces/include/ros_gz_interfaces/ros_gz_interfaces/msg/dataframe.hpp
[1.270s] -- Up-to-date: /home/jagdeesh/tracker/install/ros_gz_interfaces/include/ros_gz_interfaces/ros_gz_interfaces/msg/rosidl_generator_cpp__visibility_control.hpp
[1.270s] -- Up-to-date: /home/jagdeesh/tracker/install/ros_gz_interfaces/include/ros_gz_interfaces/ros_gz_interfaces/msg/detail
[1.270s] -- Up-to-date: /home/jagdeesh/tracker/install/ros_gz_interfaces/include/ros_gz_interfaces/ros_gz_interfaces/msg/detail/param_vec__builder.hpp
[1.270s] -- Up-to-date: /home/jagdeesh/tracker/install/ros_gz_interfaces/include/ros_gz_interfaces/ros_gz_interfaces/msg/detail/float32_array__builder.hpp
[1.270s] -- Up-to-date: /home/jagdeesh/tracker/install/ros_gz_interfaces/include/ros_gz_interfaces/ros_gz_interfaces/msg/detail/param_vec__type_support.hpp
[1.271s] -- Up-to-date: /home/jagdeesh/tracker/install/ros_gz_interfaces/include/ros_gz_interfaces/ros_gz_interfaces/msg/detail/dataframe__builder.hpp
[1.271s] -- Up-to-date: /home/jagdeesh/tracker/install/ros_gz_interfaces/include/ros_gz_interfaces/ros_gz_interfaces/msg/detail/track_visual__traits.hpp
[1.271s] -- Up-to-date: /home/jagdeesh/tracker/install/ros_gz_interfaces/include/ros_gz_interfaces/ros_gz_interfaces/msg/detail/param_vec__traits.hpp
[1.271s] -- Up-to-date: /home/jagdeesh/tracker/install/ros_gz_interfaces/include/ros_gz_interfaces/ros_gz_interfaces/msg/detail/material_color__type_support.hpp
[1.271s] -- Up-to-date: /home/jagdeesh/tracker/install/ros_gz_interfaces/include/ros_gz_interfaces/ros_gz_interfaces/msg/detail/string_vec__type_support.hpp
[1.271s] -- Up-to-date: /home/jagdeesh/tracker/install/ros_gz_interfaces/include/ros_gz_interfaces/ros_gz_interfaces/msg/detail/entity_wrench__traits.hpp
[1.272s] -- Up-to-date: /home/jagdeesh/tracker/install/ros_gz_interfaces/include/ros_gz_interfaces/ros_gz_interfaces/msg/detail/sensor_noise__traits.hpp
[1.272s] -- Up-to-date: /home/jagdeesh/tracker/install/ros_gz_interfaces/include/ros_gz_interfaces/ros_gz_interfaces/msg/detail/gui_camera__struct.hpp
[1.272s] -- Up-to-date: /home/jagdeesh/tracker/install/ros_gz_interfaces/include/ros_gz_interfaces/ros_gz_interfaces/msg/detail/sensor_noise__struct.hpp
[1.272s] -- Up-to-date: /home/jagdeesh/tracker/install/ros_gz_interfaces/include/ros_gz_interfaces/ros_gz_interfaces/msg/detail/gui_camera__builder.hpp
[1.273s] -- Up-to-date: /home/jagdeesh/tracker/install/ros_gz_interfaces/include/ros_gz_interfaces/ros_gz_interfaces/msg/detail/string_vec__builder.hpp
[1.273s] -- Up-to-date: /home/jagdeesh/tracker/install/ros_gz_interfaces/include/ros_gz_interfaces/ros_gz_interfaces/msg/detail/gui_camera__type_support.hpp
[1.273s] -- Up-to-date: /home/jagdeesh/tracker/install/ros_gz_interfaces/include/ros_gz_interfaces/ros_gz_interfaces/msg/detail/dataframe__struct.hpp
[1.275s] -- Up-to-date: /home/jagdeesh/tracker/install/ros_gz_interfaces/include/ros_gz_interfaces/ros_gz_interfaces/msg/detail/float32_array__traits.hpp
[1.275s] -- Up-to-date: /home/jagdeesh/tracker/install/ros_gz_interfaces/include/ros_gz_interfaces/ros_gz_interfaces/msg/detail/material_color__struct.hpp
[1.275s] -- Up-to-date: /home/jagdeesh/tracker/install/ros_gz_interfaces/include/ros_gz_interfaces/ros_gz_interfaces/msg/detail/param_vec__struct.hpp
[1.278s] -- Up-to-date: /home/jagdeesh/tracker/install/ros_gz_interfaces/include/ros_gz_interfaces/ros_gz_interfaces/msg/detail/video_record__type_support.hpp
[1.280s] -- Up-to-date: /home/jagdeesh/tracker/install/ros_gz_interfaces/include/ros_gz_interfaces/ros_gz_interfaces/msg/detail/contact__traits.hpp
[1.280s] -- Up-to-date: /home/jagdeesh/tracker/install/ros_gz_interfaces/include/ros_gz_interfaces/ros_gz_interfaces/msg/detail/joint_wrench__struct.hpp
[1.281s] -- Up-to-date: /home/jagdeesh/tracker/install/ros_gz_interfaces/include/ros_gz_interfaces/ros_gz_interfaces/msg/detail/contacts__type_support.hpp
[1.281s] -- Up-to-date: /home/jagdeesh/tracker/install/ros_gz_interfaces/include/ros_gz_interfaces/ros_gz_interfaces/msg/detail/contact__builder.hpp
[1.281s] -- Up-to-date: /home/jagdeesh/tracker/install/ros_gz_interfaces/include/ros_gz_interfaces/ros_gz_interfaces/msg/detail/world_control__type_support.hpp
[1.281s] -- Up-to-date: /home/jagdeesh/tracker/install/ros_gz_interfaces/include/ros_gz_interfaces/ros_gz_interfaces/msg/detail/track_visual__builder.hpp
[1.281s] -- Up-to-date: /home/jagdeesh/tracker/install/ros_gz_interfaces/include/ros_gz_interfaces/ros_gz_interfaces/msg/detail/video_record__traits.hpp
[1.281s] -- Up-to-date: /home/jagdeesh/tracker/install/ros_gz_interfaces/include/ros_gz_interfaces/ros_gz_interfaces/msg/detail/contact__type_support.hpp
[1.281s] -- Up-to-date: /home/jagdeesh/tracker/install/ros_gz_interfaces/include/ros_gz_interfaces/ros_gz_interfaces/msg/detail/entity__struct.hpp
[1.285s] -- Up-to-date: /home/jagdeesh/tracker/install/ros_gz_interfaces/include/ros_gz_interfaces/ros_gz_interfaces/msg/detail/joint_wrench__builder.hpp
[1.285s] -- Up-to-date: /home/jagdeesh/tracker/install/ros_gz_interfaces/include/ros_gz_interfaces/ros_gz_interfaces/msg/detail/entity_wrench__type_support.hpp
[1.285s] -- Up-to-date: /home/jagdeesh/tracker/install/ros_gz_interfaces/include/ros_gz_interfaces/ros_gz_interfaces/msg/detail/entity_factory__type_support.hpp
[1.285s] -- Up-to-date: /home/jagdeesh/tracker/install/ros_gz_interfaces/include/ros_gz_interfaces/ros_gz_interfaces/msg/detail/video_record__builder.hpp
[1.286s] -- Up-to-date: /home/jagdeesh/tracker/install/ros_gz_interfaces/include/ros_gz_interfaces/ros_gz_interfaces/msg/detail/contacts__builder.hpp
[1.286s] -- Up-to-date: /home/jagdeesh/tracker/install/ros_gz_interfaces/include/ros_gz_interfaces/ros_gz_interfaces/msg/detail/world_reset__struct.hpp
[1.286s] -- Up-to-date: /home/jagdeesh/tracker/install/ros_gz_interfaces/include/ros_gz_interfaces/ros_gz_interfaces/msg/detail/video_record__struct.hpp
[1.286s] -- Up-to-date: /home/jagdeesh/tracker/install/ros_gz_interfaces/include/ros_gz_interfaces/ros_gz_interfaces/msg/detail/altimeter__struct.hpp
[1.286s] -- Up-to-date: /home/jagdeesh/tracker/install/ros_gz_interfaces/include/ros_gz_interfaces/ros_gz_interfaces/msg/detail/track_visual__type_support.hpp
[1.286s] -- Up-to-date: /home/jagdeesh/tracker/install/ros_gz_interfaces/include/ros_gz_interfaces/ros_gz_interfaces/msg/detail/world_control__struct.hpp
[1.286s] -- Up-to-date: /home/jagdeesh/tracker/install/ros_gz_interfaces/include/ros_gz_interfaces/ros_gz_interfaces/msg/detail/light__type_support.hpp
[1.287s] -- Up-to-date: /home/jagdeesh/tracker/install/ros_gz_interfaces/include/ros_gz_interfaces/ros_gz_interfaces/msg/detail/contacts__struct.hpp
[1.287s] -- Up-to-date: /home/jagdeesh/tracker/install/ros_gz_interfaces/include/ros_gz_interfaces/ros_gz_interfaces/msg/detail/dataframe__type_support.hpp
[1.287s] -- Up-to-date: /home/jagdeesh/tracker/install/ros_gz_interfaces/include/ros_gz_interfaces/ros_gz_interfaces/msg/detail/world_reset__traits.hpp
[1.287s] -- Up-to-date: /home/jagdeesh/tracker/install/ros_gz_interfaces/include/ros_gz_interfaces/ros_gz_interfaces/msg/detail/joint_wrench__traits.hpp
[1.287s] -- Up-to-date: /home/jagdeesh/tracker/install/ros_gz_interfaces/include/ros_gz_interfaces/ros_gz_interfaces/msg/detail/world_reset__type_support.hpp
[1.287s] -- Up-to-date: /home/jagdeesh/tracker/install/ros_gz_interfaces/include/ros_gz_interfaces/ros_gz_interfaces/msg/detail/float32_array__struct.hpp
[1.291s] -- Up-to-date: /home/jagdeesh/tracker/install/ros_gz_interfaces/include/ros_gz_interfaces/ros_gz_interfaces/msg/detail/gui_camera__traits.hpp
[1.291s] -- Up-to-date: /home/jagdeesh/tracker/install/ros_gz_interfaces/include/ros_gz_interfaces/ros_gz_interfaces/msg/detail/float32_array__type_support.hpp
[1.291s] -- Up-to-date: /home/jagdeesh/tracker/install/ros_gz_interfaces/include/ros_gz_interfaces/ros_gz_interfaces/msg/detail/string_vec__traits.hpp
[1.291s] -- Up-to-date: /home/jagdeesh/tracker/install/ros_gz_interfaces/include/ros_gz_interfaces/ros_gz_interfaces/msg/detail/entity__type_support.hpp
[1.292s] -- Up-to-date: /home/jagdeesh/tracker/install/ros_gz_interfaces/include/ros_gz_interfaces/ros_gz_interfaces/msg/detail/joint_wrench__type_support.hpp
[1.292s] -- Up-to-date: /home/jagdeesh/tracker/install/ros_gz_interfaces/include/ros_gz_interfaces/ros_gz_interfaces/msg/detail/material_color__traits.hpp
[1.294s] -- Up-to-date: /home/jagdeesh/tracker/install/ros_gz_interfaces/include/ros_gz_interfaces/ros_gz_interfaces/msg/detail/dataframe__traits.hpp
[1.294s] -- Up-to-date: /home/jagdeesh/tracker/install/ros_gz_interfaces/include/ros_gz_interfaces/ros_gz_interfaces/msg/detail/entity_factory__builder.hpp
[1.294s] -- Up-to-date: /home/jagdeesh/tracker/install/ros_gz_interfaces/include/ros_gz_interfaces/ros_gz_interfaces/msg/detail/sensor_noise__type_support.hpp
[1.295s] -- Up-to-date: /home/jagdeesh/tracker/install/ros_gz_interfaces/include/ros_gz_interfaces/ros_gz_interfaces/msg/detail/material_color__builder.hpp
[1.295s] -- Up-to-date: /home/jagdeesh/tracker/install/ros_gz_interfaces/include/ros_gz_interfaces/ros_gz_interfaces/msg/detail/altimeter__builder.hpp
[1.295s] -- Up-to-date: /home/jagdeesh/tracker/install/ros_gz_interfaces/include/ros_gz_interfaces/ros_gz_interfaces/msg/detail/entity_factory__struct.hpp
[1.295s] -- Up-to-date: /home/jagdeesh/tracker/install/ros_gz_interfaces/include/ros_gz_interfaces/ros_gz_interfaces/msg/detail/entity_wrench__struct.hpp
[1.295s] -- Up-to-date: /home/jagdeesh/tracker/install/ros_gz_interfaces/include/ros_gz_interfaces/ros_gz_interfaces/msg/detail/track_visual__struct.hpp
[1.295s] -- Up-to-date: /home/jagdeesh/tracker/install/ros_gz_interfaces/include/ros_gz_interfaces/ros_gz_interfaces/msg/detail/sensor_noise__builder.hpp
[1.295s] -- Up-to-date: /home/jagdeesh/tracker/install/ros_gz_interfaces/include/ros_gz_interfaces/ros_gz_interfaces/msg/detail/world_reset__builder.hpp
[1.296s] -- Up-to-date: /home/jagdeesh/tracker/install/ros_gz_interfaces/include/ros_gz_interfaces/ros_gz_interfaces/msg/detail/contacts__traits.hpp
[1.296s] -- Up-to-date: /home/jagdeesh/tracker/install/ros_gz_interfaces/include/ros_gz_interfaces/ros_gz_interfaces/msg/detail/world_control__builder.hpp
[1.296s] -- Up-to-date: /home/jagdeesh/tracker/install/ros_gz_interfaces/include/ros_gz_interfaces/ros_gz_interfaces/msg/detail/entity__traits.hpp
[1.296s] -- Up-to-date: /home/jagdeesh/tracker/install/ros_gz_interfaces/include/ros_gz_interfaces/ros_gz_interfaces/msg/detail/altimeter__traits.hpp
[1.296s] -- Up-to-date: /home/jagdeesh/tracker/install/ros_gz_interfaces/include/ros_gz_interfaces/ros_gz_interfaces/msg/detail/entity_factory__traits.hpp
[1.298s] -- Up-to-date: /home/jagdeesh/tracker/install/ros_gz_interfaces/include/ros_gz_interfaces/ros_gz_interfaces/msg/detail/entity_wrench__builder.hpp
[1.298s] -- Up-to-date: /home/jagdeesh/tracker/install/ros_gz_interfaces/include/ros_gz_interfaces/ros_gz_interfaces/msg/detail/altimeter__type_support.hpp
[1.298s] -- Up-to-date: /home/jagdeesh/tracker/install/ros_gz_interfaces/include/ros_gz_interfaces/ros_gz_interfaces/msg/detail/world_control__traits.hpp
[1.298s] -- Up-to-date: /home/jagdeesh/tracker/install/ros_gz_interfaces/include/ros_gz_interfaces/ros_gz_interfaces/msg/detail/light__traits.hpp
[1.298s] -- Up-to-date: /home/jagdeesh/tracker/install/ros_gz_interfaces/include/ros_gz_interfaces/ros_gz_interfaces/msg/detail/contact__struct.hpp
[1.299s] -- Up-to-date: /home/jagdeesh/tracker/install/ros_gz_interfaces/include/ros_gz_interfaces/ros_gz_interfaces/msg/detail/light__builder.hpp
[1.299s] -- Up-to-date: /home/jagdeesh/tracker/install/ros_gz_interfaces/include/ros_gz_interfaces/ros_gz_interfaces/msg/detail/string_vec__struct.hpp
[1.300s] -- Up-to-date: /home/jagdeesh/tracker/install/ros_gz_interfaces/include/ros_gz_interfaces/ros_gz_interfaces/msg/detail/light__struct.hpp
[1.300s] -- Up-to-date: /home/jagdeesh/tracker/install/ros_gz_interfaces/include/ros_gz_interfaces/ros_gz_interfaces/msg/detail/entity__builder.hpp
[1.300s] -- Up-to-date: /home/jagdeesh/tracker/install/ros_gz_interfaces/include/ros_gz_interfaces/ros_gz_interfaces/msg/string_vec.hpp
[1.300s] -- Up-to-date: /home/jagdeesh/tracker/install/ros_gz_interfaces/include/ros_gz_interfaces/ros_gz_interfaces/msg/contact.hpp
[1.300s] -- Up-to-date: /home/jagdeesh/tracker/install/ros_gz_interfaces/include/ros_gz_interfaces/ros_gz_interfaces/msg/video_record.hpp
[1.300s] -- Up-to-date: /home/jagdeesh/tracker/install/ros_gz_interfaces/include/ros_gz_interfaces/ros_gz_interfaces/msg/entity_factory.hpp
[1.300s] -- Up-to-date: /home/jagdeesh/tracker/install/ros_gz_interfaces/include/ros_gz_interfaces/ros_gz_interfaces/msg/material_color.hpp
[1.300s] -- Up-to-date: /home/jagdeesh/tracker/install/ros_gz_interfaces/include/ros_gz_interfaces/ros_gz_interfaces/msg/light.hpp
[1.301s] -- Up-to-date: /home/jagdeesh/tracker/install/ros_gz_interfaces/include/ros_gz_interfaces/ros_gz_interfaces/msg/entity_wrench.hpp
[1.301s] -- Up-to-date: /home/jagdeesh/tracker/install/ros_gz_interfaces/include/ros_gz_interfaces/ros_gz_interfaces/msg/param_vec.hpp
[1.301s] -- Up-to-date: /home/jagdeesh/tracker/install/ros_gz_interfaces/include/ros_gz_interfaces/ros_gz_interfaces/msg/world_control.hpp
[1.301s] -- Up-to-date: /home/jagdeesh/tracker/install/ros_gz_interfaces/include/ros_gz_interfaces/ros_gz_interfaces/msg/altimeter.hpp
[1.301s] -- Up-to-date: /home/jagdeesh/tracker/install/ros_gz_interfaces/include/ros_gz_interfaces/ros_gz_interfaces/msg/sensor_noise.hpp
[1.302s] -- Up-to-date: /home/jagdeesh/tracker/install/ros_gz_interfaces/include/ros_gz_interfaces/ros_gz_interfaces/msg/joint_wrench.hpp
[1.302s] -- Up-to-date: /home/jagdeesh/tracker/install/ros_gz_interfaces/include/ros_gz_interfaces/ros_gz_interfaces/msg/contacts.hpp
[1.302s] -- Up-to-date: /home/jagdeesh/tracker/install/ros_gz_interfaces/include/ros_gz_interfaces/ros_gz_interfaces/msg/entity.hpp
[1.302s] -- Up-to-date: /home/jagdeesh/tracker/install/ros_gz_interfaces/include/ros_gz_interfaces/ros_gz_interfaces/msg/float32_array.hpp
[1.302s] -- Up-to-date: /home/jagdeesh/tracker/install/ros_gz_interfaces/include/ros_gz_interfaces/ros_gz_interfaces/msg/gui_camera.hpp
[1.302s] -- Up-to-date: /home/jagdeesh/tracker/install/ros_gz_interfaces/include/ros_gz_interfaces/ros_gz_interfaces
[1.302s] -- Up-to-date: /home/jagdeesh/tracker/install/ros_gz_interfaces/include/ros_gz_interfaces/ros_gz_interfaces/srv
[1.302s] -- Up-to-date: /home/jagdeesh/tracker/install/ros_gz_interfaces/include/ros_gz_interfaces/ros_gz_interfaces/srv/detail
[1.303s] -- Up-to-date: /home/jagdeesh/tracker/install/ros_gz_interfaces/include/ros_gz_interfaces/ros_gz_interfaces/srv/detail/delete_entity__rosidl_typesupport_fastrtps_cpp.hpp
[1.303s] -- Up-to-date: /home/jagdeesh/tracker/install/ros_gz_interfaces/include/ros_gz_interfaces/ros_gz_interfaces/srv/detail/set_entity_pose__rosidl_typesupport_fastrtps_cpp.hpp
[1.303s] -- Up-to-date: /home/jagdeesh/tracker/install/ros_gz_interfaces/include/ros_gz_interfaces/ros_gz_interfaces/srv/detail/control_world__rosidl_typesupport_fastrtps_cpp.hpp
[1.303s] -- Up-to-date: /home/jagdeesh/tracker/install/ros_gz_interfaces/include/ros_gz_interfaces/ros_gz_interfaces/srv/detail/spawn_entity__rosidl_typesupport_fastrtps_cpp.hpp
[1.303s] -- Up-to-date: /home/jagdeesh/tracker/install/ros_gz_interfaces/include/ros_gz_interfaces/ros_gz_interfaces/srv/detail/dds_fastrtps
[1.303s] -- Up-to-date: /home/jagdeesh/tracker/install/ros_gz_interfaces/include/ros_gz_interfaces/ros_gz_interfaces/msg
[1.303s] -- Up-to-date: /home/jagdeesh/tracker/install/ros_gz_interfaces/include/ros_gz_interfaces/ros_gz_interfaces/msg/detail
[1.304s] -- Up-to-date: /home/jagdeesh/tracker/install/ros_gz_interfaces/include/ros_gz_interfaces/ros_gz_interfaces/msg/detail/track_visual__rosidl_typesupport_fastrtps_cpp.hpp
[1.304s] -- Up-to-date: /home/jagdeesh/tracker/install/ros_gz_interfaces/include/ros_gz_interfaces/ros_gz_interfaces/msg/detail/contacts__rosidl_typesupport_fastrtps_cpp.hpp
[1.304s] -- Up-to-date: /home/jagdeesh/tracker/install/ros_gz_interfaces/include/ros_gz_interfaces/ros_gz_interfaces/msg/detail/altimeter__rosidl_typesupport_fastrtps_cpp.hpp
[1.304s] -- Up-to-date: /home/jagdeesh/tracker/install/ros_gz_interfaces/include/ros_gz_interfaces/ros_gz_interfaces/msg/detail/world_reset__rosidl_typesupport_fastrtps_cpp.hpp
[1.304s] -- Up-to-date: /home/jagdeesh/tracker/install/ros_gz_interfaces/include/ros_gz_interfaces/ros_gz_interfaces/msg/detail/contact__rosidl_typesupport_fastrtps_cpp.hpp
[1.304s] -- Up-to-date: /home/jagdeesh/tracker/install/ros_gz_interfaces/include/ros_gz_interfaces/ros_gz_interfaces/msg/detail/video_record__rosidl_typesupport_fastrtps_cpp.hpp
[1.304s] -- Up-to-date: /home/jagdeesh/tracker/install/ros_gz_interfaces/include/ros_gz_interfaces/ros_gz_interfaces/msg/detail/dataframe__rosidl_typesupport_fastrtps_cpp.hpp
[1.305s] -- Up-to-date: /home/jagdeesh/tracker/install/ros_gz_interfaces/include/ros_gz_interfaces/ros_gz_interfaces/msg/detail/entity_wrench__rosidl_typesupport_fastrtps_cpp.hpp
[1.305s] -- Up-to-date: /home/jagdeesh/tracker/install/ros_gz_interfaces/include/ros_gz_interfaces/ros_gz_interfaces/msg/detail/string_vec__rosidl_typesupport_fastrtps_cpp.hpp
[1.305s] -- Up-to-date: /home/jagdeesh/tracker/install/ros_gz_interfaces/include/ros_gz_interfaces/ros_gz_interfaces/msg/detail/joint_wrench__rosidl_typesupport_fastrtps_cpp.hpp
[1.305s] -- Up-to-date: /home/jagdeesh/tracker/install/ros_gz_interfaces/include/ros_gz_interfaces/ros_gz_interfaces/msg/detail/light__rosidl_typesupport_fastrtps_cpp.hpp
[1.305s] -- Up-to-date: /home/jagdeesh/tracker/install/ros_gz_interfaces/include/ros_gz_interfaces/ros_gz_interfaces/msg/detail/entity__rosidl_typesupport_fastrtps_cpp.hpp
[1.305s] -- Up-to-date: /home/jagdeesh/tracker/install/ros_gz_interfaces/include/ros_gz_interfaces/ros_gz_interfaces/msg/detail/gui_camera__rosidl_typesupport_fastrtps_cpp.hpp
[1.305s] -- Up-to-date: /home/jagdeesh/tracker/install/ros_gz_interfaces/include/ros_gz_interfaces/ros_gz_interfaces/msg/detail/float32_array__rosidl_typesupport_fastrtps_cpp.hpp
[1.306s] -- Up-to-date: /home/jagdeesh/tracker/install/ros_gz_interfaces/include/ros_gz_interfaces/ros_gz_interfaces/msg/detail/material_color__rosidl_typesupport_fastrtps_cpp.hpp
[1.306s] -- Up-to-date: /home/jagdeesh/tracker/install/ros_gz_interfaces/include/ros_gz_interfaces/ros_gz_interfaces/msg/detail/world_control__rosidl_typesupport_fastrtps_cpp.hpp
[1.306s] -- Up-to-date: /home/jagdeesh/tracker/install/ros_gz_interfaces/include/ros_gz_interfaces/ros_gz_interfaces/msg/detail/entity_factory__rosidl_typesupport_fastrtps_cpp.hpp
[1.306s] -- Up-to-date: /home/jagdeesh/tracker/install/ros_gz_interfaces/include/ros_gz_interfaces/ros_gz_interfaces/msg/detail/sensor_noise__rosidl_typesupport_fastrtps_cpp.hpp
[1.306s] -- Up-to-date: /home/jagdeesh/tracker/install/ros_gz_interfaces/include/ros_gz_interfaces/ros_gz_interfaces/msg/detail/dds_fastrtps
[1.306s] -- Up-to-date: /home/jagdeesh/tracker/install/ros_gz_interfaces/include/ros_gz_interfaces/ros_gz_interfaces/msg/detail/param_vec__rosidl_typesupport_fastrtps_cpp.hpp
[1.306s] -- Up-to-date: /home/jagdeesh/tracker/install/ros_gz_interfaces/include/ros_gz_interfaces/ros_gz_interfaces/msg/rosidl_typesupport_fastrtps_cpp__visibility_control.h
[1.306s] -- Up-to-date: /home/jagdeesh/tracker/install/ros_gz_interfaces/lib/libros_gz_interfaces__rosidl_typesupport_fastrtps_cpp.so
[1.307s] -- Up-to-date: /home/jagdeesh/tracker/install/ros_gz_interfaces/include/ros_gz_interfaces/ros_gz_interfaces
[1.307s] -- Up-to-date: /home/jagdeesh/tracker/install/ros_gz_interfaces/include/ros_gz_interfaces/ros_gz_interfaces/srv
[1.307s] -- Up-to-date: /home/jagdeesh/tracker/install/ros_gz_interfaces/include/ros_gz_interfaces/ros_gz_interfaces/srv/detail
[1.307s] -- Up-to-date: /home/jagdeesh/tracker/install/ros_gz_interfaces/include/ros_gz_interfaces/ros_gz_interfaces/srv/detail/set_entity_pose__type_support.c
[1.307s] -- Up-to-date: /home/jagdeesh/tracker/install/ros_gz_interfaces/include/ros_gz_interfaces/ros_gz_interfaces/srv/detail/delete_entity__type_support.c
[1.307s] -- Up-to-date: /home/jagdeesh/tracker/install/ros_gz_interfaces/include/ros_gz_interfaces/ros_gz_interfaces/srv/detail/control_world__rosidl_typesupport_introspection_c.h
[1.307s] -- Up-to-date: /home/jagdeesh/tracker/install/ros_gz_interfaces/include/ros_gz_interfaces/ros_gz_interfaces/srv/detail/set_entity_pose__rosidl_typesupport_introspection_c.h
[1.308s] -- Up-to-date: /home/jagdeesh/tracker/install/ros_gz_interfaces/include/ros_gz_interfaces/ros_gz_interfaces/srv/detail/spawn_entity__type_support.c
[1.308s] -- Up-to-date: /home/jagdeesh/tracker/install/ros_gz_interfaces/include/ros_gz_interfaces/ros_gz_interfaces/srv/detail/control_world__type_support.c
[1.308s] -- Up-to-date: /home/jagdeesh/tracker/install/ros_gz_interfaces/include/ros_gz_interfaces/ros_gz_interfaces/srv/detail/delete_entity__rosidl_typesupport_introspection_c.h
[1.308s] -- Up-to-date: /home/jagdeesh/tracker/install/ros_gz_interfaces/include/ros_gz_interfaces/ros_gz_interfaces/srv/detail/spawn_entity__rosidl_typesupport_introspection_c.h
[1.308s] -- Up-to-date: /home/jagdeesh/tracker/install/ros_gz_interfaces/include/ros_gz_interfaces/ros_gz_interfaces/msg
[1.308s] -- Up-to-date: /home/jagdeesh/tracker/install/ros_gz_interfaces/include/ros_gz_interfaces/ros_gz_interfaces/msg/rosidl_typesupport_introspection_c__visibility_control.h
[1.308s] -- Up-to-date: /home/jagdeesh/tracker/install/ros_gz_interfaces/include/ros_gz_interfaces/ros_gz_interfaces/msg/detail
[1.309s] -- Up-to-date: /home/jagdeesh/tracker/install/ros_gz_interfaces/include/ros_gz_interfaces/ros_gz_interfaces/msg/detail/dataframe__type_support.c
[1.309s] -- Up-to-date: /home/jagdeesh/tracker/install/ros_gz_interfaces/include/ros_gz_interfaces/ros_gz_interfaces/msg/detail/light__rosidl_typesupport_introspection_c.h
[1.309s] -- Up-to-date: /home/jagdeesh/tracker/install/ros_gz_interfaces/include/ros_gz_interfaces/ros_gz_interfaces/msg/detail/world_control__rosidl_typesupport_introspection_c.h
[1.309s] -- Up-to-date: /home/jagdeesh/tracker/install/ros_gz_interfaces/include/ros_gz_interfaces/ros_gz_interfaces/msg/detail/sensor_noise__type_support.c
[1.309s] -- Up-to-date: /home/jagdeesh/tracker/install/ros_gz_interfaces/include/ros_gz_interfaces/ros_gz_interfaces/msg/detail/gui_camera__rosidl_typesupport_introspection_c.h
[1.309s] -- Up-to-date: /home/jagdeesh/tracker/install/ros_gz_interfaces/include/ros_gz_interfaces/ros_gz_interfaces/msg/detail/joint_wrench__type_support.c
[1.309s] -- Up-to-date: /home/jagdeesh/tracker/install/ros_gz_interfaces/include/ros_gz_interfaces/ros_gz_interfaces/msg/detail/dataframe__rosidl_typesupport_introspection_c.h
[1.309s] -- Up-to-date: /home/jagdeesh/tracker/install/ros_gz_interfaces/include/ros_gz_interfaces/ros_gz_interfaces/msg/detail/entity_factory__rosidl_typesupport_introspection_c.h
[1.310s] -- Up-to-date: /home/jagdeesh/tracker/install/ros_gz_interfaces/include/ros_gz_interfaces/ros_gz_interfaces/msg/detail/contacts__type_support.c
[1.310s] -- Up-to-date: /home/jagdeesh/tracker/install/ros_gz_interfaces/include/ros_gz_interfaces/ros_gz_interfaces/msg/detail/world_control__type_support.c
[1.310s] -- Up-to-date: /home/jagdeesh/tracker/install/ros_gz_interfaces/include/ros_gz_interfaces/ros_gz_interfaces/msg/detail/gui_camera__type_support.c
[1.310s] -- Up-to-date: /home/jagdeesh/tracker/install/ros_gz_interfaces/include/ros_gz_interfaces/ros_gz_interfaces/msg/detail/contact__rosidl_typesupport_introspection_c.h
[1.311s] -- Up-to-date: /home/jagdeesh/tracker/install/ros_gz_interfaces/include/ros_gz_interfaces/ros_gz_interfaces/msg/detail/track_visual__type_support.c
[1.311s] -- Up-to-date: /home/jagdeesh/tracker/install/ros_gz_interfaces/include/ros_gz_interfaces/ros_gz_interfaces/msg/detail/contacts__rosidl_typesupport_introspection_c.h
[1.311s] -- Up-to-date: /home/jagdeesh/tracker/install/ros_gz_interfaces/include/ros_gz_interfaces/ros_gz_interfaces/msg/detail/param_vec__type_support.c
[1.311s] -- Up-to-date: /home/jagdeesh/tracker/install/ros_gz_interfaces/include/ros_gz_interfaces/ros_gz_interfaces/msg/detail/material_color__rosidl_typesupport_introspection_c.h
[1.311s] -- Up-to-date: /home/jagdeesh/tracker/install/ros_gz_interfaces/include/ros_gz_interfaces/ros_gz_interfaces/msg/detail/video_record__type_support.c
[1.311s] -- Up-to-date: /home/jagdeesh/tracker/install/ros_gz_interfaces/include/ros_gz_interfaces/ros_gz_interfaces/msg/detail/string_vec__type_support.c
[1.312s] -- Up-to-date: /home/jagdeesh/tracker/install/ros_gz_interfaces/include/ros_gz_interfaces/ros_gz_interfaces/msg/detail/param_vec__rosidl_typesupport_introspection_c.h
[1.312s] -- Up-to-date: /home/jagdeesh/tracker/install/ros_gz_interfaces/include/ros_gz_interfaces/ros_gz_interfaces/msg/detail/world_reset__type_support.c
[1.312s] -- Up-to-date: /home/jagdeesh/tracker/install/ros_gz_interfaces/include/ros_gz_interfaces/ros_gz_interfaces/msg/detail/entity_factory__type_support.c
[1.312s] -- Up-to-date: /home/jagdeesh/tracker/install/ros_gz_interfaces/include/ros_gz_interfaces/ros_gz_interfaces/msg/detail/altimeter__type_support.c
[1.312s] -- Up-to-date: /home/jagdeesh/tracker/install/ros_gz_interfaces/include/ros_gz_interfaces/ros_gz_interfaces/msg/detail/video_record__rosidl_typesupport_introspection_c.h
[1.312s] -- Up-to-date: /home/jagdeesh/tracker/install/ros_gz_interfaces/include/ros_gz_interfaces/ros_gz_interfaces/msg/detail/float32_array__rosidl_typesupport_introspection_c.h
[1.313s] -- Up-to-date: /home/jagdeesh/tracker/install/ros_gz_interfaces/include/ros_gz_interfaces/ros_gz_interfaces/msg/detail/string_vec__rosidl_typesupport_introspection_c.h
[1.313s] -- Up-to-date: /home/jagdeesh/tracker/install/ros_gz_interfaces/include/ros_gz_interfaces/ros_gz_interfaces/msg/detail/entity__rosidl_typesupport_introspection_c.h
[1.313s] -- Up-to-date: /home/jagdeesh/tracker/install/ros_gz_interfaces/include/ros_gz_interfaces/ros_gz_interfaces/msg/detail/world_reset__rosidl_typesupport_introspection_c.h
[1.313s] -- Up-to-date: /home/jagdeesh/tracker/install/ros_gz_interfaces/include/ros_gz_interfaces/ros_gz_interfaces/msg/detail/altimeter__rosidl_typesupport_introspection_c.h
[1.313s] -- Up-to-date: /home/jagdeesh/tracker/install/ros_gz_interfaces/include/ros_gz_interfaces/ros_gz_interfaces/msg/detail/light__type_support.c
[1.313s] -- Up-to-date: /home/jagdeesh/tracker/install/ros_gz_interfaces/include/ros_gz_interfaces/ros_gz_interfaces/msg/detail/float32_array__type_support.c
[1.313s] -- Up-to-date: /home/jagdeesh/tracker/install/ros_gz_interfaces/include/ros_gz_interfaces/ros_gz_interfaces/msg/detail/entity_wrench__type_support.c
[1.313s] -- Up-to-date: /home/jagdeesh/tracker/install/ros_gz_interfaces/include/ros_gz_interfaces/ros_gz_interfaces/msg/detail/entity__type_support.c
[1.314s] -- Up-to-date: /home/jagdeesh/tracker/install/ros_gz_interfaces/include/ros_gz_interfaces/ros_gz_interfaces/msg/detail/sensor_noise__rosidl_typesupport_introspection_c.h
[1.314s] -- Up-to-date: /home/jagdeesh/tracker/install/ros_gz_interfaces/include/ros_gz_interfaces/ros_gz_interfaces/msg/detail/track_visual__rosidl_typesupport_introspection_c.h
[1.314s] -- Up-to-date: /home/jagdeesh/tracker/install/ros_gz_interfaces/include/ros_gz_interfaces/ros_gz_interfaces/msg/detail/material_color__type_support.c
[1.314s] -- Up-to-date: /home/jagdeesh/tracker/install/ros_gz_interfaces/include/ros_gz_interfaces/ros_gz_interfaces/msg/detail/contact__type_support.c
[1.314s] -- Up-to-date: /home/jagdeesh/tracker/install/ros_gz_interfaces/include/ros_gz_interfaces/ros_gz_interfaces/msg/detail/joint_wrench__rosidl_typesupport_introspection_c.h
[1.314s] -- Up-to-date: /home/jagdeesh/tracker/install/ros_gz_interfaces/include/ros_gz_interfaces/ros_gz_interfaces/msg/detail/entity_wrench__rosidl_typesupport_introspection_c.h
[1.314s] -- Up-to-date: /home/jagdeesh/tracker/install/ros_gz_interfaces/lib/libros_gz_interfaces__rosidl_typesupport_introspection_c.so
[1.315s] -- Up-to-date: /home/jagdeesh/tracker/install/ros_gz_interfaces/lib/libros_gz_interfaces__rosidl_typesupport_c.so
[1.315s] -- Up-to-date: /home/jagdeesh/tracker/install/ros_gz_interfaces/include/ros_gz_interfaces/ros_gz_interfaces
[1.315s] -- Up-to-date: /home/jagdeesh/tracker/install/ros_gz_interfaces/include/ros_gz_interfaces/ros_gz_interfaces/srv
[1.315s] -- Up-to-date: /home/jagdeesh/tracker/install/ros_gz_interfaces/include/ros_gz_interfaces/ros_gz_interfaces/srv/detail
[1.315s] -- Up-to-date: /home/jagdeesh/tracker/install/ros_gz_interfaces/include/ros_gz_interfaces/ros_gz_interfaces/srv/detail/set_entity_pose__type_support.cpp
[1.315s] -- Up-to-date: /home/jagdeesh/tracker/install/ros_gz_interfaces/include/ros_gz_interfaces/ros_gz_interfaces/srv/detail/spawn_entity__type_support.cpp
[1.315s] -- Up-to-date: /home/jagdeesh/tracker/install/ros_gz_interfaces/include/ros_gz_interfaces/ros_gz_interfaces/srv/detail/delete_entity__rosidl_typesupport_introspection_cpp.hpp
[1.315s] -- Up-to-date: /home/jagdeesh/tracker/install/ros_gz_interfaces/include/ros_gz_interfaces/ros_gz_interfaces/srv/detail/control_world__type_support.cpp
[1.315s] -- Up-to-date: /home/jagdeesh/tracker/install/ros_gz_interfaces/include/ros_gz_interfaces/ros_gz_interfaces/srv/detail/delete_entity__type_support.cpp
[1.316s] -- Up-to-date: /home/jagdeesh/tracker/install/ros_gz_interfaces/include/ros_gz_interfaces/ros_gz_interfaces/srv/detail/control_world__rosidl_typesupport_introspection_cpp.hpp
[1.316s] -- Up-to-date: /home/jagdeesh/tracker/install/ros_gz_interfaces/include/ros_gz_interfaces/ros_gz_interfaces/srv/detail/set_entity_pose__rosidl_typesupport_introspection_cpp.hpp
[1.316s] -- Up-to-date: /home/jagdeesh/tracker/install/ros_gz_interfaces/include/ros_gz_interfaces/ros_gz_interfaces/srv/detail/spawn_entity__rosidl_typesupport_introspection_cpp.hpp
[1.316s] -- Up-to-date: /home/jagdeesh/tracker/install/ros_gz_interfaces/include/ros_gz_interfaces/ros_gz_interfaces/msg
[1.319s] -- Up-to-date: /home/jagdeesh/tracker/install/ros_gz_interfaces/include/ros_gz_interfaces/ros_gz_interfaces/msg/detail
[1.319s] -- Up-to-date: /home/jagdeesh/tracker/install/ros_gz_interfaces/include/ros_gz_interfaces/ros_gz_interfaces/msg/detail/gui_camera__rosidl_typesupport_introspection_cpp.hpp
[1.319s] -- Up-to-date: /home/jagdeesh/tracker/install/ros_gz_interfaces/include/ros_gz_interfaces/ros_gz_interfaces/msg/detail/sensor_noise__type_support.cpp
[1.319s] -- Up-to-date: /home/jagdeesh/tracker/install/ros_gz_interfaces/include/ros_gz_interfaces/ros_gz_interfaces/msg/detail/contacts__rosidl_typesupport_introspection_cpp.hpp
[1.319s] -- Up-to-date: /home/jagdeesh/tracker/install/ros_gz_interfaces/include/ros_gz_interfaces/ros_gz_interfaces/msg/detail/string_vec__rosidl_typesupport_introspection_cpp.hpp
[1.319s] -- Up-to-date: /home/jagdeesh/tracker/install/ros_gz_interfaces/include/ros_gz_interfaces/ros_gz_interfaces/msg/detail/video_record__rosidl_typesupport_introspection_cpp.hpp
[1.319s] -- Up-to-date: /home/jagdeesh/tracker/install/ros_gz_interfaces/include/ros_gz_interfaces/ros_gz_interfaces/msg/detail/material_color__rosidl_typesupport_introspection_cpp.hpp
[1.320s] -- Up-to-date: /home/jagdeesh/tracker/install/ros_gz_interfaces/include/ros_gz_interfaces/ros_gz_interfaces/msg/detail/entity_factory__type_support.cpp
[1.320s] -- Up-to-date: /home/jagdeesh/tracker/install/ros_gz_interfaces/include/ros_gz_interfaces/ros_gz_interfaces/msg/detail/track_visual__type_support.cpp
[1.320s] -- Up-to-date: /home/jagdeesh/tracker/install/ros_gz_interfaces/include/ros_gz_interfaces/ros_gz_interfaces/msg/detail/string_vec__type_support.cpp
[1.320s] -- Up-to-date: /home/jagdeesh/tracker/install/ros_gz_interfaces/include/ros_gz_interfaces/ros_gz_interfaces/msg/detail/contact__rosidl_typesupport_introspection_cpp.hpp
[1.320s] -- Up-to-date: /home/jagdeesh/tracker/install/ros_gz_interfaces/include/ros_gz_interfaces/ros_gz_interfaces/msg/detail/contact__type_support.cpp
[1.321s] -- Up-to-date: /home/jagdeesh/tracker/install/ros_gz_interfaces/include/ros_gz_interfaces/ros_gz_interfaces/msg/detail/entity__rosidl_typesupport_introspection_cpp.hpp
[1.321s] -- Up-to-date: /home/jagdeesh/tracker/install/ros_gz_interfaces/include/ros_gz_interfaces/ros_gz_interfaces/msg/detail/track_visual__rosidl_typesupport_introspection_cpp.hpp
[1.321s] -- Up-to-date: /home/jagdeesh/tracker/install/ros_gz_interfaces/include/ros_gz_interfaces/ros_gz_interfaces/msg/detail/sensor_noise__rosidl_typesupport_introspection_cpp.hpp
[1.321s] -- Up-to-date: /home/jagdeesh/tracker/install/ros_gz_interfaces/include/ros_gz_interfaces/ros_gz_interfaces/msg/detail/contacts__type_support.cpp
[1.321s] -- Up-to-date: /home/jagdeesh/tracker/install/ros_gz_interfaces/include/ros_gz_interfaces/ros_gz_interfaces/msg/detail/entity__type_support.cpp
[1.321s] -- Up-to-date: /home/jagdeesh/tracker/install/ros_gz_interfaces/include/ros_gz_interfaces/ros_gz_interfaces/msg/detail/float32_array__rosidl_typesupport_introspection_cpp.hpp
[1.321s] -- Up-to-date: /home/jagdeesh/tracker/install/ros_gz_interfaces/include/ros_gz_interfaces/ros_gz_interfaces/msg/detail/entity_factory__rosidl_typesupport_introspection_cpp.hpp
[1.321s] -- Up-to-date: /home/jagdeesh/tracker/install/ros_gz_interfaces/include/ros_gz_interfaces/ros_gz_interfaces/msg/detail/world_control__rosidl_typesupport_introspection_cpp.hpp
[1.321s] -- Up-to-date: /home/jagdeesh/tracker/install/ros_gz_interfaces/include/ros_gz_interfaces/ros_gz_interfaces/msg/detail/gui_camera__type_support.cpp
[1.324s] -- Up-to-date: /home/jagdeesh/tracker/install/ros_gz_interfaces/include/ros_gz_interfaces/ros_gz_interfaces/msg/detail/light__rosidl_typesupport_introspection_cpp.hpp
[1.324s] -- Up-to-date: /home/jagdeesh/tracker/install/ros_gz_interfaces/include/ros_gz_interfaces/ros_gz_interfaces/msg/detail/light__type_support.cpp
[1.325s] -- Up-to-date: /home/jagdeesh/tracker/install/ros_gz_interfaces/include/ros_gz_interfaces/ros_gz_interfaces/msg/detail/float32_array__type_support.cpp
[1.325s] -- Up-to-date: /home/jagdeesh/tracker/install/ros_gz_interfaces/include/ros_gz_interfaces/ros_gz_interfaces/msg/detail/param_vec__type_support.cpp
[1.325s] -- Up-to-date: /home/jagdeesh/tracker/install/ros_gz_interfaces/include/ros_gz_interfaces/ros_gz_interfaces/msg/detail/altimeter__rosidl_typesupport_introspection_cpp.hpp
[1.326s] -- Up-to-date: /home/jagdeesh/tracker/install/ros_gz_interfaces/include/ros_gz_interfaces/ros_gz_interfaces/msg/detail/joint_wrench__rosidl_typesupport_introspection_cpp.hpp
[1.326s] -- Up-to-date: /home/jagdeesh/tracker/install/ros_gz_interfaces/include/ros_gz_interfaces/ros_gz_interfaces/msg/detail/dataframe__rosidl_typesupport_introspection_cpp.hpp
[1.326s] -- Up-to-date: /home/jagdeesh/tracker/install/ros_gz_interfaces/include/ros_gz_interfaces/ros_gz_interfaces/msg/detail/world_control__type_support.cpp
[1.326s] -- Up-to-date: /home/jagdeesh/tracker/install/ros_gz_interfaces/include/ros_gz_interfaces/ros_gz_interfaces/msg/detail/entity_wrench__rosidl_typesupport_introspection_cpp.hpp
[1.326s] -- Up-to-date: /home/jagdeesh/tracker/install/ros_gz_interfaces/include/ros_gz_interfaces/ros_gz_interfaces/msg/detail/param_vec__rosidl_typesupport_introspection_cpp.hpp
[1.326s] -- Up-to-date: /home/jagdeesh/tracker/install/ros_gz_interfaces/include/ros_gz_interfaces/ros_gz_interfaces/msg/detail/world_reset__type_support.cpp
[1.326s] -- Up-to-date: /home/jagdeesh/tracker/install/ros_gz_interfaces/include/ros_gz_interfaces/ros_gz_interfaces/msg/detail/material_color__type_support.cpp
[1.326s] -- Up-to-date: /home/jagdeesh/tracker/install/ros_gz_interfaces/include/ros_gz_interfaces/ros_gz_interfaces/msg/detail/entity_wrench__type_support.cpp
[1.330s] -- Up-to-date: /home/jagdeesh/tracker/install/ros_gz_interfaces/include/ros_gz_interfaces/ros_gz_interfaces/msg/detail/altimeter__type_support.cpp
[1.330s] -- Up-to-date: /home/jagdeesh/tracker/install/ros_gz_interfaces/include/ros_gz_interfaces/ros_gz_interfaces/msg/detail/joint_wrench__type_support.cpp
[1.330s] -- Up-to-date: /home/jagdeesh/tracker/install/ros_gz_interfaces/include/ros_gz_interfaces/ros_gz_interfaces/msg/detail/video_record__type_support.cpp
[1.330s] -- Up-to-date: /home/jagdeesh/tracker/install/ros_gz_interfaces/include/ros_gz_interfaces/ros_gz_interfaces/msg/detail/dataframe__type_support.cpp
[1.331s] -- Up-to-date: /home/jagdeesh/tracker/install/ros_gz_interfaces/include/ros_gz_interfaces/ros_gz_interfaces/msg/detail/world_reset__rosidl_typesupport_introspection_cpp.hpp
[1.331s] -- Up-to-date: /home/jagdeesh/tracker/install/ros_gz_interfaces/lib/libros_gz_interfaces__rosidl_typesupport_introspection_cpp.so
[1.331s] -- Up-to-date: /home/jagdeesh/tracker/install/ros_gz_interfaces/lib/libros_gz_interfaces__rosidl_typesupport_cpp.so
[1.331s] -- Up-to-date: /home/jagdeesh/tracker/install/ros_gz_interfaces/share/ros_gz_interfaces/environment/pythonpath.sh
[1.331s] -- Up-to-date: /home/jagdeesh/tracker/install/ros_gz_interfaces/share/ros_gz_interfaces/environment/pythonpath.dsv
[1.331s] -- Up-to-date: /home/jagdeesh/tracker/install/ros_gz_interfaces/local/lib/python3.10/dist-packages/ros_gz_interfaces-0.244.20-py3.10.egg-info
[1.331s] -- Installing: /home/jagdeesh/tracker/install/ros_gz_interfaces/local/lib/python3.10/dist-packages/ros_gz_interfaces-0.244.20-py3.10.egg-info/SOURCES.txt
[1.332s] -- Installing: /home/jagdeesh/tracker/install/ros_gz_interfaces/local/lib/python3.10/dist-packages/ros_gz_interfaces-0.244.20-py3.10.egg-info/dependency_links.txt
[1.332s] -- Installing: /home/jagdeesh/tracker/install/ros_gz_interfaces/local/lib/python3.10/dist-packages/ros_gz_interfaces-0.244.20-py3.10.egg-info/top_level.txt
[1.332s] -- Installing: /home/jagdeesh/tracker/install/ros_gz_interfaces/local/lib/python3.10/dist-packages/ros_gz_interfaces-0.244.20-py3.10.egg-info/PKG-INFO
[1.332s] -- Up-to-date: /home/jagdeesh/tracker/install/ros_gz_interfaces/local/lib/python3.10/dist-packages/ros_gz_interfaces
[1.332s] -- Up-to-date: /home/jagdeesh/tracker/install/ros_gz_interfaces/local/lib/python3.10/dist-packages/ros_gz_interfaces/__init__.py
[1.332s] -- Up-to-date: /home/jagdeesh/tracker/install/ros_gz_interfaces/local/lib/python3.10/dist-packages/ros_gz_interfaces/_ros_gz_interfaces_s.ep.rosidl_typesupport_introspection_c.c
[1.332s] -- Up-to-date: /home/jagdeesh/tracker/install/ros_gz_interfaces/local/lib/python3.10/dist-packages/ros_gz_interfaces/libros_gz_interfaces__rosidl_generator_py.so
[1.333s] -- Up-to-date: /home/jagdeesh/tracker/install/ros_gz_interfaces/local/lib/python3.10/dist-packages/ros_gz_interfaces/_ros_gz_interfaces_s.ep.rosidl_typesupport_fastrtps_c.c
[1.333s] -- Up-to-date: /home/jagdeesh/tracker/install/ros_gz_interfaces/local/lib/python3.10/dist-packages/ros_gz_interfaces/ros_gz_interfaces_s__rosidl_typesupport_c.cpython-310-x86_64-linux-gnu.so
[1.334s] -- Up-to-date: /home/jagdeesh/tracker/install/ros_gz_interfaces/local/lib/python3.10/dist-packages/ros_gz_interfaces/srv
[1.334s] -- Up-to-date: /home/jagdeesh/tracker/install/ros_gz_interfaces/local/lib/python3.10/dist-packages/ros_gz_interfaces/srv/_control_world_s.c
[1.334s] -- Up-to-date: /home/jagdeesh/tracker/install/ros_gz_interfaces/local/lib/python3.10/dist-packages/ros_gz_interfaces/srv/__init__.py
[1.335s] -- Up-to-date: /home/jagdeesh/tracker/install/ros_gz_interfaces/local/lib/python3.10/dist-packages/ros_gz_interfaces/srv/_set_entity_pose.py
[1.339s] -- Up-to-date: /home/jagdeesh/tracker/install/ros_gz_interfaces/local/lib/python3.10/dist-packages/ros_gz_interfaces/srv/_delete_entity_s.c
[1.339s] -- Up-to-date: /home/jagdeesh/tracker/install/ros_gz_interfaces/local/lib/python3.10/dist-packages/ros_gz_interfaces/srv/_control_world.py
[1.339s] -- Up-to-date: /home/jagdeesh/tracker/install/ros_gz_interfaces/local/lib/python3.10/dist-packages/ros_gz_interfaces/srv/_spawn_entity.py
[1.339s] -- Up-to-date: /home/jagdeesh/tracker/install/ros_gz_interfaces/local/lib/python3.10/dist-packages/ros_gz_interfaces/srv/_set_entity_pose_s.c
[1.339s] -- Up-to-date: /home/jagdeesh/tracker/install/ros_gz_interfaces/local/lib/python3.10/dist-packages/ros_gz_interfaces/srv/_spawn_entity_s.c
[1.340s] -- Up-to-date: /home/jagdeesh/tracker/install/ros_gz_interfaces/local/lib/python3.10/dist-packages/ros_gz_interfaces/srv/_delete_entity.py
[1.340s] -- Up-to-date: /home/jagdeesh/tracker/install/ros_gz_interfaces/local/lib/python3.10/dist-packages/ros_gz_interfaces/msg
[1.340s] -- Up-to-date: /home/jagdeesh/tracker/install/ros_gz_interfaces/local/lib/python3.10/dist-packages/ros_gz_interfaces/msg/__init__.py
[1.340s] -- Up-to-date: /home/jagdeesh/tracker/install/ros_gz_interfaces/local/lib/python3.10/dist-packages/ros_gz_interfaces/msg/_gui_camera.py
[1.341s] -- Up-to-date: /home/jagdeesh/tracker/install/ros_gz_interfaces/local/lib/python3.10/dist-packages/ros_gz_interfaces/msg/_float32_array_s.c
[1.341s] -- Up-to-date: /home/jagdeesh/tracker/install/ros_gz_interfaces/local/lib/python3.10/dist-packages/ros_gz_interfaces/msg/_entity_wrench.py
[1.341s] -- Up-to-date: /home/jagdeesh/tracker/install/ros_gz_interfaces/local/lib/python3.10/dist-packages/ros_gz_interfaces/msg/_dataframe_s.c
[1.341s] -- Up-to-date: /home/jagdeesh/tracker/install/ros_gz_interfaces/local/lib/python3.10/dist-packages/ros_gz_interfaces/msg/_world_reset_s.c
[1.341s] -- Up-to-date: /home/jagdeesh/tracker/install/ros_gz_interfaces/local/lib/python3.10/dist-packages/ros_gz_interfaces/msg/_entity_s.c
[1.341s] -- Up-to-date: /home/jagdeesh/tracker/install/ros_gz_interfaces/local/lib/python3.10/dist-packages/ros_gz_interfaces/msg/_world_control.py
[1.341s] -- Up-to-date: /home/jagdeesh/tracker/install/ros_gz_interfaces/local/lib/python3.10/dist-packages/ros_gz_interfaces/msg/_joint_wrench.py
[1.341s] -- Up-to-date: /home/jagdeesh/tracker/install/ros_gz_interfaces/local/lib/python3.10/dist-packages/ros_gz_interfaces/msg/_sensor_noise_s.c
[1.341s] -- Up-to-date: /home/jagdeesh/tracker/install/ros_gz_interfaces/local/lib/python3.10/dist-packages/ros_gz_interfaces/msg/_entity_factory.py
[1.341s] -- Up-to-date: /home/jagdeesh/tracker/install/ros_gz_interfaces/local/lib/python3.10/dist-packages/ros_gz_interfaces/msg/_param_vec.py
[1.342s] -- Up-to-date: /home/jagdeesh/tracker/install/ros_gz_interfaces/local/lib/python3.10/dist-packages/ros_gz_interfaces/msg/_altimeter_s.c
[1.342s] -- Up-to-date: /home/jagdeesh/tracker/install/ros_gz_interfaces/local/lib/python3.10/dist-packages/ros_gz_interfaces/msg/_altimeter.py
[1.342s] -- Up-to-date: /home/jagdeesh/tracker/install/ros_gz_interfaces/local/lib/python3.10/dist-packages/ros_gz_interfaces/msg/_video_record.py
[1.342s] -- Up-to-date: /home/jagdeesh/tracker/install/ros_gz_interfaces/local/lib/python3.10/dist-packages/ros_gz_interfaces/msg/_contact.py
[1.342s] -- Up-to-date: /home/jagdeesh/tracker/install/ros_gz_interfaces/local/lib/python3.10/dist-packages/ros_gz_interfaces/msg/_dataframe.py
[1.342s] -- Up-to-date: /home/jagdeesh/tracker/install/ros_gz_interfaces/local/lib/python3.10/dist-packages/ros_gz_interfaces/msg/_material_color.py
[1.342s] -- Up-to-date: /home/jagdeesh/tracker/install/ros_gz_interfaces/local/lib/python3.10/dist-packages/ros_gz_interfaces/msg/_world_reset.py
[1.342s] -- Up-to-date: /home/jagdeesh/tracker/install/ros_gz_interfaces/local/lib/python3.10/dist-packages/ros_gz_interfaces/msg/_material_color_s.c
[1.342s] -- Up-to-date: /home/jagdeesh/tracker/install/ros_gz_interfaces/local/lib/python3.10/dist-packages/ros_gz_interfaces/msg/_light_s.c
[1.342s] -- Up-to-date: /home/jagdeesh/tracker/install/ros_gz_interfaces/local/lib/python3.10/dist-packages/ros_gz_interfaces/msg/_string_vec.py
[1.343s] -- Up-to-date: /home/jagdeesh/tracker/install/ros_gz_interfaces/local/lib/python3.10/dist-packages/ros_gz_interfaces/msg/_joint_wrench_s.c
[1.343s] -- Up-to-date: /home/jagdeesh/tracker/install/ros_gz_interfaces/local/lib/python3.10/dist-packages/ros_gz_interfaces/msg/_track_visual.py
[1.343s] -- Up-to-date: /home/jagdeesh/tracker/install/ros_gz_interfaces/local/lib/python3.10/dist-packages/ros_gz_interfaces/msg/_gui_camera_s.c
[1.343s] -- Up-to-date: /home/jagdeesh/tracker/install/ros_gz_interfaces/local/lib/python3.10/dist-packages/ros_gz_interfaces/msg/_video_record_s.c
[1.343s] -- Up-to-date: /home/jagdeesh/tracker/install/ros_gz_interfaces/local/lib/python3.10/dist-packages/ros_gz_interfaces/msg/_param_vec_s.c
[1.343s] -- Up-to-date: /home/jagdeesh/tracker/install/ros_gz_interfaces/local/lib/python3.10/dist-packages/ros_gz_interfaces/msg/_track_visual_s.c
[1.345s] -- Up-to-date: /home/jagdeesh/tracker/install/ros_gz_interfaces/local/lib/python3.10/dist-packages/ros_gz_interfaces/msg/_entity_factory_s.c
[1.345s] -- Up-to-date: /home/jagdeesh/tracker/install/ros_gz_interfaces/local/lib/python3.10/dist-packages/ros_gz_interfaces/msg/_world_control_s.c
[1.345s] -- Up-to-date: /home/jagdeesh/tracker/install/ros_gz_interfaces/local/lib/python3.10/dist-packages/ros_gz_interfaces/msg/_entity.py
[1.346s] -- Up-to-date: /home/jagdeesh/tracker/install/ros_gz_interfaces/local/lib/python3.10/dist-packages/ros_gz_interfaces/msg/_contact_s.c
[1.346s] -- Up-to-date: /home/jagdeesh/tracker/install/ros_gz_interfaces/local/lib/python3.10/dist-packages/ros_gz_interfaces/msg/_light.py
[1.346s] -- Up-to-date: /home/jagdeesh/tracker/install/ros_gz_interfaces/local/lib/python3.10/dist-packages/ros_gz_interfaces/msg/_contacts_s.c
[1.346s] -- Up-to-date: /home/jagdeesh/tracker/install/ros_gz_interfaces/local/lib/python3.10/dist-packages/ros_gz_interfaces/msg/_entity_wrench_s.c
[1.347s] -- Up-to-date: /home/jagdeesh/tracker/install/ros_gz_interfaces/local/lib/python3.10/dist-packages/ros_gz_interfaces/msg/_contacts.py
[1.347s] -- Up-to-date: /home/jagdeesh/tracker/install/ros_gz_interfaces/local/lib/python3.10/dist-packages/ros_gz_interfaces/msg/_string_vec_s.c
[1.347s] -- Up-to-date: /home/jagdeesh/tracker/install/ros_gz_interfaces/local/lib/python3.10/dist-packages/ros_gz_interfaces/msg/_float32_array.py
[1.347s] -- Up-to-date: /home/jagdeesh/tracker/install/ros_gz_interfaces/local/lib/python3.10/dist-packages/ros_gz_interfaces/msg/_sensor_noise.py
[1.347s] -- Up-to-date: /home/jagdeesh/tracker/install/ros_gz_interfaces/local/lib/python3.10/dist-packages/ros_gz_interfaces/_ros_gz_interfaces_s.ep.rosidl_typesupport_c.c
[1.347s] -- Up-to-date: /home/jagdeesh/tracker/install/ros_gz_interfaces/local/lib/python3.10/dist-packages/ros_gz_interfaces/ros_gz_interfaces_s__rosidl_typesupport_fastrtps_c.cpython-310-x86_64-linux-gnu.so
[1.347s] -- Up-to-date: /home/jagdeesh/tracker/install/ros_gz_interfaces/local/lib/python3.10/dist-packages/ros_gz_interfaces/ros_gz_interfaces_s__rosidl_typesupport_introspection_c.cpython-310-x86_64-linux-gnu.so
[1.360s] Listing '/home/jagdeesh/tracker/install/ros_gz_interfaces/local/lib/python3.10/dist-packages/ros_gz_interfaces'...
[1.360s] Listing '/home/jagdeesh/tracker/install/ros_gz_interfaces/local/lib/python3.10/dist-packages/ros_gz_interfaces/msg'...
[1.360s] Listing '/home/jagdeesh/tracker/install/ros_gz_interfaces/local/lib/python3.10/dist-packages/ros_gz_interfaces/srv'...
[1.360s] -- Up-to-date: /home/jagdeesh/tracker/install/ros_gz_interfaces/local/lib/python3.10/dist-packages/ros_gz_interfaces/ros_gz_interfaces_s__rosidl_typesupport_fastrtps_c.cpython-310-x86_64-linux-gnu.so
[1.361s] -- Up-to-date: /home/jagdeesh/tracker/install/ros_gz_interfaces/local/lib/python3.10/dist-packages/ros_gz_interfaces/ros_gz_interfaces_s__rosidl_typesupport_introspection_c.cpython-310-x86_64-linux-gnu.so
[1.361s] -- Up-to-date: /home/jagdeesh/tracker/install/ros_gz_interfaces/local/lib/python3.10/dist-packages/ros_gz_interfaces/ros_gz_interfaces_s__rosidl_typesupport_c.cpython-310-x86_64-linux-gnu.so
[1.361s] -- Up-to-date: /home/jagdeesh/tracker/install/ros_gz_interfaces/lib/libros_gz_interfaces__rosidl_generator_py.so
[1.361s] -- Up-to-date: /home/jagdeesh/tracker/install/ros_gz_interfaces/share/ament_index/resource_index/rust_packages/ros_gz_interfaces
[1.361s] -- Up-to-date: /home/jagdeesh/tracker/install/ros_gz_interfaces/share/ros_gz_interfaces/rust
[1.361s] -- Up-to-date: /home/jagdeesh/tracker/install/ros_gz_interfaces/share/ros_gz_interfaces/rust/src
[1.361s] -- Up-to-date: /home/jagdeesh/tracker/install/ros_gz_interfaces/share/ros_gz_interfaces/rust/src/srv.rs
[1.361s] -- Up-to-date: /home/jagdeesh/tracker/install/ros_gz_interfaces/share/ros_gz_interfaces/rust/src/srv
[1.362s] -- Up-to-date: /home/jagdeesh/tracker/install/ros_gz_interfaces/share/ros_gz_interfaces/rust/src/srv/rmw.rs
[1.362s] -- Up-to-date: /home/jagdeesh/tracker/install/ros_gz_interfaces/share/ros_gz_interfaces/rust/src/lib.rs
[1.362s] -- Up-to-date: /home/jagdeesh/tracker/install/ros_gz_interfaces/share/ros_gz_interfaces/rust/src/msg
[1.362s] -- Up-to-date: /home/jagdeesh/tracker/install/ros_gz_interfaces/share/ros_gz_interfaces/rust/src/msg/rmw.rs
[1.363s] -- Up-to-date: /home/jagdeesh/tracker/install/ros_gz_interfaces/share/ros_gz_interfaces/rust/src/msg.rs
[1.363s] -- Up-to-date: /home/jagdeesh/tracker/install/ros_gz_interfaces/share/ros_gz_interfaces/rust/Cargo.toml
[1.363s] -- Up-to-date: /home/jagdeesh/tracker/install/ros_gz_interfaces/share/ros_gz_interfaces/rust/build.rs
[1.363s] -- Up-to-date: /home/jagdeesh/tracker/install/ros_gz_interfaces/share/ros_gz_interfaces/msg/Altimeter.idl
[1.363s] -- Up-to-date: /home/jagdeesh/tracker/install/ros_gz_interfaces/share/ros_gz_interfaces/msg/Contact.idl
[1.363s] -- Up-to-date: /home/jagdeesh/tracker/install/ros_gz_interfaces/share/ros_gz_interfaces/msg/Contacts.idl
[1.363s] -- Up-to-date: /home/jagdeesh/tracker/install/ros_gz_interfaces/share/ros_gz_interfaces/msg/Dataframe.idl
[1.363s] -- Up-to-date: /home/jagdeesh/tracker/install/ros_gz_interfaces/share/ros_gz_interfaces/msg/Entity.idl
[1.363s] -- Up-to-date: /home/jagdeesh/tracker/install/ros_gz_interfaces/share/ros_gz_interfaces/msg/EntityFactory.idl
[1.364s] -- Up-to-date: /home/jagdeesh/tracker/install/ros_gz_interfaces/share/ros_gz_interfaces/msg/EntityWrench.idl
[1.364s] -- Up-to-date: /home/jagdeesh/tracker/install/ros_gz_interfaces/share/ros_gz_interfaces/msg/Float32Array.idl
[1.364s] -- Up-to-date: /home/jagdeesh/tracker/install/ros_gz_interfaces/share/ros_gz_interfaces/msg/GuiCamera.idl
[1.364s] -- Up-to-date: /home/jagdeesh/tracker/install/ros_gz_interfaces/share/ros_gz_interfaces/msg/JointWrench.idl
[1.364s] -- Up-to-date: /home/jagdeesh/tracker/install/ros_gz_interfaces/share/ros_gz_interfaces/msg/Light.idl
[1.364s] -- Up-to-date: /home/jagdeesh/tracker/install/ros_gz_interfaces/share/ros_gz_interfaces/msg/MaterialColor.idl
[1.364s] -- Up-to-date: /home/jagdeesh/tracker/install/ros_gz_interfaces/share/ros_gz_interfaces/msg/ParamVec.idl
[1.365s] -- Up-to-date: /home/jagdeesh/tracker/install/ros_gz_interfaces/share/ros_gz_interfaces/msg/SensorNoise.idl
[1.365s] -- Up-to-date: /home/jagdeesh/tracker/install/ros_gz_interfaces/share/ros_gz_interfaces/msg/StringVec.idl
[1.365s] -- Up-to-date: /home/jagdeesh/tracker/install/ros_gz_interfaces/share/ros_gz_interfaces/msg/TrackVisual.idl
[1.366s] -- Up-to-date: /home/jagdeesh/tracker/install/ros_gz_interfaces/share/ros_gz_interfaces/msg/VideoRecord.idl
[1.366s] -- Up-to-date: /home/jagdeesh/tracker/install/ros_gz_interfaces/share/ros_gz_interfaces/msg/WorldControl.idl
[1.366s] -- Up-to-date: /home/jagdeesh/tracker/install/ros_gz_interfaces/share/ros_gz_interfaces/msg/WorldReset.idl
[1.366s] -- Up-to-date: /home/jagdeesh/tracker/install/ros_gz_interfaces/share/ros_gz_interfaces/srv/ControlWorld.idl
[1.366s] -- Up-to-date: /home/jagdeesh/tracker/install/ros_gz_interfaces/share/ros_gz_interfaces/srv/DeleteEntity.idl
[1.366s] -- Up-to-date: /home/jagdeesh/tracker/install/ros_gz_interfaces/share/ros_gz_interfaces/srv/SetEntityPose.idl
[1.366s] -- Up-to-date: /home/jagdeesh/tracker/install/ros_gz_interfaces/share/ros_gz_interfaces/srv/SpawnEntity.idl
[1.366s] -- Up-to-date: /home/jagdeesh/tracker/install/ros_gz_interfaces/share/ros_gz_interfaces/msg/Altimeter.msg
[1.367s] -- Up-to-date: /home/jagdeesh/tracker/install/ros_gz_interfaces/share/ros_gz_interfaces/msg/Contact.msg
[1.367s] -- Up-to-date: /home/jagdeesh/tracker/install/ros_gz_interfaces/share/ros_gz_interfaces/msg/Contacts.msg
[1.367s] -- Up-to-date: /home/jagdeesh/tracker/install/ros_gz_interfaces/share/ros_gz_interfaces/msg/Dataframe.msg
[1.367s] -- Up-to-date: /home/jagdeesh/tracker/install/ros_gz_interfaces/share/ros_gz_interfaces/msg/Entity.msg
[1.367s] -- Up-to-date: /home/jagdeesh/tracker/install/ros_gz_interfaces/share/ros_gz_interfaces/msg/EntityFactory.msg
[1.367s] -- Up-to-date: /home/jagdeesh/tracker/install/ros_gz_interfaces/share/ros_gz_interfaces/msg/EntityWrench.msg
[1.367s] -- Up-to-date: /home/jagdeesh/tracker/install/ros_gz_interfaces/share/ros_gz_interfaces/msg/Float32Array.msg
[1.367s] -- Up-to-date: /home/jagdeesh/tracker/install/ros_gz_interfaces/share/ros_gz_interfaces/msg/GuiCamera.msg
[1.367s] -- Up-to-date: /home/jagdeesh/tracker/install/ros_gz_interfaces/share/ros_gz_interfaces/msg/JointWrench.msg
[1.367s] -- Up-to-date: /home/jagdeesh/tracker/install/ros_gz_interfaces/share/ros_gz_interfaces/msg/Light.msg
[1.368s] -- Up-to-date: /home/jagdeesh/tracker/install/ros_gz_interfaces/share/ros_gz_interfaces/msg/MaterialColor.msg
[1.368s] -- Up-to-date: /home/jagdeesh/tracker/install/ros_gz_interfaces/share/ros_gz_interfaces/msg/ParamVec.msg
[1.368s] -- Up-to-date: /home/jagdeesh/tracker/install/ros_gz_interfaces/share/ros_gz_interfaces/msg/SensorNoise.msg
[1.368s] -- Up-to-date: /home/jagdeesh/tracker/install/ros_gz_interfaces/share/ros_gz_interfaces/msg/StringVec.msg
[1.368s] -- Up-to-date: /home/jagdeesh/tracker/install/ros_gz_interfaces/share/ros_gz_interfaces/msg/TrackVisual.msg
[1.368s] -- Up-to-date: /home/jagdeesh/tracker/install/ros_gz_interfaces/share/ros_gz_interfaces/msg/VideoRecord.msg
[1.368s] -- Up-to-date: /home/jagdeesh/tracker/install/ros_gz_interfaces/share/ros_gz_interfaces/msg/WorldControl.msg
[1.368s] -- Up-to-date: /home/jagdeesh/tracker/install/ros_gz_interfaces/share/ros_gz_interfaces/msg/WorldReset.msg
[1.369s] -- Up-to-date: /home/jagdeesh/tracker/install/ros_gz_interfaces/share/ros_gz_interfaces/srv/ControlWorld.srv
[1.369s] -- Up-to-date: /home/jagdeesh/tracker/install/ros_gz_interfaces/share/ros_gz_interfaces/srv/ControlWorld_Request.msg
[1.369s] -- Up-to-date: /home/jagdeesh/tracker/install/ros_gz_interfaces/share/ros_gz_interfaces/srv/ControlWorld_Response.msg
[1.369s] -- Up-to-date: /home/jagdeesh/tracker/install/ros_gz_interfaces/share/ros_gz_interfaces/srv/DeleteEntity.srv
[1.369s] -- Up-to-date: /home/jagdeesh/tracker/install/ros_gz_interfaces/share/ros_gz_interfaces/srv/DeleteEntity_Request.msg
[1.369s] -- Up-to-date: /home/jagdeesh/tracker/install/ros_gz_interfaces/share/ros_gz_interfaces/srv/DeleteEntity_Response.msg
[1.369s] -- Up-to-date: /home/jagdeesh/tracker/install/ros_gz_interfaces/share/ros_gz_interfaces/srv/SetEntityPose.srv
[1.369s] -- Up-to-date: /home/jagdeesh/tracker/install/ros_gz_interfaces/share/ros_gz_interfaces/srv/SetEntityPose_Request.msg
[1.369s] -- Up-to-date: /home/jagdeesh/tracker/install/ros_gz_interfaces/share/ros_gz_interfaces/srv/SetEntityPose_Response.msg
[1.369s] -- Up-to-date: /home/jagdeesh/tracker/install/ros_gz_interfaces/share/ros_gz_interfaces/srv/SpawnEntity.srv
[1.369s] -- Up-to-date: /home/jagdeesh/tracker/install/ros_gz_interfaces/share/ros_gz_interfaces/srv/SpawnEntity_Request.msg
[1.370s] -- Up-to-date: /home/jagdeesh/tracker/install/ros_gz_interfaces/share/ros_gz_interfaces/srv/SpawnEntity_Response.msg
[1.370s] -- Up-to-date: /home/jagdeesh/tracker/install/ros_gz_interfaces/share/ament_index/resource_index/package_run_dependencies/ros_gz_interfaces
[1.370s] -- Up-to-date: /home/jagdeesh/tracker/install/ros_gz_interfaces/share/ament_index/resource_index/parent_prefix_path/ros_gz_interfaces
[1.370s] -- Up-to-date: /home/jagdeesh/tracker/install/ros_gz_interfaces/share/ros_gz_interfaces/environment/ament_prefix_path.sh
[1.370s] -- Up-to-date: /home/jagdeesh/tracker/install/ros_gz_interfaces/share/ros_gz_interfaces/environment/ament_prefix_path.dsv
[1.370s] -- Up-to-date: /home/jagdeesh/tracker/install/ros_gz_interfaces/share/ros_gz_interfaces/environment/path.sh
[1.370s] -- Up-to-date: /home/jagdeesh/tracker/install/ros_gz_interfaces/share/ros_gz_interfaces/environment/path.dsv
[1.370s] -- Up-to-date: /home/jagdeesh/tracker/install/ros_gz_interfaces/share/ros_gz_interfaces/local_setup.bash
[1.370s] -- Up-to-date: /home/jagdeesh/tracker/install/ros_gz_interfaces/share/ros_gz_interfaces/local_setup.sh
[1.370s] -- Up-to-date: /home/jagdeesh/tracker/install/ros_gz_interfaces/share/ros_gz_interfaces/local_setup.zsh
[1.370s] -- Up-to-date: /home/jagdeesh/tracker/install/ros_gz_interfaces/share/ros_gz_interfaces/local_setup.dsv
[1.370s] -- Installing: /home/jagdeesh/tracker/install/ros_gz_interfaces/share/ros_gz_interfaces/package.dsv
[1.370s] -- Up-to-date: /home/jagdeesh/tracker/install/ros_gz_interfaces/share/ament_index/resource_index/packages/ros_gz_interfaces
[1.371s] -- Up-to-date: /home/jagdeesh/tracker/install/ros_gz_interfaces/share/ros_gz_interfaces/cmake/export_ros_gz_interfaces__rosidl_generator_cExport.cmake
[1.371s] -- Up-to-date: /home/jagdeesh/tracker/install/ros_gz_interfaces/share/ros_gz_interfaces/cmake/export_ros_gz_interfaces__rosidl_generator_cExport-release.cmake
[1.371s] -- Up-to-date: /home/jagdeesh/tracker/install/ros_gz_interfaces/share/ros_gz_interfaces/cmake/export_ros_gz_interfaces__rosidl_typesupport_fastrtps_cExport.cmake
[1.371s] -- Up-to-date: /home/jagdeesh/tracker/install/ros_gz_interfaces/share/ros_gz_interfaces/cmake/export_ros_gz_interfaces__rosidl_typesupport_fastrtps_cExport-release.cmake
[1.371s] -- Up-to-date: /home/jagdeesh/tracker/install/ros_gz_interfaces/share/ros_gz_interfaces/cmake/export_ros_gz_interfaces__rosidl_generator_cppExport.cmake
[1.371s] -- Up-to-date: /home/jagdeesh/tracker/install/ros_gz_interfaces/share/ros_gz_interfaces/cmake/export_ros_gz_interfaces__rosidl_typesupport_fastrtps_cppExport.cmake
[1.371s] -- Up-to-date: /home/jagdeesh/tracker/install/ros_gz_interfaces/share/ros_gz_interfaces/cmake/export_ros_gz_interfaces__rosidl_typesupport_fastrtps_cppExport-release.cmake
[1.371s] -- Up-to-date: /home/jagdeesh/tracker/install/ros_gz_interfaces/share/ros_gz_interfaces/cmake/ros_gz_interfaces__rosidl_typesupport_introspection_cExport.cmake
[1.371s] -- Up-to-date: /home/jagdeesh/tracker/install/ros_gz_interfaces/share/ros_gz_interfaces/cmake/ros_gz_interfaces__rosidl_typesupport_introspection_cExport-release.cmake
[1.371s] -- Up-to-date: /home/jagdeesh/tracker/install/ros_gz_interfaces/share/ros_gz_interfaces/cmake/ros_gz_interfaces__rosidl_typesupport_cExport.cmake
[1.371s] -- Up-to-date: /home/jagdeesh/tracker/install/ros_gz_interfaces/share/ros_gz_interfaces/cmake/ros_gz_interfaces__rosidl_typesupport_cExport-release.cmake
[1.371s] -- Up-to-date: /home/jagdeesh/tracker/install/ros_gz_interfaces/share/ros_gz_interfaces/cmake/ros_gz_interfaces__rosidl_typesupport_introspection_cppExport.cmake
[1.372s] -- Up-to-date: /home/jagdeesh/tracker/install/ros_gz_interfaces/share/ros_gz_interfaces/cmake/ros_gz_interfaces__rosidl_typesupport_introspection_cppExport-release.cmake
[1.372s] -- Up-to-date: /home/jagdeesh/tracker/install/ros_gz_interfaces/share/ros_gz_interfaces/cmake/ros_gz_interfaces__rosidl_typesupport_cppExport.cmake
[1.372s] -- Up-to-date: /home/jagdeesh/tracker/install/ros_gz_interfaces/share/ros_gz_interfaces/cmake/ros_gz_interfaces__rosidl_typesupport_cppExport-release.cmake
[1.372s] -- Up-to-date: /home/jagdeesh/tracker/install/ros_gz_interfaces/share/ros_gz_interfaces/cmake/export_ros_gz_interfaces__rosidl_generator_pyExport.cmake
[1.372s] -- Up-to-date: /home/jagdeesh/tracker/install/ros_gz_interfaces/share/ros_gz_interfaces/cmake/export_ros_gz_interfaces__rosidl_generator_pyExport-release.cmake
[1.372s] -- Up-to-date: /home/jagdeesh/tracker/install/ros_gz_interfaces/share/ros_gz_interfaces/cmake/rosidl_cmake-extras.cmake
[1.372s] -- Up-to-date: /home/jagdeesh/tracker/install/ros_gz_interfaces/share/ros_gz_interfaces/cmake/ament_cmake_export_dependencies-extras.cmake
[1.372s] -- Up-to-date: /home/jagdeesh/tracker/install/ros_gz_interfaces/share/ros_gz_interfaces/cmake/ament_cmake_export_include_directories-extras.cmake
[1.372s] -- Up-to-date: /home/jagdeesh/tracker/install/ros_gz_interfaces/share/ros_gz_interfaces/cmake/ament_cmake_export_libraries-extras.cmake
[1.372s] -- Up-to-date: /home/jagdeesh/tracker/install/ros_gz_interfaces/share/ros_gz_interfaces/cmake/ament_cmake_export_targets-extras.cmake
[1.373s] -- Up-to-date: /home/jagdeesh/tracker/install/ros_gz_interfaces/share/ros_gz_interfaces/cmake/rosidl_cmake_export_typesupport_targets-extras.cmake
[1.373s] -- Up-to-date: /home/jagdeesh/tracker/install/ros_gz_interfaces/share/ros_gz_interfaces/cmake/rosidl_cmake_export_typesupport_libraries-extras.cmake
[1.373s] -- Up-to-date: /home/jagdeesh/tracker/install/ros_gz_interfaces/share/ros_gz_interfaces/cmake/ros_gz_interfacesConfig.cmake
[1.373s] -- Up-to-date: /home/jagdeesh/tracker/install/ros_gz_interfaces/share/ros_gz_interfaces/cmake/ros_gz_interfacesConfig-version.cmake
[1.373s] -- Up-to-date: /home/jagdeesh/tracker/install/ros_gz_interfaces/share/ros_gz_interfaces/package.xml
[1.448s] Invoked command in '/home/jagdeesh/tracker/build/ros_gz_interfaces' returned '0': CMAKE_PREFIX_PATH=/opt/ros/humble /usr/bin/cmake --install /home/jagdeesh/tracker/build/ros_gz_interfaces
