[0.020s] Invoking command in '/home/jagdeesh/tracker/build/ros_gz_interfaces': CMAKE_PREFIX_PATH=/opt/ros/humble /usr/bin/cmake --build /home/jagdeesh/tracker/build/ros_gz_interfaces -- -j12 -l12
[0.058s] gmake[1]: Entering directory '/home/jagdeesh/tracker/build/ros_gz_interfaces'
[0.110s] gmake[2]: Entering directory '/home/jagdeesh/tracker/build/ros_gz_interfaces'
[0.113s] gmake[3]: Entering directory '/home/jagdeesh/tracker/build/ros_gz_interfaces'
[0.128s] gmake[3]: Leaving directory '/home/jagdeesh/tracker/build/ros_gz_interfaces'
[0.148s] [  1%] Built target ros_gz_interfaces__rs
[0.152s] gmake[3]: Entering directory '/home/jagdeesh/tracker/build/ros_gz_interfaces'
[0.169s] gmake[3]: Leaving directory '/home/jagdeesh/tracker/build/ros_gz_interfaces'
[0.172s] gmake[3]: Entering directory '/home/jagdeesh/tracker/build/ros_gz_interfaces'
[0.205s] gmake[3]: Leaving directory '/home/jagdeesh/tracker/build/ros_gz_interfaces'
[0.217s] [  1%] Built target ament_cmake_python_copy_ros_gz_interfaces
[0.223s] gmake[3]: Entering directory '/home/jagdeesh/tracker/build/ros_gz_interfaces'
[0.238s] gmake[3]: Leaving directory '/home/jagdeesh/tracker/build/ros_gz_interfaces'
[0.254s] [  1%] Built target ros_gz_interfaces__cpp
[0.259s] gmake[3]: Entering directory '/home/jagdeesh/tracker/build/ros_gz_interfaces'
[0.272s] gmake[3]: Leaving directory '/home/jagdeesh/tracker/build/ros_gz_interfaces'
[0.274s] gmake[3]: Entering directory '/home/jagdeesh/tracker/build/ros_gz_interfaces'
[0.759s] running egg_info
[0.762s] writing ros_gz_interfaces.egg-info/PKG-INFO
[0.762s] writing dependency_links to ros_gz_interfaces.egg-info/dependency_links.txt
[0.762s] writing top-level names to ros_gz_interfaces.egg-info/top_level.txt
[0.767s] reading manifest file 'ros_gz_interfaces.egg-info/SOURCES.txt'
[0.769s] writing manifest file 'ros_gz_interfaces.egg-info/SOURCES.txt'
[0.807s] gmake[3]: Leaving directory '/home/jagdeesh/tracker/build/ros_gz_interfaces'
[0.819s] [  1%] Built target ament_cmake_python_build_ros_gz_interfaces_egg
[0.826s] gmake[3]: Entering directory '/home/jagdeesh/tracker/build/ros_gz_interfaces'
[0.873s] Consolidate compiler generated dependencies of target ros_gz_interfaces__rosidl_typesupport_cpp
[0.875s] gmake[3]: Leaving directory '/home/jagdeesh/tracker/build/ros_gz_interfaces'
[0.914s] [ 13%] Built target ros_gz_interfaces__rosidl_typesupport_cpp
[0.922s] gmake[3]: Entering directory '/home/jagdeesh/tracker/build/ros_gz_interfaces'
[0.970s] Consolidate compiler generated dependencies of target ros_gz_interfaces__rosidl_typesupport_introspection_cpp
[0.972s] gmake[3]: Leaving directory '/home/jagdeesh/tracker/build/ros_gz_interfaces'
[0.998s] [ 25%] Built target ros_gz_interfaces__rosidl_typesupport_introspection_cpp
[1.006s] gmake[3]: Entering directory '/home/jagdeesh/tracker/build/ros_gz_interfaces'
[1.058s] Consolidate compiler generated dependencies of target ros_gz_interfaces__rosidl_typesupport_fastrtps_cpp
[1.059s] gmake[3]: Leaving directory '/home/jagdeesh/tracker/build/ros_gz_interfaces'
[1.086s] [ 37%] Built target ros_gz_interfaces__rosidl_typesupport_fastrtps_cpp
[1.099s] gmake[3]: Entering directory '/home/jagdeesh/tracker/build/ros_gz_interfaces'
[1.130s] Consolidate compiler generated dependencies of target ros_gz_interfaces__rosidl_generator_c
[1.132s] gmake[3]: Leaving directory '/home/jagdeesh/tracker/build/ros_gz_interfaces'
[1.154s] [ 49%] Built target ros_gz_interfaces__rosidl_generator_c
[1.161s] gmake[3]: Entering directory '/home/jagdeesh/tracker/build/ros_gz_interfaces'
[1.209s] Consolidate compiler generated dependencies of target ros_gz_interfaces__rosidl_typesupport_fastrtps_c
[1.210s] gmake[3]: Leaving directory '/home/jagdeesh/tracker/build/ros_gz_interfaces'
[1.239s] [ 61%] Built target ros_gz_interfaces__rosidl_typesupport_fastrtps_c
[1.245s] gmake[3]: Entering directory '/home/jagdeesh/tracker/build/ros_gz_interfaces'
[1.272s] Consolidate compiler generated dependencies of target ros_gz_interfaces__rosidl_typesupport_c
[1.274s] gmake[3]: Leaving directory '/home/jagdeesh/tracker/build/ros_gz_interfaces'
[1.293s] [ 73%] Built target ros_gz_interfaces__rosidl_typesupport_c
[1.301s] gmake[3]: Entering directory '/home/jagdeesh/tracker/build/ros_gz_interfaces'
[1.334s] Consolidate compiler generated dependencies of target ros_gz_interfaces__rosidl_typesupport_introspection_c
[1.336s] gmake[3]: Leaving directory '/home/jagdeesh/tracker/build/ros_gz_interfaces'
[1.361s] [ 85%] Built target ros_gz_interfaces__rosidl_typesupport_introspection_c
[1.365s] gmake[3]: Entering directory '/home/jagdeesh/tracker/build/ros_gz_interfaces'
[1.380s] gmake[3]: Leaving directory '/home/jagdeesh/tracker/build/ros_gz_interfaces'
[1.396s] [ 85%] Built target ros_gz_interfaces
[1.401s] gmake[3]: Entering directory '/home/jagdeesh/tracker/build/ros_gz_interfaces'
[1.412s] gmake[3]: Leaving directory '/home/jagdeesh/tracker/build/ros_gz_interfaces'
[1.427s] [ 85%] Built target ros_gz_interfaces__py
[1.433s] gmake[3]: Entering directory '/home/jagdeesh/tracker/build/ros_gz_interfaces'
[1.482s] Consolidate compiler generated dependencies of target ros_gz_interfaces__rosidl_generator_py
[1.484s] gmake[3]: Leaving directory '/home/jagdeesh/tracker/build/ros_gz_interfaces'
[1.513s] [ 97%] Built target ros_gz_interfaces__rosidl_generator_py
[1.518s] gmake[3]: Entering directory '/home/jagdeesh/tracker/build/ros_gz_interfaces'
[1.535s] Consolidate compiler generated dependencies of target ros_gz_interfaces__rosidl_typesupport_fastrtps_c__pyext
[1.536s] gmake[3]: Leaving directory '/home/jagdeesh/tracker/build/ros_gz_interfaces'
[1.554s] [ 98%] Built target ros_gz_interfaces__rosidl_typesupport_fastrtps_c__pyext
[1.558s] gmake[3]: Entering directory '/home/jagdeesh/tracker/build/ros_gz_interfaces'
[1.576s] Consolidate compiler generated dependencies of target ros_gz_interfaces__rosidl_typesupport_c__pyext
[1.578s] gmake[3]: Leaving directory '/home/jagdeesh/tracker/build/ros_gz_interfaces'
[1.594s] [ 99%] Built target ros_gz_interfaces__rosidl_typesupport_c__pyext
[1.600s] gmake[3]: Entering directory '/home/jagdeesh/tracker/build/ros_gz_interfaces'
[1.619s] Consolidate compiler generated dependencies of target ros_gz_interfaces__rosidl_typesupport_introspection_c__pyext
[1.620s] gmake[3]: Leaving directory '/home/jagdeesh/tracker/build/ros_gz_interfaces'
[1.639s] [100%] Built target ros_gz_interfaces__rosidl_typesupport_introspection_c__pyext
[1.640s] gmake[2]: Leaving directory '/home/jagdeesh/tracker/build/ros_gz_interfaces'
[1.652s] gmake[1]: Leaving directory '/home/jagdeesh/tracker/build/ros_gz_interfaces'
[1.655s] Invoked command in '/home/jagdeesh/tracker/build/ros_gz_interfaces' returned '0': CMAKE_PREFIX_PATH=/opt/ros/humble /usr/bin/cmake --build /home/jagdeesh/tracker/build/ros_gz_interfaces -- -j12 -l12
[1.671s] Invoking command in '/home/jagdeesh/tracker/build/ros_gz_interfaces': CMAKE_PREFIX_PATH=/opt/ros/humble /usr/bin/cmake --install /home/jagdeesh/tracker/build/ros_gz_interfaces
[1.686s] -- Install configuration: "Release"
[1.687s] -- Up-to-date: /home/jagdeesh/tracker/install/ros_gz_interfaces/share/ament_index/resource_index/rosidl_interfaces/ros_gz_interfaces
[1.687s] -- Up-to-date: /home/jagdeesh/tracker/install/ros_gz_interfaces/include/ros_gz_interfaces/ros_gz_interfaces
[1.687s] -- Up-to-date: /home/jagdeesh/tracker/install/ros_gz_interfaces/include/ros_gz_interfaces/ros_gz_interfaces/srv
[1.688s] -- Up-to-date: /home/jagdeesh/tracker/install/ros_gz_interfaces/include/ros_gz_interfaces/ros_gz_interfaces/srv/control_world.h
[1.688s] -- Up-to-date: /home/jagdeesh/tracker/install/ros_gz_interfaces/include/ros_gz_interfaces/ros_gz_interfaces/srv/detail
[1.689s] -- Up-to-date: /home/jagdeesh/tracker/install/ros_gz_interfaces/include/ros_gz_interfaces/ros_gz_interfaces/srv/detail/delete_entity__type_support.h
[1.689s] -- Up-to-date: /home/jagdeesh/tracker/install/ros_gz_interfaces/include/ros_gz_interfaces/ros_gz_interfaces/srv/detail/control_world__functions.h
[1.689s] -- Up-to-date: /home/jagdeesh/tracker/install/ros_gz_interfaces/include/ros_gz_interfaces/ros_gz_interfaces/srv/detail/spawn_entity__functions.h
[1.689s] -- Up-to-date: /home/jagdeesh/tracker/install/ros_gz_interfaces/include/ros_gz_interfaces/ros_gz_interfaces/srv/detail/delete_entity__functions.h
[1.690s] -- Up-to-date: /home/jagdeesh/tracker/install/ros_gz_interfaces/include/ros_gz_interfaces/ros_gz_interfaces/srv/detail/set_entity_pose__type_support.h
[1.690s] -- Up-to-date: /home/jagdeesh/tracker/install/ros_gz_interfaces/include/ros_gz_interfaces/ros_gz_interfaces/srv/detail/spawn_entity__type_support.h
[1.690s] -- Up-to-date: /home/jagdeesh/tracker/install/ros_gz_interfaces/include/ros_gz_interfaces/ros_gz_interfaces/srv/detail/control_world__type_support.h
[1.690s] -- Up-to-date: /home/jagdeesh/tracker/install/ros_gz_interfaces/include/ros_gz_interfaces/ros_gz_interfaces/srv/detail/set_entity_pose__struct.h
[1.690s] -- Up-to-date: /home/jagdeesh/tracker/install/ros_gz_interfaces/include/ros_gz_interfaces/ros_gz_interfaces/srv/detail/control_world__struct.h
[1.690s] -- Up-to-date: /home/jagdeesh/tracker/install/ros_gz_interfaces/include/ros_gz_interfaces/ros_gz_interfaces/srv/detail/control_world__functions.c
[1.691s] -- Up-to-date: /home/jagdeesh/tracker/install/ros_gz_interfaces/include/ros_gz_interfaces/ros_gz_interfaces/srv/detail/set_entity_pose__functions.c
[1.691s] -- Up-to-date: /home/jagdeesh/tracker/install/ros_gz_interfaces/include/ros_gz_interfaces/ros_gz_interfaces/srv/detail/delete_entity__struct.h
[1.691s] -- Up-to-date: /home/jagdeesh/tracker/install/ros_gz_interfaces/include/ros_gz_interfaces/ros_gz_interfaces/srv/detail/spawn_entity__functions.c
[1.691s] -- Up-to-date: /home/jagdeesh/tracker/install/ros_gz_interfaces/include/ros_gz_interfaces/ros_gz_interfaces/srv/detail/delete_entity__functions.c
[1.691s] -- Up-to-date: /home/jagdeesh/tracker/install/ros_gz_interfaces/include/ros_gz_interfaces/ros_gz_interfaces/srv/detail/spawn_entity__struct.h
[1.691s] -- Up-to-date: /home/jagdeesh/tracker/install/ros_gz_interfaces/include/ros_gz_interfaces/ros_gz_interfaces/srv/detail/set_entity_pose__functions.h
[1.691s] -- Up-to-date: /home/jagdeesh/tracker/install/ros_gz_interfaces/include/ros_gz_interfaces/ros_gz_interfaces/srv/set_entity_pose.h
[1.691s] -- Up-to-date: /home/jagdeesh/tracker/install/ros_gz_interfaces/include/ros_gz_interfaces/ros_gz_interfaces/srv/spawn_entity.h
[1.691s] -- Up-to-date: /home/jagdeesh/tracker/install/ros_gz_interfaces/include/ros_gz_interfaces/ros_gz_interfaces/srv/delete_entity.h
[1.692s] -- Up-to-date: /home/jagdeesh/tracker/install/ros_gz_interfaces/include/ros_gz_interfaces/ros_gz_interfaces/msg
[1.692s] -- Up-to-date: /home/jagdeesh/tracker/install/ros_gz_interfaces/include/ros_gz_interfaces/ros_gz_interfaces/msg/param_vec.h
[1.693s] -- Up-to-date: /home/jagdeesh/tracker/install/ros_gz_interfaces/include/ros_gz_interfaces/ros_gz_interfaces/msg/joint_wrench.h
[1.694s] -- Up-to-date: /home/jagdeesh/tracker/install/ros_gz_interfaces/include/ros_gz_interfaces/ros_gz_interfaces/msg/string_vec.h
[1.694s] -- Up-to-date: /home/jagdeesh/tracker/install/ros_gz_interfaces/include/ros_gz_interfaces/ros_gz_interfaces/msg/altimeter.h
[1.694s] -- Up-to-date: /home/jagdeesh/tracker/install/ros_gz_interfaces/include/ros_gz_interfaces/ros_gz_interfaces/msg/contact.h
[1.694s] -- Up-to-date: /home/jagdeesh/tracker/install/ros_gz_interfaces/include/ros_gz_interfaces/ros_gz_interfaces/msg/rosidl_generator_c__visibility_control.h
[1.694s] -- Up-to-date: /home/jagdeesh/tracker/install/ros_gz_interfaces/include/ros_gz_interfaces/ros_gz_interfaces/msg/detail
[1.694s] -- Up-to-date: /home/jagdeesh/tracker/install/ros_gz_interfaces/include/ros_gz_interfaces/ros_gz_interfaces/msg/detail/contact__struct.h
[1.694s] -- Up-to-date: /home/jagdeesh/tracker/install/ros_gz_interfaces/include/ros_gz_interfaces/ros_gz_interfaces/msg/detail/gui_camera__struct.h
[1.694s] -- Up-to-date: /home/jagdeesh/tracker/install/ros_gz_interfaces/include/ros_gz_interfaces/ros_gz_interfaces/msg/detail/material_color__functions.c
[1.694s] -- Up-to-date: /home/jagdeesh/tracker/install/ros_gz_interfaces/include/ros_gz_interfaces/ros_gz_interfaces/msg/detail/entity_factory__functions.h
[1.695s] -- Up-to-date: /home/jagdeesh/tracker/install/ros_gz_interfaces/include/ros_gz_interfaces/ros_gz_interfaces/msg/detail/light__functions.h
[1.695s] -- Up-to-date: /home/jagdeesh/tracker/install/ros_gz_interfaces/include/ros_gz_interfaces/ros_gz_interfaces/msg/detail/string_vec__functions.h
[1.695s] -- Up-to-date: /home/jagdeesh/tracker/install/ros_gz_interfaces/include/ros_gz_interfaces/ros_gz_interfaces/msg/detail/float32_array__functions.c
[1.695s] -- Up-to-date: /home/jagdeesh/tracker/install/ros_gz_interfaces/include/ros_gz_interfaces/ros_gz_interfaces/msg/detail/altimeter__type_support.h
[1.695s] -- Up-to-date: /home/jagdeesh/tracker/install/ros_gz_interfaces/include/ros_gz_interfaces/ros_gz_interfaces/msg/detail/float32_array__type_support.h
[1.695s] -- Up-to-date: /home/jagdeesh/tracker/install/ros_gz_interfaces/include/ros_gz_interfaces/ros_gz_interfaces/msg/detail/joint_wrench__type_support.h
[1.695s] -- Up-to-date: /home/jagdeesh/tracker/install/ros_gz_interfaces/include/ros_gz_interfaces/ros_gz_interfaces/msg/detail/contact__functions.h
[1.695s] -- Up-to-date: /home/jagdeesh/tracker/install/ros_gz_interfaces/include/ros_gz_interfaces/ros_gz_interfaces/msg/detail/track_visual__type_support.h
[1.695s] -- Up-to-date: /home/jagdeesh/tracker/install/ros_gz_interfaces/include/ros_gz_interfaces/ros_gz_interfaces/msg/detail/entity__type_support.h
[1.695s] -- Up-to-date: /home/jagdeesh/tracker/install/ros_gz_interfaces/include/ros_gz_interfaces/ros_gz_interfaces/msg/detail/contact__type_support.h
[1.695s] -- Up-to-date: /home/jagdeesh/tracker/install/ros_gz_interfaces/include/ros_gz_interfaces/ros_gz_interfaces/msg/detail/dataframe__type_support.h
[1.696s] -- Up-to-date: /home/jagdeesh/tracker/install/ros_gz_interfaces/include/ros_gz_interfaces/ros_gz_interfaces/msg/detail/material_color__type_support.h
[1.696s] -- Up-to-date: /home/jagdeesh/tracker/install/ros_gz_interfaces/include/ros_gz_interfaces/ros_gz_interfaces/msg/detail/light__struct.h
[1.696s] -- Up-to-date: /home/jagdeesh/tracker/install/ros_gz_interfaces/include/ros_gz_interfaces/ros_gz_interfaces/msg/detail/world_reset__functions.h
[1.696s] -- Up-to-date: /home/jagdeesh/tracker/install/ros_gz_interfaces/include/ros_gz_interfaces/ros_gz_interfaces/msg/detail/contacts__struct.h
[1.696s] -- Up-to-date: /home/jagdeesh/tracker/install/ros_gz_interfaces/include/ros_gz_interfaces/ros_gz_interfaces/msg/detail/joint_wrench__functions.c
[1.696s] -- Up-to-date: /home/jagdeesh/tracker/install/ros_gz_interfaces/include/ros_gz_interfaces/ros_gz_interfaces/msg/detail/dataframe__struct.h
[1.696s] -- Up-to-date: /home/jagdeesh/tracker/install/ros_gz_interfaces/include/ros_gz_interfaces/ros_gz_interfaces/msg/detail/gui_camera__functions.h
[1.696s] -- Up-to-date: /home/jagdeesh/tracker/install/ros_gz_interfaces/include/ros_gz_interfaces/ros_gz_interfaces/msg/detail/entity_wrench__functions.h
[1.696s] -- Up-to-date: /home/jagdeesh/tracker/install/ros_gz_interfaces/include/ros_gz_interfaces/ros_gz_interfaces/msg/detail/entity_factory__functions.c
[1.696s] -- Up-to-date: /home/jagdeesh/tracker/install/ros_gz_interfaces/include/ros_gz_interfaces/ros_gz_interfaces/msg/detail/gui_camera__type_support.h
[1.696s] -- Up-to-date: /home/jagdeesh/tracker/install/ros_gz_interfaces/include/ros_gz_interfaces/ros_gz_interfaces/msg/detail/altimeter__functions.c
[1.696s] -- Up-to-date: /home/jagdeesh/tracker/install/ros_gz_interfaces/include/ros_gz_interfaces/ros_gz_interfaces/msg/detail/track_visual__functions.c
[1.696s] -- Up-to-date: /home/jagdeesh/tracker/install/ros_gz_interfaces/include/ros_gz_interfaces/ros_gz_interfaces/msg/detail/entity_factory__type_support.h
[1.696s] -- Up-to-date: /home/jagdeesh/tracker/install/ros_gz_interfaces/include/ros_gz_interfaces/ros_gz_interfaces/msg/detail/sensor_noise__struct.h
[1.696s] -- Up-to-date: /home/jagdeesh/tracker/install/ros_gz_interfaces/include/ros_gz_interfaces/ros_gz_interfaces/msg/detail/material_color__struct.h
[1.697s] -- Up-to-date: /home/jagdeesh/tracker/install/ros_gz_interfaces/include/ros_gz_interfaces/ros_gz_interfaces/msg/detail/sensor_noise__functions.c
[1.697s] -- Up-to-date: /home/jagdeesh/tracker/install/ros_gz_interfaces/include/ros_gz_interfaces/ros_gz_interfaces/msg/detail/world_reset__struct.h
[1.697s] -- Up-to-date: /home/jagdeesh/tracker/install/ros_gz_interfaces/include/ros_gz_interfaces/ros_gz_interfaces/msg/detail/track_visual__functions.h
[1.697s] -- Up-to-date: /home/jagdeesh/tracker/install/ros_gz_interfaces/include/ros_gz_interfaces/ros_gz_interfaces/msg/detail/world_reset__type_support.h
[1.697s] -- Up-to-date: /home/jagdeesh/tracker/install/ros_gz_interfaces/include/ros_gz_interfaces/ros_gz_interfaces/msg/detail/video_record__functions.h
[1.698s] -- Up-to-date: /home/jagdeesh/tracker/install/ros_gz_interfaces/include/ros_gz_interfaces/ros_gz_interfaces/msg/detail/entity_wrench__functions.c
[1.698s] -- Up-to-date: /home/jagdeesh/tracker/install/ros_gz_interfaces/include/ros_gz_interfaces/ros_gz_interfaces/msg/detail/world_control__type_support.h
[1.698s] -- Up-to-date: /home/jagdeesh/tracker/install/ros_gz_interfaces/include/ros_gz_interfaces/ros_gz_interfaces/msg/detail/world_control__struct.h
[1.698s] -- Up-to-date: /home/jagdeesh/tracker/install/ros_gz_interfaces/include/ros_gz_interfaces/ros_gz_interfaces/msg/detail/entity__functions.c
[1.698s] -- Up-to-date: /home/jagdeesh/tracker/install/ros_gz_interfaces/include/ros_gz_interfaces/ros_gz_interfaces/msg/detail/video_record__struct.h
[1.698s] -- Up-to-date: /home/jagdeesh/tracker/install/ros_gz_interfaces/include/ros_gz_interfaces/ros_gz_interfaces/msg/detail/altimeter__functions.h
[1.703s] -- Up-to-date: /home/jagdeesh/tracker/install/ros_gz_interfaces/include/ros_gz_interfaces/ros_gz_interfaces/msg/detail/entity_factory__struct.h
[1.704s] -- Up-to-date: /home/jagdeesh/tracker/install/ros_gz_interfaces/include/ros_gz_interfaces/ros_gz_interfaces/msg/detail/joint_wrench__struct.h
[1.707s] -- Up-to-date: /home/jagdeesh/tracker/install/ros_gz_interfaces/include/ros_gz_interfaces/ros_gz_interfaces/msg/detail/entity_wrench__struct.h
[1.707s] -- Up-to-date: /home/jagdeesh/tracker/install/ros_gz_interfaces/include/ros_gz_interfaces/ros_gz_interfaces/msg/detail/entity__functions.h
[1.707s] -- Up-to-date: /home/jagdeesh/tracker/install/ros_gz_interfaces/include/ros_gz_interfaces/ros_gz_interfaces/msg/detail/dataframe__functions.h
[1.707s] -- Up-to-date: /home/jagdeesh/tracker/install/ros_gz_interfaces/include/ros_gz_interfaces/ros_gz_interfaces/msg/detail/gui_camera__functions.c
[1.708s] -- Up-to-date: /home/jagdeesh/tracker/install/ros_gz_interfaces/include/ros_gz_interfaces/ros_gz_interfaces/msg/detail/light__type_support.h
[1.708s] -- Up-to-date: /home/jagdeesh/tracker/install/ros_gz_interfaces/include/ros_gz_interfaces/ros_gz_interfaces/msg/detail/track_visual__struct.h
[1.708s] -- Up-to-date: /home/jagdeesh/tracker/install/ros_gz_interfaces/include/ros_gz_interfaces/ros_gz_interfaces/msg/detail/sensor_noise__type_support.h
[1.708s] -- Up-to-date: /home/jagdeesh/tracker/install/ros_gz_interfaces/include/ros_gz_interfaces/ros_gz_interfaces/msg/detail/entity__struct.h
[1.709s] -- Up-to-date: /home/jagdeesh/tracker/install/ros_gz_interfaces/include/ros_gz_interfaces/ros_gz_interfaces/msg/detail/contacts__functions.h
[1.709s] -- Up-to-date: /home/jagdeesh/tracker/install/ros_gz_interfaces/include/ros_gz_interfaces/ros_gz_interfaces/msg/detail/contact__functions.c
[1.709s] -- Up-to-date: /home/jagdeesh/tracker/install/ros_gz_interfaces/include/ros_gz_interfaces/ros_gz_interfaces/msg/detail/string_vec__struct.h
[1.709s] -- Up-to-date: /home/jagdeesh/tracker/install/ros_gz_interfaces/include/ros_gz_interfaces/ros_gz_interfaces/msg/detail/video_record__type_support.h
[1.709s] -- Up-to-date: /home/jagdeesh/tracker/install/ros_gz_interfaces/include/ros_gz_interfaces/ros_gz_interfaces/msg/detail/video_record__functions.c
[1.709s] -- Up-to-date: /home/jagdeesh/tracker/install/ros_gz_interfaces/include/ros_gz_interfaces/ros_gz_interfaces/msg/detail/joint_wrench__functions.h
[1.709s] -- Up-to-date: /home/jagdeesh/tracker/install/ros_gz_interfaces/include/ros_gz_interfaces/ros_gz_interfaces/msg/detail/sensor_noise__functions.h
[1.709s] -- Up-to-date: /home/jagdeesh/tracker/install/ros_gz_interfaces/include/ros_gz_interfaces/ros_gz_interfaces/msg/detail/altimeter__struct.h
[1.710s] -- Up-to-date: /home/jagdeesh/tracker/install/ros_gz_interfaces/include/ros_gz_interfaces/ros_gz_interfaces/msg/detail/param_vec__functions.c
[1.710s] -- Up-to-date: /home/jagdeesh/tracker/install/ros_gz_interfaces/include/ros_gz_interfaces/ros_gz_interfaces/msg/detail/material_color__functions.h
[1.710s] -- Up-to-date: /home/jagdeesh/tracker/install/ros_gz_interfaces/include/ros_gz_interfaces/ros_gz_interfaces/msg/detail/light__functions.c
[1.710s] -- Up-to-date: /home/jagdeesh/tracker/install/ros_gz_interfaces/include/ros_gz_interfaces/ros_gz_interfaces/msg/detail/entity_wrench__type_support.h
[1.710s] -- Up-to-date: /home/jagdeesh/tracker/install/ros_gz_interfaces/include/ros_gz_interfaces/ros_gz_interfaces/msg/detail/world_control__functions.c
[1.710s] -- Up-to-date: /home/jagdeesh/tracker/install/ros_gz_interfaces/include/ros_gz_interfaces/ros_gz_interfaces/msg/detail/dataframe__functions.c
[1.710s] -- Up-to-date: /home/jagdeesh/tracker/install/ros_gz_interfaces/include/ros_gz_interfaces/ros_gz_interfaces/msg/detail/contacts__functions.c
[1.710s] -- Up-to-date: /home/jagdeesh/tracker/install/ros_gz_interfaces/include/ros_gz_interfaces/ros_gz_interfaces/msg/detail/param_vec__functions.h
[1.710s] -- Up-to-date: /home/jagdeesh/tracker/install/ros_gz_interfaces/include/ros_gz_interfaces/ros_gz_interfaces/msg/detail/param_vec__type_support.h
[1.710s] -- Up-to-date: /home/jagdeesh/tracker/install/ros_gz_interfaces/include/ros_gz_interfaces/ros_gz_interfaces/msg/detail/world_control__functions.h
[1.710s] -- Up-to-date: /home/jagdeesh/tracker/install/ros_gz_interfaces/include/ros_gz_interfaces/ros_gz_interfaces/msg/detail/float32_array__struct.h
[1.710s] -- Up-to-date: /home/jagdeesh/tracker/install/ros_gz_interfaces/include/ros_gz_interfaces/ros_gz_interfaces/msg/detail/param_vec__struct.h
[1.710s] -- Up-to-date: /home/jagdeesh/tracker/install/ros_gz_interfaces/include/ros_gz_interfaces/ros_gz_interfaces/msg/detail/contacts__type_support.h
[1.711s] -- Up-to-date: /home/jagdeesh/tracker/install/ros_gz_interfaces/include/ros_gz_interfaces/ros_gz_interfaces/msg/detail/string_vec__type_support.h
[1.712s] -- Up-to-date: /home/jagdeesh/tracker/install/ros_gz_interfaces/include/ros_gz_interfaces/ros_gz_interfaces/msg/detail/world_reset__functions.c
[1.712s] -- Up-to-date: /home/jagdeesh/tracker/install/ros_gz_interfaces/include/ros_gz_interfaces/ros_gz_interfaces/msg/detail/string_vec__functions.c
[1.712s] -- Up-to-date: /home/jagdeesh/tracker/install/ros_gz_interfaces/include/ros_gz_interfaces/ros_gz_interfaces/msg/detail/float32_array__functions.h
[1.712s] -- Up-to-date: /home/jagdeesh/tracker/install/ros_gz_interfaces/include/ros_gz_interfaces/ros_gz_interfaces/msg/entity_wrench.h
[1.712s] -- Up-to-date: /home/jagdeesh/tracker/install/ros_gz_interfaces/include/ros_gz_interfaces/ros_gz_interfaces/msg/light.h
[1.712s] -- Up-to-date: /home/jagdeesh/tracker/install/ros_gz_interfaces/include/ros_gz_interfaces/ros_gz_interfaces/msg/gui_camera.h
[1.712s] -- Up-to-date: /home/jagdeesh/tracker/install/ros_gz_interfaces/include/ros_gz_interfaces/ros_gz_interfaces/msg/entity_factory.h
[1.713s] -- Up-to-date: /home/jagdeesh/tracker/install/ros_gz_interfaces/include/ros_gz_interfaces/ros_gz_interfaces/msg/video_record.h
[1.713s] -- Up-to-date: /home/jagdeesh/tracker/install/ros_gz_interfaces/include/ros_gz_interfaces/ros_gz_interfaces/msg/world_control.h
[1.713s] -- Up-to-date: /home/jagdeesh/tracker/install/ros_gz_interfaces/include/ros_gz_interfaces/ros_gz_interfaces/msg/world_reset.h
[1.713s] -- Up-to-date: /home/jagdeesh/tracker/install/ros_gz_interfaces/include/ros_gz_interfaces/ros_gz_interfaces/msg/float32_array.h
[1.713s] -- Up-to-date: /home/jagdeesh/tracker/install/ros_gz_interfaces/include/ros_gz_interfaces/ros_gz_interfaces/msg/dataframe.h
[1.713s] -- Up-to-date: /home/jagdeesh/tracker/install/ros_gz_interfaces/include/ros_gz_interfaces/ros_gz_interfaces/msg/sensor_noise.h
[1.713s] -- Up-to-date: /home/jagdeesh/tracker/install/ros_gz_interfaces/include/ros_gz_interfaces/ros_gz_interfaces/msg/contacts.h
[1.713s] -- Up-to-date: /home/jagdeesh/tracker/install/ros_gz_interfaces/include/ros_gz_interfaces/ros_gz_interfaces/msg/material_color.h
[1.713s] -- Up-to-date: /home/jagdeesh/tracker/install/ros_gz_interfaces/include/ros_gz_interfaces/ros_gz_interfaces/msg/entity.h
[1.714s] -- Up-to-date: /home/jagdeesh/tracker/install/ros_gz_interfaces/include/ros_gz_interfaces/ros_gz_interfaces/msg/track_visual.h
[1.714s] -- Up-to-date: /home/jagdeesh/tracker/install/ros_gz_interfaces/share/ros_gz_interfaces/environment/library_path.sh
[1.714s] -- Up-to-date: /home/jagdeesh/tracker/install/ros_gz_interfaces/share/ros_gz_interfaces/environment/library_path.dsv
[1.714s] -- Up-to-date: /home/jagdeesh/tracker/install/ros_gz_interfaces/lib/libros_gz_interfaces__rosidl_generator_c.so
[1.714s] -- Up-to-date: /home/jagdeesh/tracker/install/ros_gz_interfaces/include/ros_gz_interfaces/ros_gz_interfaces
[1.714s] -- Up-to-date: /home/jagdeesh/tracker/install/ros_gz_interfaces/include/ros_gz_interfaces/ros_gz_interfaces/srv
[1.714s] -- Up-to-date: /home/jagdeesh/tracker/install/ros_gz_interfaces/include/ros_gz_interfaces/ros_gz_interfaces/srv/detail
[1.715s] -- Up-to-date: /home/jagdeesh/tracker/install/ros_gz_interfaces/include/ros_gz_interfaces/ros_gz_interfaces/srv/detail/control_world__rosidl_typesupport_fastrtps_c.h
[1.715s] -- Up-to-date: /home/jagdeesh/tracker/install/ros_gz_interfaces/include/ros_gz_interfaces/ros_gz_interfaces/srv/detail/delete_entity__rosidl_typesupport_fastrtps_c.h
[1.715s] -- Up-to-date: /home/jagdeesh/tracker/install/ros_gz_interfaces/include/ros_gz_interfaces/ros_gz_interfaces/srv/detail/spawn_entity__rosidl_typesupport_fastrtps_c.h
[1.715s] -- Up-to-date: /home/jagdeesh/tracker/install/ros_gz_interfaces/include/ros_gz_interfaces/ros_gz_interfaces/srv/detail/set_entity_pose__rosidl_typesupport_fastrtps_c.h
[1.715s] -- Up-to-date: /home/jagdeesh/tracker/install/ros_gz_interfaces/include/ros_gz_interfaces/ros_gz_interfaces/msg
[1.716s] -- Up-to-date: /home/jagdeesh/tracker/install/ros_gz_interfaces/include/ros_gz_interfaces/ros_gz_interfaces/msg/detail
[1.716s] -- Up-to-date: /home/jagdeesh/tracker/install/ros_gz_interfaces/include/ros_gz_interfaces/ros_gz_interfaces/msg/detail/contacts__rosidl_typesupport_fastrtps_c.h
[1.716s] -- Up-to-date: /home/jagdeesh/tracker/install/ros_gz_interfaces/include/ros_gz_interfaces/ros_gz_interfaces/msg/detail/entity_wrench__rosidl_typesupport_fastrtps_c.h
[1.716s] -- Up-to-date: /home/jagdeesh/tracker/install/ros_gz_interfaces/include/ros_gz_interfaces/ros_gz_interfaces/msg/detail/float32_array__rosidl_typesupport_fastrtps_c.h
[1.717s] -- Up-to-date: /home/jagdeesh/tracker/install/ros_gz_interfaces/include/ros_gz_interfaces/ros_gz_interfaces/msg/detail/world_reset__rosidl_typesupport_fastrtps_c.h
[1.717s] -- Up-to-date: /home/jagdeesh/tracker/install/ros_gz_interfaces/include/ros_gz_interfaces/ros_gz_interfaces/msg/detail/altimeter__rosidl_typesupport_fastrtps_c.h
[1.717s] -- Up-to-date: /home/jagdeesh/tracker/install/ros_gz_interfaces/include/ros_gz_interfaces/ros_gz_interfaces/msg/detail/dataframe__rosidl_typesupport_fastrtps_c.h
[1.717s] -- Up-to-date: /home/jagdeesh/tracker/install/ros_gz_interfaces/include/ros_gz_interfaces/ros_gz_interfaces/msg/detail/video_record__rosidl_typesupport_fastrtps_c.h
[1.717s] -- Up-to-date: /home/jagdeesh/tracker/install/ros_gz_interfaces/include/ros_gz_interfaces/ros_gz_interfaces/msg/detail/light__rosidl_typesupport_fastrtps_c.h
[1.717s] -- Up-to-date: /home/jagdeesh/tracker/install/ros_gz_interfaces/include/ros_gz_interfaces/ros_gz_interfaces/msg/detail/joint_wrench__rosidl_typesupport_fastrtps_c.h
[1.717s] -- Up-to-date: /home/jagdeesh/tracker/install/ros_gz_interfaces/include/ros_gz_interfaces/ros_gz_interfaces/msg/detail/gui_camera__rosidl_typesupport_fastrtps_c.h
[1.717s] -- Up-to-date: /home/jagdeesh/tracker/install/ros_gz_interfaces/include/ros_gz_interfaces/ros_gz_interfaces/msg/detail/entity_factory__rosidl_typesupport_fastrtps_c.h
[1.717s] -- Up-to-date: /home/jagdeesh/tracker/install/ros_gz_interfaces/include/ros_gz_interfaces/ros_gz_interfaces/msg/detail/entity__rosidl_typesupport_fastrtps_c.h
[1.717s] -- Up-to-date: /home/jagdeesh/tracker/install/ros_gz_interfaces/include/ros_gz_interfaces/ros_gz_interfaces/msg/detail/sensor_noise__rosidl_typesupport_fastrtps_c.h
[1.718s] -- Up-to-date: /home/jagdeesh/tracker/install/ros_gz_interfaces/include/ros_gz_interfaces/ros_gz_interfaces/msg/detail/track_visual__rosidl_typesupport_fastrtps_c.h
[1.718s] -- Up-to-date: /home/jagdeesh/tracker/install/ros_gz_interfaces/include/ros_gz_interfaces/ros_gz_interfaces/msg/detail/contact__rosidl_typesupport_fastrtps_c.h
[1.718s] -- Up-to-date: /home/jagdeesh/tracker/install/ros_gz_interfaces/include/ros_gz_interfaces/ros_gz_interfaces/msg/detail/string_vec__rosidl_typesupport_fastrtps_c.h
[1.718s] -- Up-to-date: /home/jagdeesh/tracker/install/ros_gz_interfaces/include/ros_gz_interfaces/ros_gz_interfaces/msg/detail/material_color__rosidl_typesupport_fastrtps_c.h
[1.718s] -- Up-to-date: /home/jagdeesh/tracker/install/ros_gz_interfaces/include/ros_gz_interfaces/ros_gz_interfaces/msg/detail/world_control__rosidl_typesupport_fastrtps_c.h
[1.718s] -- Up-to-date: /home/jagdeesh/tracker/install/ros_gz_interfaces/include/ros_gz_interfaces/ros_gz_interfaces/msg/detail/param_vec__rosidl_typesupport_fastrtps_c.h
[1.718s] -- Up-to-date: /home/jagdeesh/tracker/install/ros_gz_interfaces/include/ros_gz_interfaces/ros_gz_interfaces/msg/rosidl_typesupport_fastrtps_c__visibility_control.h
[1.718s] -- Up-to-date: /home/jagdeesh/tracker/install/ros_gz_interfaces/lib/libros_gz_interfaces__rosidl_typesupport_fastrtps_c.so
[1.719s] -- Up-to-date: /home/jagdeesh/tracker/install/ros_gz_interfaces/include/ros_gz_interfaces/ros_gz_interfaces
[1.719s] -- Up-to-date: /home/jagdeesh/tracker/install/ros_gz_interfaces/include/ros_gz_interfaces/ros_gz_interfaces/srv
[1.719s] -- Up-to-date: /home/jagdeesh/tracker/install/ros_gz_interfaces/include/ros_gz_interfaces/ros_gz_interfaces/srv/control_world.hpp
[1.719s] -- Up-to-date: /home/jagdeesh/tracker/install/ros_gz_interfaces/include/ros_gz_interfaces/ros_gz_interfaces/srv/delete_entity.hpp
[1.720s] -- Up-to-date: /home/jagdeesh/tracker/install/ros_gz_interfaces/include/ros_gz_interfaces/ros_gz_interfaces/srv/detail
[1.720s] -- Up-to-date: /home/jagdeesh/tracker/install/ros_gz_interfaces/include/ros_gz_interfaces/ros_gz_interfaces/srv/detail/spawn_entity__struct.hpp
[1.720s] -- Up-to-date: /home/jagdeesh/tracker/install/ros_gz_interfaces/include/ros_gz_interfaces/ros_gz_interfaces/srv/detail/control_world__builder.hpp
[1.720s] -- Up-to-date: /home/jagdeesh/tracker/install/ros_gz_interfaces/include/ros_gz_interfaces/ros_gz_interfaces/srv/detail/control_world__struct.hpp
[1.720s] -- Up-to-date: /home/jagdeesh/tracker/install/ros_gz_interfaces/include/ros_gz_interfaces/ros_gz_interfaces/srv/detail/set_entity_pose__builder.hpp
[1.720s] -- Up-to-date: /home/jagdeesh/tracker/install/ros_gz_interfaces/include/ros_gz_interfaces/ros_gz_interfaces/srv/detail/spawn_entity__builder.hpp
[1.720s] -- Up-to-date: /home/jagdeesh/tracker/install/ros_gz_interfaces/include/ros_gz_interfaces/ros_gz_interfaces/srv/detail/set_entity_pose__struct.hpp
[1.720s] -- Up-to-date: /home/jagdeesh/tracker/install/ros_gz_interfaces/include/ros_gz_interfaces/ros_gz_interfaces/srv/detail/control_world__type_support.hpp
[1.720s] -- Up-to-date: /home/jagdeesh/tracker/install/ros_gz_interfaces/include/ros_gz_interfaces/ros_gz_interfaces/srv/detail/delete_entity__builder.hpp
[1.721s] -- Up-to-date: /home/jagdeesh/tracker/install/ros_gz_interfaces/include/ros_gz_interfaces/ros_gz_interfaces/srv/detail/delete_entity__traits.hpp
[1.721s] -- Up-to-date: /home/jagdeesh/tracker/install/ros_gz_interfaces/include/ros_gz_interfaces/ros_gz_interfaces/srv/detail/spawn_entity__traits.hpp
[1.721s] -- Up-to-date: /home/jagdeesh/tracker/install/ros_gz_interfaces/include/ros_gz_interfaces/ros_gz_interfaces/srv/detail/delete_entity__struct.hpp
[1.724s] -- Up-to-date: /home/jagdeesh/tracker/install/ros_gz_interfaces/include/ros_gz_interfaces/ros_gz_interfaces/srv/detail/delete_entity__type_support.hpp
[1.724s] -- Up-to-date: /home/jagdeesh/tracker/install/ros_gz_interfaces/include/ros_gz_interfaces/ros_gz_interfaces/srv/detail/control_world__traits.hpp
[1.724s] -- Up-to-date: /home/jagdeesh/tracker/install/ros_gz_interfaces/include/ros_gz_interfaces/ros_gz_interfaces/srv/detail/set_entity_pose__type_support.hpp
[1.724s] -- Up-to-date: /home/jagdeesh/tracker/install/ros_gz_interfaces/include/ros_gz_interfaces/ros_gz_interfaces/srv/detail/set_entity_pose__traits.hpp
[1.724s] -- Up-to-date: /home/jagdeesh/tracker/install/ros_gz_interfaces/include/ros_gz_interfaces/ros_gz_interfaces/srv/detail/spawn_entity__type_support.hpp
[1.724s] -- Up-to-date: /home/jagdeesh/tracker/install/ros_gz_interfaces/include/ros_gz_interfaces/ros_gz_interfaces/srv/spawn_entity.hpp
[1.724s] -- Up-to-date: /home/jagdeesh/tracker/install/ros_gz_interfaces/include/ros_gz_interfaces/ros_gz_interfaces/srv/set_entity_pose.hpp
[1.725s] -- Up-to-date: /home/jagdeesh/tracker/install/ros_gz_interfaces/include/ros_gz_interfaces/ros_gz_interfaces/msg
[1.725s] -- Up-to-date: /home/jagdeesh/tracker/install/ros_gz_interfaces/include/ros_gz_interfaces/ros_gz_interfaces/msg/world_reset.hpp
[1.725s] -- Up-to-date: /home/jagdeesh/tracker/install/ros_gz_interfaces/include/ros_gz_interfaces/ros_gz_interfaces/msg/track_visual.hpp
[1.725s] -- Up-to-date: /home/jagdeesh/tracker/install/ros_gz_interfaces/include/ros_gz_interfaces/ros_gz_interfaces/msg/dataframe.hpp
[1.725s] -- Up-to-date: /home/jagdeesh/tracker/install/ros_gz_interfaces/include/ros_gz_interfaces/ros_gz_interfaces/msg/rosidl_generator_cpp__visibility_control.hpp
[1.725s] -- Up-to-date: /home/jagdeesh/tracker/install/ros_gz_interfaces/include/ros_gz_interfaces/ros_gz_interfaces/msg/detail
[1.725s] -- Up-to-date: /home/jagdeesh/tracker/install/ros_gz_interfaces/include/ros_gz_interfaces/ros_gz_interfaces/msg/detail/param_vec__builder.hpp
[1.725s] -- Up-to-date: /home/jagdeesh/tracker/install/ros_gz_interfaces/include/ros_gz_interfaces/ros_gz_interfaces/msg/detail/float32_array__builder.hpp
[1.725s] -- Up-to-date: /home/jagdeesh/tracker/install/ros_gz_interfaces/include/ros_gz_interfaces/ros_gz_interfaces/msg/detail/param_vec__type_support.hpp
[1.726s] -- Up-to-date: /home/jagdeesh/tracker/install/ros_gz_interfaces/include/ros_gz_interfaces/ros_gz_interfaces/msg/detail/dataframe__builder.hpp
[1.726s] -- Up-to-date: /home/jagdeesh/tracker/install/ros_gz_interfaces/include/ros_gz_interfaces/ros_gz_interfaces/msg/detail/track_visual__traits.hpp
[1.726s] -- Up-to-date: /home/jagdeesh/tracker/install/ros_gz_interfaces/include/ros_gz_interfaces/ros_gz_interfaces/msg/detail/param_vec__traits.hpp
[1.726s] -- Up-to-date: /home/jagdeesh/tracker/install/ros_gz_interfaces/include/ros_gz_interfaces/ros_gz_interfaces/msg/detail/material_color__type_support.hpp
[1.726s] -- Up-to-date: /home/jagdeesh/tracker/install/ros_gz_interfaces/include/ros_gz_interfaces/ros_gz_interfaces/msg/detail/string_vec__type_support.hpp
[1.726s] -- Up-to-date: /home/jagdeesh/tracker/install/ros_gz_interfaces/include/ros_gz_interfaces/ros_gz_interfaces/msg/detail/entity_wrench__traits.hpp
[1.726s] -- Up-to-date: /home/jagdeesh/tracker/install/ros_gz_interfaces/include/ros_gz_interfaces/ros_gz_interfaces/msg/detail/sensor_noise__traits.hpp
[1.726s] -- Up-to-date: /home/jagdeesh/tracker/install/ros_gz_interfaces/include/ros_gz_interfaces/ros_gz_interfaces/msg/detail/gui_camera__struct.hpp
[1.726s] -- Up-to-date: /home/jagdeesh/tracker/install/ros_gz_interfaces/include/ros_gz_interfaces/ros_gz_interfaces/msg/detail/sensor_noise__struct.hpp
[1.727s] -- Up-to-date: /home/jagdeesh/tracker/install/ros_gz_interfaces/include/ros_gz_interfaces/ros_gz_interfaces/msg/detail/gui_camera__builder.hpp
[1.727s] -- Up-to-date: /home/jagdeesh/tracker/install/ros_gz_interfaces/include/ros_gz_interfaces/ros_gz_interfaces/msg/detail/string_vec__builder.hpp
[1.727s] -- Up-to-date: /home/jagdeesh/tracker/install/ros_gz_interfaces/include/ros_gz_interfaces/ros_gz_interfaces/msg/detail/gui_camera__type_support.hpp
[1.727s] -- Up-to-date: /home/jagdeesh/tracker/install/ros_gz_interfaces/include/ros_gz_interfaces/ros_gz_interfaces/msg/detail/dataframe__struct.hpp
[1.727s] -- Up-to-date: /home/jagdeesh/tracker/install/ros_gz_interfaces/include/ros_gz_interfaces/ros_gz_interfaces/msg/detail/float32_array__traits.hpp
[1.727s] -- Up-to-date: /home/jagdeesh/tracker/install/ros_gz_interfaces/include/ros_gz_interfaces/ros_gz_interfaces/msg/detail/material_color__struct.hpp
[1.727s] -- Up-to-date: /home/jagdeesh/tracker/install/ros_gz_interfaces/include/ros_gz_interfaces/ros_gz_interfaces/msg/detail/param_vec__struct.hpp
[1.727s] -- Up-to-date: /home/jagdeesh/tracker/install/ros_gz_interfaces/include/ros_gz_interfaces/ros_gz_interfaces/msg/detail/video_record__type_support.hpp
[1.727s] -- Up-to-date: /home/jagdeesh/tracker/install/ros_gz_interfaces/include/ros_gz_interfaces/ros_gz_interfaces/msg/detail/contact__traits.hpp
[1.728s] -- Up-to-date: /home/jagdeesh/tracker/install/ros_gz_interfaces/include/ros_gz_interfaces/ros_gz_interfaces/msg/detail/joint_wrench__struct.hpp
[1.728s] -- Up-to-date: /home/jagdeesh/tracker/install/ros_gz_interfaces/include/ros_gz_interfaces/ros_gz_interfaces/msg/detail/contacts__type_support.hpp
[1.728s] -- Up-to-date: /home/jagdeesh/tracker/install/ros_gz_interfaces/include/ros_gz_interfaces/ros_gz_interfaces/msg/detail/contact__builder.hpp
[1.728s] -- Up-to-date: /home/jagdeesh/tracker/install/ros_gz_interfaces/include/ros_gz_interfaces/ros_gz_interfaces/msg/detail/world_control__type_support.hpp
[1.728s] -- Up-to-date: /home/jagdeesh/tracker/install/ros_gz_interfaces/include/ros_gz_interfaces/ros_gz_interfaces/msg/detail/track_visual__builder.hpp
[1.728s] -- Up-to-date: /home/jagdeesh/tracker/install/ros_gz_interfaces/include/ros_gz_interfaces/ros_gz_interfaces/msg/detail/video_record__traits.hpp
[1.728s] -- Up-to-date: /home/jagdeesh/tracker/install/ros_gz_interfaces/include/ros_gz_interfaces/ros_gz_interfaces/msg/detail/contact__type_support.hpp
[1.729s] -- Up-to-date: /home/jagdeesh/tracker/install/ros_gz_interfaces/include/ros_gz_interfaces/ros_gz_interfaces/msg/detail/entity__struct.hpp
[1.729s] -- Up-to-date: /home/jagdeesh/tracker/install/ros_gz_interfaces/include/ros_gz_interfaces/ros_gz_interfaces/msg/detail/joint_wrench__builder.hpp
[1.729s] -- Up-to-date: /home/jagdeesh/tracker/install/ros_gz_interfaces/include/ros_gz_interfaces/ros_gz_interfaces/msg/detail/entity_wrench__type_support.hpp
[1.729s] -- Up-to-date: /home/jagdeesh/tracker/install/ros_gz_interfaces/include/ros_gz_interfaces/ros_gz_interfaces/msg/detail/entity_factory__type_support.hpp
[1.729s] -- Up-to-date: /home/jagdeesh/tracker/install/ros_gz_interfaces/include/ros_gz_interfaces/ros_gz_interfaces/msg/detail/video_record__builder.hpp
[1.729s] -- Up-to-date: /home/jagdeesh/tracker/install/ros_gz_interfaces/include/ros_gz_interfaces/ros_gz_interfaces/msg/detail/contacts__builder.hpp
[1.729s] -- Up-to-date: /home/jagdeesh/tracker/install/ros_gz_interfaces/include/ros_gz_interfaces/ros_gz_interfaces/msg/detail/world_reset__struct.hpp
[1.729s] -- Up-to-date: /home/jagdeesh/tracker/install/ros_gz_interfaces/include/ros_gz_interfaces/ros_gz_interfaces/msg/detail/video_record__struct.hpp
[1.729s] -- Up-to-date: /home/jagdeesh/tracker/install/ros_gz_interfaces/include/ros_gz_interfaces/ros_gz_interfaces/msg/detail/altimeter__struct.hpp
[1.730s] -- Up-to-date: /home/jagdeesh/tracker/install/ros_gz_interfaces/include/ros_gz_interfaces/ros_gz_interfaces/msg/detail/track_visual__type_support.hpp
[1.730s] -- Up-to-date: /home/jagdeesh/tracker/install/ros_gz_interfaces/include/ros_gz_interfaces/ros_gz_interfaces/msg/detail/world_control__struct.hpp
[1.730s] -- Up-to-date: /home/jagdeesh/tracker/install/ros_gz_interfaces/include/ros_gz_interfaces/ros_gz_interfaces/msg/detail/light__type_support.hpp
[1.730s] -- Up-to-date: /home/jagdeesh/tracker/install/ros_gz_interfaces/include/ros_gz_interfaces/ros_gz_interfaces/msg/detail/contacts__struct.hpp
[1.730s] -- Up-to-date: /home/jagdeesh/tracker/install/ros_gz_interfaces/include/ros_gz_interfaces/ros_gz_interfaces/msg/detail/dataframe__type_support.hpp
[1.730s] -- Up-to-date: /home/jagdeesh/tracker/install/ros_gz_interfaces/include/ros_gz_interfaces/ros_gz_interfaces/msg/detail/world_reset__traits.hpp
[1.730s] -- Up-to-date: /home/jagdeesh/tracker/install/ros_gz_interfaces/include/ros_gz_interfaces/ros_gz_interfaces/msg/detail/joint_wrench__traits.hpp
[1.730s] -- Up-to-date: /home/jagdeesh/tracker/install/ros_gz_interfaces/include/ros_gz_interfaces/ros_gz_interfaces/msg/detail/world_reset__type_support.hpp
[1.730s] -- Up-to-date: /home/jagdeesh/tracker/install/ros_gz_interfaces/include/ros_gz_interfaces/ros_gz_interfaces/msg/detail/float32_array__struct.hpp
[1.730s] -- Up-to-date: /home/jagdeesh/tracker/install/ros_gz_interfaces/include/ros_gz_interfaces/ros_gz_interfaces/msg/detail/gui_camera__traits.hpp
[1.730s] -- Up-to-date: /home/jagdeesh/tracker/install/ros_gz_interfaces/include/ros_gz_interfaces/ros_gz_interfaces/msg/detail/float32_array__type_support.hpp
[1.731s] -- Up-to-date: /home/jagdeesh/tracker/install/ros_gz_interfaces/include/ros_gz_interfaces/ros_gz_interfaces/msg/detail/string_vec__traits.hpp
[1.731s] -- Up-to-date: /home/jagdeesh/tracker/install/ros_gz_interfaces/include/ros_gz_interfaces/ros_gz_interfaces/msg/detail/entity__type_support.hpp
[1.731s] -- Up-to-date: /home/jagdeesh/tracker/install/ros_gz_interfaces/include/ros_gz_interfaces/ros_gz_interfaces/msg/detail/joint_wrench__type_support.hpp
[1.731s] -- Up-to-date: /home/jagdeesh/tracker/install/ros_gz_interfaces/include/ros_gz_interfaces/ros_gz_interfaces/msg/detail/material_color__traits.hpp
[1.731s] -- Up-to-date: /home/jagdeesh/tracker/install/ros_gz_interfaces/include/ros_gz_interfaces/ros_gz_interfaces/msg/detail/dataframe__traits.hpp
[1.731s] -- Up-to-date: /home/jagdeesh/tracker/install/ros_gz_interfaces/include/ros_gz_interfaces/ros_gz_interfaces/msg/detail/entity_factory__builder.hpp
[1.731s] -- Up-to-date: /home/jagdeesh/tracker/install/ros_gz_interfaces/include/ros_gz_interfaces/ros_gz_interfaces/msg/detail/sensor_noise__type_support.hpp
[1.731s] -- Up-to-date: /home/jagdeesh/tracker/install/ros_gz_interfaces/include/ros_gz_interfaces/ros_gz_interfaces/msg/detail/material_color__builder.hpp
[1.731s] -- Up-to-date: /home/jagdeesh/tracker/install/ros_gz_interfaces/include/ros_gz_interfaces/ros_gz_interfaces/msg/detail/altimeter__builder.hpp
[1.731s] -- Up-to-date: /home/jagdeesh/tracker/install/ros_gz_interfaces/include/ros_gz_interfaces/ros_gz_interfaces/msg/detail/entity_factory__struct.hpp
[1.732s] -- Up-to-date: /home/jagdeesh/tracker/install/ros_gz_interfaces/include/ros_gz_interfaces/ros_gz_interfaces/msg/detail/entity_wrench__struct.hpp
[1.732s] -- Up-to-date: /home/jagdeesh/tracker/install/ros_gz_interfaces/include/ros_gz_interfaces/ros_gz_interfaces/msg/detail/track_visual__struct.hpp
[1.732s] -- Up-to-date: /home/jagdeesh/tracker/install/ros_gz_interfaces/include/ros_gz_interfaces/ros_gz_interfaces/msg/detail/sensor_noise__builder.hpp
[1.732s] -- Up-to-date: /home/jagdeesh/tracker/install/ros_gz_interfaces/include/ros_gz_interfaces/ros_gz_interfaces/msg/detail/world_reset__builder.hpp
[1.732s] -- Up-to-date: /home/jagdeesh/tracker/install/ros_gz_interfaces/include/ros_gz_interfaces/ros_gz_interfaces/msg/detail/contacts__traits.hpp
[1.732s] -- Up-to-date: /home/jagdeesh/tracker/install/ros_gz_interfaces/include/ros_gz_interfaces/ros_gz_interfaces/msg/detail/world_control__builder.hpp
[1.732s] -- Up-to-date: /home/jagdeesh/tracker/install/ros_gz_interfaces/include/ros_gz_interfaces/ros_gz_interfaces/msg/detail/entity__traits.hpp
[1.732s] -- Up-to-date: /home/jagdeesh/tracker/install/ros_gz_interfaces/include/ros_gz_interfaces/ros_gz_interfaces/msg/detail/altimeter__traits.hpp
[1.732s] -- Up-to-date: /home/jagdeesh/tracker/install/ros_gz_interfaces/include/ros_gz_interfaces/ros_gz_interfaces/msg/detail/entity_factory__traits.hpp
[1.732s] -- Up-to-date: /home/jagdeesh/tracker/install/ros_gz_interfaces/include/ros_gz_interfaces/ros_gz_interfaces/msg/detail/entity_wrench__builder.hpp
[1.733s] -- Up-to-date: /home/jagdeesh/tracker/install/ros_gz_interfaces/include/ros_gz_interfaces/ros_gz_interfaces/msg/detail/altimeter__type_support.hpp
[1.733s] -- Up-to-date: /home/jagdeesh/tracker/install/ros_gz_interfaces/include/ros_gz_interfaces/ros_gz_interfaces/msg/detail/world_control__traits.hpp
[1.733s] -- Up-to-date: /home/jagdeesh/tracker/install/ros_gz_interfaces/include/ros_gz_interfaces/ros_gz_interfaces/msg/detail/light__traits.hpp
[1.733s] -- Up-to-date: /home/jagdeesh/tracker/install/ros_gz_interfaces/include/ros_gz_interfaces/ros_gz_interfaces/msg/detail/contact__struct.hpp
[1.733s] -- Up-to-date: /home/jagdeesh/tracker/install/ros_gz_interfaces/include/ros_gz_interfaces/ros_gz_interfaces/msg/detail/light__builder.hpp
[1.733s] -- Up-to-date: /home/jagdeesh/tracker/install/ros_gz_interfaces/include/ros_gz_interfaces/ros_gz_interfaces/msg/detail/string_vec__struct.hpp
[1.733s] -- Up-to-date: /home/jagdeesh/tracker/install/ros_gz_interfaces/include/ros_gz_interfaces/ros_gz_interfaces/msg/detail/light__struct.hpp
[1.733s] -- Up-to-date: /home/jagdeesh/tracker/install/ros_gz_interfaces/include/ros_gz_interfaces/ros_gz_interfaces/msg/detail/entity__builder.hpp
[1.733s] -- Up-to-date: /home/jagdeesh/tracker/install/ros_gz_interfaces/include/ros_gz_interfaces/ros_gz_interfaces/msg/string_vec.hpp
[1.733s] -- Up-to-date: /home/jagdeesh/tracker/install/ros_gz_interfaces/include/ros_gz_interfaces/ros_gz_interfaces/msg/contact.hpp
[1.734s] -- Up-to-date: /home/jagdeesh/tracker/install/ros_gz_interfaces/include/ros_gz_interfaces/ros_gz_interfaces/msg/video_record.hpp
[1.734s] -- Up-to-date: /home/jagdeesh/tracker/install/ros_gz_interfaces/include/ros_gz_interfaces/ros_gz_interfaces/msg/entity_factory.hpp
[1.734s] -- Up-to-date: /home/jagdeesh/tracker/install/ros_gz_interfaces/include/ros_gz_interfaces/ros_gz_interfaces/msg/material_color.hpp
[1.734s] -- Up-to-date: /home/jagdeesh/tracker/install/ros_gz_interfaces/include/ros_gz_interfaces/ros_gz_interfaces/msg/light.hpp
[1.734s] -- Up-to-date: /home/jagdeesh/tracker/install/ros_gz_interfaces/include/ros_gz_interfaces/ros_gz_interfaces/msg/entity_wrench.hpp
[1.734s] -- Up-to-date: /home/jagdeesh/tracker/install/ros_gz_interfaces/include/ros_gz_interfaces/ros_gz_interfaces/msg/param_vec.hpp
[1.734s] -- Up-to-date: /home/jagdeesh/tracker/install/ros_gz_interfaces/include/ros_gz_interfaces/ros_gz_interfaces/msg/world_control.hpp
[1.734s] -- Up-to-date: /home/jagdeesh/tracker/install/ros_gz_interfaces/include/ros_gz_interfaces/ros_gz_interfaces/msg/altimeter.hpp
[1.734s] -- Up-to-date: /home/jagdeesh/tracker/install/ros_gz_interfaces/include/ros_gz_interfaces/ros_gz_interfaces/msg/sensor_noise.hpp
[1.734s] -- Up-to-date: /home/jagdeesh/tracker/install/ros_gz_interfaces/include/ros_gz_interfaces/ros_gz_interfaces/msg/joint_wrench.hpp
[1.735s] -- Up-to-date: /home/jagdeesh/tracker/install/ros_gz_interfaces/include/ros_gz_interfaces/ros_gz_interfaces/msg/contacts.hpp
[1.735s] -- Up-to-date: /home/jagdeesh/tracker/install/ros_gz_interfaces/include/ros_gz_interfaces/ros_gz_interfaces/msg/entity.hpp
[1.735s] -- Up-to-date: /home/jagdeesh/tracker/install/ros_gz_interfaces/include/ros_gz_interfaces/ros_gz_interfaces/msg/float32_array.hpp
[1.735s] -- Up-to-date: /home/jagdeesh/tracker/install/ros_gz_interfaces/include/ros_gz_interfaces/ros_gz_interfaces/msg/gui_camera.hpp
[1.735s] -- Up-to-date: /home/jagdeesh/tracker/install/ros_gz_interfaces/include/ros_gz_interfaces/ros_gz_interfaces
[1.735s] -- Up-to-date: /home/jagdeesh/tracker/install/ros_gz_interfaces/include/ros_gz_interfaces/ros_gz_interfaces/srv
[1.735s] -- Up-to-date: /home/jagdeesh/tracker/install/ros_gz_interfaces/include/ros_gz_interfaces/ros_gz_interfaces/srv/detail
[1.735s] -- Up-to-date: /home/jagdeesh/tracker/install/ros_gz_interfaces/include/ros_gz_interfaces/ros_gz_interfaces/srv/detail/delete_entity__rosidl_typesupport_fastrtps_cpp.hpp
[1.735s] -- Up-to-date: /home/jagdeesh/tracker/install/ros_gz_interfaces/include/ros_gz_interfaces/ros_gz_interfaces/srv/detail/set_entity_pose__rosidl_typesupport_fastrtps_cpp.hpp
[1.735s] -- Up-to-date: /home/jagdeesh/tracker/install/ros_gz_interfaces/include/ros_gz_interfaces/ros_gz_interfaces/srv/detail/control_world__rosidl_typesupport_fastrtps_cpp.hpp
[1.735s] -- Up-to-date: /home/jagdeesh/tracker/install/ros_gz_interfaces/include/ros_gz_interfaces/ros_gz_interfaces/srv/detail/spawn_entity__rosidl_typesupport_fastrtps_cpp.hpp
[1.736s] -- Up-to-date: /home/jagdeesh/tracker/install/ros_gz_interfaces/include/ros_gz_interfaces/ros_gz_interfaces/srv/detail/dds_fastrtps
[1.736s] -- Up-to-date: /home/jagdeesh/tracker/install/ros_gz_interfaces/include/ros_gz_interfaces/ros_gz_interfaces/msg
[1.736s] -- Up-to-date: /home/jagdeesh/tracker/install/ros_gz_interfaces/include/ros_gz_interfaces/ros_gz_interfaces/msg/detail
[1.736s] -- Up-to-date: /home/jagdeesh/tracker/install/ros_gz_interfaces/include/ros_gz_interfaces/ros_gz_interfaces/msg/detail/track_visual__rosidl_typesupport_fastrtps_cpp.hpp
[1.736s] -- Up-to-date: /home/jagdeesh/tracker/install/ros_gz_interfaces/include/ros_gz_interfaces/ros_gz_interfaces/msg/detail/contacts__rosidl_typesupport_fastrtps_cpp.hpp
[1.736s] -- Up-to-date: /home/jagdeesh/tracker/install/ros_gz_interfaces/include/ros_gz_interfaces/ros_gz_interfaces/msg/detail/altimeter__rosidl_typesupport_fastrtps_cpp.hpp
[1.736s] -- Up-to-date: /home/jagdeesh/tracker/install/ros_gz_interfaces/include/ros_gz_interfaces/ros_gz_interfaces/msg/detail/world_reset__rosidl_typesupport_fastrtps_cpp.hpp
[1.736s] -- Up-to-date: /home/jagdeesh/tracker/install/ros_gz_interfaces/include/ros_gz_interfaces/ros_gz_interfaces/msg/detail/contact__rosidl_typesupport_fastrtps_cpp.hpp
[1.736s] -- Up-to-date: /home/jagdeesh/tracker/install/ros_gz_interfaces/include/ros_gz_interfaces/ros_gz_interfaces/msg/detail/video_record__rosidl_typesupport_fastrtps_cpp.hpp
[1.736s] -- Up-to-date: /home/jagdeesh/tracker/install/ros_gz_interfaces/include/ros_gz_interfaces/ros_gz_interfaces/msg/detail/dataframe__rosidl_typesupport_fastrtps_cpp.hpp
[1.737s] -- Up-to-date: /home/jagdeesh/tracker/install/ros_gz_interfaces/include/ros_gz_interfaces/ros_gz_interfaces/msg/detail/entity_wrench__rosidl_typesupport_fastrtps_cpp.hpp
[1.737s] -- Up-to-date: /home/jagdeesh/tracker/install/ros_gz_interfaces/include/ros_gz_interfaces/ros_gz_interfaces/msg/detail/string_vec__rosidl_typesupport_fastrtps_cpp.hpp
[1.737s] -- Up-to-date: /home/jagdeesh/tracker/install/ros_gz_interfaces/include/ros_gz_interfaces/ros_gz_interfaces/msg/detail/joint_wrench__rosidl_typesupport_fastrtps_cpp.hpp
[1.737s] -- Up-to-date: /home/jagdeesh/tracker/install/ros_gz_interfaces/include/ros_gz_interfaces/ros_gz_interfaces/msg/detail/light__rosidl_typesupport_fastrtps_cpp.hpp
[1.737s] -- Up-to-date: /home/jagdeesh/tracker/install/ros_gz_interfaces/include/ros_gz_interfaces/ros_gz_interfaces/msg/detail/entity__rosidl_typesupport_fastrtps_cpp.hpp
[1.737s] -- Up-to-date: /home/jagdeesh/tracker/install/ros_gz_interfaces/include/ros_gz_interfaces/ros_gz_interfaces/msg/detail/gui_camera__rosidl_typesupport_fastrtps_cpp.hpp
[1.737s] -- Up-to-date: /home/jagdeesh/tracker/install/ros_gz_interfaces/include/ros_gz_interfaces/ros_gz_interfaces/msg/detail/float32_array__rosidl_typesupport_fastrtps_cpp.hpp
[1.737s] -- Up-to-date: /home/jagdeesh/tracker/install/ros_gz_interfaces/include/ros_gz_interfaces/ros_gz_interfaces/msg/detail/material_color__rosidl_typesupport_fastrtps_cpp.hpp
[1.737s] -- Up-to-date: /home/jagdeesh/tracker/install/ros_gz_interfaces/include/ros_gz_interfaces/ros_gz_interfaces/msg/detail/world_control__rosidl_typesupport_fastrtps_cpp.hpp
[1.737s] -- Up-to-date: /home/jagdeesh/tracker/install/ros_gz_interfaces/include/ros_gz_interfaces/ros_gz_interfaces/msg/detail/entity_factory__rosidl_typesupport_fastrtps_cpp.hpp
[1.738s] -- Up-to-date: /home/jagdeesh/tracker/install/ros_gz_interfaces/include/ros_gz_interfaces/ros_gz_interfaces/msg/detail/sensor_noise__rosidl_typesupport_fastrtps_cpp.hpp
[1.738s] -- Up-to-date: /home/jagdeesh/tracker/install/ros_gz_interfaces/include/ros_gz_interfaces/ros_gz_interfaces/msg/detail/dds_fastrtps
[1.738s] -- Up-to-date: /home/jagdeesh/tracker/install/ros_gz_interfaces/include/ros_gz_interfaces/ros_gz_interfaces/msg/detail/param_vec__rosidl_typesupport_fastrtps_cpp.hpp
[1.738s] -- Up-to-date: /home/jagdeesh/tracker/install/ros_gz_interfaces/include/ros_gz_interfaces/ros_gz_interfaces/msg/rosidl_typesupport_fastrtps_cpp__visibility_control.h
[1.738s] -- Up-to-date: /home/jagdeesh/tracker/install/ros_gz_interfaces/lib/libros_gz_interfaces__rosidl_typesupport_fastrtps_cpp.so
[1.738s] -- Up-to-date: /home/jagdeesh/tracker/install/ros_gz_interfaces/include/ros_gz_interfaces/ros_gz_interfaces
[1.738s] -- Up-to-date: /home/jagdeesh/tracker/install/ros_gz_interfaces/include/ros_gz_interfaces/ros_gz_interfaces/srv
[1.738s] -- Up-to-date: /home/jagdeesh/tracker/install/ros_gz_interfaces/include/ros_gz_interfaces/ros_gz_interfaces/srv/detail
[1.738s] -- Up-to-date: /home/jagdeesh/tracker/install/ros_gz_interfaces/include/ros_gz_interfaces/ros_gz_interfaces/srv/detail/set_entity_pose__type_support.c
[1.739s] -- Up-to-date: /home/jagdeesh/tracker/install/ros_gz_interfaces/include/ros_gz_interfaces/ros_gz_interfaces/srv/detail/delete_entity__type_support.c
[1.739s] -- Up-to-date: /home/jagdeesh/tracker/install/ros_gz_interfaces/include/ros_gz_interfaces/ros_gz_interfaces/srv/detail/control_world__rosidl_typesupport_introspection_c.h
[1.739s] -- Up-to-date: /home/jagdeesh/tracker/install/ros_gz_interfaces/include/ros_gz_interfaces/ros_gz_interfaces/srv/detail/set_entity_pose__rosidl_typesupport_introspection_c.h
[1.739s] -- Up-to-date: /home/jagdeesh/tracker/install/ros_gz_interfaces/include/ros_gz_interfaces/ros_gz_interfaces/srv/detail/spawn_entity__type_support.c
[1.739s] -- Up-to-date: /home/jagdeesh/tracker/install/ros_gz_interfaces/include/ros_gz_interfaces/ros_gz_interfaces/srv/detail/control_world__type_support.c
[1.739s] -- Up-to-date: /home/jagdeesh/tracker/install/ros_gz_interfaces/include/ros_gz_interfaces/ros_gz_interfaces/srv/detail/delete_entity__rosidl_typesupport_introspection_c.h
[1.739s] -- Up-to-date: /home/jagdeesh/tracker/install/ros_gz_interfaces/include/ros_gz_interfaces/ros_gz_interfaces/srv/detail/spawn_entity__rosidl_typesupport_introspection_c.h
[1.739s] -- Up-to-date: /home/jagdeesh/tracker/install/ros_gz_interfaces/include/ros_gz_interfaces/ros_gz_interfaces/msg
[1.739s] -- Up-to-date: /home/jagdeesh/tracker/install/ros_gz_interfaces/include/ros_gz_interfaces/ros_gz_interfaces/msg/rosidl_typesupport_introspection_c__visibility_control.h
[1.740s] -- Up-to-date: /home/jagdeesh/tracker/install/ros_gz_interfaces/include/ros_gz_interfaces/ros_gz_interfaces/msg/detail
[1.740s] -- Up-to-date: /home/jagdeesh/tracker/install/ros_gz_interfaces/include/ros_gz_interfaces/ros_gz_interfaces/msg/detail/dataframe__type_support.c
[1.740s] -- Up-to-date: /home/jagdeesh/tracker/install/ros_gz_interfaces/include/ros_gz_interfaces/ros_gz_interfaces/msg/detail/light__rosidl_typesupport_introspection_c.h
[1.740s] -- Up-to-date: /home/jagdeesh/tracker/install/ros_gz_interfaces/include/ros_gz_interfaces/ros_gz_interfaces/msg/detail/world_control__rosidl_typesupport_introspection_c.h
[1.740s] -- Up-to-date: /home/jagdeesh/tracker/install/ros_gz_interfaces/include/ros_gz_interfaces/ros_gz_interfaces/msg/detail/sensor_noise__type_support.c
[1.740s] -- Up-to-date: /home/jagdeesh/tracker/install/ros_gz_interfaces/include/ros_gz_interfaces/ros_gz_interfaces/msg/detail/gui_camera__rosidl_typesupport_introspection_c.h
[1.740s] -- Up-to-date: /home/jagdeesh/tracker/install/ros_gz_interfaces/include/ros_gz_interfaces/ros_gz_interfaces/msg/detail/joint_wrench__type_support.c
[1.740s] -- Up-to-date: /home/jagdeesh/tracker/install/ros_gz_interfaces/include/ros_gz_interfaces/ros_gz_interfaces/msg/detail/dataframe__rosidl_typesupport_introspection_c.h
[1.740s] -- Up-to-date: /home/jagdeesh/tracker/install/ros_gz_interfaces/include/ros_gz_interfaces/ros_gz_interfaces/msg/detail/entity_factory__rosidl_typesupport_introspection_c.h
[1.741s] -- Up-to-date: /home/jagdeesh/tracker/install/ros_gz_interfaces/include/ros_gz_interfaces/ros_gz_interfaces/msg/detail/contacts__type_support.c
[1.741s] -- Up-to-date: /home/jagdeesh/tracker/install/ros_gz_interfaces/include/ros_gz_interfaces/ros_gz_interfaces/msg/detail/world_control__type_support.c
[1.741s] -- Up-to-date: /home/jagdeesh/tracker/install/ros_gz_interfaces/include/ros_gz_interfaces/ros_gz_interfaces/msg/detail/gui_camera__type_support.c
[1.741s] -- Up-to-date: /home/jagdeesh/tracker/install/ros_gz_interfaces/include/ros_gz_interfaces/ros_gz_interfaces/msg/detail/contact__rosidl_typesupport_introspection_c.h
[1.741s] -- Up-to-date: /home/jagdeesh/tracker/install/ros_gz_interfaces/include/ros_gz_interfaces/ros_gz_interfaces/msg/detail/track_visual__type_support.c
[1.741s] -- Up-to-date: /home/jagdeesh/tracker/install/ros_gz_interfaces/include/ros_gz_interfaces/ros_gz_interfaces/msg/detail/contacts__rosidl_typesupport_introspection_c.h
[1.741s] -- Up-to-date: /home/jagdeesh/tracker/install/ros_gz_interfaces/include/ros_gz_interfaces/ros_gz_interfaces/msg/detail/param_vec__type_support.c
[1.741s] -- Up-to-date: /home/jagdeesh/tracker/install/ros_gz_interfaces/include/ros_gz_interfaces/ros_gz_interfaces/msg/detail/material_color__rosidl_typesupport_introspection_c.h
[1.741s] -- Up-to-date: /home/jagdeesh/tracker/install/ros_gz_interfaces/include/ros_gz_interfaces/ros_gz_interfaces/msg/detail/video_record__type_support.c
[1.741s] -- Up-to-date: /home/jagdeesh/tracker/install/ros_gz_interfaces/include/ros_gz_interfaces/ros_gz_interfaces/msg/detail/string_vec__type_support.c
[1.742s] -- Up-to-date: /home/jagdeesh/tracker/install/ros_gz_interfaces/include/ros_gz_interfaces/ros_gz_interfaces/msg/detail/param_vec__rosidl_typesupport_introspection_c.h
[1.742s] -- Up-to-date: /home/jagdeesh/tracker/install/ros_gz_interfaces/include/ros_gz_interfaces/ros_gz_interfaces/msg/detail/world_reset__type_support.c
[1.742s] -- Up-to-date: /home/jagdeesh/tracker/install/ros_gz_interfaces/include/ros_gz_interfaces/ros_gz_interfaces/msg/detail/entity_factory__type_support.c
[1.742s] -- Up-to-date: /home/jagdeesh/tracker/install/ros_gz_interfaces/include/ros_gz_interfaces/ros_gz_interfaces/msg/detail/altimeter__type_support.c
[1.742s] -- Up-to-date: /home/jagdeesh/tracker/install/ros_gz_interfaces/include/ros_gz_interfaces/ros_gz_interfaces/msg/detail/video_record__rosidl_typesupport_introspection_c.h
[1.742s] -- Up-to-date: /home/jagdeesh/tracker/install/ros_gz_interfaces/include/ros_gz_interfaces/ros_gz_interfaces/msg/detail/float32_array__rosidl_typesupport_introspection_c.h
[1.742s] -- Up-to-date: /home/jagdeesh/tracker/install/ros_gz_interfaces/include/ros_gz_interfaces/ros_gz_interfaces/msg/detail/string_vec__rosidl_typesupport_introspection_c.h
[1.742s] -- Up-to-date: /home/jagdeesh/tracker/install/ros_gz_interfaces/include/ros_gz_interfaces/ros_gz_interfaces/msg/detail/entity__rosidl_typesupport_introspection_c.h
[1.742s] -- Up-to-date: /home/jagdeesh/tracker/install/ros_gz_interfaces/include/ros_gz_interfaces/ros_gz_interfaces/msg/detail/world_reset__rosidl_typesupport_introspection_c.h
[1.742s] -- Up-to-date: /home/jagdeesh/tracker/install/ros_gz_interfaces/include/ros_gz_interfaces/ros_gz_interfaces/msg/detail/altimeter__rosidl_typesupport_introspection_c.h
[1.742s] -- Up-to-date: /home/jagdeesh/tracker/install/ros_gz_interfaces/include/ros_gz_interfaces/ros_gz_interfaces/msg/detail/light__type_support.c
[1.743s] -- Up-to-date: /home/jagdeesh/tracker/install/ros_gz_interfaces/include/ros_gz_interfaces/ros_gz_interfaces/msg/detail/float32_array__type_support.c
[1.743s] -- Up-to-date: /home/jagdeesh/tracker/install/ros_gz_interfaces/include/ros_gz_interfaces/ros_gz_interfaces/msg/detail/entity_wrench__type_support.c
[1.743s] -- Up-to-date: /home/jagdeesh/tracker/install/ros_gz_interfaces/include/ros_gz_interfaces/ros_gz_interfaces/msg/detail/entity__type_support.c
[1.743s] -- Up-to-date: /home/jagdeesh/tracker/install/ros_gz_interfaces/include/ros_gz_interfaces/ros_gz_interfaces/msg/detail/sensor_noise__rosidl_typesupport_introspection_c.h
[1.743s] -- Up-to-date: /home/jagdeesh/tracker/install/ros_gz_interfaces/include/ros_gz_interfaces/ros_gz_interfaces/msg/detail/track_visual__rosidl_typesupport_introspection_c.h
[1.743s] -- Up-to-date: /home/jagdeesh/tracker/install/ros_gz_interfaces/include/ros_gz_interfaces/ros_gz_interfaces/msg/detail/material_color__type_support.c
[1.743s] -- Up-to-date: /home/jagdeesh/tracker/install/ros_gz_interfaces/include/ros_gz_interfaces/ros_gz_interfaces/msg/detail/contact__type_support.c
[1.743s] -- Up-to-date: /home/jagdeesh/tracker/install/ros_gz_interfaces/include/ros_gz_interfaces/ros_gz_interfaces/msg/detail/joint_wrench__rosidl_typesupport_introspection_c.h
[1.743s] -- Up-to-date: /home/jagdeesh/tracker/install/ros_gz_interfaces/include/ros_gz_interfaces/ros_gz_interfaces/msg/detail/entity_wrench__rosidl_typesupport_introspection_c.h
[1.743s] -- Up-to-date: /home/jagdeesh/tracker/install/ros_gz_interfaces/lib/libros_gz_interfaces__rosidl_typesupport_introspection_c.so
[1.744s] -- Up-to-date: /home/jagdeesh/tracker/install/ros_gz_interfaces/lib/libros_gz_interfaces__rosidl_typesupport_c.so
[1.744s] -- Up-to-date: /home/jagdeesh/tracker/install/ros_gz_interfaces/include/ros_gz_interfaces/ros_gz_interfaces
[1.745s] -- Up-to-date: /home/jagdeesh/tracker/install/ros_gz_interfaces/include/ros_gz_interfaces/ros_gz_interfaces/srv
[1.745s] -- Up-to-date: /home/jagdeesh/tracker/install/ros_gz_interfaces/include/ros_gz_interfaces/ros_gz_interfaces/srv/detail
[1.745s] -- Up-to-date: /home/jagdeesh/tracker/install/ros_gz_interfaces/include/ros_gz_interfaces/ros_gz_interfaces/srv/detail/set_entity_pose__type_support.cpp
[1.745s] -- Up-to-date: /home/jagdeesh/tracker/install/ros_gz_interfaces/include/ros_gz_interfaces/ros_gz_interfaces/srv/detail/spawn_entity__type_support.cpp
[1.745s] -- Up-to-date: /home/jagdeesh/tracker/install/ros_gz_interfaces/include/ros_gz_interfaces/ros_gz_interfaces/srv/detail/delete_entity__rosidl_typesupport_introspection_cpp.hpp
[1.745s] -- Up-to-date: /home/jagdeesh/tracker/install/ros_gz_interfaces/include/ros_gz_interfaces/ros_gz_interfaces/srv/detail/control_world__type_support.cpp
[1.745s] -- Up-to-date: /home/jagdeesh/tracker/install/ros_gz_interfaces/include/ros_gz_interfaces/ros_gz_interfaces/srv/detail/delete_entity__type_support.cpp
[1.745s] -- Up-to-date: /home/jagdeesh/tracker/install/ros_gz_interfaces/include/ros_gz_interfaces/ros_gz_interfaces/srv/detail/control_world__rosidl_typesupport_introspection_cpp.hpp
[1.745s] -- Up-to-date: /home/jagdeesh/tracker/install/ros_gz_interfaces/include/ros_gz_interfaces/ros_gz_interfaces/srv/detail/set_entity_pose__rosidl_typesupport_introspection_cpp.hpp
[1.745s] -- Up-to-date: /home/jagdeesh/tracker/install/ros_gz_interfaces/include/ros_gz_interfaces/ros_gz_interfaces/srv/detail/spawn_entity__rosidl_typesupport_introspection_cpp.hpp
[1.745s] -- Up-to-date: /home/jagdeesh/tracker/install/ros_gz_interfaces/include/ros_gz_interfaces/ros_gz_interfaces/msg
[1.745s] -- Up-to-date: /home/jagdeesh/tracker/install/ros_gz_interfaces/include/ros_gz_interfaces/ros_gz_interfaces/msg/detail
[1.746s] -- Up-to-date: /home/jagdeesh/tracker/install/ros_gz_interfaces/include/ros_gz_interfaces/ros_gz_interfaces/msg/detail/gui_camera__rosidl_typesupport_introspection_cpp.hpp
[1.746s] -- Up-to-date: /home/jagdeesh/tracker/install/ros_gz_interfaces/include/ros_gz_interfaces/ros_gz_interfaces/msg/detail/sensor_noise__type_support.cpp
[1.746s] -- Up-to-date: /home/jagdeesh/tracker/install/ros_gz_interfaces/include/ros_gz_interfaces/ros_gz_interfaces/msg/detail/contacts__rosidl_typesupport_introspection_cpp.hpp
[1.746s] -- Up-to-date: /home/jagdeesh/tracker/install/ros_gz_interfaces/include/ros_gz_interfaces/ros_gz_interfaces/msg/detail/string_vec__rosidl_typesupport_introspection_cpp.hpp
[1.746s] -- Up-to-date: /home/jagdeesh/tracker/install/ros_gz_interfaces/include/ros_gz_interfaces/ros_gz_interfaces/msg/detail/video_record__rosidl_typesupport_introspection_cpp.hpp
[1.746s] -- Up-to-date: /home/jagdeesh/tracker/install/ros_gz_interfaces/include/ros_gz_interfaces/ros_gz_interfaces/msg/detail/material_color__rosidl_typesupport_introspection_cpp.hpp
[1.746s] -- Up-to-date: /home/jagdeesh/tracker/install/ros_gz_interfaces/include/ros_gz_interfaces/ros_gz_interfaces/msg/detail/entity_factory__type_support.cpp
[1.746s] -- Up-to-date: /home/jagdeesh/tracker/install/ros_gz_interfaces/include/ros_gz_interfaces/ros_gz_interfaces/msg/detail/track_visual__type_support.cpp
[1.746s] -- Up-to-date: /home/jagdeesh/tracker/install/ros_gz_interfaces/include/ros_gz_interfaces/ros_gz_interfaces/msg/detail/string_vec__type_support.cpp
[1.746s] -- Up-to-date: /home/jagdeesh/tracker/install/ros_gz_interfaces/include/ros_gz_interfaces/ros_gz_interfaces/msg/detail/contact__rosidl_typesupport_introspection_cpp.hpp
[1.746s] -- Up-to-date: /home/jagdeesh/tracker/install/ros_gz_interfaces/include/ros_gz_interfaces/ros_gz_interfaces/msg/detail/contact__type_support.cpp
[1.746s] -- Up-to-date: /home/jagdeesh/tracker/install/ros_gz_interfaces/include/ros_gz_interfaces/ros_gz_interfaces/msg/detail/entity__rosidl_typesupport_introspection_cpp.hpp
[1.746s] -- Up-to-date: /home/jagdeesh/tracker/install/ros_gz_interfaces/include/ros_gz_interfaces/ros_gz_interfaces/msg/detail/track_visual__rosidl_typesupport_introspection_cpp.hpp
[1.746s] -- Up-to-date: /home/jagdeesh/tracker/install/ros_gz_interfaces/include/ros_gz_interfaces/ros_gz_interfaces/msg/detail/sensor_noise__rosidl_typesupport_introspection_cpp.hpp
[1.746s] -- Up-to-date: /home/jagdeesh/tracker/install/ros_gz_interfaces/include/ros_gz_interfaces/ros_gz_interfaces/msg/detail/contacts__type_support.cpp
[1.746s] -- Up-to-date: /home/jagdeesh/tracker/install/ros_gz_interfaces/include/ros_gz_interfaces/ros_gz_interfaces/msg/detail/entity__type_support.cpp
[1.747s] -- Up-to-date: /home/jagdeesh/tracker/install/ros_gz_interfaces/include/ros_gz_interfaces/ros_gz_interfaces/msg/detail/float32_array__rosidl_typesupport_introspection_cpp.hpp
[1.747s] -- Up-to-date: /home/jagdeesh/tracker/install/ros_gz_interfaces/include/ros_gz_interfaces/ros_gz_interfaces/msg/detail/entity_factory__rosidl_typesupport_introspection_cpp.hpp
[1.747s] -- Up-to-date: /home/jagdeesh/tracker/install/ros_gz_interfaces/include/ros_gz_interfaces/ros_gz_interfaces/msg/detail/world_control__rosidl_typesupport_introspection_cpp.hpp
[1.747s] -- Up-to-date: /home/jagdeesh/tracker/install/ros_gz_interfaces/include/ros_gz_interfaces/ros_gz_interfaces/msg/detail/gui_camera__type_support.cpp
[1.747s] -- Up-to-date: /home/jagdeesh/tracker/install/ros_gz_interfaces/include/ros_gz_interfaces/ros_gz_interfaces/msg/detail/light__rosidl_typesupport_introspection_cpp.hpp
[1.747s] -- Up-to-date: /home/jagdeesh/tracker/install/ros_gz_interfaces/include/ros_gz_interfaces/ros_gz_interfaces/msg/detail/light__type_support.cpp
[1.747s] -- Up-to-date: /home/jagdeesh/tracker/install/ros_gz_interfaces/include/ros_gz_interfaces/ros_gz_interfaces/msg/detail/float32_array__type_support.cpp
[1.747s] -- Up-to-date: /home/jagdeesh/tracker/install/ros_gz_interfaces/include/ros_gz_interfaces/ros_gz_interfaces/msg/detail/param_vec__type_support.cpp
[1.747s] -- Up-to-date: /home/jagdeesh/tracker/install/ros_gz_interfaces/include/ros_gz_interfaces/ros_gz_interfaces/msg/detail/altimeter__rosidl_typesupport_introspection_cpp.hpp
[1.747s] -- Up-to-date: /home/jagdeesh/tracker/install/ros_gz_interfaces/include/ros_gz_interfaces/ros_gz_interfaces/msg/detail/joint_wrench__rosidl_typesupport_introspection_cpp.hpp
[1.747s] -- Up-to-date: /home/jagdeesh/tracker/install/ros_gz_interfaces/include/ros_gz_interfaces/ros_gz_interfaces/msg/detail/dataframe__rosidl_typesupport_introspection_cpp.hpp
[1.747s] -- Up-to-date: /home/jagdeesh/tracker/install/ros_gz_interfaces/include/ros_gz_interfaces/ros_gz_interfaces/msg/detail/world_control__type_support.cpp
[1.747s] -- Up-to-date: /home/jagdeesh/tracker/install/ros_gz_interfaces/include/ros_gz_interfaces/ros_gz_interfaces/msg/detail/entity_wrench__rosidl_typesupport_introspection_cpp.hpp
[1.747s] -- Up-to-date: /home/jagdeesh/tracker/install/ros_gz_interfaces/include/ros_gz_interfaces/ros_gz_interfaces/msg/detail/param_vec__rosidl_typesupport_introspection_cpp.hpp
[1.747s] -- Up-to-date: /home/jagdeesh/tracker/install/ros_gz_interfaces/include/ros_gz_interfaces/ros_gz_interfaces/msg/detail/world_reset__type_support.cpp
[1.748s] -- Up-to-date: /home/jagdeesh/tracker/install/ros_gz_interfaces/include/ros_gz_interfaces/ros_gz_interfaces/msg/detail/material_color__type_support.cpp
[1.748s] -- Up-to-date: /home/jagdeesh/tracker/install/ros_gz_interfaces/include/ros_gz_interfaces/ros_gz_interfaces/msg/detail/entity_wrench__type_support.cpp
[1.748s] -- Up-to-date: /home/jagdeesh/tracker/install/ros_gz_interfaces/include/ros_gz_interfaces/ros_gz_interfaces/msg/detail/altimeter__type_support.cpp
[1.748s] -- Up-to-date: /home/jagdeesh/tracker/install/ros_gz_interfaces/include/ros_gz_interfaces/ros_gz_interfaces/msg/detail/joint_wrench__type_support.cpp
[1.748s] -- Up-to-date: /home/jagdeesh/tracker/install/ros_gz_interfaces/include/ros_gz_interfaces/ros_gz_interfaces/msg/detail/video_record__type_support.cpp
[1.748s] -- Up-to-date: /home/jagdeesh/tracker/install/ros_gz_interfaces/include/ros_gz_interfaces/ros_gz_interfaces/msg/detail/dataframe__type_support.cpp
[1.749s] -- Up-to-date: /home/jagdeesh/tracker/install/ros_gz_interfaces/include/ros_gz_interfaces/ros_gz_interfaces/msg/detail/world_reset__rosidl_typesupport_introspection_cpp.hpp
[1.749s] -- Up-to-date: /home/jagdeesh/tracker/install/ros_gz_interfaces/lib/libros_gz_interfaces__rosidl_typesupport_introspection_cpp.so
[1.749s] -- Up-to-date: /home/jagdeesh/tracker/install/ros_gz_interfaces/lib/libros_gz_interfaces__rosidl_typesupport_cpp.so
[1.749s] -- Up-to-date: /home/jagdeesh/tracker/install/ros_gz_interfaces/share/ros_gz_interfaces/environment/pythonpath.sh
[1.749s] -- Up-to-date: /home/jagdeesh/tracker/install/ros_gz_interfaces/share/ros_gz_interfaces/environment/pythonpath.dsv
[1.749s] -- Up-to-date: /home/jagdeesh/tracker/install/ros_gz_interfaces/local/lib/python3.10/dist-packages/ros_gz_interfaces-0.244.20-py3.10.egg-info
[1.749s] -- Installing: /home/jagdeesh/tracker/install/ros_gz_interfaces/local/lib/python3.10/dist-packages/ros_gz_interfaces-0.244.20-py3.10.egg-info/SOURCES.txt
[1.749s] -- Installing: /home/jagdeesh/tracker/install/ros_gz_interfaces/local/lib/python3.10/dist-packages/ros_gz_interfaces-0.244.20-py3.10.egg-info/dependency_links.txt
[1.750s] -- Installing: /home/jagdeesh/tracker/install/ros_gz_interfaces/local/lib/python3.10/dist-packages/ros_gz_interfaces-0.244.20-py3.10.egg-info/top_level.txt
[1.750s] -- Installing: /home/jagdeesh/tracker/install/ros_gz_interfaces/local/lib/python3.10/dist-packages/ros_gz_interfaces-0.244.20-py3.10.egg-info/PKG-INFO
[1.750s] -- Up-to-date: /home/jagdeesh/tracker/install/ros_gz_interfaces/local/lib/python3.10/dist-packages/ros_gz_interfaces
[1.750s] -- Up-to-date: /home/jagdeesh/tracker/install/ros_gz_interfaces/local/lib/python3.10/dist-packages/ros_gz_interfaces/__init__.py
[1.750s] -- Up-to-date: /home/jagdeesh/tracker/install/ros_gz_interfaces/local/lib/python3.10/dist-packages/ros_gz_interfaces/_ros_gz_interfaces_s.ep.rosidl_typesupport_introspection_c.c
[1.750s] -- Up-to-date: /home/jagdeesh/tracker/install/ros_gz_interfaces/local/lib/python3.10/dist-packages/ros_gz_interfaces/libros_gz_interfaces__rosidl_generator_py.so
[1.750s] -- Up-to-date: /home/jagdeesh/tracker/install/ros_gz_interfaces/local/lib/python3.10/dist-packages/ros_gz_interfaces/_ros_gz_interfaces_s.ep.rosidl_typesupport_fastrtps_c.c
[1.750s] -- Up-to-date: /home/jagdeesh/tracker/install/ros_gz_interfaces/local/lib/python3.10/dist-packages/ros_gz_interfaces/ros_gz_interfaces_s__rosidl_typesupport_c.cpython-310-x86_64-linux-gnu.so
[1.750s] -- Up-to-date: /home/jagdeesh/tracker/install/ros_gz_interfaces/local/lib/python3.10/dist-packages/ros_gz_interfaces/srv
[1.750s] -- Up-to-date: /home/jagdeesh/tracker/install/ros_gz_interfaces/local/lib/python3.10/dist-packages/ros_gz_interfaces/srv/_control_world_s.c
[1.750s] -- Up-to-date: /home/jagdeesh/tracker/install/ros_gz_interfaces/local/lib/python3.10/dist-packages/ros_gz_interfaces/srv/__init__.py
[1.751s] -- Up-to-date: /home/jagdeesh/tracker/install/ros_gz_interfaces/local/lib/python3.10/dist-packages/ros_gz_interfaces/srv/_set_entity_pose.py
[1.751s] -- Up-to-date: /home/jagdeesh/tracker/install/ros_gz_interfaces/local/lib/python3.10/dist-packages/ros_gz_interfaces/srv/_delete_entity_s.c
[1.751s] -- Up-to-date: /home/jagdeesh/tracker/install/ros_gz_interfaces/local/lib/python3.10/dist-packages/ros_gz_interfaces/srv/_control_world.py
[1.751s] -- Up-to-date: /home/jagdeesh/tracker/install/ros_gz_interfaces/local/lib/python3.10/dist-packages/ros_gz_interfaces/srv/_spawn_entity.py
[1.751s] -- Up-to-date: /home/jagdeesh/tracker/install/ros_gz_interfaces/local/lib/python3.10/dist-packages/ros_gz_interfaces/srv/_set_entity_pose_s.c
[1.751s] -- Up-to-date: /home/jagdeesh/tracker/install/ros_gz_interfaces/local/lib/python3.10/dist-packages/ros_gz_interfaces/srv/_spawn_entity_s.c
[1.751s] -- Up-to-date: /home/jagdeesh/tracker/install/ros_gz_interfaces/local/lib/python3.10/dist-packages/ros_gz_interfaces/srv/_delete_entity.py
[1.751s] -- Up-to-date: /home/jagdeesh/tracker/install/ros_gz_interfaces/local/lib/python3.10/dist-packages/ros_gz_interfaces/msg
[1.751s] -- Up-to-date: /home/jagdeesh/tracker/install/ros_gz_interfaces/local/lib/python3.10/dist-packages/ros_gz_interfaces/msg/__init__.py
[1.751s] -- Up-to-date: /home/jagdeesh/tracker/install/ros_gz_interfaces/local/lib/python3.10/dist-packages/ros_gz_interfaces/msg/_gui_camera.py
[1.752s] -- Up-to-date: /home/jagdeesh/tracker/install/ros_gz_interfaces/local/lib/python3.10/dist-packages/ros_gz_interfaces/msg/_float32_array_s.c
[1.752s] -- Up-to-date: /home/jagdeesh/tracker/install/ros_gz_interfaces/local/lib/python3.10/dist-packages/ros_gz_interfaces/msg/_entity_wrench.py
[1.752s] -- Up-to-date: /home/jagdeesh/tracker/install/ros_gz_interfaces/local/lib/python3.10/dist-packages/ros_gz_interfaces/msg/_dataframe_s.c
[1.752s] -- Up-to-date: /home/jagdeesh/tracker/install/ros_gz_interfaces/local/lib/python3.10/dist-packages/ros_gz_interfaces/msg/_world_reset_s.c
[1.752s] -- Up-to-date: /home/jagdeesh/tracker/install/ros_gz_interfaces/local/lib/python3.10/dist-packages/ros_gz_interfaces/msg/_entity_s.c
[1.752s] -- Up-to-date: /home/jagdeesh/tracker/install/ros_gz_interfaces/local/lib/python3.10/dist-packages/ros_gz_interfaces/msg/_world_control.py
[1.752s] -- Up-to-date: /home/jagdeesh/tracker/install/ros_gz_interfaces/local/lib/python3.10/dist-packages/ros_gz_interfaces/msg/_joint_wrench.py
[1.752s] -- Up-to-date: /home/jagdeesh/tracker/install/ros_gz_interfaces/local/lib/python3.10/dist-packages/ros_gz_interfaces/msg/_sensor_noise_s.c
[1.752s] -- Up-to-date: /home/jagdeesh/tracker/install/ros_gz_interfaces/local/lib/python3.10/dist-packages/ros_gz_interfaces/msg/_entity_factory.py
[1.752s] -- Up-to-date: /home/jagdeesh/tracker/install/ros_gz_interfaces/local/lib/python3.10/dist-packages/ros_gz_interfaces/msg/_param_vec.py
[1.753s] -- Up-to-date: /home/jagdeesh/tracker/install/ros_gz_interfaces/local/lib/python3.10/dist-packages/ros_gz_interfaces/msg/_altimeter_s.c
[1.753s] -- Up-to-date: /home/jagdeesh/tracker/install/ros_gz_interfaces/local/lib/python3.10/dist-packages/ros_gz_interfaces/msg/_altimeter.py
[1.753s] -- Up-to-date: /home/jagdeesh/tracker/install/ros_gz_interfaces/local/lib/python3.10/dist-packages/ros_gz_interfaces/msg/_video_record.py
[1.754s] -- Up-to-date: /home/jagdeesh/tracker/install/ros_gz_interfaces/local/lib/python3.10/dist-packages/ros_gz_interfaces/msg/_contact.py
[1.754s] -- Up-to-date: /home/jagdeesh/tracker/install/ros_gz_interfaces/local/lib/python3.10/dist-packages/ros_gz_interfaces/msg/_dataframe.py
[1.754s] -- Up-to-date: /home/jagdeesh/tracker/install/ros_gz_interfaces/local/lib/python3.10/dist-packages/ros_gz_interfaces/msg/_material_color.py
[1.754s] -- Up-to-date: /home/jagdeesh/tracker/install/ros_gz_interfaces/local/lib/python3.10/dist-packages/ros_gz_interfaces/msg/_world_reset.py
[1.754s] -- Up-to-date: /home/jagdeesh/tracker/install/ros_gz_interfaces/local/lib/python3.10/dist-packages/ros_gz_interfaces/msg/_material_color_s.c
[1.754s] -- Up-to-date: /home/jagdeesh/tracker/install/ros_gz_interfaces/local/lib/python3.10/dist-packages/ros_gz_interfaces/msg/_light_s.c
[1.754s] -- Up-to-date: /home/jagdeesh/tracker/install/ros_gz_interfaces/local/lib/python3.10/dist-packages/ros_gz_interfaces/msg/_string_vec.py
[1.754s] -- Up-to-date: /home/jagdeesh/tracker/install/ros_gz_interfaces/local/lib/python3.10/dist-packages/ros_gz_interfaces/msg/_joint_wrench_s.c
[1.754s] -- Up-to-date: /home/jagdeesh/tracker/install/ros_gz_interfaces/local/lib/python3.10/dist-packages/ros_gz_interfaces/msg/_track_visual.py
[1.754s] -- Up-to-date: /home/jagdeesh/tracker/install/ros_gz_interfaces/local/lib/python3.10/dist-packages/ros_gz_interfaces/msg/_gui_camera_s.c
[1.754s] -- Up-to-date: /home/jagdeesh/tracker/install/ros_gz_interfaces/local/lib/python3.10/dist-packages/ros_gz_interfaces/msg/_video_record_s.c
[1.755s] -- Up-to-date: /home/jagdeesh/tracker/install/ros_gz_interfaces/local/lib/python3.10/dist-packages/ros_gz_interfaces/msg/_param_vec_s.c
[1.755s] -- Up-to-date: /home/jagdeesh/tracker/install/ros_gz_interfaces/local/lib/python3.10/dist-packages/ros_gz_interfaces/msg/_track_visual_s.c
[1.755s] -- Up-to-date: /home/jagdeesh/tracker/install/ros_gz_interfaces/local/lib/python3.10/dist-packages/ros_gz_interfaces/msg/_entity_factory_s.c
[1.755s] -- Up-to-date: /home/jagdeesh/tracker/install/ros_gz_interfaces/local/lib/python3.10/dist-packages/ros_gz_interfaces/msg/_world_control_s.c
[1.755s] -- Up-to-date: /home/jagdeesh/tracker/install/ros_gz_interfaces/local/lib/python3.10/dist-packages/ros_gz_interfaces/msg/_entity.py
[1.755s] -- Up-to-date: /home/jagdeesh/tracker/install/ros_gz_interfaces/local/lib/python3.10/dist-packages/ros_gz_interfaces/msg/_contact_s.c
[1.755s] -- Up-to-date: /home/jagdeesh/tracker/install/ros_gz_interfaces/local/lib/python3.10/dist-packages/ros_gz_interfaces/msg/_light.py
[1.755s] -- Up-to-date: /home/jagdeesh/tracker/install/ros_gz_interfaces/local/lib/python3.10/dist-packages/ros_gz_interfaces/msg/_contacts_s.c
[1.755s] -- Up-to-date: /home/jagdeesh/tracker/install/ros_gz_interfaces/local/lib/python3.10/dist-packages/ros_gz_interfaces/msg/_entity_wrench_s.c
[1.755s] -- Up-to-date: /home/jagdeesh/tracker/install/ros_gz_interfaces/local/lib/python3.10/dist-packages/ros_gz_interfaces/msg/_contacts.py
[1.756s] -- Up-to-date: /home/jagdeesh/tracker/install/ros_gz_interfaces/local/lib/python3.10/dist-packages/ros_gz_interfaces/msg/_string_vec_s.c
[1.756s] -- Up-to-date: /home/jagdeesh/tracker/install/ros_gz_interfaces/local/lib/python3.10/dist-packages/ros_gz_interfaces/msg/_float32_array.py
[1.756s] -- Up-to-date: /home/jagdeesh/tracker/install/ros_gz_interfaces/local/lib/python3.10/dist-packages/ros_gz_interfaces/msg/_sensor_noise.py
[1.756s] -- Up-to-date: /home/jagdeesh/tracker/install/ros_gz_interfaces/local/lib/python3.10/dist-packages/ros_gz_interfaces/_ros_gz_interfaces_s.ep.rosidl_typesupport_c.c
[1.756s] -- Up-to-date: /home/jagdeesh/tracker/install/ros_gz_interfaces/local/lib/python3.10/dist-packages/ros_gz_interfaces/ros_gz_interfaces_s__rosidl_typesupport_fastrtps_c.cpython-310-x86_64-linux-gnu.so
[1.756s] -- Up-to-date: /home/jagdeesh/tracker/install/ros_gz_interfaces/local/lib/python3.10/dist-packages/ros_gz_interfaces/ros_gz_interfaces_s__rosidl_typesupport_introspection_c.cpython-310-x86_64-linux-gnu.so
[1.780s] Listing '/home/jagdeesh/tracker/install/ros_gz_interfaces/local/lib/python3.10/dist-packages/ros_gz_interfaces'...
[1.780s] Listing '/home/jagdeesh/tracker/install/ros_gz_interfaces/local/lib/python3.10/dist-packages/ros_gz_interfaces/msg'...
[1.780s] Listing '/home/jagdeesh/tracker/install/ros_gz_interfaces/local/lib/python3.10/dist-packages/ros_gz_interfaces/srv'...
[1.788s] -- Up-to-date: /home/jagdeesh/tracker/install/ros_gz_interfaces/local/lib/python3.10/dist-packages/ros_gz_interfaces/ros_gz_interfaces_s__rosidl_typesupport_fastrtps_c.cpython-310-x86_64-linux-gnu.so
[1.790s] -- Up-to-date: /home/jagdeesh/tracker/install/ros_gz_interfaces/local/lib/python3.10/dist-packages/ros_gz_interfaces/ros_gz_interfaces_s__rosidl_typesupport_introspection_c.cpython-310-x86_64-linux-gnu.so
[1.791s] -- Up-to-date: /home/jagdeesh/tracker/install/ros_gz_interfaces/local/lib/python3.10/dist-packages/ros_gz_interfaces/ros_gz_interfaces_s__rosidl_typesupport_c.cpython-310-x86_64-linux-gnu.so
[1.791s] -- Up-to-date: /home/jagdeesh/tracker/install/ros_gz_interfaces/lib/libros_gz_interfaces__rosidl_generator_py.so
[1.792s] -- Up-to-date: /home/jagdeesh/tracker/install/ros_gz_interfaces/share/ament_index/resource_index/rust_packages/ros_gz_interfaces
[1.792s] -- Up-to-date: /home/jagdeesh/tracker/install/ros_gz_interfaces/share/ros_gz_interfaces/rust
[1.792s] -- Up-to-date: /home/jagdeesh/tracker/install/ros_gz_interfaces/share/ros_gz_interfaces/rust/src
[1.792s] -- Up-to-date: /home/jagdeesh/tracker/install/ros_gz_interfaces/share/ros_gz_interfaces/rust/src/srv.rs
[1.793s] -- Up-to-date: /home/jagdeesh/tracker/install/ros_gz_interfaces/share/ros_gz_interfaces/rust/src/srv
[1.793s] -- Up-to-date: /home/jagdeesh/tracker/install/ros_gz_interfaces/share/ros_gz_interfaces/rust/src/srv/rmw.rs
[1.794s] -- Up-to-date: /home/jagdeesh/tracker/install/ros_gz_interfaces/share/ros_gz_interfaces/rust/src/lib.rs
[1.794s] -- Up-to-date: /home/jagdeesh/tracker/install/ros_gz_interfaces/share/ros_gz_interfaces/rust/src/msg
[1.794s] -- Up-to-date: /home/jagdeesh/tracker/install/ros_gz_interfaces/share/ros_gz_interfaces/rust/src/msg/rmw.rs
[1.794s] -- Up-to-date: /home/jagdeesh/tracker/install/ros_gz_interfaces/share/ros_gz_interfaces/rust/src/msg.rs
[1.795s] -- Up-to-date: /home/jagdeesh/tracker/install/ros_gz_interfaces/share/ros_gz_interfaces/rust/Cargo.toml
[1.795s] -- Up-to-date: /home/jagdeesh/tracker/install/ros_gz_interfaces/share/ros_gz_interfaces/rust/build.rs
[1.796s] -- Up-to-date: /home/jagdeesh/tracker/install/ros_gz_interfaces/share/ros_gz_interfaces/msg/Altimeter.idl
[1.796s] -- Up-to-date: /home/jagdeesh/tracker/install/ros_gz_interfaces/share/ros_gz_interfaces/msg/Contact.idl
[1.796s] -- Up-to-date: /home/jagdeesh/tracker/install/ros_gz_interfaces/share/ros_gz_interfaces/msg/Contacts.idl
[1.796s] -- Up-to-date: /home/jagdeesh/tracker/install/ros_gz_interfaces/share/ros_gz_interfaces/msg/Dataframe.idl
[1.797s] -- Up-to-date: /home/jagdeesh/tracker/install/ros_gz_interfaces/share/ros_gz_interfaces/msg/Entity.idl
[1.797s] -- Up-to-date: /home/jagdeesh/tracker/install/ros_gz_interfaces/share/ros_gz_interfaces/msg/EntityFactory.idl
[1.797s] -- Up-to-date: /home/jagdeesh/tracker/install/ros_gz_interfaces/share/ros_gz_interfaces/msg/EntityWrench.idl
[1.798s] -- Up-to-date: /home/jagdeesh/tracker/install/ros_gz_interfaces/share/ros_gz_interfaces/msg/Float32Array.idl
[1.798s] -- Up-to-date: /home/jagdeesh/tracker/install/ros_gz_interfaces/share/ros_gz_interfaces/msg/GuiCamera.idl
[1.798s] -- Up-to-date: /home/jagdeesh/tracker/install/ros_gz_interfaces/share/ros_gz_interfaces/msg/JointWrench.idl
[1.799s] -- Up-to-date: /home/jagdeesh/tracker/install/ros_gz_interfaces/share/ros_gz_interfaces/msg/Light.idl
[1.799s] -- Up-to-date: /home/jagdeesh/tracker/install/ros_gz_interfaces/share/ros_gz_interfaces/msg/MaterialColor.idl
[1.799s] -- Up-to-date: /home/jagdeesh/tracker/install/ros_gz_interfaces/share/ros_gz_interfaces/msg/ParamVec.idl
[1.799s] -- Up-to-date: /home/jagdeesh/tracker/install/ros_gz_interfaces/share/ros_gz_interfaces/msg/SensorNoise.idl
[1.799s] -- Up-to-date: /home/jagdeesh/tracker/install/ros_gz_interfaces/share/ros_gz_interfaces/msg/StringVec.idl
[1.799s] -- Up-to-date: /home/jagdeesh/tracker/install/ros_gz_interfaces/share/ros_gz_interfaces/msg/TrackVisual.idl
[1.799s] -- Up-to-date: /home/jagdeesh/tracker/install/ros_gz_interfaces/share/ros_gz_interfaces/msg/VideoRecord.idl
[1.800s] -- Up-to-date: /home/jagdeesh/tracker/install/ros_gz_interfaces/share/ros_gz_interfaces/msg/WorldControl.idl
[1.800s] -- Up-to-date: /home/jagdeesh/tracker/install/ros_gz_interfaces/share/ros_gz_interfaces/msg/WorldReset.idl
[1.800s] -- Up-to-date: /home/jagdeesh/tracker/install/ros_gz_interfaces/share/ros_gz_interfaces/srv/ControlWorld.idl
[1.800s] -- Up-to-date: /home/jagdeesh/tracker/install/ros_gz_interfaces/share/ros_gz_interfaces/srv/DeleteEntity.idl
[1.801s] -- Up-to-date: /home/jagdeesh/tracker/install/ros_gz_interfaces/share/ros_gz_interfaces/srv/SetEntityPose.idl
[1.801s] -- Up-to-date: /home/jagdeesh/tracker/install/ros_gz_interfaces/share/ros_gz_interfaces/srv/SpawnEntity.idl
[1.801s] -- Up-to-date: /home/jagdeesh/tracker/install/ros_gz_interfaces/share/ros_gz_interfaces/msg/Altimeter.msg
[1.801s] -- Up-to-date: /home/jagdeesh/tracker/install/ros_gz_interfaces/share/ros_gz_interfaces/msg/Contact.msg
[1.802s] -- Up-to-date: /home/jagdeesh/tracker/install/ros_gz_interfaces/share/ros_gz_interfaces/msg/Contacts.msg
[1.802s] -- Up-to-date: /home/jagdeesh/tracker/install/ros_gz_interfaces/share/ros_gz_interfaces/msg/Dataframe.msg
[1.802s] -- Up-to-date: /home/jagdeesh/tracker/install/ros_gz_interfaces/share/ros_gz_interfaces/msg/Entity.msg
[1.802s] -- Up-to-date: /home/jagdeesh/tracker/install/ros_gz_interfaces/share/ros_gz_interfaces/msg/EntityFactory.msg
[1.802s] -- Up-to-date: /home/jagdeesh/tracker/install/ros_gz_interfaces/share/ros_gz_interfaces/msg/EntityWrench.msg
[1.802s] -- Up-to-date: /home/jagdeesh/tracker/install/ros_gz_interfaces/share/ros_gz_interfaces/msg/Float32Array.msg
[1.802s] -- Up-to-date: /home/jagdeesh/tracker/install/ros_gz_interfaces/share/ros_gz_interfaces/msg/GuiCamera.msg
[1.803s] -- Up-to-date: /home/jagdeesh/tracker/install/ros_gz_interfaces/share/ros_gz_interfaces/msg/JointWrench.msg
[1.803s] -- Up-to-date: /home/jagdeesh/tracker/install/ros_gz_interfaces/share/ros_gz_interfaces/msg/Light.msg
[1.803s] -- Up-to-date: /home/jagdeesh/tracker/install/ros_gz_interfaces/share/ros_gz_interfaces/msg/MaterialColor.msg
[1.803s] -- Up-to-date: /home/jagdeesh/tracker/install/ros_gz_interfaces/share/ros_gz_interfaces/msg/ParamVec.msg
[1.803s] -- Up-to-date: /home/jagdeesh/tracker/install/ros_gz_interfaces/share/ros_gz_interfaces/msg/SensorNoise.msg
[1.803s] -- Up-to-date: /home/jagdeesh/tracker/install/ros_gz_interfaces/share/ros_gz_interfaces/msg/StringVec.msg
[1.803s] -- Up-to-date: /home/jagdeesh/tracker/install/ros_gz_interfaces/share/ros_gz_interfaces/msg/TrackVisual.msg
[1.803s] -- Up-to-date: /home/jagdeesh/tracker/install/ros_gz_interfaces/share/ros_gz_interfaces/msg/VideoRecord.msg
[1.803s] -- Up-to-date: /home/jagdeesh/tracker/install/ros_gz_interfaces/share/ros_gz_interfaces/msg/WorldControl.msg
[1.803s] -- Up-to-date: /home/jagdeesh/tracker/install/ros_gz_interfaces/share/ros_gz_interfaces/msg/WorldReset.msg
[1.804s] -- Up-to-date: /home/jagdeesh/tracker/install/ros_gz_interfaces/share/ros_gz_interfaces/srv/ControlWorld.srv
[1.804s] -- Up-to-date: /home/jagdeesh/tracker/install/ros_gz_interfaces/share/ros_gz_interfaces/srv/ControlWorld_Request.msg
[1.804s] -- Up-to-date: /home/jagdeesh/tracker/install/ros_gz_interfaces/share/ros_gz_interfaces/srv/ControlWorld_Response.msg
[1.804s] -- Up-to-date: /home/jagdeesh/tracker/install/ros_gz_interfaces/share/ros_gz_interfaces/srv/DeleteEntity.srv
[1.804s] -- Up-to-date: /home/jagdeesh/tracker/install/ros_gz_interfaces/share/ros_gz_interfaces/srv/DeleteEntity_Request.msg
[1.804s] -- Up-to-date: /home/jagdeesh/tracker/install/ros_gz_interfaces/share/ros_gz_interfaces/srv/DeleteEntity_Response.msg
[1.804s] -- Up-to-date: /home/jagdeesh/tracker/install/ros_gz_interfaces/share/ros_gz_interfaces/srv/SetEntityPose.srv
[1.805s] -- Up-to-date: /home/jagdeesh/tracker/install/ros_gz_interfaces/share/ros_gz_interfaces/srv/SetEntityPose_Request.msg
[1.805s] -- Up-to-date: /home/jagdeesh/tracker/install/ros_gz_interfaces/share/ros_gz_interfaces/srv/SetEntityPose_Response.msg
[1.805s] -- Up-to-date: /home/jagdeesh/tracker/install/ros_gz_interfaces/share/ros_gz_interfaces/srv/SpawnEntity.srv
[1.805s] -- Up-to-date: /home/jagdeesh/tracker/install/ros_gz_interfaces/share/ros_gz_interfaces/srv/SpawnEntity_Request.msg
[1.805s] -- Up-to-date: /home/jagdeesh/tracker/install/ros_gz_interfaces/share/ros_gz_interfaces/srv/SpawnEntity_Response.msg
[1.805s] -- Up-to-date: /home/jagdeesh/tracker/install/ros_gz_interfaces/share/ament_index/resource_index/package_run_dependencies/ros_gz_interfaces
[1.805s] -- Up-to-date: /home/jagdeesh/tracker/install/ros_gz_interfaces/share/ament_index/resource_index/parent_prefix_path/ros_gz_interfaces
[1.805s] -- Up-to-date: /home/jagdeesh/tracker/install/ros_gz_interfaces/share/ros_gz_interfaces/environment/ament_prefix_path.sh
[1.805s] -- Up-to-date: /home/jagdeesh/tracker/install/ros_gz_interfaces/share/ros_gz_interfaces/environment/ament_prefix_path.dsv
[1.805s] -- Up-to-date: /home/jagdeesh/tracker/install/ros_gz_interfaces/share/ros_gz_interfaces/environment/path.sh
[1.806s] -- Up-to-date: /home/jagdeesh/tracker/install/ros_gz_interfaces/share/ros_gz_interfaces/environment/path.dsv
[1.806s] -- Up-to-date: /home/jagdeesh/tracker/install/ros_gz_interfaces/share/ros_gz_interfaces/local_setup.bash
[1.806s] -- Up-to-date: /home/jagdeesh/tracker/install/ros_gz_interfaces/share/ros_gz_interfaces/local_setup.sh
[1.807s] -- Up-to-date: /home/jagdeesh/tracker/install/ros_gz_interfaces/share/ros_gz_interfaces/local_setup.zsh
[1.807s] -- Up-to-date: /home/jagdeesh/tracker/install/ros_gz_interfaces/share/ros_gz_interfaces/local_setup.dsv
[1.807s] -- Installing: /home/jagdeesh/tracker/install/ros_gz_interfaces/share/ros_gz_interfaces/package.dsv
[1.808s] -- Up-to-date: /home/jagdeesh/tracker/install/ros_gz_interfaces/share/ament_index/resource_index/packages/ros_gz_interfaces
[1.808s] -- Up-to-date: /home/jagdeesh/tracker/install/ros_gz_interfaces/share/ros_gz_interfaces/cmake/export_ros_gz_interfaces__rosidl_generator_cExport.cmake
[1.808s] -- Up-to-date: /home/jagdeesh/tracker/install/ros_gz_interfaces/share/ros_gz_interfaces/cmake/export_ros_gz_interfaces__rosidl_generator_cExport-release.cmake
[1.808s] -- Up-to-date: /home/jagdeesh/tracker/install/ros_gz_interfaces/share/ros_gz_interfaces/cmake/export_ros_gz_interfaces__rosidl_typesupport_fastrtps_cExport.cmake
[1.809s] -- Up-to-date: /home/jagdeesh/tracker/install/ros_gz_interfaces/share/ros_gz_interfaces/cmake/export_ros_gz_interfaces__rosidl_typesupport_fastrtps_cExport-release.cmake
[1.809s] -- Up-to-date: /home/jagdeesh/tracker/install/ros_gz_interfaces/share/ros_gz_interfaces/cmake/export_ros_gz_interfaces__rosidl_generator_cppExport.cmake
[1.809s] -- Up-to-date: /home/jagdeesh/tracker/install/ros_gz_interfaces/share/ros_gz_interfaces/cmake/export_ros_gz_interfaces__rosidl_typesupport_fastrtps_cppExport.cmake
[1.809s] -- Up-to-date: /home/jagdeesh/tracker/install/ros_gz_interfaces/share/ros_gz_interfaces/cmake/export_ros_gz_interfaces__rosidl_typesupport_fastrtps_cppExport-release.cmake
[1.809s] -- Up-to-date: /home/jagdeesh/tracker/install/ros_gz_interfaces/share/ros_gz_interfaces/cmake/ros_gz_interfaces__rosidl_typesupport_introspection_cExport.cmake
[1.809s] -- Up-to-date: /home/jagdeesh/tracker/install/ros_gz_interfaces/share/ros_gz_interfaces/cmake/ros_gz_interfaces__rosidl_typesupport_introspection_cExport-release.cmake
[1.810s] -- Up-to-date: /home/jagdeesh/tracker/install/ros_gz_interfaces/share/ros_gz_interfaces/cmake/ros_gz_interfaces__rosidl_typesupport_cExport.cmake
[1.810s] -- Up-to-date: /home/jagdeesh/tracker/install/ros_gz_interfaces/share/ros_gz_interfaces/cmake/ros_gz_interfaces__rosidl_typesupport_cExport-release.cmake
[1.810s] -- Up-to-date: /home/jagdeesh/tracker/install/ros_gz_interfaces/share/ros_gz_interfaces/cmake/ros_gz_interfaces__rosidl_typesupport_introspection_cppExport.cmake
[1.810s] -- Up-to-date: /home/jagdeesh/tracker/install/ros_gz_interfaces/share/ros_gz_interfaces/cmake/ros_gz_interfaces__rosidl_typesupport_introspection_cppExport-release.cmake
[1.811s] -- Up-to-date: /home/jagdeesh/tracker/install/ros_gz_interfaces/share/ros_gz_interfaces/cmake/ros_gz_interfaces__rosidl_typesupport_cppExport.cmake
[1.811s] -- Up-to-date: /home/jagdeesh/tracker/install/ros_gz_interfaces/share/ros_gz_interfaces/cmake/ros_gz_interfaces__rosidl_typesupport_cppExport-release.cmake
[1.811s] -- Up-to-date: /home/jagdeesh/tracker/install/ros_gz_interfaces/share/ros_gz_interfaces/cmake/export_ros_gz_interfaces__rosidl_generator_pyExport.cmake
[1.811s] -- Up-to-date: /home/jagdeesh/tracker/install/ros_gz_interfaces/share/ros_gz_interfaces/cmake/export_ros_gz_interfaces__rosidl_generator_pyExport-release.cmake
[1.811s] -- Up-to-date: /home/jagdeesh/tracker/install/ros_gz_interfaces/share/ros_gz_interfaces/cmake/rosidl_cmake-extras.cmake
[1.811s] -- Up-to-date: /home/jagdeesh/tracker/install/ros_gz_interfaces/share/ros_gz_interfaces/cmake/ament_cmake_export_dependencies-extras.cmake
[1.812s] -- Up-to-date: /home/jagdeesh/tracker/install/ros_gz_interfaces/share/ros_gz_interfaces/cmake/ament_cmake_export_include_directories-extras.cmake
[1.812s] -- Up-to-date: /home/jagdeesh/tracker/install/ros_gz_interfaces/share/ros_gz_interfaces/cmake/ament_cmake_export_libraries-extras.cmake
[1.812s] -- Up-to-date: /home/jagdeesh/tracker/install/ros_gz_interfaces/share/ros_gz_interfaces/cmake/ament_cmake_export_targets-extras.cmake
[1.812s] -- Up-to-date: /home/jagdeesh/tracker/install/ros_gz_interfaces/share/ros_gz_interfaces/cmake/rosidl_cmake_export_typesupport_targets-extras.cmake
[1.812s] -- Up-to-date: /home/jagdeesh/tracker/install/ros_gz_interfaces/share/ros_gz_interfaces/cmake/rosidl_cmake_export_typesupport_libraries-extras.cmake
[1.812s] -- Up-to-date: /home/jagdeesh/tracker/install/ros_gz_interfaces/share/ros_gz_interfaces/cmake/ros_gz_interfacesConfig.cmake
[1.812s] -- Up-to-date: /home/jagdeesh/tracker/install/ros_gz_interfaces/share/ros_gz_interfaces/cmake/ros_gz_interfacesConfig-version.cmake
[1.812s] -- Up-to-date: /home/jagdeesh/tracker/install/ros_gz_interfaces/share/ros_gz_interfaces/package.xml
[1.816s] Invoked command in '/home/jagdeesh/tracker/build/ros_gz_interfaces' returned '0': CMAKE_PREFIX_PATH=/opt/ros/humble /usr/bin/cmake --install /home/jagdeesh/tracker/build/ros_gz_interfaces
