[0.000000] (-) TimerEvent: {}
[0.000127] (cv_bridge) JobQueued: {'identifier': 'cv_bridge', 'dependencies': OrderedDict()}
[0.000169] (image_geometry) JobQueued: {'identifier': 'image_geometry', 'dependencies': OrderedDict()}
[0.000197] (px4_msgs) JobQueued: {'identifier': 'px4_msgs', 'dependencies': OrderedDict()}
[0.000262] (ros_gz_interfaces) JobQueued: {'identifier': 'ros_gz_interfaces', 'dependencies': OrderedDict()}
[0.000281] (ros_gz_sim) JobQueued: {'identifier': 'ros_gz_sim', 'dependencies': OrderedDict()}
[0.000297] (aruco_tracker) JobQueued: {'identifier': 'aruco_tracker', 'dependencies': OrderedDict([('cv_bridge', '/home/jagdeesh/tracker/install/cv_bridge'), ('px4_msgs', '/home/jagdeesh/tracker/install/px4_msgs')])}
[0.000318] (opencv_tests) JobQueued: {'identifier': 'opencv_tests', 'dependencies': OrderedDict([('cv_bridge', '/home/jagdeesh/tracker/install/cv_bridge')])}
[0.000335] (px4_ros2_cpp) JobQueued: {'identifier': 'px4_ros2_cpp', 'dependencies': OrderedDict([('px4_msgs', '/home/jagdeesh/tracker/install/px4_msgs')])}
[0.000353] (ros_gz_bridge) JobQueued: {'identifier': 'ros_gz_bridge', 'dependencies': OrderedDict([('ros_gz_interfaces', '/home/jagdeesh/tracker/install/ros_gz_interfaces')])}
[0.000371] (ros_ign_gazebo) JobQueued: {'identifier': 'ros_ign_gazebo', 'dependencies': OrderedDict([('ros_gz_sim', '/home/jagdeesh/tracker/install/ros_gz_sim')])}
[0.000390] (ros_ign_interfaces) JobQueued: {'identifier': 'ros_ign_interfaces', 'dependencies': OrderedDict([('ros_gz_interfaces', '/home/jagdeesh/tracker/install/ros_gz_interfaces')])}
[0.000409] (vision_opencv) JobQueued: {'identifier': 'vision_opencv', 'dependencies': OrderedDict([('cv_bridge', '/home/jagdeesh/tracker/install/cv_bridge'), ('image_geometry', '/home/jagdeesh/tracker/install/image_geometry')])}
[0.000433] (example_executor_with_multiple_modes_cpp) JobQueued: {'identifier': 'example_executor_with_multiple_modes_cpp', 'dependencies': OrderedDict([('px4_msgs', '/home/jagdeesh/tracker/install/px4_msgs'), ('px4_ros2_cpp', '/home/jagdeesh/tracker/install/px4_ros2_cpp')])}
[0.000453] (example_global_navigation_cpp) JobQueued: {'identifier': 'example_global_navigation_cpp', 'dependencies': OrderedDict([('px4_msgs', '/home/jagdeesh/tracker/install/px4_msgs'), ('px4_ros2_cpp', '/home/jagdeesh/tracker/install/px4_ros2_cpp')])}
[0.000472] (example_local_navigation_cpp) JobQueued: {'identifier': 'example_local_navigation_cpp', 'dependencies': OrderedDict([('px4_msgs', '/home/jagdeesh/tracker/install/px4_msgs'), ('px4_ros2_cpp', '/home/jagdeesh/tracker/install/px4_ros2_cpp')])}
[0.000491] (example_mode_fw_attitude_cpp) JobQueued: {'identifier': 'example_mode_fw_attitude_cpp', 'dependencies': OrderedDict([('px4_msgs', '/home/jagdeesh/tracker/install/px4_msgs'), ('px4_ros2_cpp', '/home/jagdeesh/tracker/install/px4_ros2_cpp')])}
[0.000510] (example_mode_goto_cpp) JobQueued: {'identifier': 'example_mode_goto_cpp', 'dependencies': OrderedDict([('px4_msgs', '/home/jagdeesh/tracker/install/px4_msgs'), ('px4_ros2_cpp', '/home/jagdeesh/tracker/install/px4_ros2_cpp')])}
[0.000528] (example_mode_goto_global_cpp) JobQueued: {'identifier': 'example_mode_goto_global_cpp', 'dependencies': OrderedDict([('px4_msgs', '/home/jagdeesh/tracker/install/px4_msgs'), ('px4_ros2_cpp', '/home/jagdeesh/tracker/install/px4_ros2_cpp')])}
[0.000547] (example_mode_manual_cpp) JobQueued: {'identifier': 'example_mode_manual_cpp', 'dependencies': OrderedDict([('px4_msgs', '/home/jagdeesh/tracker/install/px4_msgs'), ('px4_ros2_cpp', '/home/jagdeesh/tracker/install/px4_ros2_cpp')])}
[0.000569] (example_mode_mission_cpp) JobQueued: {'identifier': 'example_mode_mission_cpp', 'dependencies': OrderedDict([('px4_msgs', '/home/jagdeesh/tracker/install/px4_msgs'), ('px4_ros2_cpp', '/home/jagdeesh/tracker/install/px4_ros2_cpp')])}
[0.000588] (example_mode_rtl_replacement_cpp) JobQueued: {'identifier': 'example_mode_rtl_replacement_cpp', 'dependencies': OrderedDict([('px4_msgs', '/home/jagdeesh/tracker/install/px4_msgs'), ('px4_ros2_cpp', '/home/jagdeesh/tracker/install/px4_ros2_cpp')])}
[0.000607] (example_mode_vtol_cpp) JobQueued: {'identifier': 'example_mode_vtol_cpp', 'dependencies': OrderedDict([('px4_msgs', '/home/jagdeesh/tracker/install/px4_msgs'), ('px4_ros2_cpp', '/home/jagdeesh/tracker/install/px4_ros2_cpp')])}
[0.000636] (example_mode_with_executor_cpp) JobQueued: {'identifier': 'example_mode_with_executor_cpp', 'dependencies': OrderedDict([('px4_msgs', '/home/jagdeesh/tracker/install/px4_msgs'), ('px4_ros2_cpp', '/home/jagdeesh/tracker/install/px4_ros2_cpp')])}
[0.000656] (example_rover_velocity_mode_cpp) JobQueued: {'identifier': 'example_rover_velocity_mode_cpp', 'dependencies': OrderedDict([('px4_msgs', '/home/jagdeesh/tracker/install/px4_msgs'), ('px4_ros2_cpp', '/home/jagdeesh/tracker/install/px4_ros2_cpp')])}
[0.000674] (precision_land) JobQueued: {'identifier': 'precision_land', 'dependencies': OrderedDict([('px4_msgs', '/home/jagdeesh/tracker/install/px4_msgs'), ('px4_ros2_cpp', '/home/jagdeesh/tracker/install/px4_ros2_cpp')])}
[0.000691] (ros_gz_image) JobQueued: {'identifier': 'ros_gz_image', 'dependencies': OrderedDict([('ros_gz_interfaces', '/home/jagdeesh/tracker/install/ros_gz_interfaces'), ('ros_gz_bridge', '/home/jagdeesh/tracker/install/ros_gz_bridge')])}
[0.000709] (ros_ign_bridge) JobQueued: {'identifier': 'ros_ign_bridge', 'dependencies': OrderedDict([('ros_gz_interfaces', '/home/jagdeesh/tracker/install/ros_gz_interfaces'), ('ros_gz_bridge', '/home/jagdeesh/tracker/install/ros_gz_bridge')])}
[0.000730] (test_ros_gz_bridge) JobQueued: {'identifier': 'test_ros_gz_bridge', 'dependencies': OrderedDict([('ros_gz_interfaces', '/home/jagdeesh/tracker/install/ros_gz_interfaces'), ('ros_gz_bridge', '/home/jagdeesh/tracker/install/ros_gz_bridge')])}
[0.000748] (ros_gz_sim_demos) JobQueued: {'identifier': 'ros_gz_sim_demos', 'dependencies': OrderedDict([('ros_gz_interfaces', '/home/jagdeesh/tracker/install/ros_gz_interfaces'), ('ros_gz_sim', '/home/jagdeesh/tracker/install/ros_gz_sim'), ('ros_gz_bridge', '/home/jagdeesh/tracker/install/ros_gz_bridge'), ('ros_gz_image', '/home/jagdeesh/tracker/install/ros_gz_image')])}
[0.000821] (ros_ign_image) JobQueued: {'identifier': 'ros_ign_image', 'dependencies': OrderedDict([('ros_gz_interfaces', '/home/jagdeesh/tracker/install/ros_gz_interfaces'), ('ros_gz_bridge', '/home/jagdeesh/tracker/install/ros_gz_bridge'), ('ros_gz_image', '/home/jagdeesh/tracker/install/ros_gz_image')])}
[0.000843] (ros_gz) JobQueued: {'identifier': 'ros_gz', 'dependencies': OrderedDict([('ros_gz_interfaces', '/home/jagdeesh/tracker/install/ros_gz_interfaces'), ('ros_gz_sim', '/home/jagdeesh/tracker/install/ros_gz_sim'), ('ros_gz_bridge', '/home/jagdeesh/tracker/install/ros_gz_bridge'), ('ros_gz_image', '/home/jagdeesh/tracker/install/ros_gz_image'), ('ros_gz_sim_demos', '/home/jagdeesh/tracker/install/ros_gz_sim_demos')])}
[0.000865] (ros_ign_gazebo_demos) JobQueued: {'identifier': 'ros_ign_gazebo_demos', 'dependencies': OrderedDict([('ros_gz_interfaces', '/home/jagdeesh/tracker/install/ros_gz_interfaces'), ('ros_gz_sim', '/home/jagdeesh/tracker/install/ros_gz_sim'), ('ros_gz_bridge', '/home/jagdeesh/tracker/install/ros_gz_bridge'), ('ros_gz_image', '/home/jagdeesh/tracker/install/ros_gz_image'), ('ros_gz_sim_demos', '/home/jagdeesh/tracker/install/ros_gz_sim_demos')])}
[0.000886] (ros_ign) JobQueued: {'identifier': 'ros_ign', 'dependencies': OrderedDict([('ros_gz_interfaces', '/home/jagdeesh/tracker/install/ros_gz_interfaces'), ('ros_gz_sim', '/home/jagdeesh/tracker/install/ros_gz_sim'), ('ros_gz_bridge', '/home/jagdeesh/tracker/install/ros_gz_bridge'), ('ros_ign_gazebo', '/home/jagdeesh/tracker/install/ros_ign_gazebo'), ('ros_gz_image', '/home/jagdeesh/tracker/install/ros_gz_image'), ('ros_ign_bridge', '/home/jagdeesh/tracker/install/ros_ign_bridge'), ('ros_gz_sim_demos', '/home/jagdeesh/tracker/install/ros_gz_sim_demos'), ('ros_ign_image', '/home/jagdeesh/tracker/install/ros_ign_image'), ('ros_gz', '/home/jagdeesh/tracker/install/ros_gz'), ('ros_ign_gazebo_demos', '/home/jagdeesh/tracker/install/ros_ign_gazebo_demos')])}
[0.000913] (px4_msgs) JobStarted: {'identifier': 'px4_msgs'}
[0.004118] (ros_gz_interfaces) JobStarted: {'identifier': 'ros_gz_interfaces'}
[0.005784] (px4_msgs) JobProgress: {'identifier': 'px4_msgs', 'progress': 'cmake'}
[0.006102] (px4_msgs) Command: {'cmd': ['/usr/bin/cmake', '/home/jagdeesh/tracker/src/px4_msgs', '-DCMAKE_BUILD_TYPE=Release', '-DCMAKE_INSTALL_PREFIX=/home/jagdeesh/tracker/install/px4_msgs'], 'cwd': '/home/jagdeesh/tracker/build/px4_msgs', 'env': OrderedDict([('VSCODE_CWD', '/home/jagdeesh'), ('GJS_DEBUG_TOPICS', 'JS ERROR;JS LOG'), ('VSCODE_NLS_CONFIG', '{"userLocale":"en-gb","osLocale":"en-in","resolvedLanguage":"en","defaultMessagesFile":"/usr/share/antigravity/resources/app/out/nls.messages.json","locale":"en-gb","availableLanguages":{}}'), ('LANGUAGE', 'en_IN:en'), ('USER', 'jagdeesh'), ('XDG_SESSION_TYPE', 'wayland'), ('SHLVL', '0'), ('CHROME_DESKTOP', 'antigravity.desktop'), ('HOME', '/home/jagdeesh'), ('DESKTOP_SESSION', 'ubuntu'), ('GIO_LAUNCHED_DESKTOP_FILE', '/usr/share/applications/antigravity.desktop'), ('VSCODE_IPC_HOOK', '/run/user/1000/vscode-9f527c2b-1.10-main.sock'), ('GNOME_SHELL_SESSION_MODE', 'ubuntu'), ('GTK_MODULES', 'gail:atk-bridge'), ('PAGER', 'cat'), ('MANAGERPID', '1648'), ('MAKEFLAGS', ''), ('DBUS_SESSION_BUS_ADDRESS', 'unix:path=/run/user/1000/bus'), ('IM_CONFIG_CHECK_ENV', '1'), ('SYSTEMD_EXEC_PID', '1827'), ('GIO_LAUNCHED_DESKTOP_FILE_PID', '7424'), ('ANTIGRAVITY_AGENT', '1'), ('MAKE_TERMERR', '/dev/pts/2'), ('WAYLAND_DISPLAY', 'wayland-0'), ('IM_CONFIG_PHASE', '1'), ('LOGNAME', 'jagdeesh'), ('_', '/usr/bin/make'), ('JOURNAL_STREAM', '8:19826'), ('XDG_SESSION_CLASS', 'user'), ('USERNAME', 'jagdeesh'), ('TERM', 'dumb'), ('GNOME_DESKTOP_SESSION_ID', 'this-is-deprecated'), ('FC_FONTATIONS', '1'), ('ANTIGRAVITY_EDITOR_APP_ROOT', '/usr/share/antigravity/resources/app'), ('PATH', '/usr/local/sbin:/usr/local/bin:/usr/sbin:/usr/bin:/sbin:/bin:/usr/games:/usr/local/games:/snap/bin:/snap/bin'), ('SESSION_MANAGER', 'local/jaani:@/tmp/.ICE-unix/1794,unix/jaani:/tmp/.ICE-unix/1794'), ('INVOCATION_ID', 'c84cbfc8dc2345bd9dab8ce0f73fdd8d'), ('GDK_BACKEND', 'wayland'), ('GNOME_SETUP_DISPLAY', ':1'), ('XDG_RUNTIME_DIR', '/run/user/1000'), ('XDG_MENU_PREFIX', 'gnome-'), ('MAKELEVEL', '1'), ('DISPLAY', ':0'), ('LANG', 'en_US.UTF-8'), ('XDG_CURRENT_DESKTOP', 'ubuntu:GNOME'), ('XAUTHORITY', '/run/user/1000/.mutter-Xwaylandauth.SICTO3'), ('XDG_SESSION_DESKTOP', 'ubuntu'), ('XMODIFIERS', '@im=ibus'), ('SSH_AGENT_LAUNCHER', 'gnome-keyring'), ('SSH_AUTH_SOCK', '/run/user/1000/keyring/ssh'), ('SHELL', '/bin/bash'), ('QT_ACCESSIBILITY', '1'), ('MAKE_TERMOUT', '/dev/pts/2'), ('GDMSESSION', 'ubuntu'), ('GJS_DEBUG_OUTPUT', 'stderr'), ('ANTIGRAVITY_TRAJECTORY_ID', 'b22d4409-99ce-4726-a67a-d6dfb226da24'), ('QT_IM_MODULE', 'ibus'), ('LC_ALL', 'en_US.UTF-8'), ('PWD', '/home/jagdeesh/tracker/build/px4_msgs'), ('XDG_DATA_DIRS', '/usr/share/ubuntu:/usr/local/share/:/usr/share/:/var/lib/snapd/desktop'), ('VSCODE_CODE_CACHE_PATH', '/home/jagdeesh/.config/Antigravity/CachedData/15487b3041e65228cae24980a3f796c905ef582c'), ('XDG_CONFIG_DIRS', '/etc/xdg/xdg-ubuntu:/etc/xdg'), ('MFLAGS', ''), ('COLCON', '1'), ('VSCODE_PID', '7424')]), 'shell': False}
[0.008426] (ros_gz_interfaces) JobProgress: {'identifier': 'ros_gz_interfaces', 'progress': 'cmake'}
[0.008745] (ros_gz_interfaces) Command: {'cmd': ['/usr/bin/cmake', '/home/jagdeesh/tracker/src/ros_gz/ros_gz_interfaces', '-DCMAKE_BUILD_TYPE=Release', '-DCMAKE_INSTALL_PREFIX=/home/jagdeesh/tracker/install/ros_gz_interfaces'], 'cwd': '/home/jagdeesh/tracker/build/ros_gz_interfaces', 'env': OrderedDict([('VSCODE_CWD', '/home/jagdeesh'), ('GJS_DEBUG_TOPICS', 'JS ERROR;JS LOG'), ('VSCODE_NLS_CONFIG', '{"userLocale":"en-gb","osLocale":"en-in","resolvedLanguage":"en","defaultMessagesFile":"/usr/share/antigravity/resources/app/out/nls.messages.json","locale":"en-gb","availableLanguages":{}}'), ('LANGUAGE', 'en_IN:en'), ('USER', 'jagdeesh'), ('XDG_SESSION_TYPE', 'wayland'), ('SHLVL', '0'), ('CHROME_DESKTOP', 'antigravity.desktop'), ('HOME', '/home/jagdeesh'), ('DESKTOP_SESSION', 'ubuntu'), ('GIO_LAUNCHED_DESKTOP_FILE', '/usr/share/applications/antigravity.desktop'), ('VSCODE_IPC_HOOK', '/run/user/1000/vscode-9f527c2b-1.10-main.sock'), ('GNOME_SHELL_SESSION_MODE', 'ubuntu'), ('GTK_MODULES', 'gail:atk-bridge'), ('PAGER', 'cat'), ('MANAGERPID', '1648'), ('MAKEFLAGS', ''), ('DBUS_SESSION_BUS_ADDRESS', 'unix:path=/run/user/1000/bus'), ('IM_CONFIG_CHECK_ENV', '1'), ('SYSTEMD_EXEC_PID', '1827'), ('GIO_LAUNCHED_DESKTOP_FILE_PID', '7424'), ('ANTIGRAVITY_AGENT', '1'), ('MAKE_TERMERR', '/dev/pts/2'), ('WAYLAND_DISPLAY', 'wayland-0'), ('IM_CONFIG_PHASE', '1'), ('LOGNAME', 'jagdeesh'), ('_', '/usr/bin/make'), ('JOURNAL_STREAM', '8:19826'), ('XDG_SESSION_CLASS', 'user'), ('USERNAME', 'jagdeesh'), ('TERM', 'dumb'), ('GNOME_DESKTOP_SESSION_ID', 'this-is-deprecated'), ('FC_FONTATIONS', '1'), ('ANTIGRAVITY_EDITOR_APP_ROOT', '/usr/share/antigravity/resources/app'), ('PATH', '/usr/local/sbin:/usr/local/bin:/usr/sbin:/usr/bin:/sbin:/bin:/usr/games:/usr/local/games:/snap/bin:/snap/bin'), ('SESSION_MANAGER', 'local/jaani:@/tmp/.ICE-unix/1794,unix/jaani:/tmp/.ICE-unix/1794'), ('INVOCATION_ID', 'c84cbfc8dc2345bd9dab8ce0f73fdd8d'), ('GDK_BACKEND', 'wayland'), ('GNOME_SETUP_DISPLAY', ':1'), ('XDG_RUNTIME_DIR', '/run/user/1000'), ('XDG_MENU_PREFIX', 'gnome-'), ('MAKELEVEL', '1'), ('DISPLAY', ':0'), ('LANG', 'en_US.UTF-8'), ('XDG_CURRENT_DESKTOP', 'ubuntu:GNOME'), ('XAUTHORITY', '/run/user/1000/.mutter-Xwaylandauth.SICTO3'), ('XDG_SESSION_DESKTOP', 'ubuntu'), ('XMODIFIERS', '@im=ibus'), ('SSH_AGENT_LAUNCHER', 'gnome-keyring'), ('SSH_AUTH_SOCK', '/run/user/1000/keyring/ssh'), ('SHELL', '/bin/bash'), ('QT_ACCESSIBILITY', '1'), ('MAKE_TERMOUT', '/dev/pts/2'), ('GDMSESSION', 'ubuntu'), ('GJS_DEBUG_OUTPUT', 'stderr'), ('ANTIGRAVITY_TRAJECTORY_ID', 'b22d4409-99ce-4726-a67a-d6dfb226da24'), ('QT_IM_MODULE', 'ibus'), ('LC_ALL', 'en_US.UTF-8'), ('PWD', '/home/jagdeesh/tracker/build/ros_gz_interfaces'), ('XDG_DATA_DIRS', '/usr/share/ubuntu:/usr/local/share/:/usr/share/:/var/lib/snapd/desktop'), ('VSCODE_CODE_CACHE_PATH', '/home/jagdeesh/.config/Antigravity/CachedData/15487b3041e65228cae24980a3f796c905ef582c'), ('XDG_CONFIG_DIRS', '/etc/xdg/xdg-ubuntu:/etc/xdg'), ('MFLAGS', ''), ('COLCON', '1'), ('VSCODE_PID', '7424')]), 'shell': False}
[0.099331] (-) TimerEvent: {}
[0.119444] (px4_msgs) StdoutLine: {'line': b'-- The C compiler identification is GNU 11.4.0\n'}
[0.120202] (ros_gz_interfaces) StdoutLine: {'line': b'-- The C compiler identification is GNU 11.4.0\n'}
[0.199438] (-) TimerEvent: {}
[0.202855] (px4_msgs) StdoutLine: {'line': b'-- The CXX compiler identification is GNU 11.4.0\n'}
[0.203070] (ros_gz_interfaces) StdoutLine: {'line': b'-- The CXX compiler identification is GNU 11.4.0\n'}
[0.210216] (ros_gz_interfaces) StdoutLine: {'line': b'-- Detecting C compiler ABI info\n'}
[0.210444] (px4_msgs) StdoutLine: {'line': b'-- Detecting C compiler ABI info\n'}
[0.273612] (ros_gz_interfaces) StdoutLine: {'line': b'-- Detecting C compiler ABI info - done\n'}
[0.274346] (px4_msgs) StdoutLine: {'line': b'-- Detecting C compiler ABI info - done\n'}
[0.280083] (ros_gz_interfaces) StdoutLine: {'line': b'-- Check for working C compiler: /usr/bin/cc - skipped\n'}
[0.280352] (ros_gz_interfaces) StdoutLine: {'line': b'-- Detecting C compile features\n'}
[0.280808] (ros_gz_interfaces) StdoutLine: {'line': b'-- Detecting C compile features - done\n'}
[0.282068] (px4_msgs) StdoutLine: {'line': b'-- Check for working C compiler: /usr/bin/cc - skipped\n'}
[0.282253] (px4_msgs) StdoutLine: {'line': b'-- Detecting C compile features\n'}
[0.282528] (px4_msgs) StdoutLine: {'line': b'-- Detecting C compile features - done\n'}
[0.283385] (ros_gz_interfaces) StdoutLine: {'line': b'-- Detecting CXX compiler ABI info\n'}
[0.285317] (px4_msgs) StdoutLine: {'line': b'-- Detecting CXX compiler ABI info\n'}
[0.299554] (-) TimerEvent: {}
[0.346772] (ros_gz_interfaces) StdoutLine: {'line': b'-- Detecting CXX compiler ABI info - done\n'}
[0.352507] (ros_gz_interfaces) StdoutLine: {'line': b'-- Check for working CXX compiler: /usr/bin/c++ - skipped\n'}
[0.352716] (ros_gz_interfaces) StdoutLine: {'line': b'-- Detecting CXX compile features\n'}
[0.353031] (ros_gz_interfaces) StdoutLine: {'line': b'-- Detecting CXX compile features - done\n'}
[0.357620] (px4_msgs) StdoutLine: {'line': b'-- Detecting CXX compiler ABI info - done\n'}
[0.360949] (ros_gz_interfaces) StderrLine: {'line': b'\x1b[31mCMake Error at CMakeLists.txt:12 (find_package):\n'}
[0.361178] (ros_gz_interfaces) StderrLine: {'line': b'  By not providing "Findament_cmake.cmake" in CMAKE_MODULE_PATH this project\n'}
[0.361257] (ros_gz_interfaces) StderrLine: {'line': b'  has asked CMake to find a package configuration file provided by\n'}
[0.361326] (ros_gz_interfaces) StderrLine: {'line': b'  "ament_cmake", but CMake did not find one.\n'}
[0.361391] (ros_gz_interfaces) StderrLine: {'line': b'\n'}
[0.361456] (ros_gz_interfaces) StderrLine: {'line': b'  Could not find a package configuration file provided by "ament_cmake" with\n'}
[0.361517] (ros_gz_interfaces) StderrLine: {'line': b'  any of the following names:\n'}
[0.361578] (ros_gz_interfaces) StderrLine: {'line': b'\n'}
[0.361638] (ros_gz_interfaces) StderrLine: {'line': b'    ament_cmakeConfig.cmake\n'}
[0.361698] (ros_gz_interfaces) StderrLine: {'line': b'    ament_cmake-config.cmake\n'}
[0.361758] (ros_gz_interfaces) StderrLine: {'line': b'\n'}
[0.361818] (ros_gz_interfaces) StderrLine: {'line': b'  Add the installation prefix of "ament_cmake" to CMAKE_PREFIX_PATH or set\n'}
[0.361879] (ros_gz_interfaces) StderrLine: {'line': b'  "ament_cmake_DIR" to a directory containing one of the above files.  If\n'}
[0.361939] (ros_gz_interfaces) StderrLine: {'line': b'  "ament_cmake" provides a separate development package or SDK, be sure it\n'}
[0.362019] (ros_gz_interfaces) StderrLine: {'line': b'  has been installed.\n'}
[0.362081] (ros_gz_interfaces) StderrLine: {'line': b'\n'}
[0.362142] (ros_gz_interfaces) StderrLine: {'line': b'\x1b[0m\n'}
[0.362202] (ros_gz_interfaces) StdoutLine: {'line': b'-- Configuring incomplete, errors occurred!\n'}
[0.362272] (ros_gz_interfaces) StdoutLine: {'line': b'See also "/home/jagdeesh/tracker/build/ros_gz_interfaces/CMakeFiles/CMakeOutput.log".\n'}
[0.363296] (ros_gz_interfaces) CommandEnded: {'returncode': 1}
[0.366239] (px4_msgs) StdoutLine: {'line': b'-- Check for working CXX compiler: /usr/bin/c++ - skipped\n'}
[0.366471] (px4_msgs) StdoutLine: {'line': b'-- Detecting CXX compile features\n'}
[0.366987] (px4_msgs) StdoutLine: {'line': b'-- Detecting CXX compile features - done\n'}
[0.378064] (px4_msgs) StderrLine: {'line': b'\x1b[31mCMake Error at CMakeLists.txt:11 (find_package):\n'}
[0.378363] (px4_msgs) StderrLine: {'line': b'  By not providing "Findament_cmake.cmake" in CMAKE_MODULE_PATH this project\n'}
[0.378439] (px4_msgs) StderrLine: {'line': b'  has asked CMake to find a package configuration file provided by\n'}
[0.378505] (px4_msgs) StderrLine: {'line': b'  "ament_cmake", but CMake did not find one.\n'}
[0.378568] (px4_msgs) StderrLine: {'line': b'\n'}
[0.378629] (px4_msgs) StderrLine: {'line': b'  Could not find a package configuration file provided by "ament_cmake" with\n'}
[0.378691] (px4_msgs) StderrLine: {'line': b'  any of the following names:\n'}
[0.378755] (px4_msgs) StderrLine: {'line': b'\n'}
[0.378818] (px4_msgs) StderrLine: {'line': b'    ament_cmakeConfig.cmake\n'}
[0.378883] (px4_msgs) StderrLine: {'line': b'    ament_cmake-config.cmake\n'}
[0.378947] (px4_msgs) StderrLine: {'line': b'\n'}
[0.379039] (px4_msgs) StderrLine: {'line': b'  Add the installation prefix of "ament_cmake" to CMAKE_PREFIX_PATH or set\n'}
[0.379109] (px4_msgs) StderrLine: {'line': b'  "ament_cmake_DIR" to a directory containing one of the above files.  If\n'}
[0.379174] (px4_msgs) StderrLine: {'line': b'  "ament_cmake" provides a separate development package or SDK, be sure it\n'}
[0.379241] (px4_msgs) StderrLine: {'line': b'  has been installed.\n'}
[0.379346] (px4_msgs) StderrLine: {'line': b'\n'}
[0.379425] (px4_msgs) StderrLine: {'line': b'\x1b[0m\n'}
[0.379497] (px4_msgs) StdoutLine: {'line': b'-- Configuring incomplete, errors occurred!\n'}
[0.379640] (px4_msgs) StdoutLine: {'line': b'See also "/home/jagdeesh/tracker/build/px4_msgs/CMakeFiles/CMakeOutput.log".\n'}
[0.386796] (ros_gz_interfaces) JobEnded: {'identifier': 'ros_gz_interfaces', 'rc': 1}
[0.387615] (px4_msgs) JobEnded: {'identifier': 'px4_msgs', 'rc': 'SIGINT'}
[0.398130] (cv_bridge) JobSkipped: {'identifier': 'cv_bridge'}
[0.398229] (image_geometry) JobSkipped: {'identifier': 'image_geometry'}
[0.398245] (ros_gz_sim) JobSkipped: {'identifier': 'ros_gz_sim'}
[0.398256] (aruco_tracker) JobSkipped: {'identifier': 'aruco_tracker'}
[0.398267] (opencv_tests) JobSkipped: {'identifier': 'opencv_tests'}
[0.398277] (px4_ros2_cpp) JobSkipped: {'identifier': 'px4_ros2_cpp'}
[0.398287] (ros_gz_bridge) JobSkipped: {'identifier': 'ros_gz_bridge'}
[0.398297] (ros_ign_gazebo) JobSkipped: {'identifier': 'ros_ign_gazebo'}
[0.398307] (ros_ign_interfaces) JobSkipped: {'identifier': 'ros_ign_interfaces'}
[0.398318] (vision_opencv) JobSkipped: {'identifier': 'vision_opencv'}
[0.398328] (example_executor_with_multiple_modes_cpp) JobSkipped: {'identifier': 'example_executor_with_multiple_modes_cpp'}
[0.398339] (example_global_navigation_cpp) JobSkipped: {'identifier': 'example_global_navigation_cpp'}
[0.398350] (example_local_navigation_cpp) JobSkipped: {'identifier': 'example_local_navigation_cpp'}
[0.398359] (example_mode_fw_attitude_cpp) JobSkipped: {'identifier': 'example_mode_fw_attitude_cpp'}
[0.398369] (example_mode_goto_cpp) JobSkipped: {'identifier': 'example_mode_goto_cpp'}
[0.398378] (example_mode_goto_global_cpp) JobSkipped: {'identifier': 'example_mode_goto_global_cpp'}
[0.398388] (example_mode_manual_cpp) JobSkipped: {'identifier': 'example_mode_manual_cpp'}
[0.398398] (example_mode_mission_cpp) JobSkipped: {'identifier': 'example_mode_mission_cpp'}
[0.398408] (example_mode_rtl_replacement_cpp) JobSkipped: {'identifier': 'example_mode_rtl_replacement_cpp'}
[0.398418] (example_mode_vtol_cpp) JobSkipped: {'identifier': 'example_mode_vtol_cpp'}
[0.398427] (example_mode_with_executor_cpp) JobSkipped: {'identifier': 'example_mode_with_executor_cpp'}
[0.398437] (example_rover_velocity_mode_cpp) JobSkipped: {'identifier': 'example_rover_velocity_mode_cpp'}
[0.398446] (precision_land) JobSkipped: {'identifier': 'precision_land'}
[0.398456] (ros_gz_image) JobSkipped: {'identifier': 'ros_gz_image'}
[0.398466] (ros_ign_bridge) JobSkipped: {'identifier': 'ros_ign_bridge'}
[0.398475] (test_ros_gz_bridge) JobSkipped: {'identifier': 'test_ros_gz_bridge'}
[0.398485] (ros_gz_sim_demos) JobSkipped: {'identifier': 'ros_gz_sim_demos'}
[0.398495] (ros_ign_image) JobSkipped: {'identifier': 'ros_ign_image'}
[0.398504] (ros_gz) JobSkipped: {'identifier': 'ros_gz'}
[0.398514] (ros_ign_gazebo_demos) JobSkipped: {'identifier': 'ros_ign_gazebo_demos'}
[0.398524] (ros_ign) JobSkipped: {'identifier': 'ros_ign'}
[0.398534] (-) EventReactorShutdown: {}
