[0.036s] Invoking command in '/home/jagdeesh/tracker/build/ros_gz_sim': CMAKE_PREFIX_PATH=/opt/ros/humble /usr/bin/cmake --build /home/jagdeesh/tracker/build/ros_gz_sim -- -j12 -l12
[0.180s] [ 20%] Built target gtest_main
[0.214s] [ 40%] Built target gtest
[0.230s] [ 60%] Built target ros_gz_sim
[0.244s] [ 80%] Built target create
[0.379s] [100%] Built target test_stopwatch
[0.421s] Invoked command in '/home/jagdeesh/tracker/build/ros_gz_sim' returned '0': CMAKE_PREFIX_PATH=/opt/ros/humble /usr/bin/cmake --build /home/jagdeesh/tracker/build/ros_gz_sim -- -j12 -l12
[0.439s] Invoking command in '/home/jagdeesh/tracker/build/ros_gz_sim': CMAKE_PREFIX_PATH=/opt/ros/humble /usr/bin/cmake --install /home/jagdeesh/tracker/build/ros_gz_sim
[0.483s] -- Install configuration: "Release"
[0.483s] -- Up-to-date: /home/jagdeesh/tracker/install/ros_gz_sim/include/ros_gz_sim
[0.484s] -- Up-to-date: /home/jagdeesh/tracker/install/ros_gz_sim/include/ros_gz_sim/Stopwatch.hpp
[0.484s] -- Up-to-date: /home/jagdeesh/tracker/install/ros_gz_sim/share/ros_gz_sim/launch/gz_sim.launch.py
[0.484s] -- Up-to-date: /home/jagdeesh/tracker/install/ros_gz_sim/lib/ros_gz_sim/create
[0.486s] -- Up-to-date: /home/jagdeesh/tracker/install/ros_gz_sim/lib/libros_gz_sim.so
[0.488s] -- Up-to-date: /home/jagdeesh/tracker/install/ros_gz_sim/lib/ros_gz_sim/test_stopwatch
[0.489s] -- Up-to-date: /home/jagdeesh/tracker/install/ros_gz_sim/share/ament_index/resource_index/package_run_dependencies/ros_gz_sim
[0.500s] -- Up-to-date: /home/jagdeesh/tracker/install/ros_gz_sim/share/ament_index/resource_index/parent_prefix_path/ros_gz_sim
[0.500s] -- Up-to-date: /home/jagdeesh/tracker/install/ros_gz_sim/share/ros_gz_sim/environment/ament_prefix_path.sh
[0.500s] -- Up-to-date: /home/jagdeesh/tracker/install/ros_gz_sim/share/ros_gz_sim/environment/ament_prefix_path.dsv
[0.501s] -- Up-to-date: /home/jagdeesh/tracker/install/ros_gz_sim/share/ros_gz_sim/environment/path.sh
[0.501s] -- Up-to-date: /home/jagdeesh/tracker/install/ros_gz_sim/share/ros_gz_sim/environment/path.dsv
[0.508s] -- Up-to-date: /home/jagdeesh/tracker/install/ros_gz_sim/share/ros_gz_sim/local_setup.bash
[0.508s] -- Up-to-date: /home/jagdeesh/tracker/install/ros_gz_sim/share/ros_gz_sim/local_setup.sh
[0.509s] -- Up-to-date: /home/jagdeesh/tracker/install/ros_gz_sim/share/ros_gz_sim/local_setup.zsh
[0.509s] -- Up-to-date: /home/jagdeesh/tracker/install/ros_gz_sim/share/ros_gz_sim/local_setup.dsv
[0.509s] -- Up-to-date: /home/jagdeesh/tracker/install/ros_gz_sim/share/ros_gz_sim/package.dsv
[0.509s] -- Up-to-date: /home/jagdeesh/tracker/install/ros_gz_sim/share/ament_index/resource_index/packages/ros_gz_sim
[0.509s] -- Up-to-date: /home/jagdeesh/tracker/install/ros_gz_sim/share/ros_gz_sim/cmake/ros_gz_simExport.cmake
[0.509s] -- Up-to-date: /home/jagdeesh/tracker/install/ros_gz_sim/share/ros_gz_sim/cmake/ros_gz_simExport-release.cmake
[0.509s] -- Up-to-date: /home/jagdeesh/tracker/install/ros_gz_sim/share/ros_gz_sim/cmake/ament_cmake_export_targets-extras.cmake
[0.510s] -- Up-to-date: /home/jagdeesh/tracker/install/ros_gz_sim/share/ros_gz_sim/cmake/ament_cmake_export_dependencies-extras.cmake
[0.510s] -- Up-to-date: /home/jagdeesh/tracker/install/ros_gz_sim/share/ros_gz_sim/cmake/ros_gz_simConfig.cmake
[0.510s] -- Up-to-date: /home/jagdeesh/tracker/install/ros_gz_sim/share/ros_gz_sim/cmake/ros_gz_simConfig-version.cmake
[0.510s] -- Up-to-date: /home/jagdeesh/tracker/install/ros_gz_sim/share/ros_gz_sim/package.xml
[0.510s] Invoked command in '/home/jagdeesh/tracker/build/ros_gz_sim' returned '0': CMAKE_PREFIX_PATH=/opt/ros/humble /usr/bin/cmake --install /home/jagdeesh/tracker/build/ros_gz_sim
