-- The C compiler identification is GNU 11.4.0
-- The CXX compiler identification is GNU 11.4.0
-- Detecting C compiler ABI info
-- Detecting C compiler ABI info - done
-- Check for working C compiler: /usr/bin/cc - skipped
-- Detecting C compile features
-- Detecting C compile features - done
-- Detecting CXX compiler ABI info
-- Detecting CXX compiler ABI info - done
-- Check for working CXX compiler: /usr/bin/c++ - skipped
-- Detecting CXX compile features
-- Detecting CXX compile features - done
-- Found ament_cmake: 1.3.14 (/opt/ros/humble/share/ament_cmake/cmake)
-- Found Python3: /usr/bin/python3 (found version "3.10.12") found components: Interpreter 
-- Found ament_index_cpp: 1.4.1 (/opt/ros/humble/share/ament_index_cpp/cmake)
-- Found rclcpp: 16.0.18 (/opt/ros/humble/share/rclcpp/cmake)
-- Found rosidl_generator_c: 3.1.8 (/opt/ros/humble/share/rosidl_generator_c/cmake)
-- Found rosidl_adapter: 3.1.8 (/opt/ros/humble/share/rosidl_adapter/cmake)
-- Found rosidl_generator_cpp: 3.1.8 (/opt/ros/humble/share/rosidl_generator_cpp/cmake)
-- Using all available rosidl_typesupport_c: rosidl_typesupport_fastrtps_c;rosidl_typesupport_introspection_c
-- Using all available rosidl_typesupport_cpp: rosidl_typesupport_fastrtps_cpp;rosidl_typesupport_introspection_cpp
-- Found rmw_implementation_cmake: 6.1.2 (/opt/ros/humble/share/rmw_implementation_cmake/cmake)
-- Found rmw_fastrtps_cpp: 6.2.10 (/opt/ros/humble/share/rmw_fastrtps_cpp/cmake)
-- Found OpenSSL: /usr/lib/x86_64-linux-gnu/libcrypto.so (found version "3.0.2")  
-- Found FastRTPS: /opt/ros/humble/include  
-- Using RMW implementation 'rmw_fastrtps_cpp' as default
-- Looking for pthread.h
-- Looking for pthread.h - found
-- Performing Test CMAKE_HAVE_LIBC_PTHREAD
-- Performing Test CMAKE_HAVE_LIBC_PTHREAD - Success
-- Found Threads: TRUE  
-- Found px4_msgs: 2.0.1 (/home/jagdeesh/tracker/install/px4_msgs/share/px4_msgs/cmake)
-- Found eigen3_cmake_module: 0.1.1 (/opt/ros/humble/share/eigen3_cmake_module/cmake)
-- Found Eigen3: TRUE (found version "3.4.0") 
-- Found ament_lint_auto: 0.12.15 (/opt/ros/humble/share/ament_lint_auto/cmake)
-- Found ament_cmake_gtest: 1.3.14 (/opt/ros/humble/share/ament_cmake_gtest/cmake)
-- Found gtest sources under '/opt/ros/humble/src/gtest_vendor': C++ tests using 'Google Test' will be built
-- Added test 'copyright' to check source files copyright and LICENSE
-- Added test 'cppcheck' to perform static code analysis on C / C++ code
-- Configured cppcheck include dirs: /home/jagdeesh/tracker/src/px4-ros2-interface-lib/px4_ros2_cpp/include
-- Configured cppcheck exclude dirs and/or files: 
-- Added test 'cpplint' to check C / C++ code against the Google style
-- Configured cpplint exclude dirs and/or files: 
-- Added test 'lint_cmake' to check CMake code style
-- Added test 'uncrustify' to check C / C++ code style
-- Configured uncrustify additional arguments: 
-- Added test 'xmllint' to check XML markup files
-- Configuring done
-- Generating done
-- Build files have been written to: /home/jagdeesh/tracker/build/px4_ros2_cpp
gmake[1]: Entering directory '/home/jagdeesh/tracker/build/px4_ros2_cpp'
gmake[2]: Entering directory '/home/jagdeesh/tracker/build/px4_ros2_cpp'
gmake[3]: Entering directory '/home/jagdeesh/tracker/build/px4_ros2_cpp'
gmake[3]: Entering directory '/home/jagdeesh/tracker/build/px4_ros2_cpp'
gmake[3]: Entering directory '/home/jagdeesh/tracker/build/px4_ros2_cpp'
gmake[3]: Entering directory '/home/jagdeesh/tracker/build/px4_ros2_cpp'
gmake[3]: Entering directory '/home/jagdeesh/tracker/build/px4_ros2_cpp'
gmake[3]: Leaving directory '/home/jagdeesh/tracker/build/px4_ros2_cpp'
gmake[3]: Entering directory '/home/jagdeesh/tracker/build/px4_ros2_cpp'
gmake[3]: Leaving directory '/home/jagdeesh/tracker/build/px4_ros2_cpp'
gmake[3]: Leaving directory '/home/jagdeesh/tracker/build/px4_ros2_cpp'
gmake[3]: Leaving directory '/home/jagdeesh/tracker/build/px4_ros2_cpp'
gmake[3]: Leaving directory '/home/jagdeesh/tracker/build/px4_ros2_cpp'
gmake[3]: Entering directory '/home/jagdeesh/tracker/build/px4_ros2_cpp'
gmake[3]: Entering directory '/home/jagdeesh/tracker/build/px4_ros2_cpp'
gmake[3]: Entering directory '/home/jagdeesh/tracker/build/px4_ros2_cpp'
gmake[3]: Entering directory '/home/jagdeesh/tracker/build/px4_ros2_cpp'
[  1%] [32mBuilding CXX object gtest/CMakeFiles/gtest_main.dir/src/gtest_main.cc.o[0m
[  3%] [32mBuilding CXX object CMakeFiles/integration_utils.dir/test/integration/util.cpp.o[0m
[  4%] [32mBuilding CXX object CMakeFiles/unit_utils.dir/test/unit/utils/util.cpp.o[0m
[  7%] [32mBuilding CXX object CMakeFiles/px4_ros2_cpp.dir/src/components/health_and_arming_checks.cpp.o[0m
[  9%] [32mBuilding CXX object CMakeFiles/px4_ros2_cpp.dir/src/components/manual_control_input.cpp.o[0m
[  6%] [32mBuilding CXX object gtest/CMakeFiles/gtest.dir/src/gtest-all.cc.o[0m
[ 10%] [32mBuilding CXX object CMakeFiles/px4_ros2_cpp.dir/src/components/mode.cpp.o[0m
[ 12%] [32mBuilding CXX object CMakeFiles/px4_ros2_cpp.dir/src/components/mode_executor.cpp.o[0m
[ 15%] [32mBuilding CXX object CMakeFiles/px4_ros2_cpp.dir/src/components/registration.cpp.o[0m
[ 15%] [32mBuilding CXX object CMakeFiles/px4_ros2_cpp.dir/src/components/message_compatibility_check.cpp.o[0m
[ 16%] [32mBuilding CXX object CMakeFiles/px4_ros2_cpp.dir/src/components/overrides.cpp.o[0m
[ 18%] [32mBuilding CXX object CMakeFiles/px4_ros2_cpp.dir/src/components/shared_vehicle_status.cpp.o[0m
[ 20%] [32m[1mLinking CXX static library libgtest_main.a[0m
gmake[3]: Leaving directory '/home/jagdeesh/tracker/build/px4_ros2_cpp'
[ 20%] Built target gtest_main
[ 21%] [32mBuilding CXX object CMakeFiles/px4_ros2_cpp.dir/src/components/wait_for_fmu.cpp.o[0m
[ 23%] [32m[1mLinking CXX shared library libunit_utils.so[0m
gmake[3]: Leaving directory '/home/jagdeesh/tracker/build/px4_ros2_cpp'
[ 23%] Built target unit_utils
[ 24%] [32mBuilding CXX object CMakeFiles/px4_ros2_cpp.dir/src/control/peripheral_actuators.cpp.o[0m
[ 26%] [32mBuilding CXX object CMakeFiles/px4_ros2_cpp.dir/src/control/setpoint_types/direct_actuators.cpp.o[0m
[ 27%] [32m[1mLinking CXX static library libgtest.a[0m
gmake[3]: Leaving directory '/home/jagdeesh/tracker/build/px4_ros2_cpp'
[ 27%] Built target gtest
[ 29%] [32m[1mLinking CXX shared library libintegration_utils.so[0m
gmake[3]: Leaving directory '/home/jagdeesh/tracker/build/px4_ros2_cpp'
[ 29%] Built target integration_utils
[ 30%] [32mBuilding CXX object CMakeFiles/px4_ros2_cpp.dir/src/control/setpoint_types/fixedwing/lateral_longitudinal.cpp.o[0m
[ 32%] [32mBuilding CXX object CMakeFiles/px4_ros2_cpp.dir/src/control/setpoint_types/multicopter/goto.cpp.o[0m
[ 33%] [32mBuilding CXX object CMakeFiles/px4_ros2_cpp.dir/src/control/setpoint_types/experimental/trajectory.cpp.o[0m
[ 35%] [32mBuilding CXX object CMakeFiles/px4_ros2_cpp.dir/src/control/setpoint_types/experimental/rover/throttle_steering.cpp.o[0m
[ 36%] [32mBuilding CXX object CMakeFiles/px4_ros2_cpp.dir/src/control/setpoint_types/experimental/rover/throttle_rate.cpp.o[0m
[ 38%] [32mBuilding CXX object CMakeFiles/px4_ros2_cpp.dir/src/control/setpoint_types/experimental/rover/throttle_attitude.cpp.o[0m
[ 40%] [32mBuilding CXX object CMakeFiles/px4_ros2_cpp.dir/src/control/setpoint_types/experimental/rover/speed_steering.cpp.o[0m
[ 41%] [32mBuilding CXX object CMakeFiles/px4_ros2_cpp.dir/src/control/vtol.cpp.o[0m
[ 43%] [32mBuilding CXX object CMakeFiles/px4_ros2_cpp.dir/src/control/setpoint_types/experimental/rover/speed_rate.cpp.o[0m
[ 44%] [32mBuilding CXX object CMakeFiles/px4_ros2_cpp.dir/src/control/setpoint_types/experimental/rover/speed_attitude.cpp.o[0m
[ 46%] [32mBuilding CXX object CMakeFiles/px4_ros2_cpp.dir/src/control/setpoint_types/experimental/rover/position.cpp.o[0m
[ 47%] [32mBuilding CXX object CMakeFiles/px4_ros2_cpp.dir/src/odometry/attitude.cpp.o[0m
[ 50%] [32mBuilding CXX object CMakeFiles/px4_ros2_cpp.dir/src/odometry/angular_velocity.cpp.o[0m
[ 50%] [32mBuilding CXX object CMakeFiles/px4_ros2_cpp.dir/src/odometry/global_position.cpp.o[0m
[ 53%] [32mBuilding CXX object CMakeFiles/px4_ros2_cpp.dir/src/odometry/airspeed.cpp.o[0m
[ 53%] [32mBuilding CXX object CMakeFiles/px4_ros2_cpp.dir/src/navigation/experimental/local_position_measurement_interface.cpp.o[0m
[ 55%] [32mBuilding CXX object CMakeFiles/px4_ros2_cpp.dir/src/mission/trajectory/multicopter/waypoint_trajectory_executor.cpp.o[0m
[ 56%] [32mBuilding CXX object CMakeFiles/px4_ros2_cpp.dir/src/navigation/experimental/global_position_measurement_interface.cpp.o[0m
[ 58%] [32mBuilding CXX object CMakeFiles/px4_ros2_cpp.dir/src/mission/mission.cpp.o[0m
[ 60%] [32mBuilding CXX object CMakeFiles/px4_ros2_cpp.dir/src/mission/mission_executor.cpp.o[0m
[ 61%] [32mBuilding CXX object CMakeFiles/px4_ros2_cpp.dir/src/mission/actions/default_actions.cpp.o[0m
[ 63%] [32mBuilding CXX object CMakeFiles/px4_ros2_cpp.dir/src/control/setpoint_types/experimental/rates.cpp.o[0m
[ 64%] [32mBuilding CXX object CMakeFiles/px4_ros2_cpp.dir/src/control/setpoint_types/experimental/attitude.cpp.o[0m
[ 66%] [32mBuilding CXX object CMakeFiles/px4_ros2_cpp.dir/src/utils/map_projection_impl.cpp.o[0m
[ 67%] [32mBuilding CXX object CMakeFiles/px4_ros2_cpp.dir/src/utils/geodesic.cpp.o[0m
[ 69%] [32mBuilding CXX object CMakeFiles/px4_ros2_cpp.dir/src/odometry/local_position.cpp.o[0m
[ 70%] [32m[1mLinking CXX shared library libpx4_ros2_cpp.so[0m
gmake[3]: Leaving directory '/home/jagdeesh/tracker/build/px4_ros2_cpp'
[ 70%] Built target px4_ros2_cpp
gmake[3]: Entering directory '/home/jagdeesh/tracker/build/px4_ros2_cpp'
gmake[3]: Entering directory '/home/jagdeesh/tracker/build/px4_ros2_cpp'
gmake[3]: Leaving directory '/home/jagdeesh/tracker/build/px4_ros2_cpp'
gmake[3]: Entering directory '/home/jagdeesh/tracker/build/px4_ros2_cpp'
gmake[3]: Leaving directory '/home/jagdeesh/tracker/build/px4_ros2_cpp'
gmake[3]: Entering directory '/home/jagdeesh/tracker/build/px4_ros2_cpp'
[ 72%] [32mBuilding CXX object CMakeFiles/integration_tests.dir/test/integration/arming_check.cpp.o[0m
[ 73%] [32mBuilding CXX object CMakeFiles/integration_tests.dir/test/integration/mode.cpp.o[0m
[ 75%] [32mBuilding CXX object CMakeFiles/integration_tests.dir/test/integration/local_navigation.cpp.o[0m
[ 78%] [32mBuilding CXX object CMakeFiles/px4_ros2_cpp_unit_tests.dir/test/unit/local_navigation.cpp.o[0m
[ 78%] [32mBuilding CXX object CMakeFiles/integration_tests.dir/test/integration/mission.cpp.o[0m
[ 80%] [32mBuilding CXX object CMakeFiles/integration_tests.dir/test/integration/overrides.cpp.o[0m
[ 81%] [32mBuilding CXX object CMakeFiles/integration_tests.dir/test/integration/mode_executor.cpp.o[0m
[ 83%] [32mBuilding CXX object CMakeFiles/px4_ros2_cpp_unit_tests.dir/test/unit/global_navigation.cpp.o[0m
[ 84%] [32mBuilding CXX object CMakeFiles/px4_ros2_cpp_unit_tests.dir/test/unit/modes.cpp.o[0m
[ 86%] [32mBuilding CXX object CMakeFiles/integration_tests.dir/test/integration/global_navigation.cpp.o[0m
[ 87%] [32mBuilding CXX object CMakeFiles/px4_ros2_cpp_unit_tests.dir/test/unit/mission_execution.cpp.o[0m
[ 89%] [32mBuilding CXX object CMakeFiles/px4_ros2_cpp_unit_tests.dir/test/unit/main.cpp.o[0m
[ 90%] [32mBuilding CXX object CMakeFiles/px4_ros2_cpp_unit_tests.dir/test/unit/utils/map_projection_impl.cpp.o[0m
[ 92%] [32m[1mLinking CXX executable integration_tests[0m
gmake[3]: Leaving directory '/home/jagdeesh/tracker/build/px4_ros2_cpp'
[ 92%] Built target integration_tests
[ 93%] [32mBuilding CXX object CMakeFiles/px4_ros2_cpp_unit_tests.dir/test/unit/utils/geometry.cpp.o[0m
[ 96%] [32mBuilding CXX object CMakeFiles/px4_ros2_cpp_unit_tests.dir/test/unit/utils/geodesic.cpp.o[0m
[ 96%] [32mBuilding CXX object CMakeFiles/px4_ros2_cpp_unit_tests.dir/test/unit/utils/frame_conversion.cpp.o[0m
[ 98%] [32mBuilding CXX object CMakeFiles/px4_ros2_cpp_unit_tests.dir/test/unit/shared_vehicle_status.cpp.o[0m
[100%] [32m[1mLinking CXX executable px4_ros2_cpp_unit_tests[0m
gmake[3]: Leaving directory '/home/jagdeesh/tracker/build/px4_ros2_cpp'
[100%] Built target px4_ros2_cpp_unit_tests
gmake[2]: Leaving directory '/home/jagdeesh/tracker/build/px4_ros2_cpp'
gmake[1]: Leaving directory '/home/jagdeesh/tracker/build/px4_ros2_cpp'
-- Install configuration: "Release"
-- Installing: /home/jagdeesh/tracker/install/px4_ros2_cpp/share/px4_ros2_cpp/environment/library_path.sh
-- Installing: /home/jagdeesh/tracker/install/px4_ros2_cpp/share/px4_ros2_cpp/environment/library_path.dsv
-- Installing: /home/jagdeesh/tracker/install/px4_ros2_cpp/include/px4_ros2
-- Installing: /home/jagdeesh/tracker/install/px4_ros2_cpp/include/px4_ros2/utils
-- Installing: /home/jagdeesh/tracker/install/px4_ros2_cpp/include/px4_ros2/utils/message_version.hpp
-- Installing: /home/jagdeesh/tracker/install/px4_ros2_cpp/include/px4_ros2/utils/geodesic.hpp
-- Installing: /home/jagdeesh/tracker/install/px4_ros2_cpp/include/px4_ros2/utils/subscription.hpp
-- Installing: /home/jagdeesh/tracker/install/px4_ros2_cpp/include/px4_ros2/utils/geometry.hpp
-- Installing: /home/jagdeesh/tracker/install/px4_ros2_cpp/include/px4_ros2/utils/visit.hpp
-- Installing: /home/jagdeesh/tracker/install/px4_ros2_cpp/include/px4_ros2/utils/frame_conversion.hpp
-- Installing: /home/jagdeesh/tracker/install/px4_ros2_cpp/include/px4_ros2/utils/groups.dox
-- Installing: /home/jagdeesh/tracker/install/px4_ros2_cpp/include/px4_ros2/third_party
-- Installing: /home/jagdeesh/tracker/install/px4_ros2_cpp/include/px4_ros2/third_party/nlohmann
-- Installing: /home/jagdeesh/tracker/install/px4_ros2_cpp/include/px4_ros2/third_party/nlohmann/json.hpp
-- Installing: /home/jagdeesh/tracker/install/px4_ros2_cpp/include/px4_ros2/third_party/nlohmann/json_fwd.hpp
-- Installing: /home/jagdeesh/tracker/install/px4_ros2_cpp/include/px4_ros2/mission
-- Installing: /home/jagdeesh/tracker/install/px4_ros2_cpp/include/px4_ros2/mission/mission.hpp
-- Installing: /home/jagdeesh/tracker/install/px4_ros2_cpp/include/px4_ros2/mission/mission_executor.hpp
-- Installing: /home/jagdeesh/tracker/install/px4_ros2_cpp/include/px4_ros2/mission/actions
-- Installing: /home/jagdeesh/tracker/install/px4_ros2_cpp/include/px4_ros2/mission/actions/action.hpp
-- Installing: /home/jagdeesh/tracker/install/px4_ros2_cpp/include/px4_ros2/mission/actions/default_actions.hpp
-- Installing: /home/jagdeesh/tracker/install/px4_ros2_cpp/include/px4_ros2/mission/actions/groups.dox
-- Installing: /home/jagdeesh/tracker/install/px4_ros2_cpp/include/px4_ros2/mission/trajectory
-- Installing: /home/jagdeesh/tracker/install/px4_ros2_cpp/include/px4_ros2/mission/trajectory/multicopter
-- Installing: /home/jagdeesh/tracker/install/px4_ros2_cpp/include/px4_ros2/mission/trajectory/multicopter/waypoint_trajectory_executor.hpp
-- Installing: /home/jagdeesh/tracker/install/px4_ros2_cpp/include/px4_ros2/mission/trajectory/multicopter/groups.dox
-- Installing: /home/jagdeesh/tracker/install/px4_ros2_cpp/include/px4_ros2/mission/trajectory/trajectory_executor.hpp
-- Installing: /home/jagdeesh/tracker/install/px4_ros2_cpp/include/px4_ros2/mission/groups.dox
-- Installing: /home/jagdeesh/tracker/install/px4_ros2_cpp/include/px4_ros2/navigation
-- Installing: /home/jagdeesh/tracker/install/px4_ros2_cpp/include/px4_ros2/navigation/experimental
-- Installing: /home/jagdeesh/tracker/install/px4_ros2_cpp/include/px4_ros2/navigation/experimental/navigation_interface_base.hpp
-- Installing: /home/jagdeesh/tracker/install/px4_ros2_cpp/include/px4_ros2/navigation/experimental/global_position_measurement_interface.hpp
-- Installing: /home/jagdeesh/tracker/install/px4_ros2_cpp/include/px4_ros2/navigation/experimental/local_position_measurement_interface.hpp
-- Installing: /home/jagdeesh/tracker/install/px4_ros2_cpp/include/px4_ros2/navigation/groups.dox
-- Installing: /home/jagdeesh/tracker/install/px4_ros2_cpp/include/px4_ros2/odometry
-- Installing: /home/jagdeesh/tracker/install/px4_ros2_cpp/include/px4_ros2/odometry/global_position.hpp
-- Installing: /home/jagdeesh/tracker/install/px4_ros2_cpp/include/px4_ros2/odometry/attitude.hpp
-- Installing: /home/jagdeesh/tracker/install/px4_ros2_cpp/include/px4_ros2/odometry/angular_velocity.hpp
-- Installing: /home/jagdeesh/tracker/install/px4_ros2_cpp/include/px4_ros2/odometry/airspeed.hpp
-- Installing: /home/jagdeesh/tracker/install/px4_ros2_cpp/include/px4_ros2/odometry/local_position.hpp
-- Installing: /home/jagdeesh/tracker/install/px4_ros2_cpp/include/px4_ros2/odometry/groups.dox
-- Installing: /home/jagdeesh/tracker/install/px4_ros2_cpp/include/px4_ros2/components
-- Installing: /home/jagdeesh/tracker/install/px4_ros2_cpp/include/px4_ros2/components/mode.hpp
-- Installing: /home/jagdeesh/tracker/install/px4_ros2_cpp/include/px4_ros2/components/manual_control_input.hpp
-- Installing: /home/jagdeesh/tracker/install/px4_ros2_cpp/include/px4_ros2/components/events.hpp
-- Installing: /home/jagdeesh/tracker/install/px4_ros2_cpp/include/px4_ros2/components/mode_executor.hpp
-- Installing: /home/jagdeesh/tracker/install/px4_ros2_cpp/include/px4_ros2/components/overrides.hpp
-- Installing: /home/jagdeesh/tracker/install/px4_ros2_cpp/include/px4_ros2/components/node_with_mode.hpp
-- Installing: /home/jagdeesh/tracker/install/px4_ros2_cpp/include/px4_ros2/components/message_compatibility_check.hpp
-- Installing: /home/jagdeesh/tracker/install/px4_ros2_cpp/include/px4_ros2/components/wait_for_fmu.hpp
-- Installing: /home/jagdeesh/tracker/install/px4_ros2_cpp/include/px4_ros2/components/health_and_arming_checks.hpp
-- Installing: /home/jagdeesh/tracker/install/px4_ros2_cpp/include/px4_ros2/components/groups.dox
-- Installing: /home/jagdeesh/tracker/install/px4_ros2_cpp/include/px4_ros2/common
-- Installing: /home/jagdeesh/tracker/install/px4_ros2_cpp/include/px4_ros2/common/setpoint_base.hpp
-- Installing: /home/jagdeesh/tracker/install/px4_ros2_cpp/include/px4_ros2/common/frame.hpp
-- Installing: /home/jagdeesh/tracker/install/px4_ros2_cpp/include/px4_ros2/common/context.hpp
-- Installing: /home/jagdeesh/tracker/install/px4_ros2_cpp/include/px4_ros2/common/exception.hpp
-- Installing: /home/jagdeesh/tracker/install/px4_ros2_cpp/include/px4_ros2/common/requirement_flags.hpp
-- Installing: /home/jagdeesh/tracker/install/px4_ros2_cpp/include/px4_ros2/control
-- Installing: /home/jagdeesh/tracker/install/px4_ros2_cpp/include/px4_ros2/control/vtol.hpp
-- Installing: /home/jagdeesh/tracker/install/px4_ros2_cpp/include/px4_ros2/control/peripheral_actuators.hpp
-- Installing: /home/jagdeesh/tracker/install/px4_ros2_cpp/include/px4_ros2/control/setpoint_types
-- Installing: /home/jagdeesh/tracker/install/px4_ros2_cpp/include/px4_ros2/control/setpoint_types/multicopter
-- Installing: /home/jagdeesh/tracker/install/px4_ros2_cpp/include/px4_ros2/control/setpoint_types/multicopter/goto.hpp
-- Installing: /home/jagdeesh/tracker/install/px4_ros2_cpp/include/px4_ros2/control/setpoint_types/experimental
-- Installing: /home/jagdeesh/tracker/install/px4_ros2_cpp/include/px4_ros2/control/setpoint_types/experimental/trajectory.hpp
-- Installing: /home/jagdeesh/tracker/install/px4_ros2_cpp/include/px4_ros2/control/setpoint_types/experimental/attitude.hpp
-- Installing: /home/jagdeesh/tracker/install/px4_ros2_cpp/include/px4_ros2/control/setpoint_types/experimental/rates.hpp
-- Installing: /home/jagdeesh/tracker/install/px4_ros2_cpp/include/px4_ros2/control/setpoint_types/experimental/rover
-- Installing: /home/jagdeesh/tracker/install/px4_ros2_cpp/include/px4_ros2/control/setpoint_types/experimental/rover/throttle_attitude.hpp
-- Installing: /home/jagdeesh/tracker/install/px4_ros2_cpp/include/px4_ros2/control/setpoint_types/experimental/rover/position.hpp
-- Installing: /home/jagdeesh/tracker/install/px4_ros2_cpp/include/px4_ros2/control/setpoint_types/experimental/rover/speed_rate.hpp
-- Installing: /home/jagdeesh/tracker/install/px4_ros2_cpp/include/px4_ros2/control/setpoint_types/experimental/rover/throttle_rate.hpp
-- Installing: /home/jagdeesh/tracker/install/px4_ros2_cpp/include/px4_ros2/control/setpoint_types/experimental/rover/speed_steering.hpp
-- Installing: /home/jagdeesh/tracker/install/px4_ros2_cpp/include/px4_ros2/control/setpoint_types/experimental/rover/speed_attitude.hpp
-- Installing: /home/jagdeesh/tracker/install/px4_ros2_cpp/include/px4_ros2/control/setpoint_types/experimental/rover/throttle_steering.hpp
-- Installing: /home/jagdeesh/tracker/install/px4_ros2_cpp/include/px4_ros2/control/setpoint_types/fixedwing
-- Installing: /home/jagdeesh/tracker/install/px4_ros2_cpp/include/px4_ros2/control/setpoint_types/fixedwing/lateral_longitudinal.hpp
-- Installing: /home/jagdeesh/tracker/install/px4_ros2_cpp/include/px4_ros2/control/setpoint_types/direct_actuators.hpp
-- Installing: /home/jagdeesh/tracker/install/px4_ros2_cpp/include/px4_ros2/control/setpoint_types/groups.dox
-- Installing: /home/jagdeesh/tracker/install/px4_ros2_cpp/include/px4_ros2/control/groups.dox
-- Installing: /home/jagdeesh/tracker/install/px4_ros2_cpp/include/px4_ros2/vehicle_state
-- Installing: /home/jagdeesh/tracker/install/px4_ros2_cpp/include/px4_ros2/vehicle_state/vtol_status.hpp
-- Installing: /home/jagdeesh/tracker/install/px4_ros2_cpp/include/px4_ros2/vehicle_state/land_detected.hpp
-- Installing: /home/jagdeesh/tracker/install/px4_ros2_cpp/include/px4_ros2/vehicle_state/battery.hpp
-- Installing: /home/jagdeesh/tracker/install/px4_ros2_cpp/include/px4_ros2/vehicle_state/vehicle_status.hpp
-- Installing: /home/jagdeesh/tracker/install/px4_ros2_cpp/include/px4_ros2/vehicle_state/home_position.hpp
-- Installing: /home/jagdeesh/tracker/install/px4_ros2_cpp/include/px4_ros2/vehicle_state/groups.dox
-- Installing: /home/jagdeesh/tracker/install/px4_ros2_cpp/lib/libpx4_ros2_cpp.so
-- Set runtime path of "/home/jagdeesh/tracker/install/px4_ros2_cpp/lib/libpx4_ros2_cpp.so" to ""
-- Installing: /home/jagdeesh/tracker/install/px4_ros2_cpp/share/ament_index/resource_index/package_run_dependencies/px4_ros2_cpp
-- Installing: /home/jagdeesh/tracker/install/px4_ros2_cpp/share/ament_index/resource_index/parent_prefix_path/px4_ros2_cpp
-- Installing: /home/jagdeesh/tracker/install/px4_ros2_cpp/share/px4_ros2_cpp/environment/ament_prefix_path.sh
-- Installing: /home/jagdeesh/tracker/install/px4_ros2_cpp/share/px4_ros2_cpp/environment/ament_prefix_path.dsv
-- Installing: /home/jagdeesh/tracker/install/px4_ros2_cpp/share/px4_ros2_cpp/environment/path.sh
-- Installing: /home/jagdeesh/tracker/install/px4_ros2_cpp/share/px4_ros2_cpp/environment/path.dsv
-- Installing: /home/jagdeesh/tracker/install/px4_ros2_cpp/share/px4_ros2_cpp/local_setup.bash
-- Installing: /home/jagdeesh/tracker/install/px4_ros2_cpp/share/px4_ros2_cpp/local_setup.sh
-- Installing: /home/jagdeesh/tracker/install/px4_ros2_cpp/share/px4_ros2_cpp/local_setup.zsh
-- Installing: /home/jagdeesh/tracker/install/px4_ros2_cpp/share/px4_ros2_cpp/local_setup.dsv
-- Installing: /home/jagdeesh/tracker/install/px4_ros2_cpp/share/px4_ros2_cpp/package.dsv
-- Installing: /home/jagdeesh/tracker/install/px4_ros2_cpp/share/ament_index/resource_index/packages/px4_ros2_cpp
-- Installing: /home/jagdeesh/tracker/install/px4_ros2_cpp/share/px4_ros2_cpp/cmake/px4_ros2_cppExport.cmake
-- Installing: /home/jagdeesh/tracker/install/px4_ros2_cpp/share/px4_ros2_cpp/cmake/px4_ros2_cppExport-release.cmake
-- Installing: /home/jagdeesh/tracker/install/px4_ros2_cpp/share/px4_ros2_cpp/cmake/ament_cmake_export_targets-extras.cmake
-- Installing: /home/jagdeesh/tracker/install/px4_ros2_cpp/share/px4_ros2_cpp/cmake/ament_cmake_export_dependencies-extras.cmake
-- Installing: /home/jagdeesh/tracker/install/px4_ros2_cpp/share/px4_ros2_cpp/cmake/px4_ros2_cppConfig.cmake
-- Installing: /home/jagdeesh/tracker/install/px4_ros2_cpp/share/px4_ros2_cpp/cmake/px4_ros2_cppConfig-version.cmake
-- Installing: /home/jagdeesh/tracker/install/px4_ros2_cpp/share/px4_ros2_cpp/package.xml
