[0.012s] Invoking command in '/home/jagdeesh/tracker/build/px4_ros2_cpp': AMENT_PREFIX_PATH=/home/jagdeesh/tracker/install/px4_msgs:${AMENT_PREFIX_PATH} CMAKE_PREFIX_PATH=/home/jagdeesh/tracker/install/px4_msgs:/opt/ros/humble LD_LIBRARY_PATH=/home/jagdeesh/tracker/install/px4_msgs/lib:${LD_LIBRARY_PATH} PYTHONPATH=/home/jagdeesh/tracker/install/px4_msgs/local/lib/python3.10/dist-packages:${PYTHONPATH} /usr/bin/cmake /home/jagdeesh/tracker/src/px4-ros2-interface-lib/px4_ros2_cpp -DCMAKE_BUILD_TYPE=Release -DCMAKE_INSTALL_PREFIX=/home/jagdeesh/tracker/install/px4_ros2_cpp
[0.080s] -- The C compiler identification is GNU 11.4.0
[0.142s] -- The CXX compiler identification is GNU 11.4.0
[0.149s] -- Detecting C compiler ABI info
[0.230s] -- Detecting C compiler ABI info - done
[0.240s] -- Check for working C compiler: /usr/bin/cc - skipped
[0.240s] -- Detecting C compile features
[0.240s] -- Detecting C compile features - done
[0.244s] -- Detecting CXX compiler ABI info
[0.336s] -- Detecting CXX compiler ABI info - done
[0.346s] -- Check for working CXX compiler: /usr/bin/c++ - skipped
[0.347s] -- Detecting CXX compile features
[0.347s] -- Detecting CXX compile features - done
[0.350s] -- Found ament_cmake: 1.3.14 (/opt/ros/humble/share/ament_cmake/cmake)
[0.529s] -- Found Python3: /usr/bin/python3 (found version "3.10.12") found components: Interpreter 
[0.621s] -- Found ament_index_cpp: 1.4.1 (/opt/ros/humble/share/ament_index_cpp/cmake)
[0.623s] -- Found rclcpp: 16.0.18 (/opt/ros/humble/share/rclcpp/cmake)
[0.663s] -- Found rosidl_generator_c: 3.1.8 (/opt/ros/humble/share/rosidl_generator_c/cmake)
[0.668s] -- Found rosidl_adapter: 3.1.8 (/opt/ros/humble/share/rosidl_adapter/cmake)
[0.675s] -- Found rosidl_generator_cpp: 3.1.8 (/opt/ros/humble/share/rosidl_generator_cpp/cmake)
[0.685s] -- Using all available rosidl_typesupport_c: rosidl_typesupport_fastrtps_c;rosidl_typesupport_introspection_c
[0.698s] -- Using all available rosidl_typesupport_cpp: rosidl_typesupport_fastrtps_cpp;rosidl_typesupport_introspection_cpp
[0.735s] -- Found rmw_implementation_cmake: 6.1.2 (/opt/ros/humble/share/rmw_implementation_cmake/cmake)
[0.737s] -- Found rmw_fastrtps_cpp: 6.2.10 (/opt/ros/humble/share/rmw_fastrtps_cpp/cmake)
[0.824s] -- Found OpenSSL: /usr/lib/x86_64-linux-gnu/libcrypto.so (found version "3.0.2")  
[0.859s] -- Found FastRTPS: /opt/ros/humble/include  
[0.903s] -- Using RMW implementation 'rmw_fastrtps_cpp' as default
[0.909s] -- Looking for pthread.h
[0.974s] -- Looking for pthread.h - found
[0.975s] -- Performing Test CMAKE_HAVE_LIBC_PTHREAD
[1.052s] -- Performing Test CMAKE_HAVE_LIBC_PTHREAD - Success
[1.054s] -- Found Threads: TRUE  
[1.100s] -- Found px4_msgs: 2.0.1 (/home/jagdeesh/tracker/install/px4_msgs/share/px4_msgs/cmake)
[1.112s] -- Found eigen3_cmake_module: 0.1.1 (/opt/ros/humble/share/eigen3_cmake_module/cmake)
[1.119s] -- Found Eigen3: TRUE (found version "3.4.0") 
[1.121s] -- Found ament_lint_auto: 0.12.15 (/opt/ros/humble/share/ament_lint_auto/cmake)
[1.123s] -- Found ament_cmake_gtest: 1.3.14 (/opt/ros/humble/share/ament_cmake_gtest/cmake)
[1.192s] -- Found gtest sources under '/opt/ros/humble/src/gtest_vendor': C++ tests using 'Google Test' will be built
[1.200s] -- Added test 'copyright' to check source files copyright and LICENSE
[1.205s] -- Added test 'cppcheck' to perform static code analysis on C / C++ code
[1.205s] -- Configured cppcheck include dirs: /home/jagdeesh/tracker/src/px4-ros2-interface-lib/px4_ros2_cpp/include
[1.205s] -- Configured cppcheck exclude dirs and/or files: 
[1.210s] -- Added test 'cpplint' to check C / C++ code against the Google style
[1.210s] -- Configured cpplint exclude dirs and/or files: 
[1.212s] -- Added test 'lint_cmake' to check CMake code style
[1.218s] -- Added test 'uncrustify' to check C / C++ code style
[1.218s] -- Configured uncrustify additional arguments: 
[1.219s] -- Added test 'xmllint' to check XML markup files
[1.220s] -- Configuring done
[1.246s] -- Generating done
[1.254s] -- Build files have been written to: /home/jagdeesh/tracker/build/px4_ros2_cpp
[1.264s] Invoked command in '/home/jagdeesh/tracker/build/px4_ros2_cpp' returned '0': AMENT_PREFIX_PATH=/home/jagdeesh/tracker/install/px4_msgs:${AMENT_PREFIX_PATH} CMAKE_PREFIX_PATH=/home/jagdeesh/tracker/install/px4_msgs:/opt/ros/humble LD_LIBRARY_PATH=/home/jagdeesh/tracker/install/px4_msgs/lib:${LD_LIBRARY_PATH} PYTHONPATH=/home/jagdeesh/tracker/install/px4_msgs/local/lib/python3.10/dist-packages:${PYTHONPATH} /usr/bin/cmake /home/jagdeesh/tracker/src/px4-ros2-interface-lib/px4_ros2_cpp -DCMAKE_BUILD_TYPE=Release -DCMAKE_INSTALL_PREFIX=/home/jagdeesh/tracker/install/px4_ros2_cpp
[1.266s] Invoking command in '/home/jagdeesh/tracker/build/px4_ros2_cpp': AMENT_PREFIX_PATH=/home/jagdeesh/tracker/install/px4_msgs:${AMENT_PREFIX_PATH} CMAKE_PREFIX_PATH=/home/jagdeesh/tracker/install/px4_msgs:/opt/ros/humble LD_LIBRARY_PATH=/home/jagdeesh/tracker/install/px4_msgs/lib:${LD_LIBRARY_PATH} PYTHONPATH=/home/jagdeesh/tracker/install/px4_msgs/local/lib/python3.10/dist-packages:${PYTHONPATH} /usr/bin/cmake --build /home/jagdeesh/tracker/build/px4_ros2_cpp -- -j12 -l12
[1.278s] gmake[1]: Entering directory '/home/jagdeesh/tracker/build/px4_ros2_cpp'
[1.303s] gmake[2]: Entering directory '/home/jagdeesh/tracker/build/px4_ros2_cpp'
[1.304s] gmake[3]: Entering directory '/home/jagdeesh/tracker/build/px4_ros2_cpp'
[1.304s] gmake[3]: Entering directory '/home/jagdeesh/tracker/build/px4_ros2_cpp'
[1.304s] gmake[3]: Entering directory '/home/jagdeesh/tracker/build/px4_ros2_cpp'
[1.304s] gmake[3]: Entering directory '/home/jagdeesh/tracker/build/px4_ros2_cpp'
[1.304s] gmake[3]: Entering directory '/home/jagdeesh/tracker/build/px4_ros2_cpp'
[1.311s] gmake[3]: Leaving directory '/home/jagdeesh/tracker/build/px4_ros2_cpp'
[1.313s] gmake[3]: Entering directory '/home/jagdeesh/tracker/build/px4_ros2_cpp'
[1.313s] gmake[3]: Leaving directory '/home/jagdeesh/tracker/build/px4_ros2_cpp'
[1.313s] gmake[3]: Leaving directory '/home/jagdeesh/tracker/build/px4_ros2_cpp'
[1.314s] gmake[3]: Leaving directory '/home/jagdeesh/tracker/build/px4_ros2_cpp'
[1.314s] gmake[3]: Leaving directory '/home/jagdeesh/tracker/build/px4_ros2_cpp'
[1.315s] gmake[3]: Entering directory '/home/jagdeesh/tracker/build/px4_ros2_cpp'
[1.315s] gmake[3]: Entering directory '/home/jagdeesh/tracker/build/px4_ros2_cpp'
[1.315s] gmake[3]: Entering directory '/home/jagdeesh/tracker/build/px4_ros2_cpp'
[1.317s] gmake[3]: Entering directory '/home/jagdeesh/tracker/build/px4_ros2_cpp'
[1.322s] [  1%] [32mBuilding CXX object gtest/CMakeFiles/gtest_main.dir/src/gtest_main.cc.o[0m
[1.324s] [  3%] [32mBuilding CXX object CMakeFiles/integration_utils.dir/test/integration/util.cpp.o[0m
[1.325s] [  4%] [32mBuilding CXX object CMakeFiles/unit_utils.dir/test/unit/utils/util.cpp.o[0m
[1.327s] [  7%] [32mBuilding CXX object CMakeFiles/px4_ros2_cpp.dir/src/components/health_and_arming_checks.cpp.o[0m
[1.327s] [  9%] [32mBuilding CXX object CMakeFiles/px4_ros2_cpp.dir/src/components/manual_control_input.cpp.o[0m
[1.329s] [  6%] [32mBuilding CXX object gtest/CMakeFiles/gtest.dir/src/gtest-all.cc.o[0m
[1.329s] [ 10%] [32mBuilding CXX object CMakeFiles/px4_ros2_cpp.dir/src/components/mode.cpp.o[0m
[1.329s] [ 12%] [32mBuilding CXX object CMakeFiles/px4_ros2_cpp.dir/src/components/mode_executor.cpp.o[0m
[1.329s] [ 15%] [32mBuilding CXX object CMakeFiles/px4_ros2_cpp.dir/src/components/registration.cpp.o[0m
[1.329s] [ 15%] [32mBuilding CXX object CMakeFiles/px4_ros2_cpp.dir/src/components/message_compatibility_check.cpp.o[0m
[1.333s] [ 16%] [32mBuilding CXX object CMakeFiles/px4_ros2_cpp.dir/src/components/overrides.cpp.o[0m
[1.334s] [ 18%] [32mBuilding CXX object CMakeFiles/px4_ros2_cpp.dir/src/components/shared_vehicle_status.cpp.o[0m
[5.048s] [ 20%] [32m[1mLinking CXX static library libgtest_main.a[0m
[5.282s] gmake[3]: Leaving directory '/home/jagdeesh/tracker/build/px4_ros2_cpp'
[5.314s] [ 20%] Built target gtest_main
[5.333s] [ 21%] [32mBuilding CXX object CMakeFiles/px4_ros2_cpp.dir/src/components/wait_for_fmu.cpp.o[0m
[10.153s] [ 23%] [32m[1mLinking CXX shared library libunit_utils.so[0m
[10.536s] gmake[3]: Leaving directory '/home/jagdeesh/tracker/build/px4_ros2_cpp'
[10.575s] [ 23%] Built target unit_utils
[10.620s] [ 24%] [32mBuilding CXX object CMakeFiles/px4_ros2_cpp.dir/src/control/peripheral_actuators.cpp.o[0m
[16.824s] [ 26%] [32mBuilding CXX object CMakeFiles/px4_ros2_cpp.dir/src/control/setpoint_types/direct_actuators.cpp.o[0m
[28.860s] [ 27%] [32m[1mLinking CXX static library libgtest.a[0m
[29.050s] gmake[3]: Leaving directory '/home/jagdeesh/tracker/build/px4_ros2_cpp'
[29.073s] [ 27%] Built target gtest
[37.275s] [ 29%] [32m[1mLinking CXX shared library libintegration_utils.so[0m
[37.560s] gmake[3]: Leaving directory '/home/jagdeesh/tracker/build/px4_ros2_cpp'
[37.575s] [ 29%] Built target integration_utils
[45.334s] [ 30%] [32mBuilding CXX object CMakeFiles/px4_ros2_cpp.dir/src/control/setpoint_types/fixedwing/lateral_longitudinal.cpp.o[0m
[50.350s] [ 32%] [32mBuilding CXX object CMakeFiles/px4_ros2_cpp.dir/src/control/setpoint_types/multicopter/goto.cpp.o[0m
[51.363s] [ 33%] [32mBuilding CXX object CMakeFiles/px4_ros2_cpp.dir/src/control/setpoint_types/experimental/trajectory.cpp.o[0m
[52.377s] [ 35%] [32mBuilding CXX object CMakeFiles/px4_ros2_cpp.dir/src/control/setpoint_types/experimental/rover/throttle_steering.cpp.o[0m
[53.391s] [ 36%] [32mBuilding CXX object CMakeFiles/px4_ros2_cpp.dir/src/control/setpoint_types/experimental/rover/throttle_rate.cpp.o[0m
[54.408s] [ 38%] [32mBuilding CXX object CMakeFiles/px4_ros2_cpp.dir/src/control/setpoint_types/experimental/rover/throttle_attitude.cpp.o[0m
[54.675s] [ 40%] [32mBuilding CXX object CMakeFiles/px4_ros2_cpp.dir/src/control/setpoint_types/experimental/rover/speed_steering.cpp.o[0m
[55.694s] [ 41%] [32mBuilding CXX object CMakeFiles/px4_ros2_cpp.dir/src/control/vtol.cpp.o[0m
[56.716s] [ 43%] [32mBuilding CXX object CMakeFiles/px4_ros2_cpp.dir/src/control/setpoint_types/experimental/rover/speed_rate.cpp.o[0m
[57.734s] [ 44%] [32mBuilding CXX object CMakeFiles/px4_ros2_cpp.dir/src/control/setpoint_types/experimental/rover/speed_attitude.cpp.o[0m
[58.763s] [ 46%] [32mBuilding CXX object CMakeFiles/px4_ros2_cpp.dir/src/control/setpoint_types/experimental/rover/position.cpp.o[0m
[81.650s] [ 47%] [32mBuilding CXX object CMakeFiles/px4_ros2_cpp.dir/src/odometry/attitude.cpp.o[0m
[85.666s] [ 50%] [32mBuilding CXX object CMakeFiles/px4_ros2_cpp.dir/src/odometry/angular_velocity.cpp.o[0m
[85.666s] [ 50%] [32mBuilding CXX object CMakeFiles/px4_ros2_cpp.dir/src/odometry/global_position.cpp.o[0m
[86.682s] [ 53%] [32mBuilding CXX object CMakeFiles/px4_ros2_cpp.dir/src/odometry/airspeed.cpp.o[0m
[86.683s] [ 53%] [32mBuilding CXX object CMakeFiles/px4_ros2_cpp.dir/src/navigation/experimental/local_position_measurement_interface.cpp.o[0m
[87.707s] [ 55%] [32mBuilding CXX object CMakeFiles/px4_ros2_cpp.dir/src/mission/trajectory/multicopter/waypoint_trajectory_executor.cpp.o[0m
[87.726s] [ 56%] [32mBuilding CXX object CMakeFiles/px4_ros2_cpp.dir/src/navigation/experimental/global_position_measurement_interface.cpp.o[0m
[88.748s] [ 58%] [32mBuilding CXX object CMakeFiles/px4_ros2_cpp.dir/src/mission/mission.cpp.o[0m
[88.759s] [ 60%] [32mBuilding CXX object CMakeFiles/px4_ros2_cpp.dir/src/mission/mission_executor.cpp.o[0m
[89.813s] [ 61%] [32mBuilding CXX object CMakeFiles/px4_ros2_cpp.dir/src/mission/actions/default_actions.cpp.o[0m
[89.851s] [ 63%] [32mBuilding CXX object CMakeFiles/px4_ros2_cpp.dir/src/control/setpoint_types/experimental/rates.cpp.o[0m
[90.906s] [ 64%] [32mBuilding CXX object CMakeFiles/px4_ros2_cpp.dir/src/control/setpoint_types/experimental/attitude.cpp.o[0m
[126.310s] [ 66%] [32mBuilding CXX object CMakeFiles/px4_ros2_cpp.dir/src/utils/map_projection_impl.cpp.o[0m
[127.658s] [ 67%] [32mBuilding CXX object CMakeFiles/px4_ros2_cpp.dir/src/utils/geodesic.cpp.o[0m
[138.597s] [ 69%] [32mBuilding CXX object CMakeFiles/px4_ros2_cpp.dir/src/odometry/local_position.cpp.o[0m
[148.772s] [ 70%] [32m[1mLinking CXX shared library libpx4_ros2_cpp.so[0m
[149.449s] gmake[3]: Leaving directory '/home/jagdeesh/tracker/build/px4_ros2_cpp'
[149.459s] [ 70%] Built target px4_ros2_cpp
[149.462s] gmake[3]: Entering directory '/home/jagdeesh/tracker/build/px4_ros2_cpp'
[149.462s] gmake[3]: Entering directory '/home/jagdeesh/tracker/build/px4_ros2_cpp'
[149.469s] gmake[3]: Leaving directory '/home/jagdeesh/tracker/build/px4_ros2_cpp'
[149.470s] gmake[3]: Entering directory '/home/jagdeesh/tracker/build/px4_ros2_cpp'
[149.471s] gmake[3]: Leaving directory '/home/jagdeesh/tracker/build/px4_ros2_cpp'
[149.474s] gmake[3]: Entering directory '/home/jagdeesh/tracker/build/px4_ros2_cpp'
[149.484s] [ 72%] [32mBuilding CXX object CMakeFiles/integration_tests.dir/test/integration/arming_check.cpp.o[0m
[149.484s] [ 73%] [32mBuilding CXX object CMakeFiles/integration_tests.dir/test/integration/mode.cpp.o[0m
[149.485s] [ 75%] [32mBuilding CXX object CMakeFiles/integration_tests.dir/test/integration/local_navigation.cpp.o[0m
[149.487s] [ 78%] [32mBuilding CXX object CMakeFiles/px4_ros2_cpp_unit_tests.dir/test/unit/local_navigation.cpp.o[0m
[149.488s] [ 78%] [32mBuilding CXX object CMakeFiles/integration_tests.dir/test/integration/mission.cpp.o[0m
[149.488s] [ 80%] [32mBuilding CXX object CMakeFiles/integration_tests.dir/test/integration/overrides.cpp.o[0m
[149.488s] [ 81%] [32mBuilding CXX object CMakeFiles/integration_tests.dir/test/integration/mode_executor.cpp.o[0m
[149.489s] [ 83%] [32mBuilding CXX object CMakeFiles/px4_ros2_cpp_unit_tests.dir/test/unit/global_navigation.cpp.o[0m
[149.489s] [ 84%] [32mBuilding CXX object CMakeFiles/px4_ros2_cpp_unit_tests.dir/test/unit/modes.cpp.o[0m
[149.489s] [ 86%] [32mBuilding CXX object CMakeFiles/integration_tests.dir/test/integration/global_navigation.cpp.o[0m
[149.491s] [ 87%] [32mBuilding CXX object CMakeFiles/px4_ros2_cpp_unit_tests.dir/test/unit/mission_execution.cpp.o[0m
[149.495s] [ 89%] [32mBuilding CXX object CMakeFiles/px4_ros2_cpp_unit_tests.dir/test/unit/main.cpp.o[0m
[179.686s] [ 90%] [32mBuilding CXX object CMakeFiles/px4_ros2_cpp_unit_tests.dir/test/unit/utils/map_projection_impl.cpp.o[0m
[180.122s] [ 92%] [32m[1mLinking CXX executable integration_tests[0m
[180.537s] gmake[3]: Leaving directory '/home/jagdeesh/tracker/build/px4_ros2_cpp'
[180.548s] [ 92%] Built target integration_tests
[182.145s] [ 93%] [32mBuilding CXX object CMakeFiles/px4_ros2_cpp_unit_tests.dir/test/unit/utils/geometry.cpp.o[0m
[182.146s] [ 96%] [32mBuilding CXX object CMakeFiles/px4_ros2_cpp_unit_tests.dir/test/unit/utils/geodesic.cpp.o[0m
[182.146s] [ 96%] [32mBuilding CXX object CMakeFiles/px4_ros2_cpp_unit_tests.dir/test/unit/utils/frame_conversion.cpp.o[0m
[185.462s] [ 98%] [32mBuilding CXX object CMakeFiles/px4_ros2_cpp_unit_tests.dir/test/unit/shared_vehicle_status.cpp.o[0m
[195.886s] [100%] [32m[1mLinking CXX executable px4_ros2_cpp_unit_tests[0m
[196.158s] gmake[3]: Leaving directory '/home/jagdeesh/tracker/build/px4_ros2_cpp'
[196.167s] [100%] Built target px4_ros2_cpp_unit_tests
[196.167s] gmake[2]: Leaving directory '/home/jagdeesh/tracker/build/px4_ros2_cpp'
[196.174s] gmake[1]: Leaving directory '/home/jagdeesh/tracker/build/px4_ros2_cpp'
[196.176s] Invoked command in '/home/jagdeesh/tracker/build/px4_ros2_cpp' returned '0': AMENT_PREFIX_PATH=/home/jagdeesh/tracker/install/px4_msgs:${AMENT_PREFIX_PATH} CMAKE_PREFIX_PATH=/home/jagdeesh/tracker/install/px4_msgs:/opt/ros/humble LD_LIBRARY_PATH=/home/jagdeesh/tracker/install/px4_msgs/lib:${LD_LIBRARY_PATH} PYTHONPATH=/home/jagdeesh/tracker/install/px4_msgs/local/lib/python3.10/dist-packages:${PYTHONPATH} /usr/bin/cmake --build /home/jagdeesh/tracker/build/px4_ros2_cpp -- -j12 -l12
[196.178s] Invoking command in '/home/jagdeesh/tracker/build/px4_ros2_cpp': AMENT_PREFIX_PATH=/home/jagdeesh/tracker/install/px4_msgs:${AMENT_PREFIX_PATH} CMAKE_PREFIX_PATH=/home/jagdeesh/tracker/install/px4_msgs:/opt/ros/humble LD_LIBRARY_PATH=/home/jagdeesh/tracker/install/px4_msgs/lib:${LD_LIBRARY_PATH} PYTHONPATH=/home/jagdeesh/tracker/install/px4_msgs/local/lib/python3.10/dist-packages:${PYTHONPATH} /usr/bin/cmake --install /home/jagdeesh/tracker/build/px4_ros2_cpp
[196.186s] -- Install configuration: "Release"
[196.186s] -- Installing: /home/jagdeesh/tracker/install/px4_ros2_cpp/share/px4_ros2_cpp/environment/library_path.sh
[196.186s] -- Installing: /home/jagdeesh/tracker/install/px4_ros2_cpp/share/px4_ros2_cpp/environment/library_path.dsv
[196.186s] -- Installing: /home/jagdeesh/tracker/install/px4_ros2_cpp/include/px4_ros2
[196.187s] -- Installing: /home/jagdeesh/tracker/install/px4_ros2_cpp/include/px4_ros2/utils
[196.187s] -- Installing: /home/jagdeesh/tracker/install/px4_ros2_cpp/include/px4_ros2/utils/message_version.hpp
[196.187s] -- Installing: /home/jagdeesh/tracker/install/px4_ros2_cpp/include/px4_ros2/utils/geodesic.hpp
[196.187s] -- Installing: /home/jagdeesh/tracker/install/px4_ros2_cpp/include/px4_ros2/utils/subscription.hpp
[196.187s] -- Installing: /home/jagdeesh/tracker/install/px4_ros2_cpp/include/px4_ros2/utils/geometry.hpp
[196.187s] -- Installing: /home/jagdeesh/tracker/install/px4_ros2_cpp/include/px4_ros2/utils/visit.hpp
[196.187s] -- Installing: /home/jagdeesh/tracker/install/px4_ros2_cpp/include/px4_ros2/utils/frame_conversion.hpp
[196.187s] -- Installing: /home/jagdeesh/tracker/install/px4_ros2_cpp/include/px4_ros2/utils/groups.dox
[196.187s] -- Installing: /home/jagdeesh/tracker/install/px4_ros2_cpp/include/px4_ros2/third_party
[196.188s] -- Installing: /home/jagdeesh/tracker/install/px4_ros2_cpp/include/px4_ros2/third_party/nlohmann
[196.188s] -- Installing: /home/jagdeesh/tracker/install/px4_ros2_cpp/include/px4_ros2/third_party/nlohmann/json.hpp
[196.189s] -- Installing: /home/jagdeesh/tracker/install/px4_ros2_cpp/include/px4_ros2/third_party/nlohmann/json_fwd.hpp
[196.189s] -- Installing: /home/jagdeesh/tracker/install/px4_ros2_cpp/include/px4_ros2/mission
[196.189s] -- Installing: /home/jagdeesh/tracker/install/px4_ros2_cpp/include/px4_ros2/mission/mission.hpp
[196.189s] -- Installing: /home/jagdeesh/tracker/install/px4_ros2_cpp/include/px4_ros2/mission/mission_executor.hpp
[196.189s] -- Installing: /home/jagdeesh/tracker/install/px4_ros2_cpp/include/px4_ros2/mission/actions
[196.189s] -- Installing: /home/jagdeesh/tracker/install/px4_ros2_cpp/include/px4_ros2/mission/actions/action.hpp
[196.189s] -- Installing: /home/jagdeesh/tracker/install/px4_ros2_cpp/include/px4_ros2/mission/actions/default_actions.hpp
[196.189s] -- Installing: /home/jagdeesh/tracker/install/px4_ros2_cpp/include/px4_ros2/mission/actions/groups.dox
[196.190s] -- Installing: /home/jagdeesh/tracker/install/px4_ros2_cpp/include/px4_ros2/mission/trajectory
[196.190s] -- Installing: /home/jagdeesh/tracker/install/px4_ros2_cpp/include/px4_ros2/mission/trajectory/multicopter
[196.190s] -- Installing: /home/jagdeesh/tracker/install/px4_ros2_cpp/include/px4_ros2/mission/trajectory/multicopter/waypoint_trajectory_executor.hpp
[196.190s] -- Installing: /home/jagdeesh/tracker/install/px4_ros2_cpp/include/px4_ros2/mission/trajectory/multicopter/groups.dox
[196.190s] -- Installing: /home/jagdeesh/tracker/install/px4_ros2_cpp/include/px4_ros2/mission/trajectory/trajectory_executor.hpp
[196.190s] -- Installing: /home/jagdeesh/tracker/install/px4_ros2_cpp/include/px4_ros2/mission/groups.dox
[196.190s] -- Installing: /home/jagdeesh/tracker/install/px4_ros2_cpp/include/px4_ros2/navigation
[196.190s] -- Installing: /home/jagdeesh/tracker/install/px4_ros2_cpp/include/px4_ros2/navigation/experimental
[196.190s] -- Installing: /home/jagdeesh/tracker/install/px4_ros2_cpp/include/px4_ros2/navigation/experimental/navigation_interface_base.hpp
[196.190s] -- Installing: /home/jagdeesh/tracker/install/px4_ros2_cpp/include/px4_ros2/navigation/experimental/global_position_measurement_interface.hpp
[196.190s] -- Installing: /home/jagdeesh/tracker/install/px4_ros2_cpp/include/px4_ros2/navigation/experimental/local_position_measurement_interface.hpp
[196.190s] -- Installing: /home/jagdeesh/tracker/install/px4_ros2_cpp/include/px4_ros2/navigation/groups.dox
[196.191s] -- Installing: /home/jagdeesh/tracker/install/px4_ros2_cpp/include/px4_ros2/odometry
[196.191s] -- Installing: /home/jagdeesh/tracker/install/px4_ros2_cpp/include/px4_ros2/odometry/global_position.hpp
[196.191s] -- Installing: /home/jagdeesh/tracker/install/px4_ros2_cpp/include/px4_ros2/odometry/attitude.hpp
[196.191s] -- Installing: /home/jagdeesh/tracker/install/px4_ros2_cpp/include/px4_ros2/odometry/angular_velocity.hpp
[196.191s] -- Installing: /home/jagdeesh/tracker/install/px4_ros2_cpp/include/px4_ros2/odometry/airspeed.hpp
[196.191s] -- Installing: /home/jagdeesh/tracker/install/px4_ros2_cpp/include/px4_ros2/odometry/local_position.hpp
[196.191s] -- Installing: /home/jagdeesh/tracker/install/px4_ros2_cpp/include/px4_ros2/odometry/groups.dox
[196.191s] -- Installing: /home/jagdeesh/tracker/install/px4_ros2_cpp/include/px4_ros2/components
[196.191s] -- Installing: /home/jagdeesh/tracker/install/px4_ros2_cpp/include/px4_ros2/components/mode.hpp
[196.191s] -- Installing: /home/jagdeesh/tracker/install/px4_ros2_cpp/include/px4_ros2/components/manual_control_input.hpp
[196.191s] -- Installing: /home/jagdeesh/tracker/install/px4_ros2_cpp/include/px4_ros2/components/events.hpp
[196.191s] -- Installing: /home/jagdeesh/tracker/install/px4_ros2_cpp/include/px4_ros2/components/mode_executor.hpp
[196.191s] -- Installing: /home/jagdeesh/tracker/install/px4_ros2_cpp/include/px4_ros2/components/overrides.hpp
[196.191s] -- Installing: /home/jagdeesh/tracker/install/px4_ros2_cpp/include/px4_ros2/components/node_with_mode.hpp
[196.191s] -- Installing: /home/jagdeesh/tracker/install/px4_ros2_cpp/include/px4_ros2/components/message_compatibility_check.hpp
[196.191s] -- Installing: /home/jagdeesh/tracker/install/px4_ros2_cpp/include/px4_ros2/components/wait_for_fmu.hpp
[196.191s] -- Installing: /home/jagdeesh/tracker/install/px4_ros2_cpp/include/px4_ros2/components/health_and_arming_checks.hpp
[196.191s] -- Installing: /home/jagdeesh/tracker/install/px4_ros2_cpp/include/px4_ros2/components/groups.dox
[196.191s] -- Installing: /home/jagdeesh/tracker/install/px4_ros2_cpp/include/px4_ros2/common
[196.192s] -- Installing: /home/jagdeesh/tracker/install/px4_ros2_cpp/include/px4_ros2/common/setpoint_base.hpp
[196.192s] -- Installing: /home/jagdeesh/tracker/install/px4_ros2_cpp/include/px4_ros2/common/frame.hpp
[196.192s] -- Installing: /home/jagdeesh/tracker/install/px4_ros2_cpp/include/px4_ros2/common/context.hpp
[196.192s] -- Installing: /home/jagdeesh/tracker/install/px4_ros2_cpp/include/px4_ros2/common/exception.hpp
[196.192s] -- Installing: /home/jagdeesh/tracker/install/px4_ros2_cpp/include/px4_ros2/common/requirement_flags.hpp
[196.192s] -- Installing: /home/jagdeesh/tracker/install/px4_ros2_cpp/include/px4_ros2/control
[196.192s] -- Installing: /home/jagdeesh/tracker/install/px4_ros2_cpp/include/px4_ros2/control/vtol.hpp
[196.192s] -- Installing: /home/jagdeesh/tracker/install/px4_ros2_cpp/include/px4_ros2/control/peripheral_actuators.hpp
[196.192s] -- Installing: /home/jagdeesh/tracker/install/px4_ros2_cpp/include/px4_ros2/control/setpoint_types
[196.192s] -- Installing: /home/jagdeesh/tracker/install/px4_ros2_cpp/include/px4_ros2/control/setpoint_types/multicopter
[196.192s] -- Installing: /home/jagdeesh/tracker/install/px4_ros2_cpp/include/px4_ros2/control/setpoint_types/multicopter/goto.hpp
[196.192s] -- Installing: /home/jagdeesh/tracker/install/px4_ros2_cpp/include/px4_ros2/control/setpoint_types/experimental
[196.192s] -- Installing: /home/jagdeesh/tracker/install/px4_ros2_cpp/include/px4_ros2/control/setpoint_types/experimental/trajectory.hpp
[196.192s] -- Installing: /home/jagdeesh/tracker/install/px4_ros2_cpp/include/px4_ros2/control/setpoint_types/experimental/attitude.hpp
[196.192s] -- Installing: /home/jagdeesh/tracker/install/px4_ros2_cpp/include/px4_ros2/control/setpoint_types/experimental/rates.hpp
[196.192s] -- Installing: /home/jagdeesh/tracker/install/px4_ros2_cpp/include/px4_ros2/control/setpoint_types/experimental/rover
[196.192s] -- Installing: /home/jagdeesh/tracker/install/px4_ros2_cpp/include/px4_ros2/control/setpoint_types/experimental/rover/throttle_attitude.hpp
[196.193s] -- Installing: /home/jagdeesh/tracker/install/px4_ros2_cpp/include/px4_ros2/control/setpoint_types/experimental/rover/position.hpp
[196.193s] -- Installing: /home/jagdeesh/tracker/install/px4_ros2_cpp/include/px4_ros2/control/setpoint_types/experimental/rover/speed_rate.hpp
[196.193s] -- Installing: /home/jagdeesh/tracker/install/px4_ros2_cpp/include/px4_ros2/control/setpoint_types/experimental/rover/throttle_rate.hpp
[196.193s] -- Installing: /home/jagdeesh/tracker/install/px4_ros2_cpp/include/px4_ros2/control/setpoint_types/experimental/rover/speed_steering.hpp
[196.193s] -- Installing: /home/jagdeesh/tracker/install/px4_ros2_cpp/include/px4_ros2/control/setpoint_types/experimental/rover/speed_attitude.hpp
[196.193s] -- Installing: /home/jagdeesh/tracker/install/px4_ros2_cpp/include/px4_ros2/control/setpoint_types/experimental/rover/throttle_steering.hpp
[196.193s] -- Installing: /home/jagdeesh/tracker/install/px4_ros2_cpp/include/px4_ros2/control/setpoint_types/fixedwing
[196.193s] -- Installing: /home/jagdeesh/tracker/install/px4_ros2_cpp/include/px4_ros2/control/setpoint_types/fixedwing/lateral_longitudinal.hpp
[196.193s] -- Installing: /home/jagdeesh/tracker/install/px4_ros2_cpp/include/px4_ros2/control/setpoint_types/direct_actuators.hpp
[196.193s] -- Installing: /home/jagdeesh/tracker/install/px4_ros2_cpp/include/px4_ros2/control/setpoint_types/groups.dox
[196.194s] -- Installing: /home/jagdeesh/tracker/install/px4_ros2_cpp/include/px4_ros2/control/groups.dox
[196.194s] -- Installing: /home/jagdeesh/tracker/install/px4_ros2_cpp/include/px4_ros2/vehicle_state
[196.194s] -- Installing: /home/jagdeesh/tracker/install/px4_ros2_cpp/include/px4_ros2/vehicle_state/vtol_status.hpp
[196.194s] -- Installing: /home/jagdeesh/tracker/install/px4_ros2_cpp/include/px4_ros2/vehicle_state/land_detected.hpp
[196.194s] -- Installing: /home/jagdeesh/tracker/install/px4_ros2_cpp/include/px4_ros2/vehicle_state/battery.hpp
[196.194s] -- Installing: /home/jagdeesh/tracker/install/px4_ros2_cpp/include/px4_ros2/vehicle_state/vehicle_status.hpp
[196.195s] -- Installing: /home/jagdeesh/tracker/install/px4_ros2_cpp/include/px4_ros2/vehicle_state/home_position.hpp
[196.195s] -- Installing: /home/jagdeesh/tracker/install/px4_ros2_cpp/include/px4_ros2/vehicle_state/groups.dox
[196.195s] -- Installing: /home/jagdeesh/tracker/install/px4_ros2_cpp/lib/libpx4_ros2_cpp.so
[196.207s] -- Set runtime path of "/home/jagdeesh/tracker/install/px4_ros2_cpp/lib/libpx4_ros2_cpp.so" to ""
[196.208s] -- Installing: /home/jagdeesh/tracker/install/px4_ros2_cpp/share/ament_index/resource_index/package_run_dependencies/px4_ros2_cpp
[196.208s] -- Installing: /home/jagdeesh/tracker/install/px4_ros2_cpp/share/ament_index/resource_index/parent_prefix_path/px4_ros2_cpp
[196.209s] -- Installing: /home/jagdeesh/tracker/install/px4_ros2_cpp/share/px4_ros2_cpp/environment/ament_prefix_path.sh
[196.209s] -- Installing: /home/jagdeesh/tracker/install/px4_ros2_cpp/share/px4_ros2_cpp/environment/ament_prefix_path.dsv
[196.209s] -- Installing: /home/jagdeesh/tracker/install/px4_ros2_cpp/share/px4_ros2_cpp/environment/path.sh
[196.209s] -- Installing: /home/jagdeesh/tracker/install/px4_ros2_cpp/share/px4_ros2_cpp/environment/path.dsv
[196.209s] -- Installing: /home/jagdeesh/tracker/install/px4_ros2_cpp/share/px4_ros2_cpp/local_setup.bash
[196.209s] -- Installing: /home/jagdeesh/tracker/install/px4_ros2_cpp/share/px4_ros2_cpp/local_setup.sh
[196.209s] -- Installing: /home/jagdeesh/tracker/install/px4_ros2_cpp/share/px4_ros2_cpp/local_setup.zsh
[196.210s] -- Installing: /home/jagdeesh/tracker/install/px4_ros2_cpp/share/px4_ros2_cpp/local_setup.dsv
[196.210s] -- Installing: /home/jagdeesh/tracker/install/px4_ros2_cpp/share/px4_ros2_cpp/package.dsv
[196.210s] -- Installing: /home/jagdeesh/tracker/install/px4_ros2_cpp/share/ament_index/resource_index/packages/px4_ros2_cpp
[196.210s] -- Installing: /home/jagdeesh/tracker/install/px4_ros2_cpp/share/px4_ros2_cpp/cmake/px4_ros2_cppExport.cmake
[196.210s] -- Installing: /home/jagdeesh/tracker/install/px4_ros2_cpp/share/px4_ros2_cpp/cmake/px4_ros2_cppExport-release.cmake
[196.210s] -- Installing: /home/jagdeesh/tracker/install/px4_ros2_cpp/share/px4_ros2_cpp/cmake/ament_cmake_export_targets-extras.cmake
[196.211s] -- Installing: /home/jagdeesh/tracker/install/px4_ros2_cpp/share/px4_ros2_cpp/cmake/ament_cmake_export_dependencies-extras.cmake
[196.211s] -- Installing: /home/jagdeesh/tracker/install/px4_ros2_cpp/share/px4_ros2_cpp/cmake/px4_ros2_cppConfig.cmake
[196.211s] -- Installing: /home/jagdeesh/tracker/install/px4_ros2_cpp/share/px4_ros2_cpp/cmake/px4_ros2_cppConfig-version.cmake
[196.211s] -- Installing: /home/jagdeesh/tracker/install/px4_ros2_cpp/share/px4_ros2_cpp/package.xml
[196.213s] Invoked command in '/home/jagdeesh/tracker/build/px4_ros2_cpp' returned '0': AMENT_PREFIX_PATH=/home/jagdeesh/tracker/install/px4_msgs:${AMENT_PREFIX_PATH} CMAKE_PREFIX_PATH=/home/jagdeesh/tracker/install/px4_msgs:/opt/ros/humble LD_LIBRARY_PATH=/home/jagdeesh/tracker/install/px4_msgs/lib:${LD_LIBRARY_PATH} PYTHONPATH=/home/jagdeesh/tracker/install/px4_msgs/local/lib/python3.10/dist-packages:${PYTHONPATH} /usr/bin/cmake --install /home/jagdeesh/tracker/build/px4_ros2_cpp
