[100%] Built target precision_land
-- Install configuration: "Release"
-- Up-to-date: /home/jagdeesh/tracker/install/precision_land/lib/precision_land/precision_land
-- Up-to-date: /home/jagdeesh/tracker/install/precision_land/share/precision_land//launch
-- Up-to-date: /home/jagdeesh/tracker/install/precision_land/share/precision_land//launch/precision_landing_system.launch.py
-- Up-to-date: /home/jagdeesh/tracker/install/precision_land/share/precision_land//cfg
-- Up-to-date: /home/jagdeesh/tracker/install/precision_land/share/precision_land//cfg/bridge.yaml
-- Up-to-date: /home/jagdeesh/tracker/install/precision_land/share/precision_land//cfg/params.yaml
-- Up-to-date: /home/jagdeesh/tracker/install/precision_land/share/ament_index/resource_index/package_run_dependencies/precision_land
-- Up-to-date: /home/jagdeesh/tracker/install/precision_land/share/ament_index/resource_index/parent_prefix_path/precision_land
-- Up-to-date: /home/jagdeesh/tracker/install/precision_land/share/precision_land/environment/ament_prefix_path.sh
-- Up-to-date: /home/jagdeesh/tracker/install/precision_land/share/precision_land/environment/ament_prefix_path.dsv
-- Up-to-date: /home/jagdeesh/tracker/install/precision_land/share/precision_land/environment/path.sh
-- Up-to-date: /home/jagdeesh/tracker/install/precision_land/share/precision_land/environment/path.dsv
-- Up-to-date: /home/jagdeesh/tracker/install/precision_land/share/precision_land/local_setup.bash
-- Up-to-date: /home/jagdeesh/tracker/install/precision_land/share/precision_land/local_setup.sh
-- Up-to-date: /home/jagdeesh/tracker/install/precision_land/share/precision_land/local_setup.zsh
-- Up-to-date: /home/jagdeesh/tracker/install/precision_land/share/precision_land/local_setup.dsv
-- Up-to-date: /home/jagdeesh/tracker/install/precision_land/share/precision_land/package.dsv
-- Up-to-date: /home/jagdeesh/tracker/install/precision_land/share/ament_index/resource_index/packages/precision_land
-- Up-to-date: /home/jagdeesh/tracker/install/precision_land/share/precision_land/cmake/precision_landConfig.cmake
-- Up-to-date: /home/jagdeesh/tracker/install/precision_land/share/precision_land/cmake/precision_landConfig-version.cmake
-- Up-to-date: /home/jagdeesh/tracker/install/precision_land/share/precision_land/package.xml
