[0.013s] Invoking command in '/home/jagdeesh/tracker/build/example_rover_velocity_mode_cpp': AMENT_PREFIX_PATH=/home/jagdeesh/tracker/install/px4_ros2_cpp:/home/jagdeesh/tracker/install/px4_msgs:${AMENT_PREFIX_PATH} CMAKE_PREFIX_PATH=/home/jagdeesh/tracker/install/px4_ros2_cpp:/home/jagdeesh/tracker/install/px4_msgs:/opt/ros/humble LD_LIBRARY_PATH=/home/jagdeesh/tracker/install/px4_ros2_cpp/lib:/home/jagdeesh/tracker/install/px4_msgs/lib:${LD_LIBRARY_PATH} PYTHONPATH=/home/jagdeesh/tracker/install/px4_msgs/local/lib/python3.10/dist-packages:${PYTHONPATH} /usr/bin/cmake /home/jagdeesh/tracker/src/px4-ros2-interface-lib/examples/cpp/modes/rover_velocity -DCMAKE_BUILD_TYPE=Release -DCMAKE_INSTALL_PREFIX=/home/jagdeesh/tracker/install/example_rover_velocity_mode_cpp
[0.073s] -- The C compiler identification is GNU 11.4.0
[0.136s] -- The CXX compiler identification is GNU 11.4.0
[0.143s] -- Detecting C compiler ABI info
[0.223s] -- Detecting C compiler ABI info - done
[0.233s] -- Check for working C compiler: /usr/bin/cc - skipped
[0.234s] -- Detecting C compile features
[0.234s] -- Detecting C compile features - done
[0.238s] -- Detecting CXX compiler ABI info
[0.323s] -- Detecting CXX compiler ABI info - done
[0.331s] -- Check for working CXX compiler: /usr/bin/c++ - skipped
[0.331s] -- Detecting CXX compile features
[0.331s] -- Detecting CXX compile features - done
[0.333s] -- Found ament_cmake: 1.3.14 (/opt/ros/humble/share/ament_cmake/cmake)
[0.538s] -- Found Python3: /usr/bin/python3 (found version "3.10.12") found components: Interpreter 
[0.634s] -- Found rclcpp: 16.0.18 (/opt/ros/humble/share/rclcpp/cmake)
[0.680s] -- Found rosidl_generator_c: 3.1.8 (/opt/ros/humble/share/rosidl_generator_c/cmake)
[0.685s] -- Found rosidl_adapter: 3.1.8 (/opt/ros/humble/share/rosidl_adapter/cmake)
[0.693s] -- Found rosidl_generator_cpp: 3.1.8 (/opt/ros/humble/share/rosidl_generator_cpp/cmake)
[0.704s] -- Using all available rosidl_typesupport_c: rosidl_typesupport_fastrtps_c;rosidl_typesupport_introspection_c
[0.719s] -- Using all available rosidl_typesupport_cpp: rosidl_typesupport_fastrtps_cpp;rosidl_typesupport_introspection_cpp
[0.761s] -- Found rmw_implementation_cmake: 6.1.2 (/opt/ros/humble/share/rmw_implementation_cmake/cmake)
[0.763s] -- Found rmw_fastrtps_cpp: 6.2.10 (/opt/ros/humble/share/rmw_fastrtps_cpp/cmake)
[0.854s] -- Found OpenSSL: /usr/lib/x86_64-linux-gnu/libcrypto.so (found version "3.0.2")  
[0.891s] -- Found FastRTPS: /opt/ros/humble/include  
[0.935s] -- Using RMW implementation 'rmw_fastrtps_cpp' as default
[0.945s] -- Looking for pthread.h
[1.028s] -- Looking for pthread.h - found
[1.028s] -- Performing Test CMAKE_HAVE_LIBC_PTHREAD
[1.113s] -- Performing Test CMAKE_HAVE_LIBC_PTHREAD - Success
[1.114s] -- Found Threads: TRUE  
[1.163s] -- Found px4_ros2_cpp: 0.0.1 (/home/jagdeesh/tracker/install/px4_ros2_cpp/share/px4_ros2_cpp/cmake)
[1.189s] -- Found ament_lint_auto: 0.12.15 (/opt/ros/humble/share/ament_lint_auto/cmake)
[1.277s] -- Added test 'copyright' to check source files copyright and LICENSE
[1.278s] -- Added test 'cppcheck' to perform static code analysis on C / C++ code
[1.278s] -- Configured cppcheck include dirs: /home/jagdeesh/tracker/src/px4-ros2-interface-lib/examples/cpp/modes/rover_velocity/include
[1.278s] -- Configured cppcheck exclude dirs and/or files: 
[1.279s] -- Added test 'cpplint' to check C / C++ code against the Google style
[1.279s] -- Configured cpplint exclude dirs and/or files: 
[1.279s] -- Added test 'lint_cmake' to check CMake code style
[1.280s] -- Added test 'uncrustify' to check C / C++ code style
[1.280s] -- Configured uncrustify additional arguments: 
[1.280s] -- Added test 'xmllint' to check XML markup files
[1.281s] -- Configuring done
[1.289s] -- Generating done
[1.292s] -- Build files have been written to: /home/jagdeesh/tracker/build/example_rover_velocity_mode_cpp
[1.302s] Invoked command in '/home/jagdeesh/tracker/build/example_rover_velocity_mode_cpp' returned '0': AMENT_PREFIX_PATH=/home/jagdeesh/tracker/install/px4_ros2_cpp:/home/jagdeesh/tracker/install/px4_msgs:${AMENT_PREFIX_PATH} CMAKE_PREFIX_PATH=/home/jagdeesh/tracker/install/px4_ros2_cpp:/home/jagdeesh/tracker/install/px4_msgs:/opt/ros/humble LD_LIBRARY_PATH=/home/jagdeesh/tracker/install/px4_ros2_cpp/lib:/home/jagdeesh/tracker/install/px4_msgs/lib:${LD_LIBRARY_PATH} PYTHONPATH=/home/jagdeesh/tracker/install/px4_msgs/local/lib/python3.10/dist-packages:${PYTHONPATH} /usr/bin/cmake /home/jagdeesh/tracker/src/px4-ros2-interface-lib/examples/cpp/modes/rover_velocity -DCMAKE_BUILD_TYPE=Release -DCMAKE_INSTALL_PREFIX=/home/jagdeesh/tracker/install/example_rover_velocity_mode_cpp
[1.303s] Invoking command in '/home/jagdeesh/tracker/build/example_rover_velocity_mode_cpp': AMENT_PREFIX_PATH=/home/jagdeesh/tracker/install/px4_ros2_cpp:/home/jagdeesh/tracker/install/px4_msgs:${AMENT_PREFIX_PATH} CMAKE_PREFIX_PATH=/home/jagdeesh/tracker/install/px4_ros2_cpp:/home/jagdeesh/tracker/install/px4_msgs:/opt/ros/humble LD_LIBRARY_PATH=/home/jagdeesh/tracker/install/px4_ros2_cpp/lib:/home/jagdeesh/tracker/install/px4_msgs/lib:${LD_LIBRARY_PATH} PYTHONPATH=/home/jagdeesh/tracker/install/px4_msgs/local/lib/python3.10/dist-packages:${PYTHONPATH} /usr/bin/cmake --build /home/jagdeesh/tracker/build/example_rover_velocity_mode_cpp -- -j12 -l12
[1.315s] gmake[1]: Entering directory '/home/jagdeesh/tracker/build/example_rover_velocity_mode_cpp'
[1.336s] gmake[2]: Entering directory '/home/jagdeesh/tracker/build/example_rover_velocity_mode_cpp'
[1.337s] gmake[3]: Entering directory '/home/jagdeesh/tracker/build/example_rover_velocity_mode_cpp'
[1.347s] gmake[3]: Leaving directory '/home/jagdeesh/tracker/build/example_rover_velocity_mode_cpp'
[1.349s] gmake[3]: Entering directory '/home/jagdeesh/tracker/build/example_rover_velocity_mode_cpp'
[1.357s] [ 50%] [32mBuilding CXX object CMakeFiles/rover_velocity_mode.dir/src/main.cpp.o[0m
[5.561s] [100%] [32m[1mLinking CXX executable rover_velocity_mode[0m
[5.740s] gmake[3]: Leaving directory '/home/jagdeesh/tracker/build/example_rover_velocity_mode_cpp'
[5.749s] [100%] Built target rover_velocity_mode
[5.751s] gmake[2]: Leaving directory '/home/jagdeesh/tracker/build/example_rover_velocity_mode_cpp'
[5.759s] gmake[1]: Leaving directory '/home/jagdeesh/tracker/build/example_rover_velocity_mode_cpp'
[5.761s] Invoked command in '/home/jagdeesh/tracker/build/example_rover_velocity_mode_cpp' returned '0': AMENT_PREFIX_PATH=/home/jagdeesh/tracker/install/px4_ros2_cpp:/home/jagdeesh/tracker/install/px4_msgs:${AMENT_PREFIX_PATH} CMAKE_PREFIX_PATH=/home/jagdeesh/tracker/install/px4_ros2_cpp:/home/jagdeesh/tracker/install/px4_msgs:/opt/ros/humble LD_LIBRARY_PATH=/home/jagdeesh/tracker/install/px4_ros2_cpp/lib:/home/jagdeesh/tracker/install/px4_msgs/lib:${LD_LIBRARY_PATH} PYTHONPATH=/home/jagdeesh/tracker/install/px4_msgs/local/lib/python3.10/dist-packages:${PYTHONPATH} /usr/bin/cmake --build /home/jagdeesh/tracker/build/example_rover_velocity_mode_cpp -- -j12 -l12
[5.763s] Invoking command in '/home/jagdeesh/tracker/build/example_rover_velocity_mode_cpp': AMENT_PREFIX_PATH=/home/jagdeesh/tracker/install/px4_ros2_cpp:/home/jagdeesh/tracker/install/px4_msgs:${AMENT_PREFIX_PATH} CMAKE_PREFIX_PATH=/home/jagdeesh/tracker/install/px4_ros2_cpp:/home/jagdeesh/tracker/install/px4_msgs:/opt/ros/humble LD_LIBRARY_PATH=/home/jagdeesh/tracker/install/px4_ros2_cpp/lib:/home/jagdeesh/tracker/install/px4_msgs/lib:${LD_LIBRARY_PATH} PYTHONPATH=/home/jagdeesh/tracker/install/px4_msgs/local/lib/python3.10/dist-packages:${PYTHONPATH} /usr/bin/cmake --install /home/jagdeesh/tracker/build/example_rover_velocity_mode_cpp
[5.774s] -- Install configuration: "Release"
[5.774s] -- Installing: /home/jagdeesh/tracker/install/example_rover_velocity_mode_cpp/lib/example_rover_velocity_mode_cpp/rover_velocity_mode
[5.774s] -- Set runtime path of "/home/jagdeesh/tracker/install/example_rover_velocity_mode_cpp/lib/example_rover_velocity_mode_cpp/rover_velocity_mode" to ""
[5.774s] -- Installing: /home/jagdeesh/tracker/install/example_rover_velocity_mode_cpp/share/ament_index/resource_index/package_run_dependencies/example_rover_velocity_mode_cpp
[5.775s] -- Installing: /home/jagdeesh/tracker/install/example_rover_velocity_mode_cpp/share/ament_index/resource_index/parent_prefix_path/example_rover_velocity_mode_cpp
[5.775s] -- Installing: /home/jagdeesh/tracker/install/example_rover_velocity_mode_cpp/share/example_rover_velocity_mode_cpp/environment/ament_prefix_path.sh
[5.775s] -- Installing: /home/jagdeesh/tracker/install/example_rover_velocity_mode_cpp/share/example_rover_velocity_mode_cpp/environment/ament_prefix_path.dsv
[5.775s] -- Installing: /home/jagdeesh/tracker/install/example_rover_velocity_mode_cpp/share/example_rover_velocity_mode_cpp/environment/path.sh
[5.775s] -- Installing: /home/jagdeesh/tracker/install/example_rover_velocity_mode_cpp/share/example_rover_velocity_mode_cpp/environment/path.dsv
[5.776s] -- Installing: /home/jagdeesh/tracker/install/example_rover_velocity_mode_cpp/share/example_rover_velocity_mode_cpp/local_setup.bash
[5.776s] -- Installing: /home/jagdeesh/tracker/install/example_rover_velocity_mode_cpp/share/example_rover_velocity_mode_cpp/local_setup.sh
[5.776s] -- Installing: /home/jagdeesh/tracker/install/example_rover_velocity_mode_cpp/share/example_rover_velocity_mode_cpp/local_setup.zsh
[5.776s] -- Installing: /home/jagdeesh/tracker/install/example_rover_velocity_mode_cpp/share/example_rover_velocity_mode_cpp/local_setup.dsv
[5.776s] -- Installing: /home/jagdeesh/tracker/install/example_rover_velocity_mode_cpp/share/example_rover_velocity_mode_cpp/package.dsv
[5.776s] -- Installing: /home/jagdeesh/tracker/install/example_rover_velocity_mode_cpp/share/ament_index/resource_index/packages/example_rover_velocity_mode_cpp
[5.777s] -- Installing: /home/jagdeesh/tracker/install/example_rover_velocity_mode_cpp/share/example_rover_velocity_mode_cpp/cmake/example_rover_velocity_mode_cppConfig.cmake
[5.777s] -- Installing: /home/jagdeesh/tracker/install/example_rover_velocity_mode_cpp/share/example_rover_velocity_mode_cpp/cmake/example_rover_velocity_mode_cppConfig-version.cmake
[5.777s] -- Installing: /home/jagdeesh/tracker/install/example_rover_velocity_mode_cpp/share/example_rover_velocity_mode_cpp/package.xml
[5.780s] Invoked command in '/home/jagdeesh/tracker/build/example_rover_velocity_mode_cpp' returned '0': AMENT_PREFIX_PATH=/home/jagdeesh/tracker/install/px4_ros2_cpp:/home/jagdeesh/tracker/install/px4_msgs:${AMENT_PREFIX_PATH} CMAKE_PREFIX_PATH=/home/jagdeesh/tracker/install/px4_ros2_cpp:/home/jagdeesh/tracker/install/px4_msgs:/opt/ros/humble LD_LIBRARY_PATH=/home/jagdeesh/tracker/install/px4_ros2_cpp/lib:/home/jagdeesh/tracker/install/px4_msgs/lib:${LD_LIBRARY_PATH} PYTHONPATH=/home/jagdeesh/tracker/install/px4_msgs/local/lib/python3.10/dist-packages:${PYTHONPATH} /usr/bin/cmake --install /home/jagdeesh/tracker/build/example_rover_velocity_mode_cpp
