gmake[1]: Entering directory '/home/jagdeesh/tracker/build/example_mode_goto_cpp'
gmake[2]: Entering directory '/home/jagdeesh/tracker/build/example_mode_goto_cpp'
gmake[3]: Entering directory '/home/jagdeesh/tracker/build/example_mode_goto_cpp'
Consolidate compiler generated dependencies of target example_mode_goto
gmake[3]: Leaving directory '/home/jagdeesh/tracker/build/example_mode_goto_cpp'
[100%] Built target example_mode_goto
gmake[2]: Leaving directory '/home/jagdeesh/tracker/build/example_mode_goto_cpp'
gmake[1]: Leaving directory '/home/jagdeesh/tracker/build/example_mode_goto_cpp'
-- Install configuration: "Release"
-- Up-to-date: /home/jagdeesh/tracker/install/example_mode_goto_cpp/lib/example_mode_goto_cpp/example_mode_goto
-- Up-to-date: /home/jagdeesh/tracker/install/example_mode_goto_cpp/share/ament_index/resource_index/package_run_dependencies/example_mode_goto_cpp
-- Up-to-date: /home/jagdeesh/tracker/install/example_mode_goto_cpp/share/ament_index/resource_index/parent_prefix_path/example_mode_goto_cpp
-- Up-to-date: /home/jagdeesh/tracker/install/example_mode_goto_cpp/share/example_mode_goto_cpp/environment/ament_prefix_path.sh
-- Up-to-date: /home/jagdeesh/tracker/install/example_mode_goto_cpp/share/example_mode_goto_cpp/environment/ament_prefix_path.dsv
-- Up-to-date: /home/jagdeesh/tracker/install/example_mode_goto_cpp/share/example_mode_goto_cpp/environment/path.sh
-- Up-to-date: /home/jagdeesh/tracker/install/example_mode_goto_cpp/share/example_mode_goto_cpp/environment/path.dsv
-- Up-to-date: /home/jagdeesh/tracker/install/example_mode_goto_cpp/share/example_mode_goto_cpp/local_setup.bash
-- Up-to-date: /home/jagdeesh/tracker/install/example_mode_goto_cpp/share/example_mode_goto_cpp/local_setup.sh
-- Up-to-date: /home/jagdeesh/tracker/install/example_mode_goto_cpp/share/example_mode_goto_cpp/local_setup.zsh
-- Up-to-date: /home/jagdeesh/tracker/install/example_mode_goto_cpp/share/example_mode_goto_cpp/local_setup.dsv
-- Installing: /home/jagdeesh/tracker/install/example_mode_goto_cpp/share/example_mode_goto_cpp/package.dsv
-- Up-to-date: /home/jagdeesh/tracker/install/example_mode_goto_cpp/share/ament_index/resource_index/packages/example_mode_goto_cpp
-- Up-to-date: /home/jagdeesh/tracker/install/example_mode_goto_cpp/share/example_mode_goto_cpp/cmake/example_mode_goto_cppConfig.cmake
-- Up-to-date: /home/jagdeesh/tracker/install/example_mode_goto_cpp/share/example_mode_goto_cpp/cmake/example_mode_goto_cppConfig-version.cmake
-- Up-to-date: /home/jagdeesh/tracker/install/example_mode_goto_cpp/share/example_mode_goto_cpp/package.xml
