[0.113s] Invoking command in '/home/jagdeesh/tracker/build/precision_land': AMENT_PREFIX_PATH=/home/jagdeesh/tracker/install/px4_ros2_cpp:/home/jagdeesh/tracker/install/px4_msgs CMAKE_PREFIX_PATH=/home/jagdeesh/tracker/install/px4_ros2_cpp:/home/jagdeesh/tracker/install/px4_msgs LD_LIBRARY_PATH=/home/jagdeesh/tracker/install/px4_ros2_cpp/lib:/home/jagdeesh/tracker/install/px4_msgs/lib PYTHONPATH=/home/jagdeesh/tracker/install/px4_msgs/local/lib/python3.10/dist-packages /usr/bin/cmake /home/jagdeesh/tracker/fixed_src/precision_land -DCMAKE_INSTALL_PREFIX=/home/jagdeesh/tracker/install/precision_land
[0.192s] -- Found ament_cmake: 1.3.14 (/opt/ros/humble/share/ament_cmake/cmake)
[1.062s] Traceback (most recent call last):
[1.062s]   File "/opt/ros/humble/share/ament_cmake_core/cmake/package_templates/templates_2_cmake.py", line 21, in <module>
[1.063s]     from ament_package.templates import get_environment_hook_template_path
[1.063s] ModuleNotFoundError: No module named 'ament_package'
[1.139s] CMake Error at /opt/ros/humble/share/ament_cmake_core/cmake/ament_cmake_package_templates-extras.cmake:41 (message):
[1.140s]   execute_process(/usr/bin/python3
[1.140s]   /opt/ros/humble/share/ament_cmake_core/cmake/package_templates/templates_2_cmake.py
[1.143s]   /home/jagdeesh/tracker/build/precision_land/ament_cmake_package_templates/templates.cmake)
[1.143s]   returned error code 1
[1.144s] Call Stack (most recent call first):
[1.145s]   /opt/ros/humble/share/ament_cmake_core/cmake/ament_cmake_coreConfig.cmake:41 (include)
[1.146s]   /opt/ros/humble/share/ament_cmake/cmake/ament_cmake_export_dependencies-extras.cmake:15 (find_package)
[1.146s]   /opt/ros/humble/share/ament_cmake/cmake/ament_cmakeConfig.cmake:41 (include)
[1.148s]   CMakeLists.txt:8 (find_package)
[1.150s] 
[1.153s] 
[1.153s] -- Configuring incomplete, errors occurred!
[1.154s] See also "/home/jagdeesh/tracker/build/precision_land/CMakeFiles/CMakeOutput.log".
