[0.034s] Invoking command in '/home/jagdeesh/tracker/build/ros_ign_bridge': AMENT_PREFIX_PATH=/home/jagdeesh/tracker/install/ros_gz_bridge:/home/jagdeesh/tracker/install/ros_gz_interfaces:${AMENT_PREFIX_PATH} CMAKE_PREFIX_PATH=/home/jagdeesh/tracker/install/ros_gz_bridge:/home/jagdeesh/tracker/install/ros_gz_interfaces:/opt/ros/humble LD_LIBRARY_PATH=/home/jagdeesh/tracker/install/ros_gz_bridge/lib:/home/jagdeesh/tracker/install/ros_gz_interfaces/lib:${LD_LIBRARY_PATH} PYTHONPATH=/home/jagdeesh/tracker/install/ros_gz_interfaces/local/lib/python3.10/dist-packages:${PYTHONPATH} /usr/bin/cmake /home/jagdeesh/tracker/src/ros_gz/ros_ign_bridge -DCMAKE_INSTALL_PREFIX=/home/jagdeesh/tracker/install/ros_ign_bridge
[0.076s] -- Found ament_cmake: 1.3.14 (/opt/ros/humble/share/ament_cmake/cmake)
[0.471s] -- Found ament_index_cpp: 1.4.1 (/opt/ros/humble/share/ament_index_cpp/cmake)
[0.669s] -- Configuring done
[0.687s] -- Generating done
[0.698s] -- Build files have been written to: /home/jagdeesh/tracker/build/ros_ign_bridge
[0.715s] Invoked command in '/home/jagdeesh/tracker/build/ros_ign_bridge' returned '0': AMENT_PREFIX_PATH=/home/jagdeesh/tracker/install/ros_gz_bridge:/home/jagdeesh/tracker/install/ros_gz_interfaces:${AMENT_PREFIX_PATH} CMAKE_PREFIX_PATH=/home/jagdeesh/tracker/install/ros_gz_bridge:/home/jagdeesh/tracker/install/ros_gz_interfaces:/opt/ros/humble LD_LIBRARY_PATH=/home/jagdeesh/tracker/install/ros_gz_bridge/lib:/home/jagdeesh/tracker/install/ros_gz_interfaces/lib:${LD_LIBRARY_PATH} PYTHONPATH=/home/jagdeesh/tracker/install/ros_gz_interfaces/local/lib/python3.10/dist-packages:${PYTHONPATH} /usr/bin/cmake /home/jagdeesh/tracker/src/ros_gz/ros_ign_bridge -DCMAKE_INSTALL_PREFIX=/home/jagdeesh/tracker/install/ros_ign_bridge
[0.716s] Invoking command in '/home/jagdeesh/tracker/build/ros_ign_bridge': AMENT_PREFIX_PATH=/home/jagdeesh/tracker/install/ros_gz_bridge:/home/jagdeesh/tracker/install/ros_gz_interfaces:${AMENT_PREFIX_PATH} CMAKE_PREFIX_PATH=/home/jagdeesh/tracker/install/ros_gz_bridge:/home/jagdeesh/tracker/install/ros_gz_interfaces:/opt/ros/humble LD_LIBRARY_PATH=/home/jagdeesh/tracker/install/ros_gz_bridge/lib:/home/jagdeesh/tracker/install/ros_gz_interfaces/lib:${LD_LIBRARY_PATH} PYTHONPATH=/home/jagdeesh/tracker/install/ros_gz_interfaces/local/lib/python3.10/dist-packages:${PYTHONPATH} /usr/bin/cmake --build /home/jagdeesh/tracker/build/ros_ign_bridge -- -j12 -l12
[0.820s] [35m[1mConsolidate compiler generated dependencies of target parameter_bridge[0m
[0.829s] [35m[1mConsolidate compiler generated dependencies of target static_bridge[0m
[0.855s] [ 50%] Built target parameter_bridge
[0.858s] [100%] Built target static_bridge
[0.883s] Invoked command in '/home/jagdeesh/tracker/build/ros_ign_bridge' returned '0': AMENT_PREFIX_PATH=/home/jagdeesh/tracker/install/ros_gz_bridge:/home/jagdeesh/tracker/install/ros_gz_interfaces:${AMENT_PREFIX_PATH} CMAKE_PREFIX_PATH=/home/jagdeesh/tracker/install/ros_gz_bridge:/home/jagdeesh/tracker/install/ros_gz_interfaces:/opt/ros/humble LD_LIBRARY_PATH=/home/jagdeesh/tracker/install/ros_gz_bridge/lib:/home/jagdeesh/tracker/install/ros_gz_interfaces/lib:${LD_LIBRARY_PATH} PYTHONPATH=/home/jagdeesh/tracker/install/ros_gz_interfaces/local/lib/python3.10/dist-packages:${PYTHONPATH} /usr/bin/cmake --build /home/jagdeesh/tracker/build/ros_ign_bridge -- -j12 -l12
[0.891s] Invoking command in '/home/jagdeesh/tracker/build/ros_ign_bridge': AMENT_PREFIX_PATH=/home/jagdeesh/tracker/install/ros_gz_bridge:/home/jagdeesh/tracker/install/ros_gz_interfaces:${AMENT_PREFIX_PATH} CMAKE_PREFIX_PATH=/home/jagdeesh/tracker/install/ros_gz_bridge:/home/jagdeesh/tracker/install/ros_gz_interfaces:/opt/ros/humble LD_LIBRARY_PATH=/home/jagdeesh/tracker/install/ros_gz_bridge/lib:/home/jagdeesh/tracker/install/ros_gz_interfaces/lib:${LD_LIBRARY_PATH} PYTHONPATH=/home/jagdeesh/tracker/install/ros_gz_interfaces/local/lib/python3.10/dist-packages:${PYTHONPATH} /usr/bin/cmake --install /home/jagdeesh/tracker/build/ros_ign_bridge
[0.905s] -- Install configuration: "Release"
[0.908s] -- Up-to-date: /home/jagdeesh/tracker/install/ros_ign_bridge/lib/ros_ign_bridge/parameter_bridge
[0.908s] -- Up-to-date: /home/jagdeesh/tracker/install/ros_ign_bridge/lib/ros_ign_bridge/static_bridge
[0.908s] -- Up-to-date: /home/jagdeesh/tracker/install/ros_ign_bridge/share/ament_index/resource_index/package_run_dependencies/ros_ign_bridge
[0.908s] -- Up-to-date: /home/jagdeesh/tracker/install/ros_ign_bridge/share/ament_index/resource_index/parent_prefix_path/ros_ign_bridge
[0.908s] -- Up-to-date: /home/jagdeesh/tracker/install/ros_ign_bridge/share/ros_ign_bridge/environment/ament_prefix_path.sh
[0.908s] -- Installing: /home/jagdeesh/tracker/install/ros_ign_bridge/share/ros_ign_bridge/environment/ament_prefix_path.dsv
[0.918s] -- Up-to-date: /home/jagdeesh/tracker/install/ros_ign_bridge/share/ros_ign_bridge/environment/path.sh
[0.919s] -- Installing: /home/jagdeesh/tracker/install/ros_ign_bridge/share/ros_ign_bridge/environment/path.dsv
[0.919s] -- Up-to-date: /home/jagdeesh/tracker/install/ros_ign_bridge/share/ros_ign_bridge/local_setup.bash
[0.919s] -- Up-to-date: /home/jagdeesh/tracker/install/ros_ign_bridge/share/ros_ign_bridge/local_setup.sh
[0.919s] -- Up-to-date: /home/jagdeesh/tracker/install/ros_ign_bridge/share/ros_ign_bridge/local_setup.zsh
[0.919s] -- Installing: /home/jagdeesh/tracker/install/ros_ign_bridge/share/ros_ign_bridge/local_setup.dsv
[0.920s] -- Installing: /home/jagdeesh/tracker/install/ros_ign_bridge/share/ros_ign_bridge/package.dsv
[0.920s] -- Up-to-date: /home/jagdeesh/tracker/install/ros_ign_bridge/share/ament_index/resource_index/packages/ros_ign_bridge
[0.920s] -- Up-to-date: /home/jagdeesh/tracker/install/ros_ign_bridge/share/ros_ign_bridge/cmake/ament_cmake_export_dependencies-extras.cmake
[0.921s] -- Up-to-date: /home/jagdeesh/tracker/install/ros_ign_bridge/share/ros_ign_bridge/cmake/ros_ign_bridgeConfig.cmake
[0.921s] -- Up-to-date: /home/jagdeesh/tracker/install/ros_ign_bridge/share/ros_ign_bridge/cmake/ros_ign_bridgeConfig-version.cmake
[0.921s] -- Up-to-date: /home/jagdeesh/tracker/install/ros_ign_bridge/share/ros_ign_bridge/package.xml
[0.921s] Invoked command in '/home/jagdeesh/tracker/build/ros_ign_bridge' returned '0': AMENT_PREFIX_PATH=/home/jagdeesh/tracker/install/ros_gz_bridge:/home/jagdeesh/tracker/install/ros_gz_interfaces:${AMENT_PREFIX_PATH} CMAKE_PREFIX_PATH=/home/jagdeesh/tracker/install/ros_gz_bridge:/home/jagdeesh/tracker/install/ros_gz_interfaces:/opt/ros/humble LD_LIBRARY_PATH=/home/jagdeesh/tracker/install/ros_gz_bridge/lib:/home/jagdeesh/tracker/install/ros_gz_interfaces/lib:${LD_LIBRARY_PATH} PYTHONPATH=/home/jagdeesh/tracker/install/ros_gz_interfaces/local/lib/python3.10/dist-packages:${PYTHONPATH} /usr/bin/cmake --install /home/jagdeesh/tracker/build/ros_ign_bridge
