-- The C compiler identification is GNU 11.4.0
-- The CXX compiler identification is GNU 11.4.0
-- Detecting C compiler ABI info
-- Detecting C compiler ABI info - done
-- Check for working C compiler: /usr/bin/cc - skipped
-- Detecting C compile features
-- Detecting C compile features - done
-- Detecting CXX compiler ABI info
-- Detecting CXX compiler ABI info - done
-- Check for working CXX compiler: /usr/bin/c++ - skipped
-- Detecting CXX compile features
-- Detecting CXX compile features - done
-- Found ament_cmake_python: 1.3.14 (/opt/ros/humble/share/ament_cmake_python/cmake)
-- Found ament_cmake_ros: 0.10.0 (/opt/ros/humble/share/ament_cmake_ros/cmake)
-- Found Python3: /usr/bin/python3 (found version "3.10.12") found components: Interpreter 
-- Found OpenCV: /usr/local (found version "4.10.0") found components: calib3d core highgui imgproc 
-- Found sensor_msgs: 4.9.1 (/opt/ros/humble/share/sensor_msgs/cmake)
-- Found rosidl_generator_c: 3.1.8 (/opt/ros/humble/share/rosidl_generator_c/cmake)
-- Found rosidl_adapter: 3.1.8 (/opt/ros/humble/share/rosidl_adapter/cmake)
-- Found rosidl_generator_cpp: 3.1.8 (/opt/ros/humble/share/rosidl_generator_cpp/cmake)
-- Using all available rosidl_typesupport_c: rosidl_typesupport_fastrtps_c;rosidl_typesupport_introspection_c
-- Using all available rosidl_typesupport_cpp: rosidl_typesupport_fastrtps_cpp;rosidl_typesupport_introspection_cpp
[33mCMake Warning at /opt/ros/humble/share/ament_cmake_pytest/cmake/ament_add_pytest_test.cmake:79 (message):
  The Python module 'pytest' was not found, pytests cannot be run.  On Linux,
  install the 'python3-pytest' package.  On other platforms, install 'pytest'
  using pip.
Call Stack (most recent call first):
  test/CMakeLists.txt:4 (ament_add_pytest_test)

[0m
-- Found gtest sources under '/opt/ros/humble/src/gtest_vendor': C++ tests using 'Google Test' will be built
-- Looking for pthread.h
-- Looking for pthread.h - found
-- Performing Test CMAKE_HAVE_LIBC_PTHREAD
-- Performing Test CMAKE_HAVE_LIBC_PTHREAD - Success
-- Found Threads: TRUE  
-- Configuring done
-- Generating done
-- Build files have been written to: /home/jagdeesh/tracker/build/image_geometry
gmake[1]: Entering directory '/home/jagdeesh/tracker/build/image_geometry'
gmake[2]: Entering directory '/home/jagdeesh/tracker/build/image_geometry'
gmake[3]: Entering directory '/home/jagdeesh/tracker/build/image_geometry'
gmake[3]: Entering directory '/home/jagdeesh/tracker/build/image_geometry'
gmake[3]: Entering directory '/home/jagdeesh/tracker/build/image_geometry'
gmake[3]: Entering directory '/home/jagdeesh/tracker/build/image_geometry'
gmake[3]: Leaving directory '/home/jagdeesh/tracker/build/image_geometry'
gmake[3]: Leaving directory '/home/jagdeesh/tracker/build/image_geometry'
gmake[3]: Leaving directory '/home/jagdeesh/tracker/build/image_geometry'
gmake[3]: Leaving directory '/home/jagdeesh/tracker/build/image_geometry'
gmake[3]: Entering directory '/home/jagdeesh/tracker/build/image_geometry'
gmake[3]: Entering directory '/home/jagdeesh/tracker/build/image_geometry'
gmake[3]: Entering directory '/home/jagdeesh/tracker/build/image_geometry'
gmake[3]: Entering directory '/home/jagdeesh/tracker/build/image_geometry'
[  9%] [32mBuilding CXX object CMakeFiles/image_geometry.dir/src/stereo_camera_model.cpp.o[0m
[ 18%] [32mBuilding CXX object CMakeFiles/image_geometry.dir/src/pinhole_camera_model.cpp.o[0m
[ 36%] [32mBuilding CXX object gtest/CMakeFiles/gtest_main.dir/src/gtest_main.cc.o[0m
[ 36%] [32mBuilding CXX object gtest/CMakeFiles/gtest.dir/src/gtest-all.cc.o[0m
gmake[3]: Leaving directory '/home/jagdeesh/tracker/build/image_geometry'
[ 36%] Built target ament_cmake_python_copy_image_geometry
gmake[3]: Entering directory '/home/jagdeesh/tracker/build/image_geometry'
gmake[3]: Leaving directory '/home/jagdeesh/tracker/build/image_geometry'
gmake[3]: Entering directory '/home/jagdeesh/tracker/build/image_geometry'
running egg_info
creating image_geometry.egg-info
writing image_geometry.egg-info/PKG-INFO
writing dependency_links to image_geometry.egg-info/dependency_links.txt
writing top-level names to image_geometry.egg-info/top_level.txt
writing manifest file 'image_geometry.egg-info/SOURCES.txt'
reading manifest file 'image_geometry.egg-info/SOURCES.txt'
writing manifest file 'image_geometry.egg-info/SOURCES.txt'
gmake[3]: Leaving directory '/home/jagdeesh/tracker/build/image_geometry'
[ 36%] Built target ament_cmake_python_build_image_geometry_egg
[ 45%] [32m[1mLinking CXX static library libgtest_main.a[0m
gmake[3]: Leaving directory '/home/jagdeesh/tracker/build/image_geometry'
[ 45%] Built target gtest_main
[ 54%] [32m[1mLinking CXX shared library libimage_geometry.so[0m
gmake[3]: Leaving directory '/home/jagdeesh/tracker/build/image_geometry'
[ 54%] Built target image_geometry
[ 63%] [32m[1mLinking CXX static library libgtest.a[0m
gmake[3]: Leaving directory '/home/jagdeesh/tracker/build/image_geometry'
[ 63%] Built target gtest
gmake[3]: Entering directory '/home/jagdeesh/tracker/build/image_geometry'
gmake[3]: Entering directory '/home/jagdeesh/tracker/build/image_geometry'
gmake[3]: Leaving directory '/home/jagdeesh/tracker/build/image_geometry'
gmake[3]: Leaving directory '/home/jagdeesh/tracker/build/image_geometry'
gmake[3]: Entering directory '/home/jagdeesh/tracker/build/image_geometry'
gmake[3]: Entering directory '/home/jagdeesh/tracker/build/image_geometry'
[ 72%] [32mBuilding CXX object test/CMakeFiles/image_geometry-utest-equi.dir/utest_equi.cpp.o[0m
[ 81%] [32mBuilding CXX object test/CMakeFiles/image_geometry-utest.dir/utest.cpp.o[0m
[ 90%] [32m[1mLinking CXX executable image_geometry-utest-equi[0m
gmake[3]: Leaving directory '/home/jagdeesh/tracker/build/image_geometry'
[ 90%] Built target image_geometry-utest-equi
[100%] [32m[1mLinking CXX executable image_geometry-utest[0m
gmake[3]: Leaving directory '/home/jagdeesh/tracker/build/image_geometry'
[100%] Built target image_geometry-utest
gmake[2]: Leaving directory '/home/jagdeesh/tracker/build/image_geometry'
gmake[1]: Leaving directory '/home/jagdeesh/tracker/build/image_geometry'
-- Install configuration: "Release"
-- Installing: /home/jagdeesh/tracker/install/image_geometry/share/image_geometry/environment/pythonpath.sh
-- Installing: /home/jagdeesh/tracker/install/image_geometry/share/image_geometry/environment/pythonpath.dsv
-- Installing: /home/jagdeesh/tracker/install/image_geometry/local/lib/python3.10/dist-packages/image_geometry-4.1.0-py3.10.egg-info
-- Installing: /home/jagdeesh/tracker/install/image_geometry/local/lib/python3.10/dist-packages/image_geometry-4.1.0-py3.10.egg-info/SOURCES.txt
-- Installing: /home/jagdeesh/tracker/install/image_geometry/local/lib/python3.10/dist-packages/image_geometry-4.1.0-py3.10.egg-info/dependency_links.txt
-- Installing: /home/jagdeesh/tracker/install/image_geometry/local/lib/python3.10/dist-packages/image_geometry-4.1.0-py3.10.egg-info/top_level.txt
-- Installing: /home/jagdeesh/tracker/install/image_geometry/local/lib/python3.10/dist-packages/image_geometry-4.1.0-py3.10.egg-info/PKG-INFO
-- Installing: /home/jagdeesh/tracker/install/image_geometry/local/lib/python3.10/dist-packages/image_geometry
-- Installing: /home/jagdeesh/tracker/install/image_geometry/local/lib/python3.10/dist-packages/image_geometry/__init__.py
-- Installing: /home/jagdeesh/tracker/install/image_geometry/local/lib/python3.10/dist-packages/image_geometry/cameramodels.py
Listing '/home/jagdeesh/tracker/install/image_geometry/local/lib/python3.10/dist-packages/image_geometry'...
Compiling '/home/jagdeesh/tracker/install/image_geometry/local/lib/python3.10/dist-packages/image_geometry/__init__.py'...
Compiling '/home/jagdeesh/tracker/install/image_geometry/local/lib/python3.10/dist-packages/image_geometry/cameramodels.py'...
-- Installing: /home/jagdeesh/tracker/install/image_geometry/include/image_geometry
-- Installing: /home/jagdeesh/tracker/install/image_geometry/include/image_geometry/image_geometry
-- Installing: /home/jagdeesh/tracker/install/image_geometry/include/image_geometry/image_geometry/pinhole_camera_model.hpp
-- Installing: /home/jagdeesh/tracker/install/image_geometry/include/image_geometry/image_geometry/visibility_control.hpp
-- Installing: /home/jagdeesh/tracker/install/image_geometry/include/image_geometry/image_geometry/stereo_camera_model.hpp
-- Installing: /home/jagdeesh/tracker/install/image_geometry/lib/libimage_geometry.so
-- Set runtime path of "/home/jagdeesh/tracker/install/image_geometry/lib/libimage_geometry.so" to ""
-- Installing: /home/jagdeesh/tracker/install/image_geometry/share/ament_index/resource_index/package_run_dependencies/image_geometry
-- Installing: /home/jagdeesh/tracker/install/image_geometry/share/ament_index/resource_index/parent_prefix_path/image_geometry
-- Installing: /home/jagdeesh/tracker/install/image_geometry/share/image_geometry/environment/ament_prefix_path.sh
-- Installing: /home/jagdeesh/tracker/install/image_geometry/share/image_geometry/environment/ament_prefix_path.dsv
-- Installing: /home/jagdeesh/tracker/install/image_geometry/share/image_geometry/environment/path.sh
-- Installing: /home/jagdeesh/tracker/install/image_geometry/share/image_geometry/environment/path.dsv
-- Installing: /home/jagdeesh/tracker/install/image_geometry/share/image_geometry/local_setup.bash
-- Installing: /home/jagdeesh/tracker/install/image_geometry/share/image_geometry/local_setup.sh
-- Installing: /home/jagdeesh/tracker/install/image_geometry/share/image_geometry/local_setup.zsh
-- Installing: /home/jagdeesh/tracker/install/image_geometry/share/image_geometry/local_setup.dsv
-- Installing: /home/jagdeesh/tracker/install/image_geometry/share/image_geometry/package.dsv
-- Installing: /home/jagdeesh/tracker/install/image_geometry/share/ament_index/resource_index/packages/image_geometry
-- Installing: /home/jagdeesh/tracker/install/image_geometry/share/image_geometry/cmake/export_image_geometryExport.cmake
-- Installing: /home/jagdeesh/tracker/install/image_geometry/share/image_geometry/cmake/export_image_geometryExport-release.cmake
-- Installing: /home/jagdeesh/tracker/install/image_geometry/share/image_geometry/cmake/ament_cmake_export_targets-extras.cmake
-- Installing: /home/jagdeesh/tracker/install/image_geometry/share/image_geometry/cmake/ament_cmake_export_dependencies-extras.cmake
-- Installing: /home/jagdeesh/tracker/install/image_geometry/share/image_geometry/cmake/image_geometryConfig.cmake
-- Installing: /home/jagdeesh/tracker/install/image_geometry/share/image_geometry/cmake/image_geometryConfig-version.cmake
-- Installing: /home/jagdeesh/tracker/install/image_geometry/share/image_geometry/package.xml
