[0.006s] Invoking command in '/home/jagdeesh/tracker/build/image_geometry': CMAKE_PREFIX_PATH=/opt/ros/humble /usr/bin/cmake /home/jagdeesh/tracker/src/vision_opencv/image_geometry -DCMAKE_BUILD_TYPE=Release -DCMAKE_INSTALL_PREFIX=/home/jagdeesh/tracker/install/image_geometry
[0.067s] -- The C compiler identification is GNU 11.4.0
[0.132s] -- The CXX compiler identification is GNU 11.4.0
[0.140s] -- Detecting C compiler ABI info
[0.216s] -- Detecting C compiler ABI info - done
[0.224s] -- Check for working C compiler: /usr/bin/cc - skipped
[0.224s] -- Detecting C compile features
[0.225s] -- Detecting C compile features - done
[0.228s] -- Detecting CXX compiler ABI info
[0.319s] -- Detecting CXX compiler ABI info - done
[0.330s] -- Check for working CXX compiler: /usr/bin/c++ - skipped
[0.331s] -- Detecting CXX compile features
[0.331s] -- Detecting CXX compile features - done
[0.333s] -- Found ament_cmake_python: 1.3.14 (/opt/ros/humble/share/ament_cmake_python/cmake)
[0.335s] -- Found ament_cmake_ros: 0.10.0 (/opt/ros/humble/share/ament_cmake_ros/cmake)
[0.511s] -- Found Python3: /usr/bin/python3 (found version "3.10.12") found components: Interpreter 
[0.694s] -- Found OpenCV: /usr/local (found version "4.10.0") found components: calib3d core highgui imgproc 
[0.695s] -- Found sensor_msgs: 4.9.1 (/opt/ros/humble/share/sensor_msgs/cmake)
[0.726s] -- Found rosidl_generator_c: 3.1.8 (/opt/ros/humble/share/rosidl_generator_c/cmake)
[0.730s] -- Found rosidl_adapter: 3.1.8 (/opt/ros/humble/share/rosidl_adapter/cmake)
[0.738s] -- Found rosidl_generator_cpp: 3.1.8 (/opt/ros/humble/share/rosidl_generator_cpp/cmake)
[0.748s] -- Using all available rosidl_typesupport_c: rosidl_typesupport_fastrtps_c;rosidl_typesupport_introspection_c
[0.762s] -- Using all available rosidl_typesupport_cpp: rosidl_typesupport_fastrtps_cpp;rosidl_typesupport_introspection_cpp
[1.190s] [33mCMake Warning at /opt/ros/humble/share/ament_cmake_pytest/cmake/ament_add_pytest_test.cmake:79 (message):
[1.191s]   The Python module 'pytest' was not found, pytests cannot be run.  On Linux,
[1.191s]   install the 'python3-pytest' package.  On other platforms, install 'pytest'
[1.191s]   using pip.
[1.191s] Call Stack (most recent call first):
[1.191s]   test/CMakeLists.txt:4 (ament_add_pytest_test)
[1.191s] 
[1.191s] [0m
[1.192s] -- Found gtest sources under '/opt/ros/humble/src/gtest_vendor': C++ tests using 'Google Test' will be built
[1.195s] -- Looking for pthread.h
[1.273s] -- Looking for pthread.h - found
[1.274s] -- Performing Test CMAKE_HAVE_LIBC_PTHREAD
[1.351s] -- Performing Test CMAKE_HAVE_LIBC_PTHREAD - Success
[1.352s] -- Found Threads: TRUE  
[1.425s] -- Configuring done
[1.446s] -- Generating done
[1.455s] -- Build files have been written to: /home/jagdeesh/tracker/build/image_geometry
[1.463s] Invoked command in '/home/jagdeesh/tracker/build/image_geometry' returned '0': CMAKE_PREFIX_PATH=/opt/ros/humble /usr/bin/cmake /home/jagdeesh/tracker/src/vision_opencv/image_geometry -DCMAKE_BUILD_TYPE=Release -DCMAKE_INSTALL_PREFIX=/home/jagdeesh/tracker/install/image_geometry
[1.464s] Invoking command in '/home/jagdeesh/tracker/build/image_geometry': CMAKE_PREFIX_PATH=/opt/ros/humble /usr/bin/cmake --build /home/jagdeesh/tracker/build/image_geometry -- -j12 -l12
[1.476s] gmake[1]: Entering directory '/home/jagdeesh/tracker/build/image_geometry'
[1.498s] gmake[2]: Entering directory '/home/jagdeesh/tracker/build/image_geometry'
[1.499s] gmake[3]: Entering directory '/home/jagdeesh/tracker/build/image_geometry'
[1.500s] gmake[3]: Entering directory '/home/jagdeesh/tracker/build/image_geometry'
[1.500s] gmake[3]: Entering directory '/home/jagdeesh/tracker/build/image_geometry'
[1.500s] gmake[3]: Entering directory '/home/jagdeesh/tracker/build/image_geometry'
[1.510s] gmake[3]: Leaving directory '/home/jagdeesh/tracker/build/image_geometry'
[1.510s] gmake[3]: Leaving directory '/home/jagdeesh/tracker/build/image_geometry'
[1.510s] gmake[3]: Leaving directory '/home/jagdeesh/tracker/build/image_geometry'
[1.510s] gmake[3]: Leaving directory '/home/jagdeesh/tracker/build/image_geometry'
[1.512s] gmake[3]: Entering directory '/home/jagdeesh/tracker/build/image_geometry'
[1.512s] gmake[3]: Entering directory '/home/jagdeesh/tracker/build/image_geometry'
[1.512s] gmake[3]: Entering directory '/home/jagdeesh/tracker/build/image_geometry'
[1.512s] gmake[3]: Entering directory '/home/jagdeesh/tracker/build/image_geometry'
[1.519s] [  9%] [32mBuilding CXX object CMakeFiles/image_geometry.dir/src/stereo_camera_model.cpp.o[0m
[1.521s] [ 18%] [32mBuilding CXX object CMakeFiles/image_geometry.dir/src/pinhole_camera_model.cpp.o[0m
[1.521s] [ 36%] [32mBuilding CXX object gtest/CMakeFiles/gtest_main.dir/src/gtest_main.cc.o[0m
[1.521s] [ 36%] [32mBuilding CXX object gtest/CMakeFiles/gtest.dir/src/gtest-all.cc.o[0m
[1.522s] gmake[3]: Leaving directory '/home/jagdeesh/tracker/build/image_geometry'
[1.536s] [ 36%] Built target ament_cmake_python_copy_image_geometry
[1.543s] gmake[3]: Entering directory '/home/jagdeesh/tracker/build/image_geometry'
[1.575s] gmake[3]: Leaving directory '/home/jagdeesh/tracker/build/image_geometry'
[1.575s] gmake[3]: Entering directory '/home/jagdeesh/tracker/build/image_geometry'
[2.058s] running egg_info
[2.060s] creating image_geometry.egg-info
[2.060s] writing image_geometry.egg-info/PKG-INFO
[2.061s] writing dependency_links to image_geometry.egg-info/dependency_links.txt
[2.061s] writing top-level names to image_geometry.egg-info/top_level.txt
[2.061s] writing manifest file 'image_geometry.egg-info/SOURCES.txt'
[2.065s] reading manifest file 'image_geometry.egg-info/SOURCES.txt'
[2.066s] writing manifest file 'image_geometry.egg-info/SOURCES.txt'
[2.106s] gmake[3]: Leaving directory '/home/jagdeesh/tracker/build/image_geometry'
[2.120s] [ 36%] Built target ament_cmake_python_build_image_geometry_egg
[3.230s] [ 45%] [32m[1mLinking CXX static library libgtest_main.a[0m
[3.303s] gmake[3]: Leaving directory '/home/jagdeesh/tracker/build/image_geometry'
[3.314s] [ 45%] Built target gtest_main
[4.297s] [ 54%] [32m[1mLinking CXX shared library libimage_geometry.so[0m
[4.426s] gmake[3]: Leaving directory '/home/jagdeesh/tracker/build/image_geometry'
[4.436s] [ 54%] Built target image_geometry
[17.084s] [ 63%] [32m[1mLinking CXX static library libgtest.a[0m
[17.161s] gmake[3]: Leaving directory '/home/jagdeesh/tracker/build/image_geometry'
[17.172s] [ 63%] Built target gtest
[17.175s] gmake[3]: Entering directory '/home/jagdeesh/tracker/build/image_geometry'
[17.175s] gmake[3]: Entering directory '/home/jagdeesh/tracker/build/image_geometry'
[17.187s] gmake[3]: Leaving directory '/home/jagdeesh/tracker/build/image_geometry'
[17.187s] gmake[3]: Leaving directory '/home/jagdeesh/tracker/build/image_geometry'
[17.189s] gmake[3]: Entering directory '/home/jagdeesh/tracker/build/image_geometry'
[17.189s] gmake[3]: Entering directory '/home/jagdeesh/tracker/build/image_geometry'
[17.197s] [ 72%] [32mBuilding CXX object test/CMakeFiles/image_geometry-utest-equi.dir/utest_equi.cpp.o[0m
[17.200s] [ 81%] [32mBuilding CXX object test/CMakeFiles/image_geometry-utest.dir/utest.cpp.o[0m
[20.300s] [ 90%] [32m[1mLinking CXX executable image_geometry-utest-equi[0m
[20.474s] gmake[3]: Leaving directory '/home/jagdeesh/tracker/build/image_geometry'
[20.483s] [ 90%] Built target image_geometry-utest-equi
[21.645s] [100%] [32m[1mLinking CXX executable image_geometry-utest[0m
[21.780s] gmake[3]: Leaving directory '/home/jagdeesh/tracker/build/image_geometry'
[21.788s] [100%] Built target image_geometry-utest
[21.789s] gmake[2]: Leaving directory '/home/jagdeesh/tracker/build/image_geometry'
[21.798s] gmake[1]: Leaving directory '/home/jagdeesh/tracker/build/image_geometry'
[21.800s] Invoked command in '/home/jagdeesh/tracker/build/image_geometry' returned '0': CMAKE_PREFIX_PATH=/opt/ros/humble /usr/bin/cmake --build /home/jagdeesh/tracker/build/image_geometry -- -j12 -l12
[21.809s] Invoking command in '/home/jagdeesh/tracker/build/image_geometry': CMAKE_PREFIX_PATH=/opt/ros/humble /usr/bin/cmake --install /home/jagdeesh/tracker/build/image_geometry
[21.813s] -- Install configuration: "Release"
[21.813s] -- Installing: /home/jagdeesh/tracker/install/image_geometry/share/image_geometry/environment/pythonpath.sh
[21.813s] -- Installing: /home/jagdeesh/tracker/install/image_geometry/share/image_geometry/environment/pythonpath.dsv
[21.813s] -- Installing: /home/jagdeesh/tracker/install/image_geometry/local/lib/python3.10/dist-packages/image_geometry-4.1.0-py3.10.egg-info
[21.813s] -- Installing: /home/jagdeesh/tracker/install/image_geometry/local/lib/python3.10/dist-packages/image_geometry-4.1.0-py3.10.egg-info/SOURCES.txt
[21.814s] -- Installing: /home/jagdeesh/tracker/install/image_geometry/local/lib/python3.10/dist-packages/image_geometry-4.1.0-py3.10.egg-info/dependency_links.txt
[21.814s] -- Installing: /home/jagdeesh/tracker/install/image_geometry/local/lib/python3.10/dist-packages/image_geometry-4.1.0-py3.10.egg-info/top_level.txt
[21.814s] -- Installing: /home/jagdeesh/tracker/install/image_geometry/local/lib/python3.10/dist-packages/image_geometry-4.1.0-py3.10.egg-info/PKG-INFO
[21.814s] -- Installing: /home/jagdeesh/tracker/install/image_geometry/local/lib/python3.10/dist-packages/image_geometry
[21.814s] -- Installing: /home/jagdeesh/tracker/install/image_geometry/local/lib/python3.10/dist-packages/image_geometry/__init__.py
[21.814s] -- Installing: /home/jagdeesh/tracker/install/image_geometry/local/lib/python3.10/dist-packages/image_geometry/cameramodels.py
[21.865s] Listing '/home/jagdeesh/tracker/install/image_geometry/local/lib/python3.10/dist-packages/image_geometry'...
[21.865s] Compiling '/home/jagdeesh/tracker/install/image_geometry/local/lib/python3.10/dist-packages/image_geometry/__init__.py'...
[21.865s] Compiling '/home/jagdeesh/tracker/install/image_geometry/local/lib/python3.10/dist-packages/image_geometry/cameramodels.py'...
[21.872s] -- Installing: /home/jagdeesh/tracker/install/image_geometry/include/image_geometry
[21.872s] -- Installing: /home/jagdeesh/tracker/install/image_geometry/include/image_geometry/image_geometry
[21.872s] -- Installing: /home/jagdeesh/tracker/install/image_geometry/include/image_geometry/image_geometry/pinhole_camera_model.hpp
[21.872s] -- Installing: /home/jagdeesh/tracker/install/image_geometry/include/image_geometry/image_geometry/visibility_control.hpp
[21.872s] -- Installing: /home/jagdeesh/tracker/install/image_geometry/include/image_geometry/image_geometry/stereo_camera_model.hpp
[21.872s] -- Installing: /home/jagdeesh/tracker/install/image_geometry/lib/libimage_geometry.so
[21.873s] -- Set runtime path of "/home/jagdeesh/tracker/install/image_geometry/lib/libimage_geometry.so" to ""
[21.873s] -- Installing: /home/jagdeesh/tracker/install/image_geometry/share/ament_index/resource_index/package_run_dependencies/image_geometry
[21.873s] -- Installing: /home/jagdeesh/tracker/install/image_geometry/share/ament_index/resource_index/parent_prefix_path/image_geometry
[21.873s] -- Installing: /home/jagdeesh/tracker/install/image_geometry/share/image_geometry/environment/ament_prefix_path.sh
[21.874s] -- Installing: /home/jagdeesh/tracker/install/image_geometry/share/image_geometry/environment/ament_prefix_path.dsv
[21.874s] -- Installing: /home/jagdeesh/tracker/install/image_geometry/share/image_geometry/environment/path.sh
[21.874s] -- Installing: /home/jagdeesh/tracker/install/image_geometry/share/image_geometry/environment/path.dsv
[21.874s] -- Installing: /home/jagdeesh/tracker/install/image_geometry/share/image_geometry/local_setup.bash
[21.874s] -- Installing: /home/jagdeesh/tracker/install/image_geometry/share/image_geometry/local_setup.sh
[21.874s] -- Installing: /home/jagdeesh/tracker/install/image_geometry/share/image_geometry/local_setup.zsh
[21.874s] -- Installing: /home/jagdeesh/tracker/install/image_geometry/share/image_geometry/local_setup.dsv
[21.875s] -- Installing: /home/jagdeesh/tracker/install/image_geometry/share/image_geometry/package.dsv
[21.875s] -- Installing: /home/jagdeesh/tracker/install/image_geometry/share/ament_index/resource_index/packages/image_geometry
[21.875s] -- Installing: /home/jagdeesh/tracker/install/image_geometry/share/image_geometry/cmake/export_image_geometryExport.cmake
[21.875s] -- Installing: /home/jagdeesh/tracker/install/image_geometry/share/image_geometry/cmake/export_image_geometryExport-release.cmake
[21.875s] -- Installing: /home/jagdeesh/tracker/install/image_geometry/share/image_geometry/cmake/ament_cmake_export_targets-extras.cmake
[21.876s] -- Installing: /home/jagdeesh/tracker/install/image_geometry/share/image_geometry/cmake/ament_cmake_export_dependencies-extras.cmake
[21.876s] -- Installing: /home/jagdeesh/tracker/install/image_geometry/share/image_geometry/cmake/image_geometryConfig.cmake
[21.876s] -- Installing: /home/jagdeesh/tracker/install/image_geometry/share/image_geometry/cmake/image_geometryConfig-version.cmake
[21.876s] -- Installing: /home/jagdeesh/tracker/install/image_geometry/share/image_geometry/package.xml
[21.879s] Invoked command in '/home/jagdeesh/tracker/build/image_geometry' returned '0': CMAKE_PREFIX_PATH=/opt/ros/humble /usr/bin/cmake --install /home/jagdeesh/tracker/build/image_geometry
