gmake[1]: Entering directory '/home/jagdeesh/tracker/build/example_executor_with_multiple_modes_cpp'
gmake[2]: Entering directory '/home/jagdeesh/tracker/build/example_executor_with_multiple_modes_cpp'
gmake[3]: Entering directory '/home/jagdeesh/tracker/build/example_executor_with_multiple_modes_cpp'
Consolidate compiler generated dependencies of target example_executor_with_multiple_modes
gmake[3]: Leaving directory '/home/jagdeesh/tracker/build/example_executor_with_multiple_modes_cpp'
[100%] Built target example_executor_with_multiple_modes
gmake[2]: Leaving directory '/home/jagdeesh/tracker/build/example_executor_with_multiple_modes_cpp'
gmake[1]: Leaving directory '/home/jagdeesh/tracker/build/example_executor_with_multiple_modes_cpp'
-- Install configuration: "Release"
-- Up-to-date: /home/jagdeesh/tracker/install/example_executor_with_multiple_modes_cpp/lib/example_executor_with_multiple_modes_cpp/example_executor_with_multiple_modes
-- Up-to-date: /home/jagdeesh/tracker/install/example_executor_with_multiple_modes_cpp/share/ament_index/resource_index/package_run_dependencies/example_executor_with_multiple_modes_cpp
-- Up-to-date: /home/jagdeesh/tracker/install/example_executor_with_multiple_modes_cpp/share/ament_index/resource_index/parent_prefix_path/example_executor_with_multiple_modes_cpp
-- Up-to-date: /home/jagdeesh/tracker/install/example_executor_with_multiple_modes_cpp/share/example_executor_with_multiple_modes_cpp/environment/ament_prefix_path.sh
-- Up-to-date: /home/jagdeesh/tracker/install/example_executor_with_multiple_modes_cpp/share/example_executor_with_multiple_modes_cpp/environment/ament_prefix_path.dsv
-- Up-to-date: /home/jagdeesh/tracker/install/example_executor_with_multiple_modes_cpp/share/example_executor_with_multiple_modes_cpp/environment/path.sh
-- Up-to-date: /home/jagdeesh/tracker/install/example_executor_with_multiple_modes_cpp/share/example_executor_with_multiple_modes_cpp/environment/path.dsv
-- Up-to-date: /home/jagdeesh/tracker/install/example_executor_with_multiple_modes_cpp/share/example_executor_with_multiple_modes_cpp/local_setup.bash
-- Up-to-date: /home/jagdeesh/tracker/install/example_executor_with_multiple_modes_cpp/share/example_executor_with_multiple_modes_cpp/local_setup.sh
-- Up-to-date: /home/jagdeesh/tracker/install/example_executor_with_multiple_modes_cpp/share/example_executor_with_multiple_modes_cpp/local_setup.zsh
-- Up-to-date: /home/jagdeesh/tracker/install/example_executor_with_multiple_modes_cpp/share/example_executor_with_multiple_modes_cpp/local_setup.dsv
-- Installing: /home/jagdeesh/tracker/install/example_executor_with_multiple_modes_cpp/share/example_executor_with_multiple_modes_cpp/package.dsv
-- Up-to-date: /home/jagdeesh/tracker/install/example_executor_with_multiple_modes_cpp/share/ament_index/resource_index/packages/example_executor_with_multiple_modes_cpp
-- Up-to-date: /home/jagdeesh/tracker/install/example_executor_with_multiple_modes_cpp/share/example_executor_with_multiple_modes_cpp/cmake/example_executor_with_multiple_modes_cppConfig.cmake
-- Up-to-date: /home/jagdeesh/tracker/install/example_executor_with_multiple_modes_cpp/share/example_executor_with_multiple_modes_cpp/cmake/example_executor_with_multiple_modes_cppConfig-version.cmake
-- Up-to-date: /home/jagdeesh/tracker/install/example_executor_with_multiple_modes_cpp/share/example_executor_with_multiple_modes_cpp/package.xml
