-- Found ament_cmake: 1.3.14 (/opt/ros/humble/share/ament_cmake/cmake)
-- Configuring done
-- Generating done
-- Build files have been written to: /home/jagdeesh/tracker/build/vision_opencv
-- Install configuration: "Release"
-- Up-to-date: /home/jagdeesh/tracker/install/vision_opencv/share/ament_index/resource_index/package_run_dependencies/vision_opencv
-- Up-to-date: /home/jagdeesh/tracker/install/vision_opencv/share/ament_index/resource_index/parent_prefix_path/vision_opencv
-- Up-to-date: /home/jagdeesh/tracker/install/vision_opencv/share/vision_opencv/environment/ament_prefix_path.sh
-- Installing: /home/jagdeesh/tracker/install/vision_opencv/share/vision_opencv/environment/ament_prefix_path.dsv
-- Up-to-date: /home/jagdeesh/tracker/install/vision_opencv/share/vision_opencv/environment/path.sh
-- Installing: /home/jagdeesh/tracker/install/vision_opencv/share/vision_opencv/environment/path.dsv
-- Up-to-date: /home/jagdeesh/tracker/install/vision_opencv/share/vision_opencv/local_setup.bash
-- Up-to-date: /home/jagdeesh/tracker/install/vision_opencv/share/vision_opencv/local_setup.sh
-- Up-to-date: /home/jagdeesh/tracker/install/vision_opencv/share/vision_opencv/local_setup.zsh
-- Installing: /home/jagdeesh/tracker/install/vision_opencv/share/vision_opencv/local_setup.dsv
-- Installing: /home/jagdeesh/tracker/install/vision_opencv/share/vision_opencv/package.dsv
-- Up-to-date: /home/jagdeesh/tracker/install/vision_opencv/share/ament_index/resource_index/packages/vision_opencv
-- Up-to-date: /home/jagdeesh/tracker/install/vision_opencv/share/vision_opencv/cmake/vision_opencvConfig.cmake
-- Up-to-date: /home/jagdeesh/tracker/install/vision_opencv/share/vision_opencv/cmake/vision_opencvConfig-version.cmake
-- Up-to-date: /home/jagdeesh/tracker/install/vision_opencv/share/vision_opencv/package.xml
