[0.793s] Invoking command in '/home/jagdeesh/tracker/build/vision_opencv': AMENT_PREFIX_PATH=/home/jagdeesh/tracker/install/image_geometry:/home/jagdeesh/tracker/install/cv_bridge:${AMENT_PREFIX_PATH} CMAKE_PREFIX_PATH=/home/jagdeesh/tracker/install/image_geometry:/home/jagdeesh/tracker/install/cv_bridge:/opt/ros/humble LD_LIBRARY_PATH=/home/jagdeesh/tracker/install/image_geometry/lib:/home/jagdeesh/tracker/install/cv_bridge/lib:${LD_LIBRARY_PATH} PYTHONPATH=/home/jagdeesh/tracker/install/image_geometry/local/lib/python3.10/dist-packages:/home/jagdeesh/tracker/install/cv_bridge/local/lib/python3.10/dist-packages:${PYTHONPATH} /usr/bin/cmake /home/jagdeesh/tracker/src/vision_opencv/vision_opencv -DCMAKE_INSTALL_PREFIX=/home/jagdeesh/tracker/install/vision_opencv
[0.826s] -- Found ament_cmake: 1.3.14 (/opt/ros/humble/share/ament_cmake/cmake)
[1.375s] -- Configuring done
[1.387s] -- Generating done
[1.394s] -- Build files have been written to: /home/jagdeesh/tracker/build/vision_opencv
[1.400s] Invoked command in '/home/jagdeesh/tracker/build/vision_opencv' returned '0': AMENT_PREFIX_PATH=/home/jagdeesh/tracker/install/image_geometry:/home/jagdeesh/tracker/install/cv_bridge:${AMENT_PREFIX_PATH} CMAKE_PREFIX_PATH=/home/jagdeesh/tracker/install/image_geometry:/home/jagdeesh/tracker/install/cv_bridge:/opt/ros/humble LD_LIBRARY_PATH=/home/jagdeesh/tracker/install/image_geometry/lib:/home/jagdeesh/tracker/install/cv_bridge/lib:${LD_LIBRARY_PATH} PYTHONPATH=/home/jagdeesh/tracker/install/image_geometry/local/lib/python3.10/dist-packages:/home/jagdeesh/tracker/install/cv_bridge/local/lib/python3.10/dist-packages:${PYTHONPATH} /usr/bin/cmake /home/jagdeesh/tracker/src/vision_opencv/vision_opencv -DCMAKE_INSTALL_PREFIX=/home/jagdeesh/tracker/install/vision_opencv
[1.407s] Invoking command in '/home/jagdeesh/tracker/build/vision_opencv': AMENT_PREFIX_PATH=/home/jagdeesh/tracker/install/image_geometry:/home/jagdeesh/tracker/install/cv_bridge:${AMENT_PREFIX_PATH} CMAKE_PREFIX_PATH=/home/jagdeesh/tracker/install/image_geometry:/home/jagdeesh/tracker/install/cv_bridge:/opt/ros/humble LD_LIBRARY_PATH=/home/jagdeesh/tracker/install/image_geometry/lib:/home/jagdeesh/tracker/install/cv_bridge/lib:${LD_LIBRARY_PATH} PYTHONPATH=/home/jagdeesh/tracker/install/image_geometry/local/lib/python3.10/dist-packages:/home/jagdeesh/tracker/install/cv_bridge/local/lib/python3.10/dist-packages:${PYTHONPATH} /usr/bin/cmake --build /home/jagdeesh/tracker/build/vision_opencv -- -j12 -l12
[1.495s] Invoked command in '/home/jagdeesh/tracker/build/vision_opencv' returned '0': AMENT_PREFIX_PATH=/home/jagdeesh/tracker/install/image_geometry:/home/jagdeesh/tracker/install/cv_bridge:${AMENT_PREFIX_PATH} CMAKE_PREFIX_PATH=/home/jagdeesh/tracker/install/image_geometry:/home/jagdeesh/tracker/install/cv_bridge:/opt/ros/humble LD_LIBRARY_PATH=/home/jagdeesh/tracker/install/image_geometry/lib:/home/jagdeesh/tracker/install/cv_bridge/lib:${LD_LIBRARY_PATH} PYTHONPATH=/home/jagdeesh/tracker/install/image_geometry/local/lib/python3.10/dist-packages:/home/jagdeesh/tracker/install/cv_bridge/local/lib/python3.10/dist-packages:${PYTHONPATH} /usr/bin/cmake --build /home/jagdeesh/tracker/build/vision_opencv -- -j12 -l12
[1.499s] Invoking command in '/home/jagdeesh/tracker/build/vision_opencv': AMENT_PREFIX_PATH=/home/jagdeesh/tracker/install/image_geometry:/home/jagdeesh/tracker/install/cv_bridge:${AMENT_PREFIX_PATH} CMAKE_PREFIX_PATH=/home/jagdeesh/tracker/install/image_geometry:/home/jagdeesh/tracker/install/cv_bridge:/opt/ros/humble LD_LIBRARY_PATH=/home/jagdeesh/tracker/install/image_geometry/lib:/home/jagdeesh/tracker/install/cv_bridge/lib:${LD_LIBRARY_PATH} PYTHONPATH=/home/jagdeesh/tracker/install/image_geometry/local/lib/python3.10/dist-packages:/home/jagdeesh/tracker/install/cv_bridge/local/lib/python3.10/dist-packages:${PYTHONPATH} /usr/bin/cmake --install /home/jagdeesh/tracker/build/vision_opencv
[1.517s] -- Install configuration: "Release"
[1.518s] -- Up-to-date: /home/jagdeesh/tracker/install/vision_opencv/share/ament_index/resource_index/package_run_dependencies/vision_opencv
[1.518s] -- Up-to-date: /home/jagdeesh/tracker/install/vision_opencv/share/ament_index/resource_index/parent_prefix_path/vision_opencv
[1.518s] -- Up-to-date: /home/jagdeesh/tracker/install/vision_opencv/share/vision_opencv/environment/ament_prefix_path.sh
[1.518s] -- Installing: /home/jagdeesh/tracker/install/vision_opencv/share/vision_opencv/environment/ament_prefix_path.dsv
[1.518s] -- Up-to-date: /home/jagdeesh/tracker/install/vision_opencv/share/vision_opencv/environment/path.sh
[1.518s] -- Installing: /home/jagdeesh/tracker/install/vision_opencv/share/vision_opencv/environment/path.dsv
[1.518s] -- Up-to-date: /home/jagdeesh/tracker/install/vision_opencv/share/vision_opencv/local_setup.bash
[1.518s] -- Up-to-date: /home/jagdeesh/tracker/install/vision_opencv/share/vision_opencv/local_setup.sh
[1.520s] -- Up-to-date: /home/jagdeesh/tracker/install/vision_opencv/share/vision_opencv/local_setup.zsh
[1.520s] -- Installing: /home/jagdeesh/tracker/install/vision_opencv/share/vision_opencv/local_setup.dsv
[1.520s] -- Installing: /home/jagdeesh/tracker/install/vision_opencv/share/vision_opencv/package.dsv
[1.520s] -- Up-to-date: /home/jagdeesh/tracker/install/vision_opencv/share/ament_index/resource_index/packages/vision_opencv
[1.520s] -- Up-to-date: /home/jagdeesh/tracker/install/vision_opencv/share/vision_opencv/cmake/vision_opencvConfig.cmake
[1.521s] -- Up-to-date: /home/jagdeesh/tracker/install/vision_opencv/share/vision_opencv/cmake/vision_opencvConfig-version.cmake
[1.521s] -- Up-to-date: /home/jagdeesh/tracker/install/vision_opencv/share/vision_opencv/package.xml
[1.526s] Invoked command in '/home/jagdeesh/tracker/build/vision_opencv' returned '0': AMENT_PREFIX_PATH=/home/jagdeesh/tracker/install/image_geometry:/home/jagdeesh/tracker/install/cv_bridge:${AMENT_PREFIX_PATH} CMAKE_PREFIX_PATH=/home/jagdeesh/tracker/install/image_geometry:/home/jagdeesh/tracker/install/cv_bridge:/opt/ros/humble LD_LIBRARY_PATH=/home/jagdeesh/tracker/install/image_geometry/lib:/home/jagdeesh/tracker/install/cv_bridge/lib:${LD_LIBRARY_PATH} PYTHONPATH=/home/jagdeesh/tracker/install/image_geometry/local/lib/python3.10/dist-packages:/home/jagdeesh/tracker/install/cv_bridge/local/lib/python3.10/dist-packages:${PYTHONPATH} /usr/bin/cmake --install /home/jagdeesh/tracker/build/vision_opencv
