[0.047s] Invoking command in '/home/jagdeesh/tracker/build/ros_gz': AMENT_PREFIX_PATH=/home/jagdeesh/tracker/install/ros_gz_sim_demos:/home/jagdeesh/tracker/install/ros_gz_image:/home/jagdeesh/tracker/install/ros_gz_bridge:/home/jagdeesh/tracker/install/ros_gz_sim:/home/jagdeesh/tracker/install/ros_gz_interfaces:${AMENT_PREFIX_PATH} CMAKE_PREFIX_PATH=/home/jagdeesh/tracker/install/ros_gz_sim_demos:/home/jagdeesh/tracker/install/ros_gz_image:/home/jagdeesh/tracker/install/ros_gz_bridge:/home/jagdeesh/tracker/install/ros_gz_sim:/home/jagdeesh/tracker/install/ros_gz_interfaces:/opt/ros/humble LD_LIBRARY_PATH=/home/jagdeesh/tracker/install/ros_gz_bridge/lib:/home/jagdeesh/tracker/install/ros_gz_sim/lib:/home/jagdeesh/tracker/install/ros_gz_interfaces/lib:${LD_LIBRARY_PATH} PYTHONPATH=/home/jagdeesh/tracker/install/ros_gz_interfaces/local/lib/python3.10/dist-packages:${PYTHONPATH} /usr/bin/cmake --build /home/jagdeesh/tracker/build/ros_gz -- -j12 -l12
[0.854s] Invoked command in '/home/jagdeesh/tracker/build/ros_gz' returned '0': AMENT_PREFIX_PATH=/home/jagdeesh/tracker/install/ros_gz_sim_demos:/home/jagdeesh/tracker/install/ros_gz_image:/home/jagdeesh/tracker/install/ros_gz_bridge:/home/jagdeesh/tracker/install/ros_gz_sim:/home/jagdeesh/tracker/install/ros_gz_interfaces:${AMENT_PREFIX_PATH} CMAKE_PREFIX_PATH=/home/jagdeesh/tracker/install/ros_gz_sim_demos:/home/jagdeesh/tracker/install/ros_gz_image:/home/jagdeesh/tracker/install/ros_gz_bridge:/home/jagdeesh/tracker/install/ros_gz_sim:/home/jagdeesh/tracker/install/ros_gz_interfaces:/opt/ros/humble LD_LIBRARY_PATH=/home/jagdeesh/tracker/install/ros_gz_bridge/lib:/home/jagdeesh/tracker/install/ros_gz_sim/lib:/home/jagdeesh/tracker/install/ros_gz_interfaces/lib:${LD_LIBRARY_PATH} PYTHONPATH=/home/jagdeesh/tracker/install/ros_gz_interfaces/local/lib/python3.10/dist-packages:${PYTHONPATH} /usr/bin/cmake --build /home/jagdeesh/tracker/build/ros_gz -- -j12 -l12
[0.873s] Invoking command in '/home/jagdeesh/tracker/build/ros_gz': AMENT_PREFIX_PATH=/home/jagdeesh/tracker/install/ros_gz_sim_demos:/home/jagdeesh/tracker/install/ros_gz_image:/home/jagdeesh/tracker/install/ros_gz_bridge:/home/jagdeesh/tracker/install/ros_gz_sim:/home/jagdeesh/tracker/install/ros_gz_interfaces:${AMENT_PREFIX_PATH} CMAKE_PREFIX_PATH=/home/jagdeesh/tracker/install/ros_gz_sim_demos:/home/jagdeesh/tracker/install/ros_gz_image:/home/jagdeesh/tracker/install/ros_gz_bridge:/home/jagdeesh/tracker/install/ros_gz_sim:/home/jagdeesh/tracker/install/ros_gz_interfaces:/opt/ros/humble LD_LIBRARY_PATH=/home/jagdeesh/tracker/install/ros_gz_bridge/lib:/home/jagdeesh/tracker/install/ros_gz_sim/lib:/home/jagdeesh/tracker/install/ros_gz_interfaces/lib:${LD_LIBRARY_PATH} PYTHONPATH=/home/jagdeesh/tracker/install/ros_gz_interfaces/local/lib/python3.10/dist-packages:${PYTHONPATH} /usr/bin/cmake --install /home/jagdeesh/tracker/build/ros_gz
[1.013s] -- Install configuration: "Release"
[1.014s] -- Up-to-date: /home/jagdeesh/tracker/install/ros_gz/share/ament_index/resource_index/package_run_dependencies/ros_gz
[1.014s] -- Up-to-date: /home/jagdeesh/tracker/install/ros_gz/share/ament_index/resource_index/parent_prefix_path/ros_gz
[1.014s] -- Up-to-date: /home/jagdeesh/tracker/install/ros_gz/share/ros_gz/environment/ament_prefix_path.sh
[1.014s] -- Up-to-date: /home/jagdeesh/tracker/install/ros_gz/share/ros_gz/environment/ament_prefix_path.dsv
[1.014s] -- Up-to-date: /home/jagdeesh/tracker/install/ros_gz/share/ros_gz/environment/path.sh
[1.014s] -- Up-to-date: /home/jagdeesh/tracker/install/ros_gz/share/ros_gz/environment/path.dsv
[1.014s] -- Up-to-date: /home/jagdeesh/tracker/install/ros_gz/share/ros_gz/local_setup.bash
[1.014s] -- Up-to-date: /home/jagdeesh/tracker/install/ros_gz/share/ros_gz/local_setup.sh
[1.014s] -- Up-to-date: /home/jagdeesh/tracker/install/ros_gz/share/ros_gz/local_setup.zsh
[1.015s] -- Up-to-date: /home/jagdeesh/tracker/install/ros_gz/share/ros_gz/local_setup.dsv
[1.017s] -- Up-to-date: /home/jagdeesh/tracker/install/ros_gz/share/ros_gz/package.dsv
[1.017s] -- Up-to-date: /home/jagdeesh/tracker/install/ros_gz/share/ament_index/resource_index/packages/ros_gz
[1.018s] -- Up-to-date: /home/jagdeesh/tracker/install/ros_gz/share/ros_gz/cmake/ros_gzConfig.cmake
[1.018s] -- Up-to-date: /home/jagdeesh/tracker/install/ros_gz/share/ros_gz/cmake/ros_gzConfig-version.cmake
[1.018s] -- Up-to-date: /home/jagdeesh/tracker/install/ros_gz/share/ros_gz/package.xml
[1.023s] Invoked command in '/home/jagdeesh/tracker/build/ros_gz' returned '0': AMENT_PREFIX_PATH=/home/jagdeesh/tracker/install/ros_gz_sim_demos:/home/jagdeesh/tracker/install/ros_gz_image:/home/jagdeesh/tracker/install/ros_gz_bridge:/home/jagdeesh/tracker/install/ros_gz_sim:/home/jagdeesh/tracker/install/ros_gz_interfaces:${AMENT_PREFIX_PATH} CMAKE_PREFIX_PATH=/home/jagdeesh/tracker/install/ros_gz_sim_demos:/home/jagdeesh/tracker/install/ros_gz_image:/home/jagdeesh/tracker/install/ros_gz_bridge:/home/jagdeesh/tracker/install/ros_gz_sim:/home/jagdeesh/tracker/install/ros_gz_interfaces:/opt/ros/humble LD_LIBRARY_PATH=/home/jagdeesh/tracker/install/ros_gz_bridge/lib:/home/jagdeesh/tracker/install/ros_gz_sim/lib:/home/jagdeesh/tracker/install/ros_gz_interfaces/lib:${LD_LIBRARY_PATH} PYTHONPATH=/home/jagdeesh/tracker/install/ros_gz_interfaces/local/lib/python3.10/dist-packages:${PYTHONPATH} /usr/bin/cmake --install /home/jagdeesh/tracker/build/ros_gz
