[0.022s] Invoking command in '/home/jagdeesh/tracker/build/ros_gz_bridge': AMENT_PREFIX_PATH=/home/jagdeesh/tracker/install/ros_gz_interfaces:${AMENT_PREFIX_PATH} CMAKE_PREFIX_PATH=/home/jagdeesh/tracker/install/ros_gz_interfaces:/opt/ros/humble LD_LIBRARY_PATH=/home/jagdeesh/tracker/install/ros_gz_interfaces/lib:${LD_LIBRARY_PATH} PYTHONPATH=/home/jagdeesh/tracker/install/ros_gz_interfaces/local/lib/python3.10/dist-packages:${PYTHONPATH} /usr/bin/cmake /home/jagdeesh/tracker/src/ros_gz/ros_gz_bridge -DCMAKE_INSTALL_PREFIX=/home/jagdeesh/tracker/install/ros_gz_bridge
[0.056s] -- Found ament_cmake: 1.3.14 (/opt/ros/humble/share/ament_cmake/cmake)
[0.437s] -- Found rclcpp: 16.0.18 (/opt/ros/humble/share/rclcpp/cmake)
[0.510s] -- Found rosidl_generator_c: 3.1.8 (/opt/ros/humble/share/rosidl_generator_c/cmake)
[0.518s] -- Found rosidl_adapter: 3.1.8 (/opt/ros/humble/share/rosidl_adapter/cmake)
[0.535s] -- Found rosidl_generator_cpp: 3.1.8 (/opt/ros/humble/share/rosidl_generator_cpp/cmake)
[0.555s] -- Using all available rosidl_typesupport_c: rosidl_typesupport_fastrtps_c;rosidl_typesupport_introspection_c
[0.582s] -- Using all available rosidl_typesupport_cpp: rosidl_typesupport_fastrtps_cpp;rosidl_typesupport_introspection_cpp
[0.655s] -- Found rmw_implementation_cmake: 6.1.2 (/opt/ros/humble/share/rmw_implementation_cmake/cmake)
[0.658s] -- Found rmw_fastrtps_cpp: 6.2.10 (/opt/ros/humble/share/rmw_fastrtps_cpp/cmake)
[0.929s] -- Using RMW implementation 'rmw_fastrtps_cpp' as default
[1.063s] -- Found rclcpp_components: 16.0.18 (/opt/ros/humble/share/rclcpp_components/cmake)
[1.105s] -- Found yaml_cpp_vendor: 8.0.2 (/opt/ros/humble/share/yaml_cpp_vendor/cmake)
[1.110s] -- Looking for ignition-transport11 -- found version 11.4.2
[1.120s] -- Searching for dependencies of ignition-transport11
[1.162s] -- Found Protobuf: /usr/lib/x86_64-linux-gnu/libprotobuf.so (found version "3.12.4") 
[1.188s] -- Config-file not installed for ZeroMQ -- checking for pkg-config
[1.202s] -- Checking for module 'libzmq >= 4'
[1.231s] --   Found libzmq , version 4.3.4
[1.328s] -- Checking for module 'uuid'
[1.360s] --   Found uuid, version 2.37.2
[1.436s] -- Looking for ignition-utils1 -- found version 1.5.1
[1.436s] -- Searching for dependencies of ignition-utils1
[1.436s] -- Searching for <ignition-utils1> component [cli]
[1.437s] -- Looking for ignition-utils1-cli -- found version 1.5.1
[1.439s] -- Searching for dependencies of ignition-utils1-cli
[1.441s] -- Looking for ignition-msgs8 -- found version 8.7.0
[1.442s] -- Searching for dependencies of ignition-msgs8
[1.515s] -- Found Protobuf: /usr/lib/x86_64-linux-gnu/libprotobuf.so (found suitable version "3.12.4", minimum required is "3") 
[1.516s] -- Looking for ignition-math6 -- found version 6.15.1
[1.518s] -- Searching for dependencies of ignition-math6
[1.535s] -- Checking for module 'tinyxml2'
[1.574s] --   Found tinyxml2, version 9.0.0
[1.667s] -- Looking for ignition-msgs8 -- found version 8.7.0
[1.667s] -- Compiling against Ignition Fortress
[1.668s] -- Found builtin_interfaces: 1.2.2 (/opt/ros/humble/share/builtin_interfaces/cmake)
[1.730s] -- Found actuator_msgs: 0.0.1 (/opt/ros/humble/share/actuator_msgs/cmake)
[1.765s] -- Found geometry_msgs: 4.9.1 (/opt/ros/humble/share/geometry_msgs/cmake)
[1.810s] -- Found gps_msgs: 2.1.2 (/opt/ros/humble/share/gps_msgs/cmake)
[1.859s] -- Found nav_msgs: 4.9.1 (/opt/ros/humble/share/nav_msgs/cmake)
[1.861s] -- Found rcl_interfaces: 1.2.2 (/opt/ros/humble/share/rcl_interfaces/cmake)
[1.914s] -- Found ros_gz_interfaces: 0.244.20 (/home/jagdeesh/tracker/install/ros_gz_interfaces/share/ros_gz_interfaces/cmake)
[1.914s] -- Found rosgraph_msgs: 1.2.2 (/opt/ros/humble/share/rosgraph_msgs/cmake)
[1.953s] -- Found sensor_msgs: 4.9.1 (/opt/ros/humble/share/sensor_msgs/cmake)
[1.958s] -- Found std_msgs: 4.9.1 (/opt/ros/humble/share/std_msgs/cmake)
[2.050s] -- Found tf2_msgs: 0.25.19 (/opt/ros/humble/share/tf2_msgs/cmake)
[2.105s] -- Found trajectory_msgs: 4.9.1 (/opt/ros/humble/share/trajectory_msgs/cmake)
[2.182s] -- Found vision_msgs: 4.1.1 (/opt/ros/humble/share/vision_msgs/cmake)
[2.413s] -- Found ament_lint_auto: 0.12.15 (/opt/ros/humble/share/ament_lint_auto/cmake)
[2.619s] -- Found python_cmake_module: 0.10.0 (/opt/ros/humble/share/python_cmake_module/cmake)
[2.678s] -- Using PYTHON_EXECUTABLE: /usr/bin/python3
[2.678s] -- Using PYTHON_INCLUDE_DIRS: /usr/include/python3.10
[2.679s] -- Using PYTHON_LIBRARIES: /usr/lib/x86_64-linux-gnu/libpython3.10.so
[2.736s] -- Found gtest sources under '/opt/ros/humble/src/gtest_vendor': C++ tests using 'Google Test' will be built
[2.806s] -- Added test 'copyright' to check source files copyright and LICENSE
[2.815s] -- Added test 'cppcheck' to perform static code analysis on C / C++ code
[2.817s] -- Configured cppcheck include dirs: $<BUILD_INTERFACE:/home/jagdeesh/tracker/src/ros_gz/ros_gz_bridge/include>;$<BUILD_INTERFACE:/home/jagdeesh/tracker/src/ros_gz/ros_gz_bridge/src>;/home/jagdeesh/tracker/src/ros_gz/ros_gz_bridge/include;/home/jagdeesh/tracker/src/ros_gz/ros_gz_bridge/test;/home/jagdeesh/tracker/src/ros_gz/ros_gz_bridge/test/subscribers;/home/jagdeesh/tracker/src/ros_gz/ros_gz_bridge/src
[2.817s] -- Configured cppcheck exclude dirs and/or files: 
[2.826s] -- Added test 'cpplint' to check C / C++ code against the Google style
[2.826s] -- Configured cpplint exclude dirs and/or files: 
[2.827s] -- Added test 'flake8' to check Python code syntax and style conventions
[2.829s] -- Added test 'lint_cmake' to check CMake code style
[2.831s] -- Added test 'pep257' to check Python code against some of the docstring style conventions in PEP 257
[2.838s] -- Added test 'uncrustify' to check C / C++ code style
[2.839s] -- Configured uncrustify additional arguments: 
[2.839s] -- Added test 'xmllint' to check XML markup files
[2.855s] -- Configuring done
[3.183s] -- Generating done
[3.285s] -- Build files have been written to: /home/jagdeesh/tracker/build/ros_gz_bridge
[3.314s] Invoked command in '/home/jagdeesh/tracker/build/ros_gz_bridge' returned '0': AMENT_PREFIX_PATH=/home/jagdeesh/tracker/install/ros_gz_interfaces:${AMENT_PREFIX_PATH} CMAKE_PREFIX_PATH=/home/jagdeesh/tracker/install/ros_gz_interfaces:/opt/ros/humble LD_LIBRARY_PATH=/home/jagdeesh/tracker/install/ros_gz_interfaces/lib:${LD_LIBRARY_PATH} PYTHONPATH=/home/jagdeesh/tracker/install/ros_gz_interfaces/local/lib/python3.10/dist-packages:${PYTHONPATH} /usr/bin/cmake /home/jagdeesh/tracker/src/ros_gz/ros_gz_bridge -DCMAKE_INSTALL_PREFIX=/home/jagdeesh/tracker/install/ros_gz_bridge
[3.317s] Invoking command in '/home/jagdeesh/tracker/build/ros_gz_bridge': AMENT_PREFIX_PATH=/home/jagdeesh/tracker/install/ros_gz_interfaces:${AMENT_PREFIX_PATH} CMAKE_PREFIX_PATH=/home/jagdeesh/tracker/install/ros_gz_interfaces:/opt/ros/humble LD_LIBRARY_PATH=/home/jagdeesh/tracker/install/ros_gz_interfaces/lib:${LD_LIBRARY_PATH} PYTHONPATH=/home/jagdeesh/tracker/install/ros_gz_interfaces/local/lib/python3.10/dist-packages:${PYTHONPATH} /usr/bin/cmake --build /home/jagdeesh/tracker/build/ros_gz_bridge -- -j12 -l12
[3.417s] [35m[1mConsolidate compiler generated dependencies of target gtest_main[0m
[3.427s] [35m[1mConsolidate compiler generated dependencies of target gtest[0m
[3.449s] [35m[1mConsolidate compiler generated dependencies of target bridge_node[0m
[3.459s] [  2%] Built target gtest_main
[3.460s] [  4%] Built target gtest
[3.495s] [35m[1mConsolidate compiler generated dependencies of target test_utils[0m
[3.495s] [35m[1mConsolidate compiler generated dependencies of target ros_gz_bridge[0m
[3.503s] [35m[1mConsolidate compiler generated dependencies of target test_rcl_interfaces[0m
[3.545s] [  6%] Built target bridge_node
[3.552s] [  9%] Built target test_rcl_interfaces
[3.574s] [ 13%] Built target test_utils
[3.610s] [35m[1mConsolidate compiler generated dependencies of target test_ros_publisher[0m
[3.619s] [35m[1mConsolidate compiler generated dependencies of target test_gz_subscriber[0m
[3.626s] [35m[1mConsolidate compiler generated dependencies of target test_gz_publisher[0m
[3.629s] [35m[1mConsolidate compiler generated dependencies of target test_ros_client[0m
[3.637s] [35m[1mConsolidate compiler generated dependencies of target test_gz_server[0m
[3.675s] [ 16%] Built target test_gz_subscriber
[3.690s] [ 19%] Built target test_ros_publisher
[3.693s] [ 21%] Built target test_ros_client
[3.729s] [ 25%] Built target test_gz_publisher
[3.745s] [ 27%] Built target test_gz_server
[3.768s] [35m[1mConsolidate compiler generated dependencies of target test_ros_subscriber[0m
[3.802s] [ 70%] Built target ros_gz_bridge
[3.846s] [35m[1mConsolidate compiler generated dependencies of target parameter_bridge[0m
[3.856s] [35m[1mConsolidate compiler generated dependencies of target bridge_types[0m
[3.864s] [35m[1mConsolidate compiler generated dependencies of target ros_gz_bridge_bridge_config[0m
[3.867s] [35m[1mConsolidate compiler generated dependencies of target test_ros_gz_interfaces[0m
[3.890s] [35m[1mConsolidate compiler generated dependencies of target static_bridge[0m
[3.912s] [ 72%] Built target bridge_types
[3.917s] [ 74%] Built target ros_gz_bridge_bridge_config
[3.941s] [ 76%] Built target parameter_bridge
[3.943s] [ 80%] Built target test_ros_gz_interfaces
[3.966s] [ 82%] Built target static_bridge
[3.981s] [100%] Built target test_ros_subscriber
[4.012s] Invoked command in '/home/jagdeesh/tracker/build/ros_gz_bridge' returned '0': AMENT_PREFIX_PATH=/home/jagdeesh/tracker/install/ros_gz_interfaces:${AMENT_PREFIX_PATH} CMAKE_PREFIX_PATH=/home/jagdeesh/tracker/install/ros_gz_interfaces:/opt/ros/humble LD_LIBRARY_PATH=/home/jagdeesh/tracker/install/ros_gz_interfaces/lib:${LD_LIBRARY_PATH} PYTHONPATH=/home/jagdeesh/tracker/install/ros_gz_interfaces/local/lib/python3.10/dist-packages:${PYTHONPATH} /usr/bin/cmake --build /home/jagdeesh/tracker/build/ros_gz_bridge -- -j12 -l12
[4.020s] Invoking command in '/home/jagdeesh/tracker/build/ros_gz_bridge': AMENT_PREFIX_PATH=/home/jagdeesh/tracker/install/ros_gz_interfaces:${AMENT_PREFIX_PATH} CMAKE_PREFIX_PATH=/home/jagdeesh/tracker/install/ros_gz_interfaces:/opt/ros/humble LD_LIBRARY_PATH=/home/jagdeesh/tracker/install/ros_gz_interfaces/lib:${LD_LIBRARY_PATH} PYTHONPATH=/home/jagdeesh/tracker/install/ros_gz_interfaces/local/lib/python3.10/dist-packages:${PYTHONPATH} /usr/bin/cmake --install /home/jagdeesh/tracker/build/ros_gz_bridge
[4.035s] -- Install configuration: "Release"
[4.035s] -- Up-to-date: /home/jagdeesh/tracker/install/ros_gz_bridge/lib/ros_gz_bridge/bridge_node
[4.036s] -- Up-to-date: /home/jagdeesh/tracker/install/ros_gz_bridge/lib/libros_gz_bridge.so
[4.037s] -- Up-to-date: /home/jagdeesh/tracker/install/ros_gz_bridge/include/ros_gz_bridge
[4.037s] -- Up-to-date: /home/jagdeesh/tracker/install/ros_gz_bridge/include/ros_gz_bridge/ros_gz_bridge
[4.037s] -- Up-to-date: /home/jagdeesh/tracker/install/ros_gz_bridge/include/ros_gz_bridge/ros_gz_bridge/convert_decl.hpp
[4.037s] -- Up-to-date: /home/jagdeesh/tracker/install/ros_gz_bridge/include/ros_gz_bridge/ros_gz_bridge/convert.hpp
[4.038s] -- Up-to-date: /home/jagdeesh/tracker/install/ros_gz_bridge/include/ros_gz_bridge/ros_gz_bridge/ros_gz_bridge.hpp
[4.038s] -- Up-to-date: /home/jagdeesh/tracker/install/ros_gz_bridge/include/ros_gz_bridge/ros_gz_bridge/convert
[4.038s] -- Up-to-date: /home/jagdeesh/tracker/install/ros_gz_bridge/include/ros_gz_bridge/ros_gz_bridge/convert/geometry_msgs.hpp
[4.038s] -- Up-to-date: /home/jagdeesh/tracker/install/ros_gz_bridge/include/ros_gz_bridge/ros_gz_bridge/convert/actuator_msgs.hpp
[4.038s] -- Up-to-date: /home/jagdeesh/tracker/install/ros_gz_bridge/include/ros_gz_bridge/ros_gz_bridge/convert/rosgraph_msgs.hpp
[4.038s] -- Up-to-date: /home/jagdeesh/tracker/install/ros_gz_bridge/include/ros_gz_bridge/ros_gz_bridge/convert/builtin_interfaces.hpp
[4.039s] -- Up-to-date: /home/jagdeesh/tracker/install/ros_gz_bridge/include/ros_gz_bridge/ros_gz_bridge/convert/std_msgs.hpp
[4.039s] -- Up-to-date: /home/jagdeesh/tracker/install/ros_gz_bridge/include/ros_gz_bridge/ros_gz_bridge/convert/rcl_interfaces.hpp
[4.039s] -- Up-to-date: /home/jagdeesh/tracker/install/ros_gz_bridge/include/ros_gz_bridge/ros_gz_bridge/convert/gps_msgs.hpp
[4.039s] -- Up-to-date: /home/jagdeesh/tracker/install/ros_gz_bridge/include/ros_gz_bridge/ros_gz_bridge/convert/sensor_msgs.hpp
[4.039s] -- Up-to-date: /home/jagdeesh/tracker/install/ros_gz_bridge/include/ros_gz_bridge/ros_gz_bridge/convert/tf2_msgs.hpp
[4.039s] -- Up-to-date: /home/jagdeesh/tracker/install/ros_gz_bridge/include/ros_gz_bridge/ros_gz_bridge/convert/nav_msgs.hpp
[4.040s] -- Up-to-date: /home/jagdeesh/tracker/install/ros_gz_bridge/include/ros_gz_bridge/ros_gz_bridge/convert/trajectory_msgs.hpp
[4.040s] -- Up-to-date: /home/jagdeesh/tracker/install/ros_gz_bridge/include/ros_gz_bridge/ros_gz_bridge/convert/vision_msgs.hpp
[4.040s] -- Up-to-date: /home/jagdeesh/tracker/install/ros_gz_bridge/include/ros_gz_bridge/ros_gz_bridge/convert/ros_gz_interfaces.hpp
[4.040s] -- Up-to-date: /home/jagdeesh/tracker/install/ros_gz_bridge/include/ros_gz_bridge/ros_gz_bridge/bridge_config.hpp
[4.040s] -- Up-to-date: /home/jagdeesh/tracker/install/ros_gz_bridge/lib/ros_gz_bridge/parameter_bridge
[4.041s] -- Up-to-date: /home/jagdeesh/tracker/install/ros_gz_bridge/lib/ros_gz_bridge/static_bridge
[4.041s] -- Up-to-date: /home/jagdeesh/tracker/install/ros_gz_bridge/lib/ros_gz_bridge/bridge_types
[4.041s] -- Up-to-date: /home/jagdeesh/tracker/install/ros_gz_bridge/lib/ros_gz_bridge/test_ros_publisher
[4.041s] -- Up-to-date: /home/jagdeesh/tracker/install/ros_gz_bridge/lib/ros_gz_bridge/test_ros_subscriber
[4.041s] -- Up-to-date: /home/jagdeesh/tracker/install/ros_gz_bridge/lib/ros_gz_bridge/test_gz_publisher
[4.042s] -- Up-to-date: /home/jagdeesh/tracker/install/ros_gz_bridge/lib/ros_gz_bridge/test_gz_subscriber
[4.042s] -- Up-to-date: /home/jagdeesh/tracker/install/ros_gz_bridge/lib/ros_gz_bridge/test_gz_server
[4.042s] -- Up-to-date: /home/jagdeesh/tracker/install/ros_gz_bridge/lib/ros_gz_bridge/test_ros_client
[4.042s] -- Up-to-date: /home/jagdeesh/tracker/install/ros_gz_bridge/share/ros_gz_bridge/environment/library_path.sh
[4.043s] -- Installing: /home/jagdeesh/tracker/install/ros_gz_bridge/share/ros_gz_bridge/environment/library_path.dsv
[4.043s] -- Up-to-date: /home/jagdeesh/tracker/install/ros_gz_bridge/share/ament_index/resource_index/package_run_dependencies/ros_gz_bridge
[4.044s] -- Up-to-date: /home/jagdeesh/tracker/install/ros_gz_bridge/share/ament_index/resource_index/parent_prefix_path/ros_gz_bridge
[4.044s] -- Up-to-date: /home/jagdeesh/tracker/install/ros_gz_bridge/share/ros_gz_bridge/environment/ament_prefix_path.sh
[4.044s] -- Installing: /home/jagdeesh/tracker/install/ros_gz_bridge/share/ros_gz_bridge/environment/ament_prefix_path.dsv
[4.044s] -- Up-to-date: /home/jagdeesh/tracker/install/ros_gz_bridge/share/ros_gz_bridge/environment/path.sh
[4.044s] -- Installing: /home/jagdeesh/tracker/install/ros_gz_bridge/share/ros_gz_bridge/environment/path.dsv
[4.044s] -- Up-to-date: /home/jagdeesh/tracker/install/ros_gz_bridge/share/ros_gz_bridge/local_setup.bash
[4.045s] -- Up-to-date: /home/jagdeesh/tracker/install/ros_gz_bridge/share/ros_gz_bridge/local_setup.sh
[4.045s] -- Up-to-date: /home/jagdeesh/tracker/install/ros_gz_bridge/share/ros_gz_bridge/local_setup.zsh
[4.045s] -- Installing: /home/jagdeesh/tracker/install/ros_gz_bridge/share/ros_gz_bridge/local_setup.dsv
[4.045s] -- Installing: /home/jagdeesh/tracker/install/ros_gz_bridge/share/ros_gz_bridge/package.dsv
[4.046s] -- Up-to-date: /home/jagdeesh/tracker/install/ros_gz_bridge/share/ament_index/resource_index/packages/ros_gz_bridge
[4.046s] -- Up-to-date: /home/jagdeesh/tracker/install/ros_gz_bridge/share/ament_index/resource_index/rclcpp_components/ros_gz_bridge
[4.047s] -- Up-to-date: /home/jagdeesh/tracker/install/ros_gz_bridge/share/ros_gz_bridge/cmake/export_ros_gz_bridgeExport.cmake
[4.047s] -- Up-to-date: /home/jagdeesh/tracker/install/ros_gz_bridge/share/ros_gz_bridge/cmake/export_ros_gz_bridgeExport-release.cmake
[4.048s] -- Up-to-date: /home/jagdeesh/tracker/install/ros_gz_bridge/share/ros_gz_bridge/cmake/ament_cmake_export_include_directories-extras.cmake
[4.048s] -- Up-to-date: /home/jagdeesh/tracker/install/ros_gz_bridge/share/ros_gz_bridge/cmake/ament_cmake_export_libraries-extras.cmake
[4.048s] -- Up-to-date: /home/jagdeesh/tracker/install/ros_gz_bridge/share/ros_gz_bridge/cmake/ament_cmake_export_targets-extras.cmake
[4.048s] -- Up-to-date: /home/jagdeesh/tracker/install/ros_gz_bridge/share/ros_gz_bridge/cmake/ament_cmake_export_dependencies-extras.cmake
[4.048s] -- Up-to-date: /home/jagdeesh/tracker/install/ros_gz_bridge/share/ros_gz_bridge/cmake/ros_gz_bridgeConfig.cmake
[4.049s] -- Up-to-date: /home/jagdeesh/tracker/install/ros_gz_bridge/share/ros_gz_bridge/cmake/ros_gz_bridgeConfig-version.cmake
[4.049s] -- Up-to-date: /home/jagdeesh/tracker/install/ros_gz_bridge/share/ros_gz_bridge/package.xml
[4.056s] Invoked command in '/home/jagdeesh/tracker/build/ros_gz_bridge' returned '0': AMENT_PREFIX_PATH=/home/jagdeesh/tracker/install/ros_gz_interfaces:${AMENT_PREFIX_PATH} CMAKE_PREFIX_PATH=/home/jagdeesh/tracker/install/ros_gz_interfaces:/opt/ros/humble LD_LIBRARY_PATH=/home/jagdeesh/tracker/install/ros_gz_interfaces/lib:${LD_LIBRARY_PATH} PYTHONPATH=/home/jagdeesh/tracker/install/ros_gz_interfaces/local/lib/python3.10/dist-packages:${PYTHONPATH} /usr/bin/cmake --install /home/jagdeesh/tracker/build/ros_gz_bridge
