[0.094s] Invoking command in '/home/jagdeesh/tracker/build/ros_ign_gazebo_demos': AMENT_PREFIX_PATH=/home/jagdeesh/tracker/install/ros_gz_sim_demos:/home/jagdeesh/tracker/install/ros_gz_image:/home/jagdeesh/tracker/install/ros_gz_bridge:/home/jagdeesh/tracker/install/ros_gz_sim:/home/jagdeesh/tracker/install/ros_gz_interfaces:${AMENT_PREFIX_PATH} CMAKE_PREFIX_PATH=/home/jagdeesh/tracker/install/ros_gz_sim_demos:/home/jagdeesh/tracker/install/ros_gz_image:/home/jagdeesh/tracker/install/ros_gz_bridge:/home/jagdeesh/tracker/install/ros_gz_sim:/home/jagdeesh/tracker/install/ros_gz_interfaces:/opt/ros/humble LD_LIBRARY_PATH=/home/jagdeesh/tracker/install/ros_gz_bridge/lib:/home/jagdeesh/tracker/install/ros_gz_sim/lib:/home/jagdeesh/tracker/install/ros_gz_interfaces/lib:${LD_LIBRARY_PATH} PYTHONPATH=/home/jagdeesh/tracker/install/ros_gz_interfaces/local/lib/python3.10/dist-packages:${PYTHONPATH} /usr/bin/cmake /home/jagdeesh/tracker/src/ros_gz/ros_ign_gazebo_demos -DCMAKE_BUILD_TYPE=Release -DCMAKE_INSTALL_PREFIX=/home/jagdeesh/tracker/install/ros_ign_gazebo_demos
[0.342s] -- The C compiler identification is GNU 11.4.0
[0.611s] -- The CXX compiler identification is GNU 11.4.0
[0.633s] -- Detecting C compiler ABI info
[1.013s] -- Detecting C compiler ABI info - done
[1.068s] -- Check for working C compiler: /usr/bin/cc - skipped
[1.069s] -- Detecting C compile features
[1.073s] -- Detecting C compile features - done
[1.087s] -- Detecting CXX compiler ABI info
[1.464s] -- Detecting CXX compiler ABI info - done
[1.513s] -- Check for working CXX compiler: /usr/bin/c++ - skipped
[1.514s] -- Detecting CXX compile features
[1.524s] -- Detecting CXX compile features - done
[1.536s] -- Found ament_cmake: 1.3.14 (/opt/ros/humble/share/ament_cmake/cmake)
[2.057s] -- Found Python3: /usr/bin/python3 (found version "3.10.12") found components: Interpreter 
[2.447s] -- Found ament_lint_auto: 0.12.15 (/opt/ros/humble/share/ament_lint_auto/cmake)
[2.724s] -- Added test 'copyright' to check source files copyright and LICENSE
[2.729s] -- Added test 'flake8' to check Python code syntax and style conventions
[2.733s] -- Added test 'lint_cmake' to check CMake code style
[2.737s] -- Added test 'pep257' to check Python code against some of the docstring style conventions in PEP 257
[2.743s] -- Added test 'xmllint' to check XML markup files
[2.753s] -- Configuring done
[2.774s] -- Generating done
[2.779s] -- Build files have been written to: /home/jagdeesh/tracker/build/ros_ign_gazebo_demos
[2.801s] Invoked command in '/home/jagdeesh/tracker/build/ros_ign_gazebo_demos' returned '0': AMENT_PREFIX_PATH=/home/jagdeesh/tracker/install/ros_gz_sim_demos:/home/jagdeesh/tracker/install/ros_gz_image:/home/jagdeesh/tracker/install/ros_gz_bridge:/home/jagdeesh/tracker/install/ros_gz_sim:/home/jagdeesh/tracker/install/ros_gz_interfaces:${AMENT_PREFIX_PATH} CMAKE_PREFIX_PATH=/home/jagdeesh/tracker/install/ros_gz_sim_demos:/home/jagdeesh/tracker/install/ros_gz_image:/home/jagdeesh/tracker/install/ros_gz_bridge:/home/jagdeesh/tracker/install/ros_gz_sim:/home/jagdeesh/tracker/install/ros_gz_interfaces:/opt/ros/humble LD_LIBRARY_PATH=/home/jagdeesh/tracker/install/ros_gz_bridge/lib:/home/jagdeesh/tracker/install/ros_gz_sim/lib:/home/jagdeesh/tracker/install/ros_gz_interfaces/lib:${LD_LIBRARY_PATH} PYTHONPATH=/home/jagdeesh/tracker/install/ros_gz_interfaces/local/lib/python3.10/dist-packages:${PYTHONPATH} /usr/bin/cmake /home/jagdeesh/tracker/src/ros_gz/ros_ign_gazebo_demos -DCMAKE_BUILD_TYPE=Release -DCMAKE_INSTALL_PREFIX=/home/jagdeesh/tracker/install/ros_ign_gazebo_demos
[2.803s] Invoking command in '/home/jagdeesh/tracker/build/ros_ign_gazebo_demos': AMENT_PREFIX_PATH=/home/jagdeesh/tracker/install/ros_gz_sim_demos:/home/jagdeesh/tracker/install/ros_gz_image:/home/jagdeesh/tracker/install/ros_gz_bridge:/home/jagdeesh/tracker/install/ros_gz_sim:/home/jagdeesh/tracker/install/ros_gz_interfaces:${AMENT_PREFIX_PATH} CMAKE_PREFIX_PATH=/home/jagdeesh/tracker/install/ros_gz_sim_demos:/home/jagdeesh/tracker/install/ros_gz_image:/home/jagdeesh/tracker/install/ros_gz_bridge:/home/jagdeesh/tracker/install/ros_gz_sim:/home/jagdeesh/tracker/install/ros_gz_interfaces:/opt/ros/humble LD_LIBRARY_PATH=/home/jagdeesh/tracker/install/ros_gz_bridge/lib:/home/jagdeesh/tracker/install/ros_gz_sim/lib:/home/jagdeesh/tracker/install/ros_gz_interfaces/lib:${LD_LIBRARY_PATH} PYTHONPATH=/home/jagdeesh/tracker/install/ros_gz_interfaces/local/lib/python3.10/dist-packages:${PYTHONPATH} /usr/bin/cmake --build /home/jagdeesh/tracker/build/ros_ign_gazebo_demos -- -j12 -l12
[2.835s] gmake[1]: Entering directory '/home/jagdeesh/tracker/build/ros_ign_gazebo_demos'
[2.926s] gmake[1]: Leaving directory '/home/jagdeesh/tracker/build/ros_ign_gazebo_demos'
[2.937s] Invoked command in '/home/jagdeesh/tracker/build/ros_ign_gazebo_demos' returned '0': AMENT_PREFIX_PATH=/home/jagdeesh/tracker/install/ros_gz_sim_demos:/home/jagdeesh/tracker/install/ros_gz_image:/home/jagdeesh/tracker/install/ros_gz_bridge:/home/jagdeesh/tracker/install/ros_gz_sim:/home/jagdeesh/tracker/install/ros_gz_interfaces:${AMENT_PREFIX_PATH} CMAKE_PREFIX_PATH=/home/jagdeesh/tracker/install/ros_gz_sim_demos:/home/jagdeesh/tracker/install/ros_gz_image:/home/jagdeesh/tracker/install/ros_gz_bridge:/home/jagdeesh/tracker/install/ros_gz_sim:/home/jagdeesh/tracker/install/ros_gz_interfaces:/opt/ros/humble LD_LIBRARY_PATH=/home/jagdeesh/tracker/install/ros_gz_bridge/lib:/home/jagdeesh/tracker/install/ros_gz_sim/lib:/home/jagdeesh/tracker/install/ros_gz_interfaces/lib:${LD_LIBRARY_PATH} PYTHONPATH=/home/jagdeesh/tracker/install/ros_gz_interfaces/local/lib/python3.10/dist-packages:${PYTHONPATH} /usr/bin/cmake --build /home/jagdeesh/tracker/build/ros_ign_gazebo_demos -- -j12 -l12
[2.938s] Invoking command in '/home/jagdeesh/tracker/build/ros_ign_gazebo_demos': AMENT_PREFIX_PATH=/home/jagdeesh/tracker/install/ros_gz_sim_demos:/home/jagdeesh/tracker/install/ros_gz_image:/home/jagdeesh/tracker/install/ros_gz_bridge:/home/jagdeesh/tracker/install/ros_gz_sim:/home/jagdeesh/tracker/install/ros_gz_interfaces:${AMENT_PREFIX_PATH} CMAKE_PREFIX_PATH=/home/jagdeesh/tracker/install/ros_gz_sim_demos:/home/jagdeesh/tracker/install/ros_gz_image:/home/jagdeesh/tracker/install/ros_gz_bridge:/home/jagdeesh/tracker/install/ros_gz_sim:/home/jagdeesh/tracker/install/ros_gz_interfaces:/opt/ros/humble LD_LIBRARY_PATH=/home/jagdeesh/tracker/install/ros_gz_bridge/lib:/home/jagdeesh/tracker/install/ros_gz_sim/lib:/home/jagdeesh/tracker/install/ros_gz_interfaces/lib:${LD_LIBRARY_PATH} PYTHONPATH=/home/jagdeesh/tracker/install/ros_gz_interfaces/local/lib/python3.10/dist-packages:${PYTHONPATH} /usr/bin/cmake --install /home/jagdeesh/tracker/build/ros_ign_gazebo_demos
[2.958s] -- Install configuration: "Release"
[2.958s] -- Installing: /home/jagdeesh/tracker/install/ros_ign_gazebo_demos/share/ros_ign_gazebo_demos/launch
[2.958s] -- Installing: /home/jagdeesh/tracker/install/ros_ign_gazebo_demos/share/ros_ign_gazebo_demos/launch/triggered_camera.launch.py
[2.960s] -- Installing: /home/jagdeesh/tracker/install/ros_ign_gazebo_demos/share/ros_ign_gazebo_demos/launch/joint_states.launch.py
[2.962s] -- Installing: /home/jagdeesh/tracker/install/ros_ign_gazebo_demos/share/ros_ign_gazebo_demos/launch/air_pressure.launch.py
[2.965s] -- Installing: /home/jagdeesh/tracker/install/ros_ign_gazebo_demos/share/ros_ign_gazebo_demos/launch/gpu_lidar_bridge.launch.py
[2.970s] -- Installing: /home/jagdeesh/tracker/install/ros_ign_gazebo_demos/share/ros_ign_gazebo_demos/launch/rgbd_camera.launch.py
[2.971s] -- Installing: /home/jagdeesh/tracker/install/ros_ign_gazebo_demos/share/ros_ign_gazebo_demos/launch/magnetometer.launch.py
[2.971s] -- Installing: /home/jagdeesh/tracker/install/ros_ign_gazebo_demos/share/ros_ign_gazebo_demos/launch/diff_drive.launch.py
[2.972s] -- Installing: /home/jagdeesh/tracker/install/ros_ign_gazebo_demos/share/ros_ign_gazebo_demos/launch/rgbd_camera_bridge.launch.py
[2.975s] -- Installing: /home/jagdeesh/tracker/install/ros_ign_gazebo_demos/share/ros_ign_gazebo_demos/launch/imu.launch.py
[2.976s] -- Installing: /home/jagdeesh/tracker/install/ros_ign_gazebo_demos/share/ros_ign_gazebo_demos/launch/camera.launch.py
[2.976s] -- Installing: /home/jagdeesh/tracker/install/ros_ign_gazebo_demos/share/ros_ign_gazebo_demos/launch/gpu_lidar.launch.py
[2.983s] -- Installing: /home/jagdeesh/tracker/install/ros_ign_gazebo_demos/share/ros_ign_gazebo_demos/launch/depth_camera.launch.py
[2.983s] -- Installing: /home/jagdeesh/tracker/install/ros_ign_gazebo_demos/share/ros_ign_gazebo_demos/launch/image_bridge.launch.py
[2.985s] -- Installing: /home/jagdeesh/tracker/install/ros_ign_gazebo_demos/share/ros_ign_gazebo_demos/launch/robot_description_publisher.launch.py
[2.985s] -- Installing: /home/jagdeesh/tracker/install/ros_ign_gazebo_demos/share/ros_ign_gazebo_demos/launch/tf_bridge.launch.py
[2.985s] -- Installing: /home/jagdeesh/tracker/install/ros_ign_gazebo_demos/share/ros_ign_gazebo_demos/launch/battery.launch.py
[2.995s] -- Installing: /home/jagdeesh/tracker/install/ros_ign_gazebo_demos/share/ament_index/resource_index/package_run_dependencies/ros_ign_gazebo_demos
[2.995s] -- Installing: /home/jagdeesh/tracker/install/ros_ign_gazebo_demos/share/ament_index/resource_index/parent_prefix_path/ros_ign_gazebo_demos
[2.995s] -- Installing: /home/jagdeesh/tracker/install/ros_ign_gazebo_demos/share/ros_ign_gazebo_demos/environment/ament_prefix_path.sh
[2.995s] -- Installing: /home/jagdeesh/tracker/install/ros_ign_gazebo_demos/share/ros_ign_gazebo_demos/environment/ament_prefix_path.dsv
[2.995s] -- Installing: /home/jagdeesh/tracker/install/ros_ign_gazebo_demos/share/ros_ign_gazebo_demos/environment/path.sh
[2.995s] -- Installing: /home/jagdeesh/tracker/install/ros_ign_gazebo_demos/share/ros_ign_gazebo_demos/environment/path.dsv
[2.995s] -- Installing: /home/jagdeesh/tracker/install/ros_ign_gazebo_demos/share/ros_ign_gazebo_demos/local_setup.bash
[2.996s] -- Installing: /home/jagdeesh/tracker/install/ros_ign_gazebo_demos/share/ros_ign_gazebo_demos/local_setup.sh
[2.996s] -- Installing: /home/jagdeesh/tracker/install/ros_ign_gazebo_demos/share/ros_ign_gazebo_demos/local_setup.zsh
[2.996s] -- Installing: /home/jagdeesh/tracker/install/ros_ign_gazebo_demos/share/ros_ign_gazebo_demos/local_setup.dsv
[3.001s] -- Installing: /home/jagdeesh/tracker/install/ros_ign_gazebo_demos/share/ros_ign_gazebo_demos/package.dsv
[3.002s] -- Installing: /home/jagdeesh/tracker/install/ros_ign_gazebo_demos/share/ament_index/resource_index/packages/ros_ign_gazebo_demos
[3.002s] -- Installing: /home/jagdeesh/tracker/install/ros_ign_gazebo_demos/share/ros_ign_gazebo_demos/cmake/ros_ign_gazebo_demosConfig.cmake
[3.003s] -- Installing: /home/jagdeesh/tracker/install/ros_ign_gazebo_demos/share/ros_ign_gazebo_demos/cmake/ros_ign_gazebo_demosConfig-version.cmake
[3.003s] -- Installing: /home/jagdeesh/tracker/install/ros_ign_gazebo_demos/share/ros_ign_gazebo_demos/package.xml
[3.019s] Invoked command in '/home/jagdeesh/tracker/build/ros_ign_gazebo_demos' returned '0': AMENT_PREFIX_PATH=/home/jagdeesh/tracker/install/ros_gz_sim_demos:/home/jagdeesh/tracker/install/ros_gz_image:/home/jagdeesh/tracker/install/ros_gz_bridge:/home/jagdeesh/tracker/install/ros_gz_sim:/home/jagdeesh/tracker/install/ros_gz_interfaces:${AMENT_PREFIX_PATH} CMAKE_PREFIX_PATH=/home/jagdeesh/tracker/install/ros_gz_sim_demos:/home/jagdeesh/tracker/install/ros_gz_image:/home/jagdeesh/tracker/install/ros_gz_bridge:/home/jagdeesh/tracker/install/ros_gz_sim:/home/jagdeesh/tracker/install/ros_gz_interfaces:/opt/ros/humble LD_LIBRARY_PATH=/home/jagdeesh/tracker/install/ros_gz_bridge/lib:/home/jagdeesh/tracker/install/ros_gz_sim/lib:/home/jagdeesh/tracker/install/ros_gz_interfaces/lib:${LD_LIBRARY_PATH} PYTHONPATH=/home/jagdeesh/tracker/install/ros_gz_interfaces/local/lib/python3.10/dist-packages:${PYTHONPATH} /usr/bin/cmake --install /home/jagdeesh/tracker/build/ros_ign_gazebo_demos
