[0.041s] Invoking command in '/home/jagdeesh/tracker/build/example_mode_goto_global_cpp': AMENT_PREFIX_PATH=/home/jagdeesh/tracker/install/px4_ros2_cpp:/home/jagdeesh/tracker/install/px4_msgs:${AMENT_PREFIX_PATH} CMAKE_PREFIX_PATH=/home/jagdeesh/tracker/install/px4_ros2_cpp:/home/jagdeesh/tracker/install/px4_msgs:/opt/ros/humble LD_LIBRARY_PATH=/home/jagdeesh/tracker/install/px4_ros2_cpp/lib:/home/jagdeesh/tracker/install/px4_msgs/lib:${LD_LIBRARY_PATH} PYTHONPATH=/home/jagdeesh/tracker/install/px4_msgs/local/lib/python3.10/dist-packages:${PYTHONPATH} /usr/bin/cmake --build /home/jagdeesh/tracker/build/example_mode_goto_global_cpp -- -j12 -l12
[0.055s] gmake[1]: Entering directory '/home/jagdeesh/tracker/build/example_mode_goto_global_cpp'
[0.090s] gmake[2]: Entering directory '/home/jagdeesh/tracker/build/example_mode_goto_global_cpp'
[0.092s] gmake[3]: Entering directory '/home/jagdeesh/tracker/build/example_mode_goto_global_cpp'
[0.116s] Consolidate compiler generated dependencies of target example_mode_goto_global
[0.116s] gmake[3]: Leaving directory '/home/jagdeesh/tracker/build/example_mode_goto_global_cpp'
[0.138s] [100%] Built target example_mode_goto_global
[0.139s] gmake[2]: Leaving directory '/home/jagdeesh/tracker/build/example_mode_goto_global_cpp'
[0.160s] gmake[1]: Leaving directory '/home/jagdeesh/tracker/build/example_mode_goto_global_cpp'
[0.167s] Invoked command in '/home/jagdeesh/tracker/build/example_mode_goto_global_cpp' returned '0': AMENT_PREFIX_PATH=/home/jagdeesh/tracker/install/px4_ros2_cpp:/home/jagdeesh/tracker/install/px4_msgs:${AMENT_PREFIX_PATH} CMAKE_PREFIX_PATH=/home/jagdeesh/tracker/install/px4_ros2_cpp:/home/jagdeesh/tracker/install/px4_msgs:/opt/ros/humble LD_LIBRARY_PATH=/home/jagdeesh/tracker/install/px4_ros2_cpp/lib:/home/jagdeesh/tracker/install/px4_msgs/lib:${LD_LIBRARY_PATH} PYTHONPATH=/home/jagdeesh/tracker/install/px4_msgs/local/lib/python3.10/dist-packages:${PYTHONPATH} /usr/bin/cmake --build /home/jagdeesh/tracker/build/example_mode_goto_global_cpp -- -j12 -l12
[0.175s] Invoking command in '/home/jagdeesh/tracker/build/example_mode_goto_global_cpp': AMENT_PREFIX_PATH=/home/jagdeesh/tracker/install/px4_ros2_cpp:/home/jagdeesh/tracker/install/px4_msgs:${AMENT_PREFIX_PATH} CMAKE_PREFIX_PATH=/home/jagdeesh/tracker/install/px4_ros2_cpp:/home/jagdeesh/tracker/install/px4_msgs:/opt/ros/humble LD_LIBRARY_PATH=/home/jagdeesh/tracker/install/px4_ros2_cpp/lib:/home/jagdeesh/tracker/install/px4_msgs/lib:${LD_LIBRARY_PATH} PYTHONPATH=/home/jagdeesh/tracker/install/px4_msgs/local/lib/python3.10/dist-packages:${PYTHONPATH} /usr/bin/cmake --install /home/jagdeesh/tracker/build/example_mode_goto_global_cpp
[0.187s] -- Install configuration: "Release"
[0.187s] -- Up-to-date: /home/jagdeesh/tracker/install/example_mode_goto_global_cpp/lib/example_mode_goto_global_cpp/example_mode_goto_global
[0.187s] -- Up-to-date: /home/jagdeesh/tracker/install/example_mode_goto_global_cpp/share/ament_index/resource_index/package_run_dependencies/example_mode_goto_global_cpp
[0.187s] -- Up-to-date: /home/jagdeesh/tracker/install/example_mode_goto_global_cpp/share/ament_index/resource_index/parent_prefix_path/example_mode_goto_global_cpp
[0.187s] -- Up-to-date: /home/jagdeesh/tracker/install/example_mode_goto_global_cpp/share/example_mode_goto_global_cpp/environment/ament_prefix_path.sh
[0.188s] -- Up-to-date: /home/jagdeesh/tracker/install/example_mode_goto_global_cpp/share/example_mode_goto_global_cpp/environment/ament_prefix_path.dsv
[0.188s] -- Up-to-date: /home/jagdeesh/tracker/install/example_mode_goto_global_cpp/share/example_mode_goto_global_cpp/environment/path.sh
[0.188s] -- Up-to-date: /home/jagdeesh/tracker/install/example_mode_goto_global_cpp/share/example_mode_goto_global_cpp/environment/path.dsv
[0.188s] -- Up-to-date: /home/jagdeesh/tracker/install/example_mode_goto_global_cpp/share/example_mode_goto_global_cpp/local_setup.bash
[0.188s] -- Up-to-date: /home/jagdeesh/tracker/install/example_mode_goto_global_cpp/share/example_mode_goto_global_cpp/local_setup.sh
[0.189s] -- Up-to-date: /home/jagdeesh/tracker/install/example_mode_goto_global_cpp/share/example_mode_goto_global_cpp/local_setup.zsh
[0.189s] -- Up-to-date: /home/jagdeesh/tracker/install/example_mode_goto_global_cpp/share/example_mode_goto_global_cpp/local_setup.dsv
[0.190s] -- Installing: /home/jagdeesh/tracker/install/example_mode_goto_global_cpp/share/example_mode_goto_global_cpp/package.dsv
[0.190s] -- Up-to-date: /home/jagdeesh/tracker/install/example_mode_goto_global_cpp/share/ament_index/resource_index/packages/example_mode_goto_global_cpp
[0.190s] -- Up-to-date: /home/jagdeesh/tracker/install/example_mode_goto_global_cpp/share/example_mode_goto_global_cpp/cmake/example_mode_goto_global_cppConfig.cmake
[0.191s] -- Up-to-date: /home/jagdeesh/tracker/install/example_mode_goto_global_cpp/share/example_mode_goto_global_cpp/cmake/example_mode_goto_global_cppConfig-version.cmake
[0.191s] -- Up-to-date: /home/jagdeesh/tracker/install/example_mode_goto_global_cpp/share/example_mode_goto_global_cpp/package.xml
[0.196s] Invoked command in '/home/jagdeesh/tracker/build/example_mode_goto_global_cpp' returned '0': AMENT_PREFIX_PATH=/home/jagdeesh/tracker/install/px4_ros2_cpp:/home/jagdeesh/tracker/install/px4_msgs:${AMENT_PREFIX_PATH} CMAKE_PREFIX_PATH=/home/jagdeesh/tracker/install/px4_ros2_cpp:/home/jagdeesh/tracker/install/px4_msgs:/opt/ros/humble LD_LIBRARY_PATH=/home/jagdeesh/tracker/install/px4_ros2_cpp/lib:/home/jagdeesh/tracker/install/px4_msgs/lib:${LD_LIBRARY_PATH} PYTHONPATH=/home/jagdeesh/tracker/install/px4_msgs/local/lib/python3.10/dist-packages:${PYTHONPATH} /usr/bin/cmake --install /home/jagdeesh/tracker/build/example_mode_goto_global_cpp
