[0.083s] Invoking command in '/home/jagdeesh/tracker/build/example_mode_goto_cpp': AMENT_PREFIX_PATH=/home/jagdeesh/tracker/install/px4_ros2_cpp:/home/jagdeesh/tracker/install/px4_msgs:${AMENT_PREFIX_PATH} CMAKE_PREFIX_PATH=/home/jagdeesh/tracker/install/px4_ros2_cpp:/home/jagdeesh/tracker/install/px4_msgs:/opt/ros/humble LD_LIBRARY_PATH=/home/jagdeesh/tracker/install/px4_ros2_cpp/lib:/home/jagdeesh/tracker/install/px4_msgs/lib:${LD_LIBRARY_PATH} PYTHONPATH=/home/jagdeesh/tracker/install/px4_msgs/local/lib/python3.10/dist-packages:${PYTHONPATH} /usr/bin/cmake --build /home/jagdeesh/tracker/build/example_mode_goto_cpp -- -j12 -l12
[0.338s] [100%] Built target example_mode_goto
[0.470s] Invoked command in '/home/jagdeesh/tracker/build/example_mode_goto_cpp' returned '0': AMENT_PREFIX_PATH=/home/jagdeesh/tracker/install/px4_ros2_cpp:/home/jagdeesh/tracker/install/px4_msgs:${AMENT_PREFIX_PATH} CMAKE_PREFIX_PATH=/home/jagdeesh/tracker/install/px4_ros2_cpp:/home/jagdeesh/tracker/install/px4_msgs:/opt/ros/humble LD_LIBRARY_PATH=/home/jagdeesh/tracker/install/px4_ros2_cpp/lib:/home/jagdeesh/tracker/install/px4_msgs/lib:${LD_LIBRARY_PATH} PYTHONPATH=/home/jagdeesh/tracker/install/px4_msgs/local/lib/python3.10/dist-packages:${PYTHONPATH} /usr/bin/cmake --build /home/jagdeesh/tracker/build/example_mode_goto_cpp -- -j12 -l12
[0.471s] Invoking command in '/home/jagdeesh/tracker/build/example_mode_goto_cpp': AMENT_PREFIX_PATH=/home/jagdeesh/tracker/install/px4_ros2_cpp:/home/jagdeesh/tracker/install/px4_msgs:${AMENT_PREFIX_PATH} CMAKE_PREFIX_PATH=/home/jagdeesh/tracker/install/px4_ros2_cpp:/home/jagdeesh/tracker/install/px4_msgs:/opt/ros/humble LD_LIBRARY_PATH=/home/jagdeesh/tracker/install/px4_ros2_cpp/lib:/home/jagdeesh/tracker/install/px4_msgs/lib:${LD_LIBRARY_PATH} PYTHONPATH=/home/jagdeesh/tracker/install/px4_msgs/local/lib/python3.10/dist-packages:${PYTHONPATH} /usr/bin/cmake --install /home/jagdeesh/tracker/build/example_mode_goto_cpp
[0.574s] -- Install configuration: "Release"
[0.574s] -- Up-to-date: /home/jagdeesh/tracker/install/example_mode_goto_cpp/lib/example_mode_goto_cpp/example_mode_goto
[0.574s] -- Up-to-date: /home/jagdeesh/tracker/install/example_mode_goto_cpp/share/ament_index/resource_index/package_run_dependencies/example_mode_goto_cpp
[0.575s] -- Up-to-date: /home/jagdeesh/tracker/install/example_mode_goto_cpp/share/ament_index/resource_index/parent_prefix_path/example_mode_goto_cpp
[0.575s] -- Up-to-date: /home/jagdeesh/tracker/install/example_mode_goto_cpp/share/example_mode_goto_cpp/environment/ament_prefix_path.sh
[0.575s] -- Up-to-date: /home/jagdeesh/tracker/install/example_mode_goto_cpp/share/example_mode_goto_cpp/environment/ament_prefix_path.dsv
[0.575s] -- Up-to-date: /home/jagdeesh/tracker/install/example_mode_goto_cpp/share/example_mode_goto_cpp/environment/path.sh
[0.576s] -- Up-to-date: /home/jagdeesh/tracker/install/example_mode_goto_cpp/share/example_mode_goto_cpp/environment/path.dsv
[0.576s] -- Up-to-date: /home/jagdeesh/tracker/install/example_mode_goto_cpp/share/example_mode_goto_cpp/local_setup.bash
[0.576s] -- Up-to-date: /home/jagdeesh/tracker/install/example_mode_goto_cpp/share/example_mode_goto_cpp/local_setup.sh
[0.576s] -- Up-to-date: /home/jagdeesh/tracker/install/example_mode_goto_cpp/share/example_mode_goto_cpp/local_setup.zsh
[0.576s] -- Up-to-date: /home/jagdeesh/tracker/install/example_mode_goto_cpp/share/example_mode_goto_cpp/local_setup.dsv
[0.576s] -- Up-to-date: /home/jagdeesh/tracker/install/example_mode_goto_cpp/share/example_mode_goto_cpp/package.dsv
[0.576s] -- Up-to-date: /home/jagdeesh/tracker/install/example_mode_goto_cpp/share/ament_index/resource_index/packages/example_mode_goto_cpp
[0.576s] -- Up-to-date: /home/jagdeesh/tracker/install/example_mode_goto_cpp/share/example_mode_goto_cpp/cmake/example_mode_goto_cppConfig.cmake
[0.576s] -- Up-to-date: /home/jagdeesh/tracker/install/example_mode_goto_cpp/share/example_mode_goto_cpp/cmake/example_mode_goto_cppConfig-version.cmake
[0.577s] -- Up-to-date: /home/jagdeesh/tracker/install/example_mode_goto_cpp/share/example_mode_goto_cpp/package.xml
[0.708s] Invoked command in '/home/jagdeesh/tracker/build/example_mode_goto_cpp' returned '0': AMENT_PREFIX_PATH=/home/jagdeesh/tracker/install/px4_ros2_cpp:/home/jagdeesh/tracker/install/px4_msgs:${AMENT_PREFIX_PATH} CMAKE_PREFIX_PATH=/home/jagdeesh/tracker/install/px4_ros2_cpp:/home/jagdeesh/tracker/install/px4_msgs:/opt/ros/humble LD_LIBRARY_PATH=/home/jagdeesh/tracker/install/px4_ros2_cpp/lib:/home/jagdeesh/tracker/install/px4_msgs/lib:${LD_LIBRARY_PATH} PYTHONPATH=/home/jagdeesh/tracker/install/px4_msgs/local/lib/python3.10/dist-packages:${PYTHONPATH} /usr/bin/cmake --install /home/jagdeesh/tracker/build/example_mode_goto_cpp
