[0.051s] Invoking command in '/home/jagdeesh/tracker/build/image_geometry': CMAKE_PREFIX_PATH=/opt/ros/humble /usr/bin/cmake /home/jagdeesh/tracker/src/vision_opencv/image_geometry -DCMAKE_INSTALL_PREFIX=/home/jagdeesh/tracker/install/image_geometry
[0.080s] -- Found ament_cmake_python: 1.3.14 (/opt/ros/humble/share/ament_cmake_python/cmake)
[0.080s] -- Found ament_cmake_ros: 0.10.0 (/opt/ros/humble/share/ament_cmake_ros/cmake)
[0.651s] -- Found sensor_msgs: 4.9.1 (/opt/ros/humble/share/sensor_msgs/cmake)
[0.780s] -- Found rosidl_generator_c: 3.1.8 (/opt/ros/humble/share/rosidl_generator_c/cmake)
[0.787s] -- Found rosidl_adapter: 3.1.8 (/opt/ros/humble/share/rosidl_adapter/cmake)
[0.803s] -- Found rosidl_generator_cpp: 3.1.8 (/opt/ros/humble/share/rosidl_generator_cpp/cmake)
[0.824s] -- Using all available rosidl_typesupport_c: rosidl_typesupport_fastrtps_c;rosidl_typesupport_introspection_c
[0.856s] -- Using all available rosidl_typesupport_cpp: rosidl_typesupport_fastrtps_cpp;rosidl_typesupport_introspection_cpp
[2.151s] [33mCMake Warning at /opt/ros/humble/share/ament_cmake_pytest/cmake/ament_add_pytest_test.cmake:79 (message):
[2.151s]   The Python module 'pytest' was not found, pytests cannot be run.  On Linux,
[2.152s]   install the 'python3-pytest' package.  On other platforms, install 'pytest'
[2.154s]   using pip.
[2.155s] Call Stack (most recent call first):
[2.155s]   test/CMakeLists.txt:4 (ament_add_pytest_test)
[2.155s] 
[2.155s] [0m
[2.155s] -- Found gtest sources under '/opt/ros/humble/src/gtest_vendor': C++ tests using 'Google Test' will be built
[2.346s] -- Configuring done
[2.418s] -- Generating done
[2.447s] -- Build files have been written to: /home/jagdeesh/tracker/build/image_geometry
[2.472s] Invoked command in '/home/jagdeesh/tracker/build/image_geometry' returned '0': CMAKE_PREFIX_PATH=/opt/ros/humble /usr/bin/cmake /home/jagdeesh/tracker/src/vision_opencv/image_geometry -DCMAKE_INSTALL_PREFIX=/home/jagdeesh/tracker/install/image_geometry
[2.480s] Invoking command in '/home/jagdeesh/tracker/build/image_geometry': CMAKE_PREFIX_PATH=/opt/ros/humble /usr/bin/cmake --build /home/jagdeesh/tracker/build/image_geometry -- -j12 -l12
[2.602s] [35m[1mConsolidate compiler generated dependencies of target image_geometry[0m
[2.612s] [35m[1mConsolidate compiler generated dependencies of target gtest[0m
[2.617s] [35m[1mConsolidate compiler generated dependencies of target gtest_main[0m
[2.665s] [ 27%] Built target image_geometry
[2.671s] [ 45%] Built target gtest_main
[2.683s] [ 63%] Built target gtest
[2.695s] [ 63%] Built target ament_cmake_python_copy_image_geometry
[2.716s] [35m[1mConsolidate compiler generated dependencies of target image_geometry-utest[0m
[2.723s] [35m[1mConsolidate compiler generated dependencies of target image_geometry-utest-equi[0m
[2.767s] [ 81%] Built target image_geometry-utest-equi
[2.776s] [100%] Built target image_geometry-utest
[3.374s] running egg_info
[3.376s] writing image_geometry.egg-info/PKG-INFO
[3.376s] writing dependency_links to image_geometry.egg-info/dependency_links.txt
[3.377s] writing top-level names to image_geometry.egg-info/top_level.txt
[3.383s] reading manifest file 'image_geometry.egg-info/SOURCES.txt'
[3.384s] writing manifest file 'image_geometry.egg-info/SOURCES.txt'
[3.466s] [100%] Built target ament_cmake_python_build_image_geometry_egg
[3.508s] Invoked command in '/home/jagdeesh/tracker/build/image_geometry' returned '0': CMAKE_PREFIX_PATH=/opt/ros/humble /usr/bin/cmake --build /home/jagdeesh/tracker/build/image_geometry -- -j12 -l12
[3.532s] Invoking command in '/home/jagdeesh/tracker/build/image_geometry': CMAKE_PREFIX_PATH=/opt/ros/humble /usr/bin/cmake --install /home/jagdeesh/tracker/build/image_geometry
[3.561s] -- Install configuration: "Release"
[3.561s] -- Up-to-date: /home/jagdeesh/tracker/install/image_geometry/share/image_geometry/environment/pythonpath.sh
[3.562s] -- Installing: /home/jagdeesh/tracker/install/image_geometry/share/image_geometry/environment/pythonpath.dsv
[3.562s] -- Up-to-date: /home/jagdeesh/tracker/install/image_geometry/local/lib/python3.10/dist-packages/image_geometry-4.1.0-py3.10.egg-info
[3.562s] -- Installing: /home/jagdeesh/tracker/install/image_geometry/local/lib/python3.10/dist-packages/image_geometry-4.1.0-py3.10.egg-info/SOURCES.txt
[3.564s] -- Installing: /home/jagdeesh/tracker/install/image_geometry/local/lib/python3.10/dist-packages/image_geometry-4.1.0-py3.10.egg-info/dependency_links.txt
[3.564s] -- Installing: /home/jagdeesh/tracker/install/image_geometry/local/lib/python3.10/dist-packages/image_geometry-4.1.0-py3.10.egg-info/top_level.txt
[3.565s] -- Installing: /home/jagdeesh/tracker/install/image_geometry/local/lib/python3.10/dist-packages/image_geometry-4.1.0-py3.10.egg-info/PKG-INFO
[3.565s] -- Up-to-date: /home/jagdeesh/tracker/install/image_geometry/local/lib/python3.10/dist-packages/image_geometry
[3.565s] -- Up-to-date: /home/jagdeesh/tracker/install/image_geometry/local/lib/python3.10/dist-packages/image_geometry/__init__.py
[3.565s] -- Up-to-date: /home/jagdeesh/tracker/install/image_geometry/local/lib/python3.10/dist-packages/image_geometry/cameramodels.py
[3.643s] Listing '/home/jagdeesh/tracker/install/image_geometry/local/lib/python3.10/dist-packages/image_geometry'...
[3.654s] -- Up-to-date: /home/jagdeesh/tracker/install/image_geometry/include/image_geometry
[3.654s] -- Up-to-date: /home/jagdeesh/tracker/install/image_geometry/include/image_geometry/image_geometry
[3.655s] -- Up-to-date: /home/jagdeesh/tracker/install/image_geometry/include/image_geometry/image_geometry/pinhole_camera_model.hpp
[3.655s] -- Up-to-date: /home/jagdeesh/tracker/install/image_geometry/include/image_geometry/image_geometry/visibility_control.hpp
[3.655s] -- Up-to-date: /home/jagdeesh/tracker/install/image_geometry/include/image_geometry/image_geometry/stereo_camera_model.hpp
[3.656s] -- Up-to-date: /home/jagdeesh/tracker/install/image_geometry/lib/libimage_geometry.so
[3.657s] -- Up-to-date: /home/jagdeesh/tracker/install/image_geometry/share/ament_index/resource_index/package_run_dependencies/image_geometry
[3.657s] -- Up-to-date: /home/jagdeesh/tracker/install/image_geometry/share/ament_index/resource_index/parent_prefix_path/image_geometry
[3.657s] -- Up-to-date: /home/jagdeesh/tracker/install/image_geometry/share/image_geometry/environment/ament_prefix_path.sh
[3.657s] -- Installing: /home/jagdeesh/tracker/install/image_geometry/share/image_geometry/environment/ament_prefix_path.dsv
[3.658s] -- Up-to-date: /home/jagdeesh/tracker/install/image_geometry/share/image_geometry/environment/path.sh
[3.658s] -- Installing: /home/jagdeesh/tracker/install/image_geometry/share/image_geometry/environment/path.dsv
[3.658s] -- Up-to-date: /home/jagdeesh/tracker/install/image_geometry/share/image_geometry/local_setup.bash
[3.658s] -- Up-to-date: /home/jagdeesh/tracker/install/image_geometry/share/image_geometry/local_setup.sh
[3.658s] -- Up-to-date: /home/jagdeesh/tracker/install/image_geometry/share/image_geometry/local_setup.zsh
[3.659s] -- Installing: /home/jagdeesh/tracker/install/image_geometry/share/image_geometry/local_setup.dsv
[3.659s] -- Installing: /home/jagdeesh/tracker/install/image_geometry/share/image_geometry/package.dsv
[3.659s] -- Up-to-date: /home/jagdeesh/tracker/install/image_geometry/share/ament_index/resource_index/packages/image_geometry
[3.660s] -- Up-to-date: /home/jagdeesh/tracker/install/image_geometry/share/image_geometry/cmake/export_image_geometryExport.cmake
[3.660s] -- Up-to-date: /home/jagdeesh/tracker/install/image_geometry/share/image_geometry/cmake/export_image_geometryExport-release.cmake
[3.660s] -- Up-to-date: /home/jagdeesh/tracker/install/image_geometry/share/image_geometry/cmake/ament_cmake_export_targets-extras.cmake
[3.661s] -- Up-to-date: /home/jagdeesh/tracker/install/image_geometry/share/image_geometry/cmake/ament_cmake_export_dependencies-extras.cmake
[3.662s] -- Up-to-date: /home/jagdeesh/tracker/install/image_geometry/share/image_geometry/cmake/image_geometryConfig.cmake
[3.662s] -- Up-to-date: /home/jagdeesh/tracker/install/image_geometry/share/image_geometry/cmake/image_geometryConfig-version.cmake
[3.662s] -- Up-to-date: /home/jagdeesh/tracker/install/image_geometry/share/image_geometry/package.xml
[3.665s] Invoked command in '/home/jagdeesh/tracker/build/image_geometry' returned '0': CMAKE_PREFIX_PATH=/opt/ros/humble /usr/bin/cmake --install /home/jagdeesh/tracker/build/image_geometry
