-- Found ament_cmake: 1.3.14 (/opt/ros/humble/share/ament_cmake/cmake)
-- Found rclcpp: 16.0.18 (/opt/ros/humble/share/rclcpp/cmake)
-- Found rosidl_generator_c: 3.1.8 (/opt/ros/humble/share/rosidl_generator_c/cmake)
-- Found rosidl_adapter: 3.1.8 (/opt/ros/humble/share/rosidl_adapter/cmake)
-- Found rosidl_generator_cpp: 3.1.8 (/opt/ros/humble/share/rosidl_generator_cpp/cmake)
-- Using all available rosidl_typesupport_c: rosidl_typesupport_fastrtps_c;rosidl_typesupport_introspection_c
-- Using all available rosidl_typesupport_cpp: rosidl_typesupport_fastrtps_cpp;rosidl_typesupport_introspection_cpp
-- Found rmw_implementation_cmake: 6.1.2 (/opt/ros/humble/share/rmw_implementation_cmake/cmake)
-- Found rmw_fastrtps_cpp: 6.2.10 (/opt/ros/humble/share/rmw_fastrtps_cpp/cmake)
-- Using RMW implementation 'rmw_fastrtps_cpp' as default
-- Found sensor_msgs: 4.9.1 (/opt/ros/humble/share/sensor_msgs/cmake)
-- Found cv_bridge: 4.1.0 (/home/jagdeesh/tracker/install/cv_bridge/share/cv_bridge/cmake)
-- Found ament_lint_auto: 0.12.15 (/opt/ros/humble/share/ament_lint_auto/cmake)
-- Added test 'copyright' to check source files copyright and LICENSE
-- Added test 'cppcheck' to perform static code analysis on C / C++ code
-- Configured cppcheck include dirs: 
-- Configured cppcheck exclude dirs and/or files: 
-- Added test 'cpplint' to check C / C++ code against the Google style
-- Configured cpplint exclude dirs and/or files: 
-- Added test 'lint_cmake' to check CMake code style
-- Added test 'uncrustify' to check C / C++ code style
-- Configured uncrustify additional arguments: 
-- Added test 'xmllint' to check XML markup files
-- Configuring done
-- Generating done
-- Build files have been written to: /home/jagdeesh/tracker/build/aruco_tracker
[35m[1mConsolidate compiler generated dependencies of target aruco_tracker[0m
[100%] Built target aruco_tracker
-- Install configuration: "Release"
-- Up-to-date: /home/jagdeesh/tracker/install/aruco_tracker/lib/aruco_tracker/aruco_tracker
-- Up-to-date: /home/jagdeesh/tracker/install/aruco_tracker/share/aruco_tracker//cfg
-- Up-to-date: /home/jagdeesh/tracker/install/aruco_tracker/share/aruco_tracker//cfg/params.yaml
-- Up-to-date: /home/jagdeesh/tracker/install/aruco_tracker/share/ament_index/resource_index/package_run_dependencies/aruco_tracker
-- Up-to-date: /home/jagdeesh/tracker/install/aruco_tracker/share/ament_index/resource_index/parent_prefix_path/aruco_tracker
-- Up-to-date: /home/jagdeesh/tracker/install/aruco_tracker/share/aruco_tracker/environment/ament_prefix_path.sh
-- Installing: /home/jagdeesh/tracker/install/aruco_tracker/share/aruco_tracker/environment/ament_prefix_path.dsv
-- Up-to-date: /home/jagdeesh/tracker/install/aruco_tracker/share/aruco_tracker/environment/path.sh
-- Installing: /home/jagdeesh/tracker/install/aruco_tracker/share/aruco_tracker/environment/path.dsv
-- Up-to-date: /home/jagdeesh/tracker/install/aruco_tracker/share/aruco_tracker/local_setup.bash
-- Up-to-date: /home/jagdeesh/tracker/install/aruco_tracker/share/aruco_tracker/local_setup.sh
-- Up-to-date: /home/jagdeesh/tracker/install/aruco_tracker/share/aruco_tracker/local_setup.zsh
-- Installing: /home/jagdeesh/tracker/install/aruco_tracker/share/aruco_tracker/local_setup.dsv
-- Installing: /home/jagdeesh/tracker/install/aruco_tracker/share/aruco_tracker/package.dsv
-- Up-to-date: /home/jagdeesh/tracker/install/aruco_tracker/share/ament_index/resource_index/packages/aruco_tracker
-- Up-to-date: /home/jagdeesh/tracker/install/aruco_tracker/share/aruco_tracker/cmake/aruco_trackerConfig.cmake
-- Up-to-date: /home/jagdeesh/tracker/install/aruco_tracker/share/aruco_tracker/cmake/aruco_trackerConfig-version.cmake
-- Up-to-date: /home/jagdeesh/tracker/install/aruco_tracker/share/aruco_tracker/package.xml
