[0.029s] Invoking command in '/home/jagdeesh/tracker/build/aruco_tracker': AMENT_PREFIX_PATH=/home/jagdeesh/tracker/install/px4_msgs:/home/jagdeesh/tracker/install/cv_bridge:${AMENT_PREFIX_PATH} CMAKE_PREFIX_PATH=/home/jagdeesh/tracker/install/px4_msgs:/home/jagdeesh/tracker/install/cv_bridge:/opt/ros/humble LD_LIBRARY_PATH=/home/jagdeesh/tracker/install/px4_msgs/lib:/home/jagdeesh/tracker/install/cv_bridge/lib:${LD_LIBRARY_PATH} PYTHONPATH=/home/jagdeesh/tracker/install/px4_msgs/local/lib/python3.10/dist-packages:/home/jagdeesh/tracker/install/cv_bridge/local/lib/python3.10/dist-packages:${PYTHONPATH} /usr/bin/cmake /home/jagdeesh/tracker/fixed_src/aruco_tracker -DCMAKE_INSTALL_PREFIX=/home/jagdeesh/tracker/install/aruco_tracker
[0.055s] -- Found ament_cmake: 1.3.14 (/opt/ros/humble/share/ament_cmake/cmake)
[0.333s] -- Found rclcpp: 16.0.18 (/opt/ros/humble/share/rclcpp/cmake)
[0.399s] -- Found rosidl_generator_c: 3.1.8 (/opt/ros/humble/share/rosidl_generator_c/cmake)
[0.404s] -- Found rosidl_adapter: 3.1.8 (/opt/ros/humble/share/rosidl_adapter/cmake)
[0.417s] -- Found rosidl_generator_cpp: 3.1.8 (/opt/ros/humble/share/rosidl_generator_cpp/cmake)
[0.438s] -- Using all available rosidl_typesupport_c: rosidl_typesupport_fastrtps_c;rosidl_typesupport_introspection_c
[0.465s] -- Using all available rosidl_typesupport_cpp: rosidl_typesupport_fastrtps_cpp;rosidl_typesupport_introspection_cpp
[0.532s] -- Found rmw_implementation_cmake: 6.1.2 (/opt/ros/humble/share/rmw_implementation_cmake/cmake)
[0.534s] -- Found rmw_fastrtps_cpp: 6.2.10 (/opt/ros/humble/share/rmw_fastrtps_cpp/cmake)
[0.733s] -- Using RMW implementation 'rmw_fastrtps_cpp' as default
[0.830s] -- Found sensor_msgs: 4.9.1 (/opt/ros/humble/share/sensor_msgs/cmake)
[0.891s] -- Found cv_bridge: 4.1.0 (/home/jagdeesh/tracker/install/cv_bridge/share/cv_bridge/cmake)
[0.917s] -- Found ament_lint_auto: 0.12.15 (/opt/ros/humble/share/ament_lint_auto/cmake)
[1.057s] -- Added test 'copyright' to check source files copyright and LICENSE
[1.058s] -- Added test 'cppcheck' to perform static code analysis on C / C++ code
[1.058s] -- Configured cppcheck include dirs: 
[1.058s] -- Configured cppcheck exclude dirs and/or files: 
[1.059s] -- Added test 'cpplint' to check C / C++ code against the Google style
[1.060s] -- Configured cpplint exclude dirs and/or files: 
[1.060s] -- Added test 'lint_cmake' to check CMake code style
[1.061s] -- Added test 'uncrustify' to check C / C++ code style
[1.062s] -- Configured uncrustify additional arguments: 
[1.062s] -- Added test 'xmllint' to check XML markup files
[1.063s] -- Configuring done
[1.088s] -- Generating done
[1.097s] -- Build files have been written to: /home/jagdeesh/tracker/build/aruco_tracker
[1.110s] Invoked command in '/home/jagdeesh/tracker/build/aruco_tracker' returned '0': AMENT_PREFIX_PATH=/home/jagdeesh/tracker/install/px4_msgs:/home/jagdeesh/tracker/install/cv_bridge:${AMENT_PREFIX_PATH} CMAKE_PREFIX_PATH=/home/jagdeesh/tracker/install/px4_msgs:/home/jagdeesh/tracker/install/cv_bridge:/opt/ros/humble LD_LIBRARY_PATH=/home/jagdeesh/tracker/install/px4_msgs/lib:/home/jagdeesh/tracker/install/cv_bridge/lib:${LD_LIBRARY_PATH} PYTHONPATH=/home/jagdeesh/tracker/install/px4_msgs/local/lib/python3.10/dist-packages:/home/jagdeesh/tracker/install/cv_bridge/local/lib/python3.10/dist-packages:${PYTHONPATH} /usr/bin/cmake /home/jagdeesh/tracker/fixed_src/aruco_tracker -DCMAKE_INSTALL_PREFIX=/home/jagdeesh/tracker/install/aruco_tracker
[1.113s] Invoking command in '/home/jagdeesh/tracker/build/aruco_tracker': AMENT_PREFIX_PATH=/home/jagdeesh/tracker/install/px4_msgs:/home/jagdeesh/tracker/install/cv_bridge:${AMENT_PREFIX_PATH} CMAKE_PREFIX_PATH=/home/jagdeesh/tracker/install/px4_msgs:/home/jagdeesh/tracker/install/cv_bridge:/opt/ros/humble LD_LIBRARY_PATH=/home/jagdeesh/tracker/install/px4_msgs/lib:/home/jagdeesh/tracker/install/cv_bridge/lib:${LD_LIBRARY_PATH} PYTHONPATH=/home/jagdeesh/tracker/install/px4_msgs/local/lib/python3.10/dist-packages:/home/jagdeesh/tracker/install/cv_bridge/local/lib/python3.10/dist-packages:${PYTHONPATH} /usr/bin/cmake --build /home/jagdeesh/tracker/build/aruco_tracker -- -j12 -l12
[1.189s] [35m[1mConsolidate compiler generated dependencies of target aruco_tracker[0m
[1.226s] [100%] Built target aruco_tracker
[1.247s] Invoked command in '/home/jagdeesh/tracker/build/aruco_tracker' returned '0': AMENT_PREFIX_PATH=/home/jagdeesh/tracker/install/px4_msgs:/home/jagdeesh/tracker/install/cv_bridge:${AMENT_PREFIX_PATH} CMAKE_PREFIX_PATH=/home/jagdeesh/tracker/install/px4_msgs:/home/jagdeesh/tracker/install/cv_bridge:/opt/ros/humble LD_LIBRARY_PATH=/home/jagdeesh/tracker/install/px4_msgs/lib:/home/jagdeesh/tracker/install/cv_bridge/lib:${LD_LIBRARY_PATH} PYTHONPATH=/home/jagdeesh/tracker/install/px4_msgs/local/lib/python3.10/dist-packages:/home/jagdeesh/tracker/install/cv_bridge/local/lib/python3.10/dist-packages:${PYTHONPATH} /usr/bin/cmake --build /home/jagdeesh/tracker/build/aruco_tracker -- -j12 -l12
[1.268s] Invoking command in '/home/jagdeesh/tracker/build/aruco_tracker': AMENT_PREFIX_PATH=/home/jagdeesh/tracker/install/px4_msgs:/home/jagdeesh/tracker/install/cv_bridge:${AMENT_PREFIX_PATH} CMAKE_PREFIX_PATH=/home/jagdeesh/tracker/install/px4_msgs:/home/jagdeesh/tracker/install/cv_bridge:/opt/ros/humble LD_LIBRARY_PATH=/home/jagdeesh/tracker/install/px4_msgs/lib:/home/jagdeesh/tracker/install/cv_bridge/lib:${LD_LIBRARY_PATH} PYTHONPATH=/home/jagdeesh/tracker/install/px4_msgs/local/lib/python3.10/dist-packages:/home/jagdeesh/tracker/install/cv_bridge/local/lib/python3.10/dist-packages:${PYTHONPATH} /usr/bin/cmake --install /home/jagdeesh/tracker/build/aruco_tracker
[1.284s] -- Install configuration: "Release"
[1.284s] -- Up-to-date: /home/jagdeesh/tracker/install/aruco_tracker/lib/aruco_tracker/aruco_tracker
[1.284s] -- Up-to-date: /home/jagdeesh/tracker/install/aruco_tracker/share/aruco_tracker//cfg
[1.285s] -- Up-to-date: /home/jagdeesh/tracker/install/aruco_tracker/share/aruco_tracker//cfg/params.yaml
[1.285s] -- Up-to-date: /home/jagdeesh/tracker/install/aruco_tracker/share/ament_index/resource_index/package_run_dependencies/aruco_tracker
[1.285s] -- Up-to-date: /home/jagdeesh/tracker/install/aruco_tracker/share/ament_index/resource_index/parent_prefix_path/aruco_tracker
[1.285s] -- Up-to-date: /home/jagdeesh/tracker/install/aruco_tracker/share/aruco_tracker/environment/ament_prefix_path.sh
[1.285s] -- Installing: /home/jagdeesh/tracker/install/aruco_tracker/share/aruco_tracker/environment/ament_prefix_path.dsv
[1.286s] -- Up-to-date: /home/jagdeesh/tracker/install/aruco_tracker/share/aruco_tracker/environment/path.sh
[1.286s] -- Installing: /home/jagdeesh/tracker/install/aruco_tracker/share/aruco_tracker/environment/path.dsv
[1.286s] -- Up-to-date: /home/jagdeesh/tracker/install/aruco_tracker/share/aruco_tracker/local_setup.bash
[1.287s] -- Up-to-date: /home/jagdeesh/tracker/install/aruco_tracker/share/aruco_tracker/local_setup.sh
[1.287s] -- Up-to-date: /home/jagdeesh/tracker/install/aruco_tracker/share/aruco_tracker/local_setup.zsh
[1.288s] -- Installing: /home/jagdeesh/tracker/install/aruco_tracker/share/aruco_tracker/local_setup.dsv
[1.288s] -- Installing: /home/jagdeesh/tracker/install/aruco_tracker/share/aruco_tracker/package.dsv
[1.288s] -- Up-to-date: /home/jagdeesh/tracker/install/aruco_tracker/share/ament_index/resource_index/packages/aruco_tracker
[1.288s] -- Up-to-date: /home/jagdeesh/tracker/install/aruco_tracker/share/aruco_tracker/cmake/aruco_trackerConfig.cmake
[1.288s] -- Up-to-date: /home/jagdeesh/tracker/install/aruco_tracker/share/aruco_tracker/cmake/aruco_trackerConfig-version.cmake
[1.288s] -- Up-to-date: /home/jagdeesh/tracker/install/aruco_tracker/share/aruco_tracker/package.xml
[1.291s] Invoked command in '/home/jagdeesh/tracker/build/aruco_tracker' returned '0': AMENT_PREFIX_PATH=/home/jagdeesh/tracker/install/px4_msgs:/home/jagdeesh/tracker/install/cv_bridge:${AMENT_PREFIX_PATH} CMAKE_PREFIX_PATH=/home/jagdeesh/tracker/install/px4_msgs:/home/jagdeesh/tracker/install/cv_bridge:/opt/ros/humble LD_LIBRARY_PATH=/home/jagdeesh/tracker/install/px4_msgs/lib:/home/jagdeesh/tracker/install/cv_bridge/lib:${LD_LIBRARY_PATH} PYTHONPATH=/home/jagdeesh/tracker/install/px4_msgs/local/lib/python3.10/dist-packages:/home/jagdeesh/tracker/install/cv_bridge/local/lib/python3.10/dist-packages:${PYTHONPATH} /usr/bin/cmake --install /home/jagdeesh/tracker/build/aruco_tracker
