[0.013s] Invoking command in '/home/jagdeesh/tracker/build/ros_gz_sim': CMAKE_PREFIX_PATH=/opt/ros/humble /usr/bin/cmake --build /home/jagdeesh/tracker/build/ros_gz_sim -- -j12 -l12
[0.030s] gmake[1]: Entering directory '/home/jagdeesh/tracker/build/ros_gz_sim'
[0.074s] gmake[2]: Entering directory '/home/jagdeesh/tracker/build/ros_gz_sim'
[0.077s] gmake[3]: Entering directory '/home/jagdeesh/tracker/build/ros_gz_sim'
[0.103s] Consolidate compiler generated dependencies of target create
[0.105s] gmake[3]: Leaving directory '/home/jagdeesh/tracker/build/ros_gz_sim'
[0.129s] [ 20%] Built target create
[0.133s] gmake[3]: Entering directory '/home/jagdeesh/tracker/build/ros_gz_sim'
[0.150s] Consolidate compiler generated dependencies of target gtest
[0.154s] gmake[3]: Leaving directory '/home/jagdeesh/tracker/build/ros_gz_sim'
[0.171s] [ 40%] Built target gtest
[0.173s] gmake[3]: Entering directory '/home/jagdeesh/tracker/build/ros_gz_sim'
[0.193s] Consolidate compiler generated dependencies of target gtest_main
[0.193s] gmake[3]: Leaving directory '/home/jagdeesh/tracker/build/ros_gz_sim'
[0.211s] [ 60%] Built target gtest_main
[0.215s] gmake[3]: Entering directory '/home/jagdeesh/tracker/build/ros_gz_sim'
[0.248s] Consolidate compiler generated dependencies of target ros_gz_sim
[0.250s] gmake[3]: Leaving directory '/home/jagdeesh/tracker/build/ros_gz_sim'
[0.267s] [ 80%] Built target ros_gz_sim
[0.271s] gmake[3]: Entering directory '/home/jagdeesh/tracker/build/ros_gz_sim'
[0.290s] Consolidate compiler generated dependencies of target test_stopwatch
[0.292s] gmake[3]: Leaving directory '/home/jagdeesh/tracker/build/ros_gz_sim'
[0.311s] [100%] Built target test_stopwatch
[0.312s] gmake[2]: Leaving directory '/home/jagdeesh/tracker/build/ros_gz_sim'
[0.325s] gmake[1]: Leaving directory '/home/jagdeesh/tracker/build/ros_gz_sim'
[0.328s] Invoked command in '/home/jagdeesh/tracker/build/ros_gz_sim' returned '0': CMAKE_PREFIX_PATH=/opt/ros/humble /usr/bin/cmake --build /home/jagdeesh/tracker/build/ros_gz_sim -- -j12 -l12
[0.331s] Invoking command in '/home/jagdeesh/tracker/build/ros_gz_sim': CMAKE_PREFIX_PATH=/opt/ros/humble /usr/bin/cmake --install /home/jagdeesh/tracker/build/ros_gz_sim
[0.341s] -- Install configuration: "Release"
[0.341s] -- Up-to-date: /home/jagdeesh/tracker/install/ros_gz_sim/include/ros_gz_sim
[0.341s] -- Up-to-date: /home/jagdeesh/tracker/install/ros_gz_sim/include/ros_gz_sim/Stopwatch.hpp
[0.341s] -- Up-to-date: /home/jagdeesh/tracker/install/ros_gz_sim/share/ros_gz_sim/launch/gz_sim.launch.py
[0.342s] -- Up-to-date: /home/jagdeesh/tracker/install/ros_gz_sim/lib/ros_gz_sim/create
[0.342s] -- Up-to-date: /home/jagdeesh/tracker/install/ros_gz_sim/lib/libros_gz_sim.so
[0.342s] -- Up-to-date: /home/jagdeesh/tracker/install/ros_gz_sim/lib/ros_gz_sim/test_stopwatch
[0.343s] -- Up-to-date: /home/jagdeesh/tracker/install/ros_gz_sim/share/ament_index/resource_index/package_run_dependencies/ros_gz_sim
[0.343s] -- Up-to-date: /home/jagdeesh/tracker/install/ros_gz_sim/share/ament_index/resource_index/parent_prefix_path/ros_gz_sim
[0.343s] -- Up-to-date: /home/jagdeesh/tracker/install/ros_gz_sim/share/ros_gz_sim/environment/ament_prefix_path.sh
[0.343s] -- Up-to-date: /home/jagdeesh/tracker/install/ros_gz_sim/share/ros_gz_sim/environment/ament_prefix_path.dsv
[0.343s] -- Up-to-date: /home/jagdeesh/tracker/install/ros_gz_sim/share/ros_gz_sim/environment/path.sh
[0.343s] -- Up-to-date: /home/jagdeesh/tracker/install/ros_gz_sim/share/ros_gz_sim/environment/path.dsv
[0.344s] -- Up-to-date: /home/jagdeesh/tracker/install/ros_gz_sim/share/ros_gz_sim/local_setup.bash
[0.344s] -- Up-to-date: /home/jagdeesh/tracker/install/ros_gz_sim/share/ros_gz_sim/local_setup.sh
[0.344s] -- Up-to-date: /home/jagdeesh/tracker/install/ros_gz_sim/share/ros_gz_sim/local_setup.zsh
[0.344s] -- Up-to-date: /home/jagdeesh/tracker/install/ros_gz_sim/share/ros_gz_sim/local_setup.dsv
[0.344s] -- Installing: /home/jagdeesh/tracker/install/ros_gz_sim/share/ros_gz_sim/package.dsv
[0.344s] -- Up-to-date: /home/jagdeesh/tracker/install/ros_gz_sim/share/ament_index/resource_index/packages/ros_gz_sim
[0.345s] -- Up-to-date: /home/jagdeesh/tracker/install/ros_gz_sim/share/ros_gz_sim/cmake/ros_gz_simExport.cmake
[0.345s] -- Up-to-date: /home/jagdeesh/tracker/install/ros_gz_sim/share/ros_gz_sim/cmake/ros_gz_simExport-release.cmake
[0.345s] -- Up-to-date: /home/jagdeesh/tracker/install/ros_gz_sim/share/ros_gz_sim/cmake/ament_cmake_export_targets-extras.cmake
[0.345s] -- Up-to-date: /home/jagdeesh/tracker/install/ros_gz_sim/share/ros_gz_sim/cmake/ament_cmake_export_dependencies-extras.cmake
[0.345s] -- Up-to-date: /home/jagdeesh/tracker/install/ros_gz_sim/share/ros_gz_sim/cmake/ros_gz_simConfig.cmake
[0.345s] -- Up-to-date: /home/jagdeesh/tracker/install/ros_gz_sim/share/ros_gz_sim/cmake/ros_gz_simConfig-version.cmake
[0.345s] -- Up-to-date: /home/jagdeesh/tracker/install/ros_gz_sim/share/ros_gz_sim/package.xml
[0.348s] Invoked command in '/home/jagdeesh/tracker/build/ros_gz_sim' returned '0': CMAKE_PREFIX_PATH=/opt/ros/humble /usr/bin/cmake --install /home/jagdeesh/tracker/build/ros_gz_sim
