[0.102s] Invoking command in '/home/jagdeesh/tracker/build/example_mode_mission_cpp': AMENT_PREFIX_PATH=/home/jagdeesh/tracker/install/px4_ros2_cpp:/home/jagdeesh/tracker/install/px4_msgs:${AMENT_PREFIX_PATH} CMAKE_PREFIX_PATH=/home/jagdeesh/tracker/install/px4_ros2_cpp:/home/jagdeesh/tracker/install/px4_msgs:/opt/ros/humble LD_LIBRARY_PATH=/home/jagdeesh/tracker/install/px4_ros2_cpp/lib:/home/jagdeesh/tracker/install/px4_msgs/lib:${LD_LIBRARY_PATH} PYTHONPATH=/home/jagdeesh/tracker/install/px4_msgs/local/lib/python3.10/dist-packages:${PYTHONPATH} /usr/bin/cmake /home/jagdeesh/tracker/src/px4-ros2-interface-lib/examples/cpp/modes/mission -DCMAKE_INSTALL_PREFIX=/home/jagdeesh/tracker/install/example_mode_mission_cpp
[0.224s] -- Found eigen3_cmake_module: 0.1.1 (/opt/ros/humble/share/eigen3_cmake_module/cmake)
[0.228s] -- Found ament_cmake: 1.3.14 (/opt/ros/humble/share/ament_cmake/cmake)
[1.061s] -- Found rclcpp: 16.0.18 (/opt/ros/humble/share/rclcpp/cmake)
[1.192s] -- Found rosidl_generator_c: 3.1.8 (/opt/ros/humble/share/rosidl_generator_c/cmake)
[1.198s] -- Found rosidl_adapter: 3.1.8 (/opt/ros/humble/share/rosidl_adapter/cmake)
[1.213s] -- Found rosidl_generator_cpp: 3.1.8 (/opt/ros/humble/share/rosidl_generator_cpp/cmake)
[1.246s] -- Using all available rosidl_typesupport_c: rosidl_typesupport_fastrtps_c;rosidl_typesupport_introspection_c
[1.293s] -- Using all available rosidl_typesupport_cpp: rosidl_typesupport_fastrtps_cpp;rosidl_typesupport_introspection_cpp
[1.413s] -- Found rmw_implementation_cmake: 6.1.2 (/opt/ros/humble/share/rmw_implementation_cmake/cmake)
[1.421s] -- Found rmw_fastrtps_cpp: 6.2.10 (/opt/ros/humble/share/rmw_fastrtps_cpp/cmake)
[2.186s] -- Using RMW implementation 'rmw_fastrtps_cpp' as default
[2.619s] -- Found px4_ros2_cpp: 0.0.1 (/home/jagdeesh/tracker/install/px4_ros2_cpp/share/px4_ros2_cpp/cmake)
[2.757s] -- Found ament_lint_auto: 0.12.15 (/opt/ros/humble/share/ament_lint_auto/cmake)
[3.254s] -- Added test 'copyright' to check source files copyright and LICENSE
[3.259s] -- Added test 'cppcheck' to perform static code analysis on C / C++ code
[3.260s] -- Configured cppcheck include dirs: /home/jagdeesh/tracker/src/px4-ros2-interface-lib/examples/cpp/modes/mission/include
[3.261s] -- Configured cppcheck exclude dirs and/or files: 
[3.265s] -- Added test 'cpplint' to check C / C++ code against the Google style
[3.266s] -- Configured cpplint exclude dirs and/or files: 
[3.267s] -- Added test 'lint_cmake' to check CMake code style
[3.271s] -- Added test 'uncrustify' to check C / C++ code style
[3.272s] -- Configured uncrustify additional arguments: 
[3.272s] -- Added test 'xmllint' to check XML markup files
[3.279s] -- Configuring done
[3.317s] -- Generating done
[3.342s] -- Build files have been written to: /home/jagdeesh/tracker/build/example_mode_mission_cpp
[3.514s] Invoked command in '/home/jagdeesh/tracker/build/example_mode_mission_cpp' returned '0': AMENT_PREFIX_PATH=/home/jagdeesh/tracker/install/px4_ros2_cpp:/home/jagdeesh/tracker/install/px4_msgs:${AMENT_PREFIX_PATH} CMAKE_PREFIX_PATH=/home/jagdeesh/tracker/install/px4_ros2_cpp:/home/jagdeesh/tracker/install/px4_msgs:/opt/ros/humble LD_LIBRARY_PATH=/home/jagdeesh/tracker/install/px4_ros2_cpp/lib:/home/jagdeesh/tracker/install/px4_msgs/lib:${LD_LIBRARY_PATH} PYTHONPATH=/home/jagdeesh/tracker/install/px4_msgs/local/lib/python3.10/dist-packages:${PYTHONPATH} /usr/bin/cmake /home/jagdeesh/tracker/src/px4-ros2-interface-lib/examples/cpp/modes/mission -DCMAKE_INSTALL_PREFIX=/home/jagdeesh/tracker/install/example_mode_mission_cpp
[3.515s] Invoking command in '/home/jagdeesh/tracker/build/example_mode_mission_cpp': AMENT_PREFIX_PATH=/home/jagdeesh/tracker/install/px4_ros2_cpp:/home/jagdeesh/tracker/install/px4_msgs:${AMENT_PREFIX_PATH} CMAKE_PREFIX_PATH=/home/jagdeesh/tracker/install/px4_ros2_cpp:/home/jagdeesh/tracker/install/px4_msgs:/opt/ros/humble LD_LIBRARY_PATH=/home/jagdeesh/tracker/install/px4_ros2_cpp/lib:/home/jagdeesh/tracker/install/px4_msgs/lib:${LD_LIBRARY_PATH} PYTHONPATH=/home/jagdeesh/tracker/install/px4_msgs/local/lib/python3.10/dist-packages:${PYTHONPATH} /usr/bin/cmake --build /home/jagdeesh/tracker/build/example_mode_mission_cpp -- -j12 -l12
[3.623s] [35m[1mConsolidate compiler generated dependencies of target example_mode_mission[0m
[3.682s] [100%] Built target example_mode_mission
[3.808s] Invoked command in '/home/jagdeesh/tracker/build/example_mode_mission_cpp' returned '0': AMENT_PREFIX_PATH=/home/jagdeesh/tracker/install/px4_ros2_cpp:/home/jagdeesh/tracker/install/px4_msgs:${AMENT_PREFIX_PATH} CMAKE_PREFIX_PATH=/home/jagdeesh/tracker/install/px4_ros2_cpp:/home/jagdeesh/tracker/install/px4_msgs:/opt/ros/humble LD_LIBRARY_PATH=/home/jagdeesh/tracker/install/px4_ros2_cpp/lib:/home/jagdeesh/tracker/install/px4_msgs/lib:${LD_LIBRARY_PATH} PYTHONPATH=/home/jagdeesh/tracker/install/px4_msgs/local/lib/python3.10/dist-packages:${PYTHONPATH} /usr/bin/cmake --build /home/jagdeesh/tracker/build/example_mode_mission_cpp -- -j12 -l12
[3.810s] Invoking command in '/home/jagdeesh/tracker/build/example_mode_mission_cpp': AMENT_PREFIX_PATH=/home/jagdeesh/tracker/install/px4_ros2_cpp:/home/jagdeesh/tracker/install/px4_msgs:${AMENT_PREFIX_PATH} CMAKE_PREFIX_PATH=/home/jagdeesh/tracker/install/px4_ros2_cpp:/home/jagdeesh/tracker/install/px4_msgs:/opt/ros/humble LD_LIBRARY_PATH=/home/jagdeesh/tracker/install/px4_ros2_cpp/lib:/home/jagdeesh/tracker/install/px4_msgs/lib:${LD_LIBRARY_PATH} PYTHONPATH=/home/jagdeesh/tracker/install/px4_msgs/local/lib/python3.10/dist-packages:${PYTHONPATH} /usr/bin/cmake --install /home/jagdeesh/tracker/build/example_mode_mission_cpp
[3.831s] -- Install configuration: "Release"
[3.831s] -- Up-to-date: /home/jagdeesh/tracker/install/example_mode_mission_cpp/lib/example_mode_mission_cpp/example_mode_mission
[3.832s] -- Up-to-date: /home/jagdeesh/tracker/install/example_mode_mission_cpp/share/ament_index/resource_index/package_run_dependencies/example_mode_mission_cpp
[3.832s] -- Up-to-date: /home/jagdeesh/tracker/install/example_mode_mission_cpp/share/ament_index/resource_index/parent_prefix_path/example_mode_mission_cpp
[3.832s] -- Up-to-date: /home/jagdeesh/tracker/install/example_mode_mission_cpp/share/example_mode_mission_cpp/environment/ament_prefix_path.sh
[3.832s] -- Installing: /home/jagdeesh/tracker/install/example_mode_mission_cpp/share/example_mode_mission_cpp/environment/ament_prefix_path.dsv
[3.832s] -- Up-to-date: /home/jagdeesh/tracker/install/example_mode_mission_cpp/share/example_mode_mission_cpp/environment/path.sh
[3.832s] -- Installing: /home/jagdeesh/tracker/install/example_mode_mission_cpp/share/example_mode_mission_cpp/environment/path.dsv
[3.833s] -- Up-to-date: /home/jagdeesh/tracker/install/example_mode_mission_cpp/share/example_mode_mission_cpp/local_setup.bash
[3.833s] -- Up-to-date: /home/jagdeesh/tracker/install/example_mode_mission_cpp/share/example_mode_mission_cpp/local_setup.sh
[3.833s] -- Up-to-date: /home/jagdeesh/tracker/install/example_mode_mission_cpp/share/example_mode_mission_cpp/local_setup.zsh
[3.833s] -- Installing: /home/jagdeesh/tracker/install/example_mode_mission_cpp/share/example_mode_mission_cpp/local_setup.dsv
[3.834s] -- Installing: /home/jagdeesh/tracker/install/example_mode_mission_cpp/share/example_mode_mission_cpp/package.dsv
[3.834s] -- Up-to-date: /home/jagdeesh/tracker/install/example_mode_mission_cpp/share/ament_index/resource_index/packages/example_mode_mission_cpp
[3.834s] -- Up-to-date: /home/jagdeesh/tracker/install/example_mode_mission_cpp/share/example_mode_mission_cpp/cmake/example_mode_mission_cppConfig.cmake
[3.834s] -- Up-to-date: /home/jagdeesh/tracker/install/example_mode_mission_cpp/share/example_mode_mission_cpp/cmake/example_mode_mission_cppConfig-version.cmake
[3.835s] -- Up-to-date: /home/jagdeesh/tracker/install/example_mode_mission_cpp/share/example_mode_mission_cpp/package.xml
[3.861s] Invoked command in '/home/jagdeesh/tracker/build/example_mode_mission_cpp' returned '0': AMENT_PREFIX_PATH=/home/jagdeesh/tracker/install/px4_ros2_cpp:/home/jagdeesh/tracker/install/px4_msgs:${AMENT_PREFIX_PATH} CMAKE_PREFIX_PATH=/home/jagdeesh/tracker/install/px4_ros2_cpp:/home/jagdeesh/tracker/install/px4_msgs:/opt/ros/humble LD_LIBRARY_PATH=/home/jagdeesh/tracker/install/px4_ros2_cpp/lib:/home/jagdeesh/tracker/install/px4_msgs/lib:${LD_LIBRARY_PATH} PYTHONPATH=/home/jagdeesh/tracker/install/px4_msgs/local/lib/python3.10/dist-packages:${PYTHONPATH} /usr/bin/cmake --install /home/jagdeesh/tracker/build/example_mode_mission_cpp
