[0.013s] Invoking command in '/home/jagdeesh/tracker/build/ros_gz_sim': CMAKE_PREFIX_PATH=/opt/ros/humble /usr/bin/cmake /home/jagdeesh/tracker/src/ros_gz/ros_gz_sim -DCMAKE_BUILD_TYPE=Release -DCMAKE_INSTALL_PREFIX=/home/jagdeesh/tracker/install/ros_gz_sim
[0.084s] -- The C compiler identification is GNU 11.4.0
[0.147s] -- The CXX compiler identification is GNU 11.4.0
[0.157s] -- Detecting C compiler ABI info
[0.234s] -- Detecting C compiler ABI info - done
[0.245s] -- Check for working C compiler: /usr/bin/cc - skipped
[0.245s] -- Detecting C compile features
[0.246s] -- Detecting C compile features - done
[0.250s] -- Detecting CXX compiler ABI info
[0.341s] -- Detecting CXX compiler ABI info - done
[0.350s] -- Check for working CXX compiler: /usr/bin/c++ - skipped
[0.350s] -- Detecting CXX compile features
[0.351s] -- Detecting CXX compile features - done
[0.356s] -- Found ament_cmake: 1.3.14 (/opt/ros/humble/share/ament_cmake/cmake)
[0.540s] -- Found Python3: /usr/bin/python3 (found version "3.10.12") found components: Interpreter 
[0.645s] -- Found rclcpp: 16.0.18 (/opt/ros/humble/share/rclcpp/cmake)
[0.704s] -- Found rosidl_generator_c: 3.1.8 (/opt/ros/humble/share/rosidl_generator_c/cmake)
[0.708s] -- Found rosidl_adapter: 3.1.8 (/opt/ros/humble/share/rosidl_adapter/cmake)
[0.718s] -- Found rosidl_generator_cpp: 3.1.8 (/opt/ros/humble/share/rosidl_generator_cpp/cmake)
[0.731s] -- Using all available rosidl_typesupport_c: rosidl_typesupport_fastrtps_c;rosidl_typesupport_introspection_c
[0.750s] -- Using all available rosidl_typesupport_cpp: rosidl_typesupport_fastrtps_cpp;rosidl_typesupport_introspection_cpp
[0.818s] -- Found rmw_implementation_cmake: 6.1.2 (/opt/ros/humble/share/rmw_implementation_cmake/cmake)
[0.822s] -- Found rmw_fastrtps_cpp: 6.2.10 (/opt/ros/humble/share/rmw_fastrtps_cpp/cmake)
[0.929s] -- Found OpenSSL: /usr/lib/x86_64-linux-gnu/libcrypto.so (found version "3.0.2")  
[0.968s] -- Found FastRTPS: /opt/ros/humble/include  
[1.013s] -- Using RMW implementation 'rmw_fastrtps_cpp' as default
[1.023s] -- Looking for pthread.h
[1.096s] -- Looking for pthread.h - found
[1.096s] -- Performing Test CMAKE_HAVE_LIBC_PTHREAD
[1.173s] -- Performing Test CMAKE_HAVE_LIBC_PTHREAD - Success
[1.175s] -- Found Threads: TRUE  
[1.239s] -- Looking for ignition-math6 -- found version 6.15.1
[1.250s] -- Searching for dependencies of ignition-math6
[1.253s] -- Looking for ignition-transport11 -- found version 11.4.2
[1.254s] -- Searching for dependencies of ignition-transport11
[1.283s] -- Found Protobuf: /usr/lib/x86_64-linux-gnu/libprotobuf.so (found version "3.12.4") 
[1.295s] -- Config-file not installed for ZeroMQ -- checking for pkg-config
[1.301s] -- Checking for module 'libzmq >= 4'
[1.317s] --   Found libzmq , version 4.3.4
[1.356s] -- Found ZeroMQ: TRUE (Required is at least version "4") 
[1.364s] -- Checking for module 'uuid'
[1.378s] --   Found uuid, version 2.37.2
[1.413s] -- Found UUID: TRUE  
[1.416s] -- Looking for ignition-utils1 -- found version 1.5.1
[1.417s] -- Searching for dependencies of ignition-utils1
[1.418s] -- Searching for <ignition-utils1> component [cli]
[1.420s] -- Looking for ignition-utils1-cli -- found version 1.5.1
[1.421s] -- Searching for dependencies of ignition-utils1-cli
[1.423s] -- Looking for ignition-msgs8 -- found version 8.7.0
[1.424s] -- Searching for dependencies of ignition-msgs8
[1.442s] -- Found Protobuf: /usr/lib/x86_64-linux-gnu/libprotobuf.so (found suitable version "3.12.4", minimum required is "3") 
[1.443s] -- Looking for ignition-math6 -- found version 6.15.1
[1.450s] -- Checking for module 'tinyxml2'
[1.464s] --   Found tinyxml2, version 9.0.0
[1.501s] -- Looking for ignition-msgs8 -- found version 8.7.0
[1.504s] -- Looking for ignition-gazebo6 -- found version 6.17.1
[1.504s] -- Searching for dependencies of ignition-gazebo6
[1.507s] -- Looking for sdformat12 -- found version 12.9.0
[1.508s] -- Searching for dependencies of sdformat12
[1.517s] -- Looking for ignition-math6 -- found version 6.15.1
[1.517s] -- Looking for ignition-utils1 -- found version 1.5.1
[1.522s] -- Looking for ignition-plugin1 -- found version 1.4.0
[1.522s] -- Searching for dependencies of ignition-plugin1
[1.523s] -- Searching for <ignition-plugin1> component [loader]
[1.526s] -- Looking for ignition-plugin1-loader -- found version 1.4.0
[1.526s] -- Searching for dependencies of ignition-plugin1-loader
[1.527s] -- Searching for <ignition-plugin1> component [register]
[1.530s] -- Looking for ignition-plugin1-register -- found version 1.4.0
[1.530s] -- Searching for dependencies of ignition-plugin1-register
[1.531s] -- Looking for ignition-transport11 -- found version 11.4.2
[1.532s] -- Searching for dependencies of ignition-transport11
[1.551s] -- Found Protobuf: /usr/lib/x86_64-linux-gnu/libprotobuf.so (found version "3.12.4") 
[1.565s] -- Config-file not installed for ZeroMQ -- checking for pkg-config
[1.571s] -- Checking for module 'libzmq >= 4'
[1.585s] --   Found libzmq , version 4.3.4
[1.635s] -- Looking for ignition-utils1 -- found version 1.5.1
[1.635s] -- Looking for ignition-msgs8 -- found version 8.7.0
[1.635s] -- Searching for <ignition-transport11> component [log]
[1.639s] -- Looking for ignition-transport11-log -- found version 11.4.2
[1.640s] -- Searching for dependencies of ignition-transport11-log
[1.641s] -- Searching for <ignition-transport11> component [parameters]
[1.644s] -- Looking for ignition-transport11-parameters -- found version 11.4.2
[1.644s] -- Searching for dependencies of ignition-transport11-parameters
[1.646s] -- Looking for ignition-msgs8 -- found version 8.7.0
[1.650s] -- Looking for ignition-common4 -- found version 4.8.0
[1.650s] -- Searching for dependencies of ignition-common4
[1.651s] -- Looking for dlfcn.h - found
[1.652s] -- Looking for libdl - found
[1.654s] -- Found DL: TRUE  
[1.665s] -- Searching for <ignition-common4> component [profiler]
[1.668s] -- Looking for ignition-common4-profiler -- found version 4.8.0
[1.668s] -- Searching for dependencies of ignition-common4-profiler
[1.669s] -- Searching for <ignition-common4> component [events]
[1.672s] -- Looking for ignition-common4-events -- found version 4.8.0
[1.672s] -- Searching for dependencies of ignition-common4-events
[1.673s] -- Looking for ignition-math6 -- found version 6.15.1
[1.674s] -- Searching for <ignition-common4> component [av]
[1.677s] -- Looking for ignition-common4-av -- found version 4.8.0
[1.677s] -- Searching for dependencies of ignition-common4-av
[1.684s] -- Checking for module 'libswscale'
[1.700s] --   Found libswscale, version 5.9.100
[1.736s] -- Found SWSCALE: TRUE  
[1.742s] -- Checking for module 'libavdevice >= 56.4.100'
[1.759s] --   Found libavdevice , version 58.13.100
[1.801s] -- Found AVDEVICE: TRUE (Required is at least version "56.4.100") 
[1.806s] -- Checking for module 'libavformat'
[1.820s] --   Found libavformat, version 58.76.100
[1.859s] -- Found AVFORMAT: TRUE  
[1.866s] -- Checking for module 'libavcodec'
[1.881s] --   Found libavcodec, version 58.134.100
[1.920s] -- Found AVCODEC: TRUE  
[1.926s] -- Checking for module 'libavutil'
[1.940s] --   Found libavutil, version 56.70.100
[1.978s] -- Found AVUTIL: TRUE  
[1.982s] -- Looking for ignition-fuel_tools7 -- found version 7.3.1
[1.982s] -- Searching for dependencies of ignition-fuel_tools7
[2.073s] -- Found CURL: /usr/lib/x86_64-linux-gnu/libcurl.so (found version "7.81.0")  
[2.084s] -- Checking for module 'jsoncpp'
[2.099s] --   Found jsoncpp, version 1.9.5
[2.135s] -- Found JSONCPP: TRUE  
[2.141s] -- Checking for module 'libzip'
[2.156s] --   Found libzip, version 1.7.3
[2.194s] -- Found ZIP: TRUE  
[2.195s] -- Looking for ignition-common4 -- found version 4.8.0
[2.195s] -- Looking for ignition-math6 -- found version 6.15.1
[2.196s] -- Looking for ignition-msgs8 -- found version 8.7.0
[2.200s] -- Looking for ignition-gui6 -- found version 6.9.0
[2.200s] -- Searching for dependencies of ignition-gui6
[2.229s] -- Looking for ignition-math6 -- found version 6.15.1
[2.230s] -- Looking for ignition-common4 -- found version 4.8.0
[2.230s] -- Looking for ignition-plugin1 -- found version 1.4.0
[2.231s] -- Looking for ignition-transport11 -- found version 11.4.2
[2.234s] -- Looking for ignition-rendering6 -- found version 6.6.4
[2.234s] -- Searching for dependencies of ignition-rendering6
[2.235s] -- Looking for ignition-math6 -- found version 6.15.1
[2.235s] -- Searching for dependencies of ignition-math6
[2.236s] -- Searching for <ignition-math6> component [eigen3]
[2.238s] -- Looking for ignition-math6-eigen3 -- found version 6.15.1
[2.239s] -- Searching for dependencies of ignition-math6-eigen3
[2.248s] -- Looking for ignition-common4 -- found version 4.8.0
[2.248s] -- Searching for dependencies of ignition-common4
[2.249s] -- Looking for dlfcn.h - found
[2.249s] -- Looking for libdl - found
[2.262s] -- Searching for <ignition-common4> component [graphics]
[2.264s] -- Looking for ignition-common4-graphics -- found version 4.8.0
[2.265s] -- Searching for dependencies of ignition-common4-graphics
[2.265s] -- Looking for ignition-math6 -- found version 6.15.1
[2.266s] -- Looking for ignition-utils1 -- found version 1.5.1
[2.267s] -- Searching for <ignition-common4> component [events]
[2.268s] -- Looking for ignition-plugin1 -- found version 1.4.0
[2.269s] -- Searching for dependencies of ignition-plugin1
[2.269s] -- Searching for <ignition-plugin1> component [all]
[2.273s] -- Looking for all libraries of ignition-plugin1 -- found version 1.4.0
[2.274s] -- Looking for ignition-plugin1 -- found version 1.4.0
[2.278s] -- Looking for ignition-msgs8 -- found version 8.7.0
[2.330s] -- Looking for ignition-physics5 -- found version 5.4.0
[2.331s] -- Searching for dependencies of ignition-physics5
[2.331s] -- Looking for ignition-math6 -- found version 6.15.1
[2.331s] -- Looking for ignition-plugin1 -- found version 1.4.0
[2.332s] -- Looking for ignition-utils1 -- found version 1.5.1
[2.334s] -- Searching for <ignition-physics5> component [heightmap]
[2.337s] -- Looking for ignition-physics5-heightmap -- found version 5.4.0
[2.337s] -- Searching for dependencies of ignition-physics5-heightmap
[2.338s] -- Looking for ignition-common4 -- found version 4.8.0
[2.339s] -- Searching for <ignition-physics5> component [mesh]
[2.341s] -- Looking for ignition-physics5-mesh -- found version 5.4.0
[2.342s] -- Searching for dependencies of ignition-physics5-mesh
[2.342s] -- Looking for ignition-common4 -- found version 4.8.0
[2.343s] -- Searching for <ignition-physics5> component [sdf]
[2.345s] -- Looking for ignition-physics5-sdf -- found version 5.4.0
[2.346s] -- Searching for dependencies of ignition-physics5-sdf
[2.346s] -- Looking for sdformat12 -- found version 12.9.0
[2.350s] -- Looking for ignition-sensors6 -- found version 6.9.0
[2.351s] -- Searching for dependencies of ignition-sensors6
[2.374s] -- Looking for ignition-math6 -- found version 6.15.1
[2.374s] -- Looking for ignition-common4 -- found version 4.8.0
[2.375s] -- Looking for ignition-transport11 -- found version 11.4.2
[2.375s] -- Looking for ignition-rendering6 -- found version 6.6.4
[2.376s] -- Looking for ignition-msgs8 -- found version 8.7.0
[2.377s] -- Looking for sdformat12 -- found version 12.9.0
[2.378s] -- Searching for <ignition-sensors6> component [air_pressure]
[2.381s] -- Looking for ignition-sensors6-air_pressure -- found version 6.9.0
[2.381s] -- Searching for dependencies of ignition-sensors6-air_pressure
[2.383s] -- Searching for <ignition-sensors6> component [altimeter]
[2.386s] -- Looking for ignition-sensors6-altimeter -- found version 6.9.0
[2.386s] -- Searching for dependencies of ignition-sensors6-altimeter
[2.387s] -- Searching for <ignition-sensors6> component [imu]
[2.390s] -- Looking for ignition-sensors6-imu -- found version 6.9.0
[2.391s] -- Searching for dependencies of ignition-sensors6-imu
[2.392s] -- Searching for <ignition-sensors6> component [force_torque]
[2.395s] -- Looking for ignition-sensors6-force_torque -- found version 6.9.0
[2.395s] -- Searching for dependencies of ignition-sensors6-force_torque
[2.396s] -- Searching for <ignition-sensors6> component [logical_camera]
[2.399s] -- Looking for ignition-sensors6-logical_camera -- found version 6.9.0
[2.399s] -- Searching for dependencies of ignition-sensors6-logical_camera
[2.400s] -- Searching for <ignition-sensors6> component [magnetometer]
[2.403s] -- Looking for ignition-sensors6-magnetometer -- found version 6.9.0
[2.404s] -- Searching for dependencies of ignition-sensors6-magnetometer
[2.405s] -- Searching for <ignition-sensors6> component [navsat]
[2.408s] -- Looking for ignition-sensors6-navsat -- found version 6.9.0
[2.408s] -- Searching for dependencies of ignition-sensors6-navsat
[2.409s] -- Searching for <ignition-sensors6> component [rendering]
[2.412s] -- Looking for ignition-sensors6-rendering -- found version 6.9.0
[2.413s] -- Searching for dependencies of ignition-sensors6-rendering
[2.413s] -- Searching for <ignition-sensors6> component [lidar]
[2.416s] -- Looking for ignition-sensors6-lidar -- found version 6.9.0
[2.417s] -- Searching for dependencies of ignition-sensors6-lidar
[2.417s] -- Looking for ignition-sensors6 -- found version 6.9.0
[2.418s] -- Searching for <ignition-sensors6> component [gpu_lidar]
[2.421s] -- Looking for ignition-sensors6-gpu_lidar -- found version 6.9.0
[2.422s] -- Searching for dependencies of ignition-sensors6-gpu_lidar
[2.422s] -- Looking for ignition-sensors6 -- found version 6.9.0
[2.423s] -- Searching for <ignition-sensors6> component [camera]
[2.431s] -- Looking for ignition-sensors6-camera -- found version 6.9.0
[2.432s] -- Searching for dependencies of ignition-sensors6-camera
[2.432s] -- Looking for ignition-sensors6 -- found version 6.9.0
[2.434s] -- Searching for <ignition-sensors6> component [boundingbox_camera]
[2.436s] -- Looking for ignition-sensors6-boundingbox_camera -- found version 6.9.0
[2.437s] -- Searching for dependencies of ignition-sensors6-boundingbox_camera
[2.438s] -- Searching for <ignition-sensors6> component [segmentation_camera]
[2.441s] -- Looking for ignition-sensors6-segmentation_camera -- found version 6.9.0
[2.442s] -- Searching for dependencies of ignition-sensors6-segmentation_camera
[2.443s] -- Searching for <ignition-sensors6> component [depth_camera]
[2.446s] -- Looking for ignition-sensors6-depth_camera -- found version 6.9.0
[2.446s] -- Searching for dependencies of ignition-sensors6-depth_camera
[2.447s] -- Looking for ignition-sensors6 -- found version 6.9.0
[2.448s] -- Searching for <ignition-sensors6> component [rgbd_camera]
[2.450s] -- Looking for ignition-sensors6-rgbd_camera -- found version 6.9.0
[2.451s] -- Searching for dependencies of ignition-sensors6-rgbd_camera
[2.451s] -- Looking for ignition-sensors6 -- found version 6.9.0
[2.452s] -- Searching for <ignition-sensors6> component [thermal_camera]
[2.455s] -- Looking for ignition-sensors6-thermal_camera -- found version 6.9.0
[2.456s] -- Searching for dependencies of ignition-sensors6-thermal_camera
[2.457s] -- Looking for ignition-sensors6 -- found version 6.9.0
[2.458s] -- Looking for ignition-rendering6 -- found version 6.6.4
[2.459s] -- Looking for ignition-math6 -- found version 6.15.1
[2.462s] -- Looking for ignition-utils1 -- found version 1.5.1
[2.487s] -- Compiling against Gazebo Fortress
[2.491s] -- Looking for gflags - found
[2.492s] 
[2.497s] -- Found ament_lint_auto: 0.12.15 (/opt/ros/humble/share/ament_lint_auto/cmake)
[2.608s] -- Found ament_cmake_gtest: 1.3.14 (/opt/ros/humble/share/ament_cmake_gtest/cmake)
[2.609s] -- Found gtest sources under '/opt/ros/humble/src/gtest_vendor': C++ tests using 'Google Test' will be built
[2.619s] -- Added test 'copyright' to check source files copyright and LICENSE
[2.621s] -- Added test 'cppcheck' to perform static code analysis on C / C++ code
[2.621s] -- Configured cppcheck include dirs: $<BUILD_INTERFACE:/home/jagdeesh/tracker/src/ros_gz/ros_gz_sim/include>
[2.621s] -- Configured cppcheck exclude dirs and/or files: 
[2.622s] -- Added test 'cpplint' to check C / C++ code against the Google style
[2.622s] -- Configured cpplint exclude dirs and/or files: 
[2.623s] -- Added test 'lint_cmake' to check CMake code style
[2.624s] -- Added test 'uncrustify' to check C / C++ code style
[2.624s] -- Configured uncrustify additional arguments: 
[2.624s] -- Added test 'xmllint' to check XML markup files
[2.626s] -- Configuring done
[2.645s] -- Generating done
[2.652s] -- Build files have been written to: /home/jagdeesh/tracker/build/ros_gz_sim
[2.667s] Invoked command in '/home/jagdeesh/tracker/build/ros_gz_sim' returned '0': CMAKE_PREFIX_PATH=/opt/ros/humble /usr/bin/cmake /home/jagdeesh/tracker/src/ros_gz/ros_gz_sim -DCMAKE_BUILD_TYPE=Release -DCMAKE_INSTALL_PREFIX=/home/jagdeesh/tracker/install/ros_gz_sim
[2.672s] Invoking command in '/home/jagdeesh/tracker/build/ros_gz_sim': CMAKE_PREFIX_PATH=/opt/ros/humble /usr/bin/cmake --build /home/jagdeesh/tracker/build/ros_gz_sim -- -j12 -l12
[2.684s] gmake[1]: Entering directory '/home/jagdeesh/tracker/build/ros_gz_sim'
[2.709s] gmake[2]: Entering directory '/home/jagdeesh/tracker/build/ros_gz_sim'
[2.710s] gmake[3]: Entering directory '/home/jagdeesh/tracker/build/ros_gz_sim'
[2.711s] gmake[3]: Entering directory '/home/jagdeesh/tracker/build/ros_gz_sim'
[2.711s] gmake[3]: Entering directory '/home/jagdeesh/tracker/build/ros_gz_sim'
[2.711s] gmake[3]: Entering directory '/home/jagdeesh/tracker/build/ros_gz_sim'
[2.721s] gmake[3]: Leaving directory '/home/jagdeesh/tracker/build/ros_gz_sim'
[2.721s] gmake[3]: Leaving directory '/home/jagdeesh/tracker/build/ros_gz_sim'
[2.721s] gmake[3]: Leaving directory '/home/jagdeesh/tracker/build/ros_gz_sim'
[2.722s] gmake[3]: Leaving directory '/home/jagdeesh/tracker/build/ros_gz_sim'
[2.722s] gmake[3]: Entering directory '/home/jagdeesh/tracker/build/ros_gz_sim'
[2.723s] gmake[3]: Entering directory '/home/jagdeesh/tracker/build/ros_gz_sim'
[2.723s] gmake[3]: Entering directory '/home/jagdeesh/tracker/build/ros_gz_sim'
[2.723s] gmake[3]: Entering directory '/home/jagdeesh/tracker/build/ros_gz_sim'
[2.730s] [ 10%] [32mBuilding CXX object gtest/CMakeFiles/gtest.dir/src/gtest-all.cc.o[0m
[2.731s] [ 20%] [32mBuilding CXX object gtest/CMakeFiles/gtest_main.dir/src/gtest_main.cc.o[0m
[2.732s] [ 30%] [32mBuilding CXX object CMakeFiles/create.dir/src/create.cpp.o[0m
[2.732s] [ 40%] [32mBuilding CXX object CMakeFiles/ros_gz_sim.dir/src/Stopwatch.cpp.o[0m
[3.557s] [ 50%] [32m[1mLinking CXX static library libgtest_main.a[0m
[3.643s] gmake[3]: Leaving directory '/home/jagdeesh/tracker/build/ros_gz_sim'
[3.655s] [ 50%] Built target gtest_main
[4.197s] [ 60%] [32m[1mLinking CXX shared library libros_gz_sim.so[0m
[4.325s] gmake[3]: Leaving directory '/home/jagdeesh/tracker/build/ros_gz_sim'
[4.335s] [ 60%] Built target ros_gz_sim
[13.333s] [ 70%] [32m[1mLinking CXX static library libgtest.a[0m
[13.403s] gmake[3]: Leaving directory '/home/jagdeesh/tracker/build/ros_gz_sim'
[13.413s] [ 70%] Built target gtest
[13.416s] gmake[3]: Entering directory '/home/jagdeesh/tracker/build/ros_gz_sim'
[13.426s] gmake[3]: Leaving directory '/home/jagdeesh/tracker/build/ros_gz_sim'
[13.428s] gmake[3]: Entering directory '/home/jagdeesh/tracker/build/ros_gz_sim'
[13.438s] [ 80%] [32mBuilding CXX object CMakeFiles/test_stopwatch.dir/test/test_stopwatch.cpp.o[0m
[20.713s] [ 90%] [32m[1mLinking CXX executable test_stopwatch[0m
[20.838s] gmake[3]: Leaving directory '/home/jagdeesh/tracker/build/ros_gz_sim'
[20.847s] [ 90%] Built target test_stopwatch
[21.765s] [100%] [32m[1mLinking CXX executable create[0m
[21.968s] gmake[3]: Leaving directory '/home/jagdeesh/tracker/build/ros_gz_sim'
[21.976s] [100%] Built target create
[21.977s] gmake[2]: Leaving directory '/home/jagdeesh/tracker/build/ros_gz_sim'
[21.988s] gmake[1]: Leaving directory '/home/jagdeesh/tracker/build/ros_gz_sim'
[21.990s] Invoked command in '/home/jagdeesh/tracker/build/ros_gz_sim' returned '0': CMAKE_PREFIX_PATH=/opt/ros/humble /usr/bin/cmake --build /home/jagdeesh/tracker/build/ros_gz_sim -- -j12 -l12
[21.994s] Invoking command in '/home/jagdeesh/tracker/build/ros_gz_sim': CMAKE_PREFIX_PATH=/opt/ros/humble /usr/bin/cmake --install /home/jagdeesh/tracker/build/ros_gz_sim
[22.003s] -- Install configuration: "Release"
[22.003s] -- Installing: /home/jagdeesh/tracker/install/ros_gz_sim/include/ros_gz_sim
[22.003s] -- Installing: /home/jagdeesh/tracker/install/ros_gz_sim/include/ros_gz_sim/Stopwatch.hpp
[22.004s] -- Installing: /home/jagdeesh/tracker/install/ros_gz_sim/share/ros_gz_sim/launch/gz_sim.launch.py
[22.004s] -- Installing: /home/jagdeesh/tracker/install/ros_gz_sim/lib/ros_gz_sim/create
[22.005s] -- Set runtime path of "/home/jagdeesh/tracker/install/ros_gz_sim/lib/ros_gz_sim/create" to ""
[22.005s] -- Installing: /home/jagdeesh/tracker/install/ros_gz_sim/lib/libros_gz_sim.so
[22.006s] -- Set runtime path of "/home/jagdeesh/tracker/install/ros_gz_sim/lib/libros_gz_sim.so" to ""
[22.006s] -- Installing: /home/jagdeesh/tracker/install/ros_gz_sim/lib/ros_gz_sim/test_stopwatch
[22.007s] -- Set runtime path of "/home/jagdeesh/tracker/install/ros_gz_sim/lib/ros_gz_sim/test_stopwatch" to ""
[22.007s] -- Installing: /home/jagdeesh/tracker/install/ros_gz_sim/share/ament_index/resource_index/package_run_dependencies/ros_gz_sim
[22.007s] -- Installing: /home/jagdeesh/tracker/install/ros_gz_sim/share/ament_index/resource_index/parent_prefix_path/ros_gz_sim
[22.007s] -- Installing: /home/jagdeesh/tracker/install/ros_gz_sim/share/ros_gz_sim/environment/ament_prefix_path.sh
[22.008s] -- Installing: /home/jagdeesh/tracker/install/ros_gz_sim/share/ros_gz_sim/environment/ament_prefix_path.dsv
[22.008s] -- Installing: /home/jagdeesh/tracker/install/ros_gz_sim/share/ros_gz_sim/environment/path.sh
[22.008s] -- Installing: /home/jagdeesh/tracker/install/ros_gz_sim/share/ros_gz_sim/environment/path.dsv
[22.008s] -- Installing: /home/jagdeesh/tracker/install/ros_gz_sim/share/ros_gz_sim/local_setup.bash
[22.008s] -- Installing: /home/jagdeesh/tracker/install/ros_gz_sim/share/ros_gz_sim/local_setup.sh
[22.008s] -- Installing: /home/jagdeesh/tracker/install/ros_gz_sim/share/ros_gz_sim/local_setup.zsh
[22.008s] -- Installing: /home/jagdeesh/tracker/install/ros_gz_sim/share/ros_gz_sim/local_setup.dsv
[22.008s] -- Installing: /home/jagdeesh/tracker/install/ros_gz_sim/share/ros_gz_sim/package.dsv
[22.009s] -- Installing: /home/jagdeesh/tracker/install/ros_gz_sim/share/ament_index/resource_index/packages/ros_gz_sim
[22.009s] -- Installing: /home/jagdeesh/tracker/install/ros_gz_sim/share/ros_gz_sim/cmake/ros_gz_simExport.cmake
[22.009s] -- Installing: /home/jagdeesh/tracker/install/ros_gz_sim/share/ros_gz_sim/cmake/ros_gz_simExport-release.cmake
[22.009s] -- Installing: /home/jagdeesh/tracker/install/ros_gz_sim/share/ros_gz_sim/cmake/ament_cmake_export_targets-extras.cmake
[22.010s] -- Installing: /home/jagdeesh/tracker/install/ros_gz_sim/share/ros_gz_sim/cmake/ament_cmake_export_dependencies-extras.cmake
[22.010s] -- Installing: /home/jagdeesh/tracker/install/ros_gz_sim/share/ros_gz_sim/cmake/ros_gz_simConfig.cmake
[22.010s] -- Installing: /home/jagdeesh/tracker/install/ros_gz_sim/share/ros_gz_sim/cmake/ros_gz_simConfig-version.cmake
[22.010s] -- Installing: /home/jagdeesh/tracker/install/ros_gz_sim/share/ros_gz_sim/package.xml
[22.013s] Invoked command in '/home/jagdeesh/tracker/build/ros_gz_sim' returned '0': CMAKE_PREFIX_PATH=/opt/ros/humble /usr/bin/cmake --install /home/jagdeesh/tracker/build/ros_gz_sim
