[0.011s] Invoking command in '/home/jagdeesh/tracker/build/vision_opencv': AMENT_PREFIX_PATH=/home/jagdeesh/tracker/install/image_geometry:/home/jagdeesh/tracker/install/cv_bridge:${AMENT_PREFIX_PATH} CMAKE_PREFIX_PATH=/home/jagdeesh/tracker/install/image_geometry:/home/jagdeesh/tracker/install/cv_bridge:/opt/ros/humble LD_LIBRARY_PATH=/home/jagdeesh/tracker/install/image_geometry/lib:/home/jagdeesh/tracker/install/cv_bridge/lib:${LD_LIBRARY_PATH} PYTHONPATH=/home/jagdeesh/tracker/install/image_geometry/local/lib/python3.10/dist-packages:/home/jagdeesh/tracker/install/cv_bridge/local/lib/python3.10/dist-packages:${PYTHONPATH} /usr/bin/cmake /home/jagdeesh/tracker/src/vision_opencv/vision_opencv -DCMAKE_BUILD_TYPE=Release -DCMAKE_INSTALL_PREFIX=/home/jagdeesh/tracker/install/vision_opencv
[0.078s] -- The C compiler identification is GNU 11.4.0
[0.146s] -- The CXX compiler identification is GNU 11.4.0
[0.154s] -- Detecting C compiler ABI info
[0.236s] -- Detecting C compiler ABI info - done
[0.247s] -- Check for working C compiler: /usr/bin/cc - skipped
[0.247s] -- Detecting C compile features
[0.247s] -- Detecting C compile features - done
[0.251s] -- Detecting CXX compiler ABI info
[0.344s] -- Detecting CXX compiler ABI info - done
[0.355s] -- Check for working CXX compiler: /usr/bin/c++ - skipped
[0.356s] -- Detecting CXX compile features
[0.356s] -- Detecting CXX compile features - done
[0.359s] -- Found ament_cmake: 1.3.14 (/opt/ros/humble/share/ament_cmake/cmake)
[0.547s] -- Found Python3: /usr/bin/python3 (found version "3.10.12") found components: Interpreter 
[0.707s] -- Configuring done
[0.710s] -- Generating done
[0.712s] -- Build files have been written to: /home/jagdeesh/tracker/build/vision_opencv
[0.717s] Invoked command in '/home/jagdeesh/tracker/build/vision_opencv' returned '0': AMENT_PREFIX_PATH=/home/jagdeesh/tracker/install/image_geometry:/home/jagdeesh/tracker/install/cv_bridge:${AMENT_PREFIX_PATH} CMAKE_PREFIX_PATH=/home/jagdeesh/tracker/install/image_geometry:/home/jagdeesh/tracker/install/cv_bridge:/opt/ros/humble LD_LIBRARY_PATH=/home/jagdeesh/tracker/install/image_geometry/lib:/home/jagdeesh/tracker/install/cv_bridge/lib:${LD_LIBRARY_PATH} PYTHONPATH=/home/jagdeesh/tracker/install/image_geometry/local/lib/python3.10/dist-packages:/home/jagdeesh/tracker/install/cv_bridge/local/lib/python3.10/dist-packages:${PYTHONPATH} /usr/bin/cmake /home/jagdeesh/tracker/src/vision_opencv/vision_opencv -DCMAKE_BUILD_TYPE=Release -DCMAKE_INSTALL_PREFIX=/home/jagdeesh/tracker/install/vision_opencv
[0.719s] Invoking command in '/home/jagdeesh/tracker/build/vision_opencv': AMENT_PREFIX_PATH=/home/jagdeesh/tracker/install/image_geometry:/home/jagdeesh/tracker/install/cv_bridge:${AMENT_PREFIX_PATH} CMAKE_PREFIX_PATH=/home/jagdeesh/tracker/install/image_geometry:/home/jagdeesh/tracker/install/cv_bridge:/opt/ros/humble LD_LIBRARY_PATH=/home/jagdeesh/tracker/install/image_geometry/lib:/home/jagdeesh/tracker/install/cv_bridge/lib:${LD_LIBRARY_PATH} PYTHONPATH=/home/jagdeesh/tracker/install/image_geometry/local/lib/python3.10/dist-packages:/home/jagdeesh/tracker/install/cv_bridge/local/lib/python3.10/dist-packages:${PYTHONPATH} /usr/bin/cmake --build /home/jagdeesh/tracker/build/vision_opencv -- -j12 -l12
[0.730s] gmake[1]: Entering directory '/home/jagdeesh/tracker/build/vision_opencv'
[0.760s] gmake[1]: Leaving directory '/home/jagdeesh/tracker/build/vision_opencv'
[0.762s] Invoked command in '/home/jagdeesh/tracker/build/vision_opencv' returned '0': AMENT_PREFIX_PATH=/home/jagdeesh/tracker/install/image_geometry:/home/jagdeesh/tracker/install/cv_bridge:${AMENT_PREFIX_PATH} CMAKE_PREFIX_PATH=/home/jagdeesh/tracker/install/image_geometry:/home/jagdeesh/tracker/install/cv_bridge:/opt/ros/humble LD_LIBRARY_PATH=/home/jagdeesh/tracker/install/image_geometry/lib:/home/jagdeesh/tracker/install/cv_bridge/lib:${LD_LIBRARY_PATH} PYTHONPATH=/home/jagdeesh/tracker/install/image_geometry/local/lib/python3.10/dist-packages:/home/jagdeesh/tracker/install/cv_bridge/local/lib/python3.10/dist-packages:${PYTHONPATH} /usr/bin/cmake --build /home/jagdeesh/tracker/build/vision_opencv -- -j12 -l12
[0.764s] Invoking command in '/home/jagdeesh/tracker/build/vision_opencv': AMENT_PREFIX_PATH=/home/jagdeesh/tracker/install/image_geometry:/home/jagdeesh/tracker/install/cv_bridge:${AMENT_PREFIX_PATH} CMAKE_PREFIX_PATH=/home/jagdeesh/tracker/install/image_geometry:/home/jagdeesh/tracker/install/cv_bridge:/opt/ros/humble LD_LIBRARY_PATH=/home/jagdeesh/tracker/install/image_geometry/lib:/home/jagdeesh/tracker/install/cv_bridge/lib:${LD_LIBRARY_PATH} PYTHONPATH=/home/jagdeesh/tracker/install/image_geometry/local/lib/python3.10/dist-packages:/home/jagdeesh/tracker/install/cv_bridge/local/lib/python3.10/dist-packages:${PYTHONPATH} /usr/bin/cmake --install /home/jagdeesh/tracker/build/vision_opencv
[0.773s] -- Install configuration: "Release"
[0.773s] -- Installing: /home/jagdeesh/tracker/install/vision_opencv/share/ament_index/resource_index/package_run_dependencies/vision_opencv
[0.773s] -- Installing: /home/jagdeesh/tracker/install/vision_opencv/share/ament_index/resource_index/parent_prefix_path/vision_opencv
[0.773s] -- Installing: /home/jagdeesh/tracker/install/vision_opencv/share/vision_opencv/environment/ament_prefix_path.sh
[0.773s] -- Installing: /home/jagdeesh/tracker/install/vision_opencv/share/vision_opencv/environment/ament_prefix_path.dsv
[0.774s] -- Installing: /home/jagdeesh/tracker/install/vision_opencv/share/vision_opencv/environment/path.sh
[0.774s] -- Installing: /home/jagdeesh/tracker/install/vision_opencv/share/vision_opencv/environment/path.dsv
[0.774s] -- Installing: /home/jagdeesh/tracker/install/vision_opencv/share/vision_opencv/local_setup.bash
[0.774s] -- Installing: /home/jagdeesh/tracker/install/vision_opencv/share/vision_opencv/local_setup.sh
[0.774s] -- Installing: /home/jagdeesh/tracker/install/vision_opencv/share/vision_opencv/local_setup.zsh
[0.775s] -- Installing: /home/jagdeesh/tracker/install/vision_opencv/share/vision_opencv/local_setup.dsv
[0.775s] -- Installing: /home/jagdeesh/tracker/install/vision_opencv/share/vision_opencv/package.dsv
[0.775s] -- Installing: /home/jagdeesh/tracker/install/vision_opencv/share/ament_index/resource_index/packages/vision_opencv
[0.775s] -- Installing: /home/jagdeesh/tracker/install/vision_opencv/share/vision_opencv/cmake/vision_opencvConfig.cmake
[0.775s] -- Installing: /home/jagdeesh/tracker/install/vision_opencv/share/vision_opencv/cmake/vision_opencvConfig-version.cmake
[0.775s] -- Installing: /home/jagdeesh/tracker/install/vision_opencv/share/vision_opencv/package.xml
[0.777s] Invoked command in '/home/jagdeesh/tracker/build/vision_opencv' returned '0': AMENT_PREFIX_PATH=/home/jagdeesh/tracker/install/image_geometry:/home/jagdeesh/tracker/install/cv_bridge:${AMENT_PREFIX_PATH} CMAKE_PREFIX_PATH=/home/jagdeesh/tracker/install/image_geometry:/home/jagdeesh/tracker/install/cv_bridge:/opt/ros/humble LD_LIBRARY_PATH=/home/jagdeesh/tracker/install/image_geometry/lib:/home/jagdeesh/tracker/install/cv_bridge/lib:${LD_LIBRARY_PATH} PYTHONPATH=/home/jagdeesh/tracker/install/image_geometry/local/lib/python3.10/dist-packages:/home/jagdeesh/tracker/install/cv_bridge/local/lib/python3.10/dist-packages:${PYTHONPATH} /usr/bin/cmake --install /home/jagdeesh/tracker/build/vision_opencv
