-- The C compiler identification is GNU 11.4.0
-- The CXX compiler identification is GNU 11.4.0
-- Detecting C compiler ABI info
-- Detecting C compiler ABI info - done
-- Check for working C compiler: /usr/bin/cc - skipped
-- Detecting C compile features
-- Detecting C compile features - done
-- Detecting CXX compiler ABI info
-- Detecting CXX compiler ABI info - done
-- Check for working CXX compiler: /usr/bin/c++ - skipped
-- Detecting CXX compile features
-- Detecting CXX compile features - done
-- Found ament_cmake: 1.3.14 (/opt/ros/humble/share/ament_cmake/cmake)
-- Found Python3: /usr/bin/python3 (found version "3.10.12") found components: Interpreter 
-- Found ament_index_cpp: 1.4.1 (/opt/ros/humble/share/ament_index_cpp/cmake)
-- Configuring done
-- Generating done
-- Build files have been written to: /home/jagdeesh/tracker/build/ros_ign_image
gmake[1]: Entering directory '/home/jagdeesh/tracker/build/ros_ign_image'
gmake[2]: Entering directory '/home/jagdeesh/tracker/build/ros_ign_image'
gmake[3]: Entering directory '/home/jagdeesh/tracker/build/ros_ign_image'
gmake[3]: Leaving directory '/home/jagdeesh/tracker/build/ros_ign_image'
gmake[3]: Entering directory '/home/jagdeesh/tracker/build/ros_ign_image'
[ 50%] [32mBuilding CXX object CMakeFiles/image_bridge.dir/src/image_bridge_shim.cpp.o[0m
/home/jagdeesh/tracker/src/ros_gz/ros_ign_image/src/image_bridge_shim.cpp: In function ‘int main(int, char**)’:
/home/jagdeesh/tracker/src/ros_gz/ros_ign_image/src/image_bridge_shim.cpp:40:9: warning: ignoring return value of ‘int system(const char*)’ declared with attribute ‘warn_unused_result’ [-Wunused-result]
   40 |   system(cli_call.str().c_str());
      |   ~~~~~~^~~~~~~~~~~~~~~~~~~~~~~~
[100%] [32m[1mLinking CXX executable image_bridge[0m
gmake[3]: Leaving directory '/home/jagdeesh/tracker/build/ros_ign_image'
[100%] Built target image_bridge
gmake[2]: Leaving directory '/home/jagdeesh/tracker/build/ros_ign_image'
gmake[1]: Leaving directory '/home/jagdeesh/tracker/build/ros_ign_image'
-- Install configuration: "Release"
-- Installing: /home/jagdeesh/tracker/install/ros_ign_image/lib/ros_ign_image/image_bridge
-- Set runtime path of "/home/jagdeesh/tracker/install/ros_ign_image/lib/ros_ign_image/image_bridge" to ""
-- Installing: /home/jagdeesh/tracker/install/ros_ign_image/share/ament_index/resource_index/package_run_dependencies/ros_ign_image
-- Installing: /home/jagdeesh/tracker/install/ros_ign_image/share/ament_index/resource_index/parent_prefix_path/ros_ign_image
-- Installing: /home/jagdeesh/tracker/install/ros_ign_image/share/ros_ign_image/environment/ament_prefix_path.sh
-- Installing: /home/jagdeesh/tracker/install/ros_ign_image/share/ros_ign_image/environment/ament_prefix_path.dsv
-- Installing: /home/jagdeesh/tracker/install/ros_ign_image/share/ros_ign_image/environment/path.sh
-- Installing: /home/jagdeesh/tracker/install/ros_ign_image/share/ros_ign_image/environment/path.dsv
-- Installing: /home/jagdeesh/tracker/install/ros_ign_image/share/ros_ign_image/local_setup.bash
-- Installing: /home/jagdeesh/tracker/install/ros_ign_image/share/ros_ign_image/local_setup.sh
-- Installing: /home/jagdeesh/tracker/install/ros_ign_image/share/ros_ign_image/local_setup.zsh
-- Installing: /home/jagdeesh/tracker/install/ros_ign_image/share/ros_ign_image/local_setup.dsv
-- Installing: /home/jagdeesh/tracker/install/ros_ign_image/share/ros_ign_image/package.dsv
-- Installing: /home/jagdeesh/tracker/install/ros_ign_image/share/ament_index/resource_index/packages/ros_ign_image
-- Installing: /home/jagdeesh/tracker/install/ros_ign_image/share/ros_ign_image/cmake/ament_cmake_export_dependencies-extras.cmake
-- Installing: /home/jagdeesh/tracker/install/ros_ign_image/share/ros_ign_image/cmake/ros_ign_imageConfig.cmake
-- Installing: /home/jagdeesh/tracker/install/ros_ign_image/share/ros_ign_image/cmake/ros_ign_imageConfig-version.cmake
-- Installing: /home/jagdeesh/tracker/install/ros_ign_image/share/ros_ign_image/package.xml
