-- The C compiler identification is GNU 11.4.0
-- The CXX compiler identification is GNU 11.4.0
-- Detecting C compiler ABI info
-- Detecting C compiler ABI info - done
-- Check for working C compiler: /usr/bin/cc - skipped
-- Detecting C compile features
-- Detecting C compile features - done
-- Detecting CXX compiler ABI info
-- Detecting CXX compiler ABI info - done
-- Check for working CXX compiler: /usr/bin/c++ - skipped
-- Detecting CXX compile features
-- Detecting CXX compile features - done
-- Found ament_cmake: 1.3.14 (/opt/ros/humble/share/ament_cmake/cmake)
-- Found Python3: /usr/bin/python3 (found version "3.10.12") found components: Interpreter 
-- Found ament_index_cpp: 1.4.1 (/opt/ros/humble/share/ament_index_cpp/cmake)
-- Configuring done
-- Generating done
-- Build files have been written to: /home/jagdeesh/tracker/build/ros_ign_bridge
gmake[1]: Entering directory '/home/jagdeesh/tracker/build/ros_ign_bridge'
gmake[2]: Entering directory '/home/jagdeesh/tracker/build/ros_ign_bridge'
gmake[3]: Entering directory '/home/jagdeesh/tracker/build/ros_ign_bridge'
gmake[3]: Entering directory '/home/jagdeesh/tracker/build/ros_ign_bridge'
gmake[3]: Leaving directory '/home/jagdeesh/tracker/build/ros_ign_bridge'
gmake[3]: Entering directory '/home/jagdeesh/tracker/build/ros_ign_bridge'
gmake[3]: Leaving directory '/home/jagdeesh/tracker/build/ros_ign_bridge'
gmake[3]: Entering directory '/home/jagdeesh/tracker/build/ros_ign_bridge'
[ 25%] [32mBuilding CXX object CMakeFiles/parameter_bridge.dir/src/parameter_bridge_shim.cpp.o[0m
[ 50%] [32mBuilding CXX object CMakeFiles/static_bridge.dir/src/static_bridge_shim.cpp.o[0m
/home/jagdeesh/tracker/src/ros_gz/ros_ign_bridge/src/static_bridge_shim.cpp: In function ‘int main(int, char**)’:
/home/jagdeesh/tracker/src/ros_gz/ros_ign_bridge/src/static_bridge_shim.cpp:40:9: warning: ignoring return value of ‘int system(const char*)’ declared with attribute ‘warn_unused_result’ [-Wunused-result]
   40 |   system(cli_call.str().c_str());
      |   ~~~~~~^~~~~~~~~~~~~~~~~~~~~~~~
[ 75%] [32m[1mLinking CXX executable static_bridge[0m
/home/jagdeesh/tracker/src/ros_gz/ros_ign_bridge/src/parameter_bridge_shim.cpp: In function ‘int main(int, char**)’:
/home/jagdeesh/tracker/src/ros_gz/ros_ign_bridge/src/parameter_bridge_shim.cpp:40:9: warning: ignoring return value of ‘int system(const char*)’ declared with attribute ‘warn_unused_result’ [-Wunused-result]
   40 |   system(cli_call.str().c_str());
      |   ~~~~~~^~~~~~~~~~~~~~~~~~~~~~~~
[100%] [32m[1mLinking CXX executable parameter_bridge[0m
gmake[3]: Leaving directory '/home/jagdeesh/tracker/build/ros_ign_bridge'
[100%] Built target static_bridge
gmake[3]: Leaving directory '/home/jagdeesh/tracker/build/ros_ign_bridge'
[100%] Built target parameter_bridge
gmake[2]: Leaving directory '/home/jagdeesh/tracker/build/ros_ign_bridge'
gmake[1]: Leaving directory '/home/jagdeesh/tracker/build/ros_ign_bridge'
-- Install configuration: "Release"
-- Installing: /home/jagdeesh/tracker/install/ros_ign_bridge/lib/ros_ign_bridge/parameter_bridge
-- Set runtime path of "/home/jagdeesh/tracker/install/ros_ign_bridge/lib/ros_ign_bridge/parameter_bridge" to ""
-- Installing: /home/jagdeesh/tracker/install/ros_ign_bridge/lib/ros_ign_bridge/static_bridge
-- Set runtime path of "/home/jagdeesh/tracker/install/ros_ign_bridge/lib/ros_ign_bridge/static_bridge" to ""
-- Installing: /home/jagdeesh/tracker/install/ros_ign_bridge/share/ament_index/resource_index/package_run_dependencies/ros_ign_bridge
-- Installing: /home/jagdeesh/tracker/install/ros_ign_bridge/share/ament_index/resource_index/parent_prefix_path/ros_ign_bridge
-- Installing: /home/jagdeesh/tracker/install/ros_ign_bridge/share/ros_ign_bridge/environment/ament_prefix_path.sh
-- Installing: /home/jagdeesh/tracker/install/ros_ign_bridge/share/ros_ign_bridge/environment/ament_prefix_path.dsv
-- Installing: /home/jagdeesh/tracker/install/ros_ign_bridge/share/ros_ign_bridge/environment/path.sh
-- Installing: /home/jagdeesh/tracker/install/ros_ign_bridge/share/ros_ign_bridge/environment/path.dsv
-- Installing: /home/jagdeesh/tracker/install/ros_ign_bridge/share/ros_ign_bridge/local_setup.bash
-- Installing: /home/jagdeesh/tracker/install/ros_ign_bridge/share/ros_ign_bridge/local_setup.sh
-- Installing: /home/jagdeesh/tracker/install/ros_ign_bridge/share/ros_ign_bridge/local_setup.zsh
-- Installing: /home/jagdeesh/tracker/install/ros_ign_bridge/share/ros_ign_bridge/local_setup.dsv
-- Installing: /home/jagdeesh/tracker/install/ros_ign_bridge/share/ros_ign_bridge/package.dsv
-- Installing: /home/jagdeesh/tracker/install/ros_ign_bridge/share/ament_index/resource_index/packages/ros_ign_bridge
-- Installing: /home/jagdeesh/tracker/install/ros_ign_bridge/share/ros_ign_bridge/cmake/ament_cmake_export_dependencies-extras.cmake
-- Installing: /home/jagdeesh/tracker/install/ros_ign_bridge/share/ros_ign_bridge/cmake/ros_ign_bridgeConfig.cmake
-- Installing: /home/jagdeesh/tracker/install/ros_ign_bridge/share/ros_ign_bridge/cmake/ros_ign_bridgeConfig-version.cmake
-- Installing: /home/jagdeesh/tracker/install/ros_ign_bridge/share/ros_ign_bridge/package.xml
