[0.020s] Invoking command in '/home/jagdeesh/tracker/build/ros_ign': AMENT_PREFIX_PATH=/home/jagdeesh/tracker/install/ros_ign_gazebo_demos:/home/jagdeesh/tracker/install/ros_gz:/home/jagdeesh/tracker/install/ros_ign_image:/home/jagdeesh/tracker/install/ros_gz_sim_demos:/home/jagdeesh/tracker/install/ros_ign_bridge:/home/jagdeesh/tracker/install/ros_gz_image:/home/jagdeesh/tracker/install/ros_ign_gazebo:/home/jagdeesh/tracker/install/ros_gz_bridge:/home/jagdeesh/tracker/install/ros_gz_sim:/home/jagdeesh/tracker/install/ros_gz_interfaces:${AMENT_PREFIX_PATH} CMAKE_PREFIX_PATH=/home/jagdeesh/tracker/install/ros_ign_gazebo_demos:/home/jagdeesh/tracker/install/ros_gz:/home/jagdeesh/tracker/install/ros_ign_image:/home/jagdeesh/tracker/install/ros_gz_sim_demos:/home/jagdeesh/tracker/install/ros_ign_bridge:/home/jagdeesh/tracker/install/ros_gz_image:/home/jagdeesh/tracker/install/ros_ign_gazebo:/home/jagdeesh/tracker/install/ros_gz_bridge:/home/jagdeesh/tracker/install/ros_gz_sim:/home/jagdeesh/tracker/install/ros_gz_interfaces:/opt/ros/humble LD_LIBRARY_PATH=/home/jagdeesh/tracker/install/ros_gz_bridge/lib:/home/jagdeesh/tracker/install/ros_gz_sim/lib:/home/jagdeesh/tracker/install/ros_gz_interfaces/lib:${LD_LIBRARY_PATH} PYTHONPATH=/home/jagdeesh/tracker/install/ros_gz_interfaces/local/lib/python3.10/dist-packages:${PYTHONPATH} /usr/bin/cmake /home/jagdeesh/tracker/src/ros_gz/ros_ign -DCMAKE_BUILD_TYPE=Release -DCMAKE_INSTALL_PREFIX=/home/jagdeesh/tracker/install/ros_ign
[0.086s] -- The C compiler identification is GNU 11.4.0
[0.150s] -- The CXX compiler identification is GNU 11.4.0
[0.158s] -- Detecting C compiler ABI info
[0.240s] -- Detecting C compiler ABI info - done
[0.250s] -- Check for working C compiler: /usr/bin/cc - skipped
[0.251s] -- Detecting C compile features
[0.251s] -- Detecting C compile features - done
[0.255s] -- Detecting CXX compiler ABI info
[0.347s] -- Detecting CXX compiler ABI info - done
[0.359s] -- Check for working CXX compiler: /usr/bin/c++ - skipped
[0.359s] -- Detecting CXX compile features
[0.360s] -- Detecting CXX compile features - done
[0.364s] -- Found ament_cmake: 1.3.14 (/opt/ros/humble/share/ament_cmake/cmake)
[0.545s] -- Found Python3: /usr/bin/python3 (found version "3.10.12") found components: Interpreter 
[0.646s] -- Found ament_lint_auto: 0.12.15 (/opt/ros/humble/share/ament_lint_auto/cmake)
[0.748s] -- Added test 'copyright' to check source files copyright and LICENSE
[0.750s] -- Added test 'lint_cmake' to check CMake code style
[0.751s] -- Added test 'xmllint' to check XML markup files
[0.753s] -- Configuring done
[0.759s] -- Generating done
[0.761s] -- Build files have been written to: /home/jagdeesh/tracker/build/ros_ign
[0.766s] Invoked command in '/home/jagdeesh/tracker/build/ros_ign' returned '0': AMENT_PREFIX_PATH=/home/jagdeesh/tracker/install/ros_ign_gazebo_demos:/home/jagdeesh/tracker/install/ros_gz:/home/jagdeesh/tracker/install/ros_ign_image:/home/jagdeesh/tracker/install/ros_gz_sim_demos:/home/jagdeesh/tracker/install/ros_ign_bridge:/home/jagdeesh/tracker/install/ros_gz_image:/home/jagdeesh/tracker/install/ros_ign_gazebo:/home/jagdeesh/tracker/install/ros_gz_bridge:/home/jagdeesh/tracker/install/ros_gz_sim:/home/jagdeesh/tracker/install/ros_gz_interfaces:${AMENT_PREFIX_PATH} CMAKE_PREFIX_PATH=/home/jagdeesh/tracker/install/ros_ign_gazebo_demos:/home/jagdeesh/tracker/install/ros_gz:/home/jagdeesh/tracker/install/ros_ign_image:/home/jagdeesh/tracker/install/ros_gz_sim_demos:/home/jagdeesh/tracker/install/ros_ign_bridge:/home/jagdeesh/tracker/install/ros_gz_image:/home/jagdeesh/tracker/install/ros_ign_gazebo:/home/jagdeesh/tracker/install/ros_gz_bridge:/home/jagdeesh/tracker/install/ros_gz_sim:/home/jagdeesh/tracker/install/ros_gz_interfaces:/opt/ros/humble LD_LIBRARY_PATH=/home/jagdeesh/tracker/install/ros_gz_bridge/lib:/home/jagdeesh/tracker/install/ros_gz_sim/lib:/home/jagdeesh/tracker/install/ros_gz_interfaces/lib:${LD_LIBRARY_PATH} PYTHONPATH=/home/jagdeesh/tracker/install/ros_gz_interfaces/local/lib/python3.10/dist-packages:${PYTHONPATH} /usr/bin/cmake /home/jagdeesh/tracker/src/ros_gz/ros_ign -DCMAKE_BUILD_TYPE=Release -DCMAKE_INSTALL_PREFIX=/home/jagdeesh/tracker/install/ros_ign
[0.768s] Invoking command in '/home/jagdeesh/tracker/build/ros_ign': AMENT_PREFIX_PATH=/home/jagdeesh/tracker/install/ros_ign_gazebo_demos:/home/jagdeesh/tracker/install/ros_gz:/home/jagdeesh/tracker/install/ros_ign_image:/home/jagdeesh/tracker/install/ros_gz_sim_demos:/home/jagdeesh/tracker/install/ros_ign_bridge:/home/jagdeesh/tracker/install/ros_gz_image:/home/jagdeesh/tracker/install/ros_ign_gazebo:/home/jagdeesh/tracker/install/ros_gz_bridge:/home/jagdeesh/tracker/install/ros_gz_sim:/home/jagdeesh/tracker/install/ros_gz_interfaces:${AMENT_PREFIX_PATH} CMAKE_PREFIX_PATH=/home/jagdeesh/tracker/install/ros_ign_gazebo_demos:/home/jagdeesh/tracker/install/ros_gz:/home/jagdeesh/tracker/install/ros_ign_image:/home/jagdeesh/tracker/install/ros_gz_sim_demos:/home/jagdeesh/tracker/install/ros_ign_bridge:/home/jagdeesh/tracker/install/ros_gz_image:/home/jagdeesh/tracker/install/ros_ign_gazebo:/home/jagdeesh/tracker/install/ros_gz_bridge:/home/jagdeesh/tracker/install/ros_gz_sim:/home/jagdeesh/tracker/install/ros_gz_interfaces:/opt/ros/humble LD_LIBRARY_PATH=/home/jagdeesh/tracker/install/ros_gz_bridge/lib:/home/jagdeesh/tracker/install/ros_gz_sim/lib:/home/jagdeesh/tracker/install/ros_gz_interfaces/lib:${LD_LIBRARY_PATH} PYTHONPATH=/home/jagdeesh/tracker/install/ros_gz_interfaces/local/lib/python3.10/dist-packages:${PYTHONPATH} /usr/bin/cmake --build /home/jagdeesh/tracker/build/ros_ign -- -j12 -l12
[0.779s] gmake[1]: Entering directory '/home/jagdeesh/tracker/build/ros_ign'
[0.807s] gmake[1]: Leaving directory '/home/jagdeesh/tracker/build/ros_ign'
[0.810s] Invoked command in '/home/jagdeesh/tracker/build/ros_ign' returned '0': AMENT_PREFIX_PATH=/home/jagdeesh/tracker/install/ros_ign_gazebo_demos:/home/jagdeesh/tracker/install/ros_gz:/home/jagdeesh/tracker/install/ros_ign_image:/home/jagdeesh/tracker/install/ros_gz_sim_demos:/home/jagdeesh/tracker/install/ros_ign_bridge:/home/jagdeesh/tracker/install/ros_gz_image:/home/jagdeesh/tracker/install/ros_ign_gazebo:/home/jagdeesh/tracker/install/ros_gz_bridge:/home/jagdeesh/tracker/install/ros_gz_sim:/home/jagdeesh/tracker/install/ros_gz_interfaces:${AMENT_PREFIX_PATH} CMAKE_PREFIX_PATH=/home/jagdeesh/tracker/install/ros_ign_gazebo_demos:/home/jagdeesh/tracker/install/ros_gz:/home/jagdeesh/tracker/install/ros_ign_image:/home/jagdeesh/tracker/install/ros_gz_sim_demos:/home/jagdeesh/tracker/install/ros_ign_bridge:/home/jagdeesh/tracker/install/ros_gz_image:/home/jagdeesh/tracker/install/ros_ign_gazebo:/home/jagdeesh/tracker/install/ros_gz_bridge:/home/jagdeesh/tracker/install/ros_gz_sim:/home/jagdeesh/tracker/install/ros_gz_interfaces:/opt/ros/humble LD_LIBRARY_PATH=/home/jagdeesh/tracker/install/ros_gz_bridge/lib:/home/jagdeesh/tracker/install/ros_gz_sim/lib:/home/jagdeesh/tracker/install/ros_gz_interfaces/lib:${LD_LIBRARY_PATH} PYTHONPATH=/home/jagdeesh/tracker/install/ros_gz_interfaces/local/lib/python3.10/dist-packages:${PYTHONPATH} /usr/bin/cmake --build /home/jagdeesh/tracker/build/ros_ign -- -j12 -l12
[0.812s] Invoking command in '/home/jagdeesh/tracker/build/ros_ign': AMENT_PREFIX_PATH=/home/jagdeesh/tracker/install/ros_ign_gazebo_demos:/home/jagdeesh/tracker/install/ros_gz:/home/jagdeesh/tracker/install/ros_ign_image:/home/jagdeesh/tracker/install/ros_gz_sim_demos:/home/jagdeesh/tracker/install/ros_ign_bridge:/home/jagdeesh/tracker/install/ros_gz_image:/home/jagdeesh/tracker/install/ros_ign_gazebo:/home/jagdeesh/tracker/install/ros_gz_bridge:/home/jagdeesh/tracker/install/ros_gz_sim:/home/jagdeesh/tracker/install/ros_gz_interfaces:${AMENT_PREFIX_PATH} CMAKE_PREFIX_PATH=/home/jagdeesh/tracker/install/ros_ign_gazebo_demos:/home/jagdeesh/tracker/install/ros_gz:/home/jagdeesh/tracker/install/ros_ign_image:/home/jagdeesh/tracker/install/ros_gz_sim_demos:/home/jagdeesh/tracker/install/ros_ign_bridge:/home/jagdeesh/tracker/install/ros_gz_image:/home/jagdeesh/tracker/install/ros_ign_gazebo:/home/jagdeesh/tracker/install/ros_gz_bridge:/home/jagdeesh/tracker/install/ros_gz_sim:/home/jagdeesh/tracker/install/ros_gz_interfaces:/opt/ros/humble LD_LIBRARY_PATH=/home/jagdeesh/tracker/install/ros_gz_bridge/lib:/home/jagdeesh/tracker/install/ros_gz_sim/lib:/home/jagdeesh/tracker/install/ros_gz_interfaces/lib:${LD_LIBRARY_PATH} PYTHONPATH=/home/jagdeesh/tracker/install/ros_gz_interfaces/local/lib/python3.10/dist-packages:${PYTHONPATH} /usr/bin/cmake --install /home/jagdeesh/tracker/build/ros_ign
[0.821s] -- Install configuration: "Release"
[0.821s] -- Installing: /home/jagdeesh/tracker/install/ros_ign/share/ament_index/resource_index/package_run_dependencies/ros_ign
[0.821s] -- Installing: /home/jagdeesh/tracker/install/ros_ign/share/ament_index/resource_index/parent_prefix_path/ros_ign
[0.821s] -- Installing: /home/jagdeesh/tracker/install/ros_ign/share/ros_ign/environment/ament_prefix_path.sh
[0.822s] -- Installing: /home/jagdeesh/tracker/install/ros_ign/share/ros_ign/environment/ament_prefix_path.dsv
[0.822s] -- Installing: /home/jagdeesh/tracker/install/ros_ign/share/ros_ign/environment/path.sh
[0.822s] -- Installing: /home/jagdeesh/tracker/install/ros_ign/share/ros_ign/environment/path.dsv
[0.822s] -- Installing: /home/jagdeesh/tracker/install/ros_ign/share/ros_ign/local_setup.bash
[0.822s] -- Installing: /home/jagdeesh/tracker/install/ros_ign/share/ros_ign/local_setup.sh
[0.822s] -- Installing: /home/jagdeesh/tracker/install/ros_ign/share/ros_ign/local_setup.zsh
[0.822s] -- Installing: /home/jagdeesh/tracker/install/ros_ign/share/ros_ign/local_setup.dsv
[0.823s] -- Installing: /home/jagdeesh/tracker/install/ros_ign/share/ros_ign/package.dsv
[0.823s] -- Installing: /home/jagdeesh/tracker/install/ros_ign/share/ament_index/resource_index/packages/ros_ign
[0.823s] -- Installing: /home/jagdeesh/tracker/install/ros_ign/share/ros_ign/cmake/ros_ignConfig.cmake
[0.823s] -- Installing: /home/jagdeesh/tracker/install/ros_ign/share/ros_ign/cmake/ros_ignConfig-version.cmake
[0.823s] -- Installing: /home/jagdeesh/tracker/install/ros_ign/share/ros_ign/package.xml
[0.826s] Invoked command in '/home/jagdeesh/tracker/build/ros_ign' returned '0': AMENT_PREFIX_PATH=/home/jagdeesh/tracker/install/ros_ign_gazebo_demos:/home/jagdeesh/tracker/install/ros_gz:/home/jagdeesh/tracker/install/ros_ign_image:/home/jagdeesh/tracker/install/ros_gz_sim_demos:/home/jagdeesh/tracker/install/ros_ign_bridge:/home/jagdeesh/tracker/install/ros_gz_image:/home/jagdeesh/tracker/install/ros_ign_gazebo:/home/jagdeesh/tracker/install/ros_gz_bridge:/home/jagdeesh/tracker/install/ros_gz_sim:/home/jagdeesh/tracker/install/ros_gz_interfaces:${AMENT_PREFIX_PATH} CMAKE_PREFIX_PATH=/home/jagdeesh/tracker/install/ros_ign_gazebo_demos:/home/jagdeesh/tracker/install/ros_gz:/home/jagdeesh/tracker/install/ros_ign_image:/home/jagdeesh/tracker/install/ros_gz_sim_demos:/home/jagdeesh/tracker/install/ros_ign_bridge:/home/jagdeesh/tracker/install/ros_gz_image:/home/jagdeesh/tracker/install/ros_ign_gazebo:/home/jagdeesh/tracker/install/ros_gz_bridge:/home/jagdeesh/tracker/install/ros_gz_sim:/home/jagdeesh/tracker/install/ros_gz_interfaces:/opt/ros/humble LD_LIBRARY_PATH=/home/jagdeesh/tracker/install/ros_gz_bridge/lib:/home/jagdeesh/tracker/install/ros_gz_sim/lib:/home/jagdeesh/tracker/install/ros_gz_interfaces/lib:${LD_LIBRARY_PATH} PYTHONPATH=/home/jagdeesh/tracker/install/ros_gz_interfaces/local/lib/python3.10/dist-packages:${PYTHONPATH} /usr/bin/cmake --install /home/jagdeesh/tracker/build/ros_ign
