[0.019s] Invoking command in '/home/jagdeesh/tracker/build/ros_ign_gazebo': AMENT_PREFIX_PATH=/home/jagdeesh/tracker/install/ros_gz_sim:${AMENT_PREFIX_PATH} CMAKE_PREFIX_PATH=/home/jagdeesh/tracker/install/ros_gz_sim:/opt/ros/humble LD_LIBRARY_PATH=/home/jagdeesh/tracker/install/ros_gz_sim/lib:${LD_LIBRARY_PATH} /usr/bin/cmake --build /home/jagdeesh/tracker/build/ros_ign_gazebo -- -j12 -l12
[0.167s] [100%] Built target create
[0.192s] Invoked command in '/home/jagdeesh/tracker/build/ros_ign_gazebo' returned '0': AMENT_PREFIX_PATH=/home/jagdeesh/tracker/install/ros_gz_sim:${AMENT_PREFIX_PATH} CMAKE_PREFIX_PATH=/home/jagdeesh/tracker/install/ros_gz_sim:/opt/ros/humble LD_LIBRARY_PATH=/home/jagdeesh/tracker/install/ros_gz_sim/lib:${LD_LIBRARY_PATH} /usr/bin/cmake --build /home/jagdeesh/tracker/build/ros_ign_gazebo -- -j12 -l12
[0.194s] Invoking command in '/home/jagdeesh/tracker/build/ros_ign_gazebo': AMENT_PREFIX_PATH=/home/jagdeesh/tracker/install/ros_gz_sim:${AMENT_PREFIX_PATH} CMAKE_PREFIX_PATH=/home/jagdeesh/tracker/install/ros_gz_sim:/opt/ros/humble LD_LIBRARY_PATH=/home/jagdeesh/tracker/install/ros_gz_sim/lib:${LD_LIBRARY_PATH} /usr/bin/cmake --install /home/jagdeesh/tracker/build/ros_ign_gazebo
[0.214s] -- Install configuration: "Release"
[0.214s] -- Up-to-date: /home/jagdeesh/tracker/install/ros_ign_gazebo/share/ros_ign_gazebo/launch/ign_gazebo.launch.py
[0.217s] -- Up-to-date: /home/jagdeesh/tracker/install/ros_ign_gazebo/lib/ros_ign_gazebo/create
[0.217s] -- Up-to-date: /home/jagdeesh/tracker/install/ros_ign_gazebo/share/ament_index/resource_index/package_run_dependencies/ros_ign_gazebo
[0.218s] -- Up-to-date: /home/jagdeesh/tracker/install/ros_ign_gazebo/share/ament_index/resource_index/parent_prefix_path/ros_ign_gazebo
[0.218s] -- Up-to-date: /home/jagdeesh/tracker/install/ros_ign_gazebo/share/ros_ign_gazebo/environment/ament_prefix_path.sh
[0.218s] -- Up-to-date: /home/jagdeesh/tracker/install/ros_ign_gazebo/share/ros_ign_gazebo/environment/ament_prefix_path.dsv
[0.218s] -- Up-to-date: /home/jagdeesh/tracker/install/ros_ign_gazebo/share/ros_ign_gazebo/environment/path.sh
[0.222s] -- Up-to-date: /home/jagdeesh/tracker/install/ros_ign_gazebo/share/ros_ign_gazebo/environment/path.dsv
[0.223s] -- Up-to-date: /home/jagdeesh/tracker/install/ros_ign_gazebo/share/ros_ign_gazebo/local_setup.bash
[0.223s] -- Up-to-date: /home/jagdeesh/tracker/install/ros_ign_gazebo/share/ros_ign_gazebo/local_setup.sh
[0.223s] -- Up-to-date: /home/jagdeesh/tracker/install/ros_ign_gazebo/share/ros_ign_gazebo/local_setup.zsh
[0.223s] -- Up-to-date: /home/jagdeesh/tracker/install/ros_ign_gazebo/share/ros_ign_gazebo/local_setup.dsv
[0.223s] -- Up-to-date: /home/jagdeesh/tracker/install/ros_ign_gazebo/share/ros_ign_gazebo/package.dsv
[0.226s] -- Up-to-date: /home/jagdeesh/tracker/install/ros_ign_gazebo/share/ament_index/resource_index/packages/ros_ign_gazebo
[0.227s] -- Up-to-date: /home/jagdeesh/tracker/install/ros_ign_gazebo/share/ros_ign_gazebo/cmake/ament_cmake_export_dependencies-extras.cmake
[0.227s] -- Up-to-date: /home/jagdeesh/tracker/install/ros_ign_gazebo/share/ros_ign_gazebo/cmake/ros_ign_gazeboConfig.cmake
[0.227s] -- Up-to-date: /home/jagdeesh/tracker/install/ros_ign_gazebo/share/ros_ign_gazebo/cmake/ros_ign_gazeboConfig-version.cmake
[0.227s] -- Up-to-date: /home/jagdeesh/tracker/install/ros_ign_gazebo/share/ros_ign_gazebo/package.xml
[0.233s] Invoked command in '/home/jagdeesh/tracker/build/ros_ign_gazebo' returned '0': AMENT_PREFIX_PATH=/home/jagdeesh/tracker/install/ros_gz_sim:${AMENT_PREFIX_PATH} CMAKE_PREFIX_PATH=/home/jagdeesh/tracker/install/ros_gz_sim:/opt/ros/humble LD_LIBRARY_PATH=/home/jagdeesh/tracker/install/ros_gz_sim/lib:${LD_LIBRARY_PATH} /usr/bin/cmake --install /home/jagdeesh/tracker/build/ros_ign_gazebo
