[0.016s] Invoking command in '/home/jagdeesh/tracker/build/example_mode_with_executor_cpp': AMENT_PREFIX_PATH=/home/jagdeesh/tracker/install/px4_ros2_cpp:/home/jagdeesh/tracker/install/px4_msgs:${AMENT_PREFIX_PATH} CMAKE_PREFIX_PATH=/home/jagdeesh/tracker/install/px4_ros2_cpp:/home/jagdeesh/tracker/install/px4_msgs:/opt/ros/humble LD_LIBRARY_PATH=/home/jagdeesh/tracker/install/px4_ros2_cpp/lib:/home/jagdeesh/tracker/install/px4_msgs/lib:${LD_LIBRARY_PATH} PYTHONPATH=/home/jagdeesh/tracker/install/px4_msgs/local/lib/python3.10/dist-packages:${PYTHONPATH} /usr/bin/cmake --build /home/jagdeesh/tracker/build/example_mode_with_executor_cpp -- -j12 -l12
[0.032s] gmake[1]: Entering directory '/home/jagdeesh/tracker/build/example_mode_with_executor_cpp'
[0.065s] gmake[2]: Entering directory '/home/jagdeesh/tracker/build/example_mode_with_executor_cpp'
[0.068s] gmake[3]: Entering directory '/home/jagdeesh/tracker/build/example_mode_with_executor_cpp'
[0.091s] Consolidate compiler generated dependencies of target example_mode_with_executor
[0.092s] gmake[3]: Leaving directory '/home/jagdeesh/tracker/build/example_mode_with_executor_cpp'
[0.115s] [100%] Built target example_mode_with_executor
[0.117s] gmake[2]: Leaving directory '/home/jagdeesh/tracker/build/example_mode_with_executor_cpp'
[0.131s] gmake[1]: Leaving directory '/home/jagdeesh/tracker/build/example_mode_with_executor_cpp'
[0.133s] Invoked command in '/home/jagdeesh/tracker/build/example_mode_with_executor_cpp' returned '0': AMENT_PREFIX_PATH=/home/jagdeesh/tracker/install/px4_ros2_cpp:/home/jagdeesh/tracker/install/px4_msgs:${AMENT_PREFIX_PATH} CMAKE_PREFIX_PATH=/home/jagdeesh/tracker/install/px4_ros2_cpp:/home/jagdeesh/tracker/install/px4_msgs:/opt/ros/humble LD_LIBRARY_PATH=/home/jagdeesh/tracker/install/px4_ros2_cpp/lib:/home/jagdeesh/tracker/install/px4_msgs/lib:${LD_LIBRARY_PATH} PYTHONPATH=/home/jagdeesh/tracker/install/px4_msgs/local/lib/python3.10/dist-packages:${PYTHONPATH} /usr/bin/cmake --build /home/jagdeesh/tracker/build/example_mode_with_executor_cpp -- -j12 -l12
[0.135s] Invoking command in '/home/jagdeesh/tracker/build/example_mode_with_executor_cpp': AMENT_PREFIX_PATH=/home/jagdeesh/tracker/install/px4_ros2_cpp:/home/jagdeesh/tracker/install/px4_msgs:${AMENT_PREFIX_PATH} CMAKE_PREFIX_PATH=/home/jagdeesh/tracker/install/px4_ros2_cpp:/home/jagdeesh/tracker/install/px4_msgs:/opt/ros/humble LD_LIBRARY_PATH=/home/jagdeesh/tracker/install/px4_ros2_cpp/lib:/home/jagdeesh/tracker/install/px4_msgs/lib:${LD_LIBRARY_PATH} PYTHONPATH=/home/jagdeesh/tracker/install/px4_msgs/local/lib/python3.10/dist-packages:${PYTHONPATH} /usr/bin/cmake --install /home/jagdeesh/tracker/build/example_mode_with_executor_cpp
[0.176s] -- Install configuration: "Release"
[0.176s] -- Up-to-date: /home/jagdeesh/tracker/install/example_mode_with_executor_cpp/lib/example_mode_with_executor_cpp/example_mode_with_executor
[0.176s] -- Up-to-date: /home/jagdeesh/tracker/install/example_mode_with_executor_cpp/share/ament_index/resource_index/package_run_dependencies/example_mode_with_executor_cpp
[0.177s] -- Up-to-date: /home/jagdeesh/tracker/install/example_mode_with_executor_cpp/share/ament_index/resource_index/parent_prefix_path/example_mode_with_executor_cpp
[0.177s] -- Up-to-date: /home/jagdeesh/tracker/install/example_mode_with_executor_cpp/share/example_mode_with_executor_cpp/environment/ament_prefix_path.sh
[0.177s] -- Up-to-date: /home/jagdeesh/tracker/install/example_mode_with_executor_cpp/share/example_mode_with_executor_cpp/environment/ament_prefix_path.dsv
[0.177s] -- Up-to-date: /home/jagdeesh/tracker/install/example_mode_with_executor_cpp/share/example_mode_with_executor_cpp/environment/path.sh
[0.177s] -- Up-to-date: /home/jagdeesh/tracker/install/example_mode_with_executor_cpp/share/example_mode_with_executor_cpp/environment/path.dsv
[0.177s] -- Up-to-date: /home/jagdeesh/tracker/install/example_mode_with_executor_cpp/share/example_mode_with_executor_cpp/local_setup.bash
[0.177s] -- Up-to-date: /home/jagdeesh/tracker/install/example_mode_with_executor_cpp/share/example_mode_with_executor_cpp/local_setup.sh
[0.179s] -- Up-to-date: /home/jagdeesh/tracker/install/example_mode_with_executor_cpp/share/example_mode_with_executor_cpp/local_setup.zsh
[0.179s] -- Up-to-date: /home/jagdeesh/tracker/install/example_mode_with_executor_cpp/share/example_mode_with_executor_cpp/local_setup.dsv
[0.179s] -- Installing: /home/jagdeesh/tracker/install/example_mode_with_executor_cpp/share/example_mode_with_executor_cpp/package.dsv
[0.179s] -- Up-to-date: /home/jagdeesh/tracker/install/example_mode_with_executor_cpp/share/ament_index/resource_index/packages/example_mode_with_executor_cpp
[0.179s] -- Up-to-date: /home/jagdeesh/tracker/install/example_mode_with_executor_cpp/share/example_mode_with_executor_cpp/cmake/example_mode_with_executor_cppConfig.cmake
[0.179s] -- Up-to-date: /home/jagdeesh/tracker/install/example_mode_with_executor_cpp/share/example_mode_with_executor_cpp/cmake/example_mode_with_executor_cppConfig-version.cmake
[0.180s] -- Up-to-date: /home/jagdeesh/tracker/install/example_mode_with_executor_cpp/share/example_mode_with_executor_cpp/package.xml
[0.180s] Invoked command in '/home/jagdeesh/tracker/build/example_mode_with_executor_cpp' returned '0': AMENT_PREFIX_PATH=/home/jagdeesh/tracker/install/px4_ros2_cpp:/home/jagdeesh/tracker/install/px4_msgs:${AMENT_PREFIX_PATH} CMAKE_PREFIX_PATH=/home/jagdeesh/tracker/install/px4_ros2_cpp:/home/jagdeesh/tracker/install/px4_msgs:/opt/ros/humble LD_LIBRARY_PATH=/home/jagdeesh/tracker/install/px4_ros2_cpp/lib:/home/jagdeesh/tracker/install/px4_msgs/lib:${LD_LIBRARY_PATH} PYTHONPATH=/home/jagdeesh/tracker/install/px4_msgs/local/lib/python3.10/dist-packages:${PYTHONPATH} /usr/bin/cmake --install /home/jagdeesh/tracker/build/example_mode_with_executor_cpp
