[0.539s] Invoking command in '/home/jagdeesh/tracker/build/ros_gz_bridge': AMENT_PREFIX_PATH=/home/jagdeesh/tracker/install/ros_gz_interfaces:${AMENT_PREFIX_PATH} CMAKE_PREFIX_PATH=/home/jagdeesh/tracker/install/ros_gz_interfaces:/opt/ros/humble LD_LIBRARY_PATH=/home/jagdeesh/tracker/install/ros_gz_interfaces/lib:${LD_LIBRARY_PATH} PYTHONPATH=/home/jagdeesh/tracker/install/ros_gz_interfaces/local/lib/python3.10/dist-packages:${PYTHONPATH} /usr/bin/cmake --build /home/jagdeesh/tracker/build/ros_gz_bridge -- -j12 -l12
[0.726s] [  2%] Built target gtest_main
[0.743s] [  4%] Built target gtest
[0.758s] [  6%] Built target bridge_node
[0.830s] [  9%] Built target test_rcl_interfaces
[0.945s] [ 13%] Built target test_utils
[0.996s] [ 56%] Built target ros_gz_bridge
[1.106s] [ 58%] Built target test_ros_client
[1.116s] [ 61%] Built target test_gz_subscriber
[1.160s] [ 64%] Built target test_ros_publisher
[1.164s] [ 67%] Built target test_gz_server
[1.197s] [ 70%] Built target test_gz_publisher
[1.207s] [ 72%] Built target parameter_bridge
[1.212s] [ 74%] Built target static_bridge
[1.214s] [ 76%] Built target ros_gz_bridge_bridge_config
[1.218s] [ 79%] Built target bridge_types
[1.256s] [ 82%] Built target test_ros_gz_interfaces
[1.366s] [100%] Built target test_ros_subscriber
[1.434s] Invoked command in '/home/jagdeesh/tracker/build/ros_gz_bridge' returned '0': AMENT_PREFIX_PATH=/home/jagdeesh/tracker/install/ros_gz_interfaces:${AMENT_PREFIX_PATH} CMAKE_PREFIX_PATH=/home/jagdeesh/tracker/install/ros_gz_interfaces:/opt/ros/humble LD_LIBRARY_PATH=/home/jagdeesh/tracker/install/ros_gz_interfaces/lib:${LD_LIBRARY_PATH} PYTHONPATH=/home/jagdeesh/tracker/install/ros_gz_interfaces/local/lib/python3.10/dist-packages:${PYTHONPATH} /usr/bin/cmake --build /home/jagdeesh/tracker/build/ros_gz_bridge -- -j12 -l12
[1.442s] Invoking command in '/home/jagdeesh/tracker/build/ros_gz_bridge': AMENT_PREFIX_PATH=/home/jagdeesh/tracker/install/ros_gz_interfaces:${AMENT_PREFIX_PATH} CMAKE_PREFIX_PATH=/home/jagdeesh/tracker/install/ros_gz_interfaces:/opt/ros/humble LD_LIBRARY_PATH=/home/jagdeesh/tracker/install/ros_gz_interfaces/lib:${LD_LIBRARY_PATH} PYTHONPATH=/home/jagdeesh/tracker/install/ros_gz_interfaces/local/lib/python3.10/dist-packages:${PYTHONPATH} /usr/bin/cmake --install /home/jagdeesh/tracker/build/ros_gz_bridge
[1.502s] -- Install configuration: "Release"
[1.502s] -- Up-to-date: /home/jagdeesh/tracker/install/ros_gz_bridge/lib/ros_gz_bridge/bridge_node
[1.502s] -- Up-to-date: /home/jagdeesh/tracker/install/ros_gz_bridge/lib/libros_gz_bridge.so
[1.503s] -- Up-to-date: /home/jagdeesh/tracker/install/ros_gz_bridge/include/ros_gz_bridge
[1.503s] -- Up-to-date: /home/jagdeesh/tracker/install/ros_gz_bridge/include/ros_gz_bridge/ros_gz_bridge
[1.503s] -- Up-to-date: /home/jagdeesh/tracker/install/ros_gz_bridge/include/ros_gz_bridge/ros_gz_bridge/convert_decl.hpp
[1.504s] -- Up-to-date: /home/jagdeesh/tracker/install/ros_gz_bridge/include/ros_gz_bridge/ros_gz_bridge/convert.hpp
[1.504s] -- Up-to-date: /home/jagdeesh/tracker/install/ros_gz_bridge/include/ros_gz_bridge/ros_gz_bridge/ros_gz_bridge.hpp
[1.504s] -- Up-to-date: /home/jagdeesh/tracker/install/ros_gz_bridge/include/ros_gz_bridge/ros_gz_bridge/convert
[1.505s] -- Up-to-date: /home/jagdeesh/tracker/install/ros_gz_bridge/include/ros_gz_bridge/ros_gz_bridge/convert/geometry_msgs.hpp
[1.505s] -- Up-to-date: /home/jagdeesh/tracker/install/ros_gz_bridge/include/ros_gz_bridge/ros_gz_bridge/convert/actuator_msgs.hpp
[1.505s] -- Up-to-date: /home/jagdeesh/tracker/install/ros_gz_bridge/include/ros_gz_bridge/ros_gz_bridge/convert/rosgraph_msgs.hpp
[1.505s] -- Up-to-date: /home/jagdeesh/tracker/install/ros_gz_bridge/include/ros_gz_bridge/ros_gz_bridge/convert/builtin_interfaces.hpp
[1.505s] -- Up-to-date: /home/jagdeesh/tracker/install/ros_gz_bridge/include/ros_gz_bridge/ros_gz_bridge/convert/std_msgs.hpp
[1.505s] -- Up-to-date: /home/jagdeesh/tracker/install/ros_gz_bridge/include/ros_gz_bridge/ros_gz_bridge/convert/rcl_interfaces.hpp
[1.506s] -- Up-to-date: /home/jagdeesh/tracker/install/ros_gz_bridge/include/ros_gz_bridge/ros_gz_bridge/convert/gps_msgs.hpp
[1.506s] -- Up-to-date: /home/jagdeesh/tracker/install/ros_gz_bridge/include/ros_gz_bridge/ros_gz_bridge/convert/sensor_msgs.hpp
[1.506s] -- Up-to-date: /home/jagdeesh/tracker/install/ros_gz_bridge/include/ros_gz_bridge/ros_gz_bridge/convert/tf2_msgs.hpp
[1.506s] -- Up-to-date: /home/jagdeesh/tracker/install/ros_gz_bridge/include/ros_gz_bridge/ros_gz_bridge/convert/nav_msgs.hpp
[1.507s] -- Up-to-date: /home/jagdeesh/tracker/install/ros_gz_bridge/include/ros_gz_bridge/ros_gz_bridge/convert/trajectory_msgs.hpp
[1.507s] -- Up-to-date: /home/jagdeesh/tracker/install/ros_gz_bridge/include/ros_gz_bridge/ros_gz_bridge/convert/vision_msgs.hpp
[1.507s] -- Up-to-date: /home/jagdeesh/tracker/install/ros_gz_bridge/include/ros_gz_bridge/ros_gz_bridge/convert/ros_gz_interfaces.hpp
[1.507s] -- Up-to-date: /home/jagdeesh/tracker/install/ros_gz_bridge/include/ros_gz_bridge/ros_gz_bridge/bridge_config.hpp
[1.511s] -- Up-to-date: /home/jagdeesh/tracker/install/ros_gz_bridge/lib/ros_gz_bridge/parameter_bridge
[1.513s] -- Up-to-date: /home/jagdeesh/tracker/install/ros_gz_bridge/lib/ros_gz_bridge/static_bridge
[1.516s] -- Up-to-date: /home/jagdeesh/tracker/install/ros_gz_bridge/lib/ros_gz_bridge/bridge_types
[1.525s] -- Up-to-date: /home/jagdeesh/tracker/install/ros_gz_bridge/lib/ros_gz_bridge/test_ros_publisher
[1.526s] -- Up-to-date: /home/jagdeesh/tracker/install/ros_gz_bridge/lib/ros_gz_bridge/test_ros_subscriber
[1.526s] -- Up-to-date: /home/jagdeesh/tracker/install/ros_gz_bridge/lib/ros_gz_bridge/test_gz_publisher
[1.534s] -- Up-to-date: /home/jagdeesh/tracker/install/ros_gz_bridge/lib/ros_gz_bridge/test_gz_subscriber
[1.534s] -- Up-to-date: /home/jagdeesh/tracker/install/ros_gz_bridge/lib/ros_gz_bridge/test_gz_server
[1.539s] -- Up-to-date: /home/jagdeesh/tracker/install/ros_gz_bridge/lib/ros_gz_bridge/test_ros_client
[1.539s] -- Up-to-date: /home/jagdeesh/tracker/install/ros_gz_bridge/share/ros_gz_bridge/environment/library_path.sh
[1.539s] -- Up-to-date: /home/jagdeesh/tracker/install/ros_gz_bridge/share/ros_gz_bridge/environment/library_path.dsv
[1.540s] -- Up-to-date: /home/jagdeesh/tracker/install/ros_gz_bridge/share/ament_index/resource_index/package_run_dependencies/ros_gz_bridge
[1.540s] -- Up-to-date: /home/jagdeesh/tracker/install/ros_gz_bridge/share/ament_index/resource_index/parent_prefix_path/ros_gz_bridge
[1.541s] -- Up-to-date: /home/jagdeesh/tracker/install/ros_gz_bridge/share/ros_gz_bridge/environment/ament_prefix_path.sh
[1.541s] -- Up-to-date: /home/jagdeesh/tracker/install/ros_gz_bridge/share/ros_gz_bridge/environment/ament_prefix_path.dsv
[1.543s] -- Up-to-date: /home/jagdeesh/tracker/install/ros_gz_bridge/share/ros_gz_bridge/environment/path.sh
[1.544s] -- Up-to-date: /home/jagdeesh/tracker/install/ros_gz_bridge/share/ros_gz_bridge/environment/path.dsv
[1.544s] -- Up-to-date: /home/jagdeesh/tracker/install/ros_gz_bridge/share/ros_gz_bridge/local_setup.bash
[1.544s] -- Up-to-date: /home/jagdeesh/tracker/install/ros_gz_bridge/share/ros_gz_bridge/local_setup.sh
[1.544s] -- Up-to-date: /home/jagdeesh/tracker/install/ros_gz_bridge/share/ros_gz_bridge/local_setup.zsh
[1.544s] -- Up-to-date: /home/jagdeesh/tracker/install/ros_gz_bridge/share/ros_gz_bridge/local_setup.dsv
[1.545s] -- Installing: /home/jagdeesh/tracker/install/ros_gz_bridge/share/ros_gz_bridge/package.dsv
[1.547s] -- Up-to-date: /home/jagdeesh/tracker/install/ros_gz_bridge/share/ament_index/resource_index/packages/ros_gz_bridge
[1.547s] -- Up-to-date: /home/jagdeesh/tracker/install/ros_gz_bridge/share/ament_index/resource_index/rclcpp_components/ros_gz_bridge
[1.547s] -- Up-to-date: /home/jagdeesh/tracker/install/ros_gz_bridge/share/ros_gz_bridge/cmake/export_ros_gz_bridgeExport.cmake
[1.552s] -- Up-to-date: /home/jagdeesh/tracker/install/ros_gz_bridge/share/ros_gz_bridge/cmake/export_ros_gz_bridgeExport-release.cmake
[1.553s] -- Up-to-date: /home/jagdeesh/tracker/install/ros_gz_bridge/share/ros_gz_bridge/cmake/ament_cmake_export_include_directories-extras.cmake
[1.553s] -- Up-to-date: /home/jagdeesh/tracker/install/ros_gz_bridge/share/ros_gz_bridge/cmake/ament_cmake_export_libraries-extras.cmake
[1.553s] -- Up-to-date: /home/jagdeesh/tracker/install/ros_gz_bridge/share/ros_gz_bridge/cmake/ament_cmake_export_targets-extras.cmake
[1.553s] -- Up-to-date: /home/jagdeesh/tracker/install/ros_gz_bridge/share/ros_gz_bridge/cmake/ament_cmake_export_dependencies-extras.cmake
[1.554s] -- Up-to-date: /home/jagdeesh/tracker/install/ros_gz_bridge/share/ros_gz_bridge/cmake/ros_gz_bridgeConfig.cmake
[1.554s] -- Up-to-date: /home/jagdeesh/tracker/install/ros_gz_bridge/share/ros_gz_bridge/cmake/ros_gz_bridgeConfig-version.cmake
[1.555s] -- Up-to-date: /home/jagdeesh/tracker/install/ros_gz_bridge/share/ros_gz_bridge/package.xml
[1.582s] Invoked command in '/home/jagdeesh/tracker/build/ros_gz_bridge' returned '0': AMENT_PREFIX_PATH=/home/jagdeesh/tracker/install/ros_gz_interfaces:${AMENT_PREFIX_PATH} CMAKE_PREFIX_PATH=/home/jagdeesh/tracker/install/ros_gz_interfaces:/opt/ros/humble LD_LIBRARY_PATH=/home/jagdeesh/tracker/install/ros_gz_interfaces/lib:${LD_LIBRARY_PATH} PYTHONPATH=/home/jagdeesh/tracker/install/ros_gz_interfaces/local/lib/python3.10/dist-packages:${PYTHONPATH} /usr/bin/cmake --install /home/jagdeesh/tracker/build/ros_gz_bridge
