-- Found ament_cmake: 1.3.14 (/opt/ros/humble/share/ament_cmake/cmake)
-- Found ament_index_cpp: 1.4.1 (/opt/ros/humble/share/ament_index_cpp/cmake)
-- Found rclcpp: 16.0.18 (/opt/ros/humble/share/rclcpp/cmake)
-- Found rosidl_generator_c: 3.1.8 (/opt/ros/humble/share/rosidl_generator_c/cmake)
-- Found rosidl_adapter: 3.1.8 (/opt/ros/humble/share/rosidl_adapter/cmake)
-- Found rosidl_generator_cpp: 3.1.8 (/opt/ros/humble/share/rosidl_generator_cpp/cmake)
-- Using all available rosidl_typesupport_c: rosidl_typesupport_fastrtps_c;rosidl_typesupport_introspection_c
-- Using all available rosidl_typesupport_cpp: rosidl_typesupport_fastrtps_cpp;rosidl_typesupport_introspection_cpp
-- Found rmw_implementation_cmake: 6.1.2 (/opt/ros/humble/share/rmw_implementation_cmake/cmake)
-- Found rmw_fastrtps_cpp: 6.2.10 (/opt/ros/humble/share/rmw_fastrtps_cpp/cmake)
-- Using RMW implementation 'rmw_fastrtps_cpp' as default
-- Found px4_msgs: 2.0.1 (/home/jagdeesh/tracker/install/px4_msgs/share/px4_msgs/cmake)
-- Found eigen3_cmake_module: 0.1.1 (/opt/ros/humble/share/eigen3_cmake_module/cmake)
-- Found ament_lint_auto: 0.12.15 (/opt/ros/humble/share/ament_lint_auto/cmake)
-- Found ament_cmake_gtest: 1.3.14 (/opt/ros/humble/share/ament_cmake_gtest/cmake)
-- Found gtest sources under '/opt/ros/humble/src/gtest_vendor': C++ tests using 'Google Test' will be built
-- Added test 'copyright' to check source files copyright and LICENSE
-- Added test 'cppcheck' to perform static code analysis on C / C++ code
-- Configured cppcheck include dirs: /home/jagdeesh/tracker/src/px4-ros2-interface-lib/px4_ros2_cpp/include
-- Configured cppcheck exclude dirs and/or files: 
-- Added test 'cpplint' to check C / C++ code against the Google style
-- Configured cpplint exclude dirs and/or files: 
-- Added test 'lint_cmake' to check CMake code style
-- Added test 'uncrustify' to check C / C++ code style
-- Configured uncrustify additional arguments: 
-- Added test 'xmllint' to check XML markup files
-- Configuring done
-- Generating done
-- Build files have been written to: /home/jagdeesh/tracker/build/px4_ros2_cpp
[35m[1mConsolidate compiler generated dependencies of target integration_utils[0m
[35m[1mConsolidate compiler generated dependencies of target gtest[0m
[35m[1mConsolidate compiler generated dependencies of target gtest_main[0m
[  3%] Built target gtest
[  6%] Built target gtest_main
[  9%] Built target integration_utils
[35m[1mConsolidate compiler generated dependencies of target unit_utils[0m
[35m[1mConsolidate compiler generated dependencies of target px4_ros2_cpp[0m
[ 12%] Built target unit_utils
[ 70%] Built target px4_ros2_cpp
[35m[1mConsolidate compiler generated dependencies of target integration_tests[0m
[35m[1mConsolidate compiler generated dependencies of target px4_ros2_cpp_unit_tests[0m
[ 83%] Built target integration_tests
[100%] Built target px4_ros2_cpp_unit_tests
-- Install configuration: "Release"
-- Up-to-date: /home/jagdeesh/tracker/install/px4_ros2_cpp/share/px4_ros2_cpp/environment/library_path.sh
-- Installing: /home/jagdeesh/tracker/install/px4_ros2_cpp/share/px4_ros2_cpp/environment/library_path.dsv
-- Up-to-date: /home/jagdeesh/tracker/install/px4_ros2_cpp/include/px4_ros2
-- Up-to-date: /home/jagdeesh/tracker/install/px4_ros2_cpp/include/px4_ros2/utils
-- Up-to-date: /home/jagdeesh/tracker/install/px4_ros2_cpp/include/px4_ros2/utils/message_version.hpp
-- Up-to-date: /home/jagdeesh/tracker/install/px4_ros2_cpp/include/px4_ros2/utils/geodesic.hpp
-- Up-to-date: /home/jagdeesh/tracker/install/px4_ros2_cpp/include/px4_ros2/utils/subscription.hpp
-- Up-to-date: /home/jagdeesh/tracker/install/px4_ros2_cpp/include/px4_ros2/utils/geometry.hpp
-- Up-to-date: /home/jagdeesh/tracker/install/px4_ros2_cpp/include/px4_ros2/utils/visit.hpp
-- Up-to-date: /home/jagdeesh/tracker/install/px4_ros2_cpp/include/px4_ros2/utils/frame_conversion.hpp
-- Up-to-date: /home/jagdeesh/tracker/install/px4_ros2_cpp/include/px4_ros2/utils/groups.dox
-- Up-to-date: /home/jagdeesh/tracker/install/px4_ros2_cpp/include/px4_ros2/third_party
-- Up-to-date: /home/jagdeesh/tracker/install/px4_ros2_cpp/include/px4_ros2/third_party/nlohmann
-- Up-to-date: /home/jagdeesh/tracker/install/px4_ros2_cpp/include/px4_ros2/third_party/nlohmann/json.hpp
-- Up-to-date: /home/jagdeesh/tracker/install/px4_ros2_cpp/include/px4_ros2/third_party/nlohmann/json_fwd.hpp
-- Up-to-date: /home/jagdeesh/tracker/install/px4_ros2_cpp/include/px4_ros2/mission
-- Up-to-date: /home/jagdeesh/tracker/install/px4_ros2_cpp/include/px4_ros2/mission/mission.hpp
-- Up-to-date: /home/jagdeesh/tracker/install/px4_ros2_cpp/include/px4_ros2/mission/mission_executor.hpp
-- Up-to-date: /home/jagdeesh/tracker/install/px4_ros2_cpp/include/px4_ros2/mission/actions
-- Up-to-date: /home/jagdeesh/tracker/install/px4_ros2_cpp/include/px4_ros2/mission/actions/action.hpp
-- Up-to-date: /home/jagdeesh/tracker/install/px4_ros2_cpp/include/px4_ros2/mission/actions/default_actions.hpp
-- Up-to-date: /home/jagdeesh/tracker/install/px4_ros2_cpp/include/px4_ros2/mission/actions/groups.dox
-- Up-to-date: /home/jagdeesh/tracker/install/px4_ros2_cpp/include/px4_ros2/mission/trajectory
-- Up-to-date: /home/jagdeesh/tracker/install/px4_ros2_cpp/include/px4_ros2/mission/trajectory/multicopter
-- Up-to-date: /home/jagdeesh/tracker/install/px4_ros2_cpp/include/px4_ros2/mission/trajectory/multicopter/waypoint_trajectory_executor.hpp
-- Up-to-date: /home/jagdeesh/tracker/install/px4_ros2_cpp/include/px4_ros2/mission/trajectory/multicopter/groups.dox
-- Up-to-date: /home/jagdeesh/tracker/install/px4_ros2_cpp/include/px4_ros2/mission/trajectory/trajectory_executor.hpp
-- Up-to-date: /home/jagdeesh/tracker/install/px4_ros2_cpp/include/px4_ros2/mission/groups.dox
-- Up-to-date: /home/jagdeesh/tracker/install/px4_ros2_cpp/include/px4_ros2/navigation
-- Up-to-date: /home/jagdeesh/tracker/install/px4_ros2_cpp/include/px4_ros2/navigation/experimental
-- Up-to-date: /home/jagdeesh/tracker/install/px4_ros2_cpp/include/px4_ros2/navigation/experimental/navigation_interface_base.hpp
-- Up-to-date: /home/jagdeesh/tracker/install/px4_ros2_cpp/include/px4_ros2/navigation/experimental/global_position_measurement_interface.hpp
-- Up-to-date: /home/jagdeesh/tracker/install/px4_ros2_cpp/include/px4_ros2/navigation/experimental/local_position_measurement_interface.hpp
-- Up-to-date: /home/jagdeesh/tracker/install/px4_ros2_cpp/include/px4_ros2/navigation/groups.dox
-- Up-to-date: /home/jagdeesh/tracker/install/px4_ros2_cpp/include/px4_ros2/odometry
-- Up-to-date: /home/jagdeesh/tracker/install/px4_ros2_cpp/include/px4_ros2/odometry/global_position.hpp
-- Up-to-date: /home/jagdeesh/tracker/install/px4_ros2_cpp/include/px4_ros2/odometry/attitude.hpp
-- Up-to-date: /home/jagdeesh/tracker/install/px4_ros2_cpp/include/px4_ros2/odometry/angular_velocity.hpp
-- Up-to-date: /home/jagdeesh/tracker/install/px4_ros2_cpp/include/px4_ros2/odometry/airspeed.hpp
-- Up-to-date: /home/jagdeesh/tracker/install/px4_ros2_cpp/include/px4_ros2/odometry/local_position.hpp
-- Up-to-date: /home/jagdeesh/tracker/install/px4_ros2_cpp/include/px4_ros2/odometry/groups.dox
-- Up-to-date: /home/jagdeesh/tracker/install/px4_ros2_cpp/include/px4_ros2/components
-- Up-to-date: /home/jagdeesh/tracker/install/px4_ros2_cpp/include/px4_ros2/components/mode.hpp
-- Up-to-date: /home/jagdeesh/tracker/install/px4_ros2_cpp/include/px4_ros2/components/manual_control_input.hpp
-- Up-to-date: /home/jagdeesh/tracker/install/px4_ros2_cpp/include/px4_ros2/components/events.hpp
-- Up-to-date: /home/jagdeesh/tracker/install/px4_ros2_cpp/include/px4_ros2/components/mode_executor.hpp
-- Up-to-date: /home/jagdeesh/tracker/install/px4_ros2_cpp/include/px4_ros2/components/overrides.hpp
-- Up-to-date: /home/jagdeesh/tracker/install/px4_ros2_cpp/include/px4_ros2/components/node_with_mode.hpp
-- Up-to-date: /home/jagdeesh/tracker/install/px4_ros2_cpp/include/px4_ros2/components/message_compatibility_check.hpp
-- Up-to-date: /home/jagdeesh/tracker/install/px4_ros2_cpp/include/px4_ros2/components/wait_for_fmu.hpp
-- Up-to-date: /home/jagdeesh/tracker/install/px4_ros2_cpp/include/px4_ros2/components/health_and_arming_checks.hpp
-- Up-to-date: /home/jagdeesh/tracker/install/px4_ros2_cpp/include/px4_ros2/components/groups.dox
-- Up-to-date: /home/jagdeesh/tracker/install/px4_ros2_cpp/include/px4_ros2/common
-- Up-to-date: /home/jagdeesh/tracker/install/px4_ros2_cpp/include/px4_ros2/common/setpoint_base.hpp
-- Up-to-date: /home/jagdeesh/tracker/install/px4_ros2_cpp/include/px4_ros2/common/frame.hpp
-- Up-to-date: /home/jagdeesh/tracker/install/px4_ros2_cpp/include/px4_ros2/common/context.hpp
-- Up-to-date: /home/jagdeesh/tracker/install/px4_ros2_cpp/include/px4_ros2/common/exception.hpp
-- Up-to-date: /home/jagdeesh/tracker/install/px4_ros2_cpp/include/px4_ros2/common/requirement_flags.hpp
-- Up-to-date: /home/jagdeesh/tracker/install/px4_ros2_cpp/include/px4_ros2/control
-- Up-to-date: /home/jagdeesh/tracker/install/px4_ros2_cpp/include/px4_ros2/control/vtol.hpp
-- Up-to-date: /home/jagdeesh/tracker/install/px4_ros2_cpp/include/px4_ros2/control/peripheral_actuators.hpp
-- Up-to-date: /home/jagdeesh/tracker/install/px4_ros2_cpp/include/px4_ros2/control/setpoint_types
-- Up-to-date: /home/jagdeesh/tracker/install/px4_ros2_cpp/include/px4_ros2/control/setpoint_types/multicopter
-- Up-to-date: /home/jagdeesh/tracker/install/px4_ros2_cpp/include/px4_ros2/control/setpoint_types/multicopter/goto.hpp
-- Up-to-date: /home/jagdeesh/tracker/install/px4_ros2_cpp/include/px4_ros2/control/setpoint_types/experimental
-- Up-to-date: /home/jagdeesh/tracker/install/px4_ros2_cpp/include/px4_ros2/control/setpoint_types/experimental/trajectory.hpp
-- Up-to-date: /home/jagdeesh/tracker/install/px4_ros2_cpp/include/px4_ros2/control/setpoint_types/experimental/attitude.hpp
-- Up-to-date: /home/jagdeesh/tracker/install/px4_ros2_cpp/include/px4_ros2/control/setpoint_types/experimental/rates.hpp
-- Up-to-date: /home/jagdeesh/tracker/install/px4_ros2_cpp/include/px4_ros2/control/setpoint_types/experimental/rover
-- Up-to-date: /home/jagdeesh/tracker/install/px4_ros2_cpp/include/px4_ros2/control/setpoint_types/experimental/rover/throttle_attitude.hpp
-- Up-to-date: /home/jagdeesh/tracker/install/px4_ros2_cpp/include/px4_ros2/control/setpoint_types/experimental/rover/position.hpp
-- Up-to-date: /home/jagdeesh/tracker/install/px4_ros2_cpp/include/px4_ros2/control/setpoint_types/experimental/rover/speed_rate.hpp
-- Up-to-date: /home/jagdeesh/tracker/install/px4_ros2_cpp/include/px4_ros2/control/setpoint_types/experimental/rover/throttle_rate.hpp
-- Up-to-date: /home/jagdeesh/tracker/install/px4_ros2_cpp/include/px4_ros2/control/setpoint_types/experimental/rover/speed_steering.hpp
-- Up-to-date: /home/jagdeesh/tracker/install/px4_ros2_cpp/include/px4_ros2/control/setpoint_types/experimental/rover/speed_attitude.hpp
-- Up-to-date: /home/jagdeesh/tracker/install/px4_ros2_cpp/include/px4_ros2/control/setpoint_types/experimental/rover/throttle_steering.hpp
-- Up-to-date: /home/jagdeesh/tracker/install/px4_ros2_cpp/include/px4_ros2/control/setpoint_types/fixedwing
-- Up-to-date: /home/jagdeesh/tracker/install/px4_ros2_cpp/include/px4_ros2/control/setpoint_types/fixedwing/lateral_longitudinal.hpp
-- Up-to-date: /home/jagdeesh/tracker/install/px4_ros2_cpp/include/px4_ros2/control/setpoint_types/direct_actuators.hpp
-- Up-to-date: /home/jagdeesh/tracker/install/px4_ros2_cpp/include/px4_ros2/control/setpoint_types/groups.dox
-- Up-to-date: /home/jagdeesh/tracker/install/px4_ros2_cpp/include/px4_ros2/control/groups.dox
-- Up-to-date: /home/jagdeesh/tracker/install/px4_ros2_cpp/include/px4_ros2/vehicle_state
-- Up-to-date: /home/jagdeesh/tracker/install/px4_ros2_cpp/include/px4_ros2/vehicle_state/vtol_status.hpp
-- Up-to-date: /home/jagdeesh/tracker/install/px4_ros2_cpp/include/px4_ros2/vehicle_state/land_detected.hpp
-- Up-to-date: /home/jagdeesh/tracker/install/px4_ros2_cpp/include/px4_ros2/vehicle_state/battery.hpp
-- Up-to-date: /home/jagdeesh/tracker/install/px4_ros2_cpp/include/px4_ros2/vehicle_state/vehicle_status.hpp
-- Up-to-date: /home/jagdeesh/tracker/install/px4_ros2_cpp/include/px4_ros2/vehicle_state/home_position.hpp
-- Up-to-date: /home/jagdeesh/tracker/install/px4_ros2_cpp/include/px4_ros2/vehicle_state/groups.dox
-- Up-to-date: /home/jagdeesh/tracker/install/px4_ros2_cpp/lib/libpx4_ros2_cpp.so
-- Up-to-date: /home/jagdeesh/tracker/install/px4_ros2_cpp/share/ament_index/resource_index/package_run_dependencies/px4_ros2_cpp
-- Up-to-date: /home/jagdeesh/tracker/install/px4_ros2_cpp/share/ament_index/resource_index/parent_prefix_path/px4_ros2_cpp
-- Up-to-date: /home/jagdeesh/tracker/install/px4_ros2_cpp/share/px4_ros2_cpp/environment/ament_prefix_path.sh
-- Installing: /home/jagdeesh/tracker/install/px4_ros2_cpp/share/px4_ros2_cpp/environment/ament_prefix_path.dsv
-- Up-to-date: /home/jagdeesh/tracker/install/px4_ros2_cpp/share/px4_ros2_cpp/environment/path.sh
-- Installing: /home/jagdeesh/tracker/install/px4_ros2_cpp/share/px4_ros2_cpp/environment/path.dsv
-- Up-to-date: /home/jagdeesh/tracker/install/px4_ros2_cpp/share/px4_ros2_cpp/local_setup.bash
-- Up-to-date: /home/jagdeesh/tracker/install/px4_ros2_cpp/share/px4_ros2_cpp/local_setup.sh
-- Up-to-date: /home/jagdeesh/tracker/install/px4_ros2_cpp/share/px4_ros2_cpp/local_setup.zsh
-- Installing: /home/jagdeesh/tracker/install/px4_ros2_cpp/share/px4_ros2_cpp/local_setup.dsv
-- Installing: /home/jagdeesh/tracker/install/px4_ros2_cpp/share/px4_ros2_cpp/package.dsv
-- Up-to-date: /home/jagdeesh/tracker/install/px4_ros2_cpp/share/ament_index/resource_index/packages/px4_ros2_cpp
-- Up-to-date: /home/jagdeesh/tracker/install/px4_ros2_cpp/share/px4_ros2_cpp/cmake/px4_ros2_cppExport.cmake
-- Up-to-date: /home/jagdeesh/tracker/install/px4_ros2_cpp/share/px4_ros2_cpp/cmake/px4_ros2_cppExport-release.cmake
-- Up-to-date: /home/jagdeesh/tracker/install/px4_ros2_cpp/share/px4_ros2_cpp/cmake/ament_cmake_export_targets-extras.cmake
-- Up-to-date: /home/jagdeesh/tracker/install/px4_ros2_cpp/share/px4_ros2_cpp/cmake/ament_cmake_export_dependencies-extras.cmake
-- Up-to-date: /home/jagdeesh/tracker/install/px4_ros2_cpp/share/px4_ros2_cpp/cmake/px4_ros2_cppConfig.cmake
-- Up-to-date: /home/jagdeesh/tracker/install/px4_ros2_cpp/share/px4_ros2_cpp/cmake/px4_ros2_cppConfig-version.cmake
-- Up-to-date: /home/jagdeesh/tracker/install/px4_ros2_cpp/share/px4_ros2_cpp/package.xml
