[0.034s] Invoking command in '/home/jagdeesh/tracker/build/px4_ros2_cpp': AMENT_PREFIX_PATH=/home/jagdeesh/tracker/install/px4_msgs:${AMENT_PREFIX_PATH} CMAKE_PREFIX_PATH=/home/jagdeesh/tracker/install/px4_msgs:/opt/ros/humble LD_LIBRARY_PATH=/home/jagdeesh/tracker/install/px4_msgs/lib:${LD_LIBRARY_PATH} PYTHONPATH=/home/jagdeesh/tracker/install/px4_msgs/local/lib/python3.10/dist-packages:${PYTHONPATH} /usr/bin/cmake /home/jagdeesh/tracker/src/px4-ros2-interface-lib/px4_ros2_cpp -DCMAKE_INSTALL_PREFIX=/home/jagdeesh/tracker/install/px4_ros2_cpp
[0.059s] -- Found ament_cmake: 1.3.14 (/opt/ros/humble/share/ament_cmake/cmake)
[0.319s] -- Found ament_index_cpp: 1.4.1 (/opt/ros/humble/share/ament_index_cpp/cmake)
[0.320s] -- Found rclcpp: 16.0.18 (/opt/ros/humble/share/rclcpp/cmake)
[0.381s] -- Found rosidl_generator_c: 3.1.8 (/opt/ros/humble/share/rosidl_generator_c/cmake)
[0.386s] -- Found rosidl_adapter: 3.1.8 (/opt/ros/humble/share/rosidl_adapter/cmake)
[0.399s] -- Found rosidl_generator_cpp: 3.1.8 (/opt/ros/humble/share/rosidl_generator_cpp/cmake)
[0.418s] -- Using all available rosidl_typesupport_c: rosidl_typesupport_fastrtps_c;rosidl_typesupport_introspection_c
[0.442s] -- Using all available rosidl_typesupport_cpp: rosidl_typesupport_fastrtps_cpp;rosidl_typesupport_introspection_cpp
[0.506s] -- Found rmw_implementation_cmake: 6.1.2 (/opt/ros/humble/share/rmw_implementation_cmake/cmake)
[0.508s] -- Found rmw_fastrtps_cpp: 6.2.10 (/opt/ros/humble/share/rmw_fastrtps_cpp/cmake)
[0.717s] -- Using RMW implementation 'rmw_fastrtps_cpp' as default
[0.813s] -- Found px4_msgs: 2.0.1 (/home/jagdeesh/tracker/install/px4_msgs/share/px4_msgs/cmake)
[0.833s] -- Found eigen3_cmake_module: 0.1.1 (/opt/ros/humble/share/eigen3_cmake_module/cmake)
[0.841s] -- Found ament_lint_auto: 0.12.15 (/opt/ros/humble/share/ament_lint_auto/cmake)
[0.842s] -- Found ament_cmake_gtest: 1.3.14 (/opt/ros/humble/share/ament_cmake_gtest/cmake)
[0.960s] -- Found gtest sources under '/opt/ros/humble/src/gtest_vendor': C++ tests using 'Google Test' will be built
[0.974s] -- Added test 'copyright' to check source files copyright and LICENSE
[0.982s] -- Added test 'cppcheck' to perform static code analysis on C / C++ code
[0.983s] -- Configured cppcheck include dirs: /home/jagdeesh/tracker/src/px4-ros2-interface-lib/px4_ros2_cpp/include
[0.983s] -- Configured cppcheck exclude dirs and/or files: 
[0.992s] -- Added test 'cpplint' to check C / C++ code against the Google style
[0.992s] -- Configured cpplint exclude dirs and/or files: 
[0.997s] -- Added test 'lint_cmake' to check CMake code style
[1.005s] -- Added test 'uncrustify' to check C / C++ code style
[1.006s] -- Configured uncrustify additional arguments: 
[1.007s] -- Added test 'xmllint' to check XML markup files
[1.011s] -- Configuring done
[1.073s] -- Generating done
[1.093s] -- Build files have been written to: /home/jagdeesh/tracker/build/px4_ros2_cpp
[1.106s] Invoked command in '/home/jagdeesh/tracker/build/px4_ros2_cpp' returned '0': AMENT_PREFIX_PATH=/home/jagdeesh/tracker/install/px4_msgs:${AMENT_PREFIX_PATH} CMAKE_PREFIX_PATH=/home/jagdeesh/tracker/install/px4_msgs:/opt/ros/humble LD_LIBRARY_PATH=/home/jagdeesh/tracker/install/px4_msgs/lib:${LD_LIBRARY_PATH} PYTHONPATH=/home/jagdeesh/tracker/install/px4_msgs/local/lib/python3.10/dist-packages:${PYTHONPATH} /usr/bin/cmake /home/jagdeesh/tracker/src/px4-ros2-interface-lib/px4_ros2_cpp -DCMAKE_INSTALL_PREFIX=/home/jagdeesh/tracker/install/px4_ros2_cpp
[1.108s] Invoking command in '/home/jagdeesh/tracker/build/px4_ros2_cpp': AMENT_PREFIX_PATH=/home/jagdeesh/tracker/install/px4_msgs:${AMENT_PREFIX_PATH} CMAKE_PREFIX_PATH=/home/jagdeesh/tracker/install/px4_msgs:/opt/ros/humble LD_LIBRARY_PATH=/home/jagdeesh/tracker/install/px4_msgs/lib:${LD_LIBRARY_PATH} PYTHONPATH=/home/jagdeesh/tracker/install/px4_msgs/local/lib/python3.10/dist-packages:${PYTHONPATH} /usr/bin/cmake --build /home/jagdeesh/tracker/build/px4_ros2_cpp -- -j12 -l12
[1.179s] [35m[1mConsolidate compiler generated dependencies of target integration_utils[0m
[1.180s] [35m[1mConsolidate compiler generated dependencies of target gtest[0m
[1.184s] [35m[1mConsolidate compiler generated dependencies of target gtest_main[0m
[1.211s] [  3%] Built target gtest
[1.213s] [  6%] Built target gtest_main
[1.217s] [  9%] Built target integration_utils
[1.233s] [35m[1mConsolidate compiler generated dependencies of target unit_utils[0m
[1.245s] [35m[1mConsolidate compiler generated dependencies of target px4_ros2_cpp[0m
[1.262s] [ 12%] Built target unit_utils
[1.452s] [ 70%] Built target px4_ros2_cpp
[1.482s] [35m[1mConsolidate compiler generated dependencies of target integration_tests[0m
[1.485s] [35m[1mConsolidate compiler generated dependencies of target px4_ros2_cpp_unit_tests[0m
[1.556s] [ 83%] Built target integration_tests
[1.562s] [100%] Built target px4_ros2_cpp_unit_tests
[1.580s] Invoked command in '/home/jagdeesh/tracker/build/px4_ros2_cpp' returned '0': AMENT_PREFIX_PATH=/home/jagdeesh/tracker/install/px4_msgs:${AMENT_PREFIX_PATH} CMAKE_PREFIX_PATH=/home/jagdeesh/tracker/install/px4_msgs:/opt/ros/humble LD_LIBRARY_PATH=/home/jagdeesh/tracker/install/px4_msgs/lib:${LD_LIBRARY_PATH} PYTHONPATH=/home/jagdeesh/tracker/install/px4_msgs/local/lib/python3.10/dist-packages:${PYTHONPATH} /usr/bin/cmake --build /home/jagdeesh/tracker/build/px4_ros2_cpp -- -j12 -l12
[1.582s] Invoking command in '/home/jagdeesh/tracker/build/px4_ros2_cpp': AMENT_PREFIX_PATH=/home/jagdeesh/tracker/install/px4_msgs:${AMENT_PREFIX_PATH} CMAKE_PREFIX_PATH=/home/jagdeesh/tracker/install/px4_msgs:/opt/ros/humble LD_LIBRARY_PATH=/home/jagdeesh/tracker/install/px4_msgs/lib:${LD_LIBRARY_PATH} PYTHONPATH=/home/jagdeesh/tracker/install/px4_msgs/local/lib/python3.10/dist-packages:${PYTHONPATH} /usr/bin/cmake --install /home/jagdeesh/tracker/build/px4_ros2_cpp
[1.595s] -- Install configuration: "Release"
[1.595s] -- Up-to-date: /home/jagdeesh/tracker/install/px4_ros2_cpp/share/px4_ros2_cpp/environment/library_path.sh
[1.596s] -- Installing: /home/jagdeesh/tracker/install/px4_ros2_cpp/share/px4_ros2_cpp/environment/library_path.dsv
[1.596s] -- Up-to-date: /home/jagdeesh/tracker/install/px4_ros2_cpp/include/px4_ros2
[1.597s] -- Up-to-date: /home/jagdeesh/tracker/install/px4_ros2_cpp/include/px4_ros2/utils
[1.597s] -- Up-to-date: /home/jagdeesh/tracker/install/px4_ros2_cpp/include/px4_ros2/utils/message_version.hpp
[1.597s] -- Up-to-date: /home/jagdeesh/tracker/install/px4_ros2_cpp/include/px4_ros2/utils/geodesic.hpp
[1.597s] -- Up-to-date: /home/jagdeesh/tracker/install/px4_ros2_cpp/include/px4_ros2/utils/subscription.hpp
[1.597s] -- Up-to-date: /home/jagdeesh/tracker/install/px4_ros2_cpp/include/px4_ros2/utils/geometry.hpp
[1.597s] -- Up-to-date: /home/jagdeesh/tracker/install/px4_ros2_cpp/include/px4_ros2/utils/visit.hpp
[1.597s] -- Up-to-date: /home/jagdeesh/tracker/install/px4_ros2_cpp/include/px4_ros2/utils/frame_conversion.hpp
[1.598s] -- Up-to-date: /home/jagdeesh/tracker/install/px4_ros2_cpp/include/px4_ros2/utils/groups.dox
[1.598s] -- Up-to-date: /home/jagdeesh/tracker/install/px4_ros2_cpp/include/px4_ros2/third_party
[1.598s] -- Up-to-date: /home/jagdeesh/tracker/install/px4_ros2_cpp/include/px4_ros2/third_party/nlohmann
[1.598s] -- Up-to-date: /home/jagdeesh/tracker/install/px4_ros2_cpp/include/px4_ros2/third_party/nlohmann/json.hpp
[1.598s] -- Up-to-date: /home/jagdeesh/tracker/install/px4_ros2_cpp/include/px4_ros2/third_party/nlohmann/json_fwd.hpp
[1.599s] -- Up-to-date: /home/jagdeesh/tracker/install/px4_ros2_cpp/include/px4_ros2/mission
[1.599s] -- Up-to-date: /home/jagdeesh/tracker/install/px4_ros2_cpp/include/px4_ros2/mission/mission.hpp
[1.599s] -- Up-to-date: /home/jagdeesh/tracker/install/px4_ros2_cpp/include/px4_ros2/mission/mission_executor.hpp
[1.599s] -- Up-to-date: /home/jagdeesh/tracker/install/px4_ros2_cpp/include/px4_ros2/mission/actions
[1.599s] -- Up-to-date: /home/jagdeesh/tracker/install/px4_ros2_cpp/include/px4_ros2/mission/actions/action.hpp
[1.599s] -- Up-to-date: /home/jagdeesh/tracker/install/px4_ros2_cpp/include/px4_ros2/mission/actions/default_actions.hpp
[1.599s] -- Up-to-date: /home/jagdeesh/tracker/install/px4_ros2_cpp/include/px4_ros2/mission/actions/groups.dox
[1.600s] -- Up-to-date: /home/jagdeesh/tracker/install/px4_ros2_cpp/include/px4_ros2/mission/trajectory
[1.600s] -- Up-to-date: /home/jagdeesh/tracker/install/px4_ros2_cpp/include/px4_ros2/mission/trajectory/multicopter
[1.600s] -- Up-to-date: /home/jagdeesh/tracker/install/px4_ros2_cpp/include/px4_ros2/mission/trajectory/multicopter/waypoint_trajectory_executor.hpp
[1.600s] -- Up-to-date: /home/jagdeesh/tracker/install/px4_ros2_cpp/include/px4_ros2/mission/trajectory/multicopter/groups.dox
[1.600s] -- Up-to-date: /home/jagdeesh/tracker/install/px4_ros2_cpp/include/px4_ros2/mission/trajectory/trajectory_executor.hpp
[1.600s] -- Up-to-date: /home/jagdeesh/tracker/install/px4_ros2_cpp/include/px4_ros2/mission/groups.dox
[1.600s] -- Up-to-date: /home/jagdeesh/tracker/install/px4_ros2_cpp/include/px4_ros2/navigation
[1.601s] -- Up-to-date: /home/jagdeesh/tracker/install/px4_ros2_cpp/include/px4_ros2/navigation/experimental
[1.601s] -- Up-to-date: /home/jagdeesh/tracker/install/px4_ros2_cpp/include/px4_ros2/navigation/experimental/navigation_interface_base.hpp
[1.601s] -- Up-to-date: /home/jagdeesh/tracker/install/px4_ros2_cpp/include/px4_ros2/navigation/experimental/global_position_measurement_interface.hpp
[1.601s] -- Up-to-date: /home/jagdeesh/tracker/install/px4_ros2_cpp/include/px4_ros2/navigation/experimental/local_position_measurement_interface.hpp
[1.601s] -- Up-to-date: /home/jagdeesh/tracker/install/px4_ros2_cpp/include/px4_ros2/navigation/groups.dox
[1.601s] -- Up-to-date: /home/jagdeesh/tracker/install/px4_ros2_cpp/include/px4_ros2/odometry
[1.601s] -- Up-to-date: /home/jagdeesh/tracker/install/px4_ros2_cpp/include/px4_ros2/odometry/global_position.hpp
[1.601s] -- Up-to-date: /home/jagdeesh/tracker/install/px4_ros2_cpp/include/px4_ros2/odometry/attitude.hpp
[1.601s] -- Up-to-date: /home/jagdeesh/tracker/install/px4_ros2_cpp/include/px4_ros2/odometry/angular_velocity.hpp
[1.601s] -- Up-to-date: /home/jagdeesh/tracker/install/px4_ros2_cpp/include/px4_ros2/odometry/airspeed.hpp
[1.602s] -- Up-to-date: /home/jagdeesh/tracker/install/px4_ros2_cpp/include/px4_ros2/odometry/local_position.hpp
[1.602s] -- Up-to-date: /home/jagdeesh/tracker/install/px4_ros2_cpp/include/px4_ros2/odometry/groups.dox
[1.602s] -- Up-to-date: /home/jagdeesh/tracker/install/px4_ros2_cpp/include/px4_ros2/components
[1.602s] -- Up-to-date: /home/jagdeesh/tracker/install/px4_ros2_cpp/include/px4_ros2/components/mode.hpp
[1.602s] -- Up-to-date: /home/jagdeesh/tracker/install/px4_ros2_cpp/include/px4_ros2/components/manual_control_input.hpp
[1.602s] -- Up-to-date: /home/jagdeesh/tracker/install/px4_ros2_cpp/include/px4_ros2/components/events.hpp
[1.602s] -- Up-to-date: /home/jagdeesh/tracker/install/px4_ros2_cpp/include/px4_ros2/components/mode_executor.hpp
[1.602s] -- Up-to-date: /home/jagdeesh/tracker/install/px4_ros2_cpp/include/px4_ros2/components/overrides.hpp
[1.602s] -- Up-to-date: /home/jagdeesh/tracker/install/px4_ros2_cpp/include/px4_ros2/components/node_with_mode.hpp
[1.602s] -- Up-to-date: /home/jagdeesh/tracker/install/px4_ros2_cpp/include/px4_ros2/components/message_compatibility_check.hpp
[1.602s] -- Up-to-date: /home/jagdeesh/tracker/install/px4_ros2_cpp/include/px4_ros2/components/wait_for_fmu.hpp
[1.602s] -- Up-to-date: /home/jagdeesh/tracker/install/px4_ros2_cpp/include/px4_ros2/components/health_and_arming_checks.hpp
[1.602s] -- Up-to-date: /home/jagdeesh/tracker/install/px4_ros2_cpp/include/px4_ros2/components/groups.dox
[1.603s] -- Up-to-date: /home/jagdeesh/tracker/install/px4_ros2_cpp/include/px4_ros2/common
[1.603s] -- Up-to-date: /home/jagdeesh/tracker/install/px4_ros2_cpp/include/px4_ros2/common/setpoint_base.hpp
[1.603s] -- Up-to-date: /home/jagdeesh/tracker/install/px4_ros2_cpp/include/px4_ros2/common/frame.hpp
[1.603s] -- Up-to-date: /home/jagdeesh/tracker/install/px4_ros2_cpp/include/px4_ros2/common/context.hpp
[1.603s] -- Up-to-date: /home/jagdeesh/tracker/install/px4_ros2_cpp/include/px4_ros2/common/exception.hpp
[1.603s] -- Up-to-date: /home/jagdeesh/tracker/install/px4_ros2_cpp/include/px4_ros2/common/requirement_flags.hpp
[1.603s] -- Up-to-date: /home/jagdeesh/tracker/install/px4_ros2_cpp/include/px4_ros2/control
[1.603s] -- Up-to-date: /home/jagdeesh/tracker/install/px4_ros2_cpp/include/px4_ros2/control/vtol.hpp
[1.603s] -- Up-to-date: /home/jagdeesh/tracker/install/px4_ros2_cpp/include/px4_ros2/control/peripheral_actuators.hpp
[1.603s] -- Up-to-date: /home/jagdeesh/tracker/install/px4_ros2_cpp/include/px4_ros2/control/setpoint_types
[1.603s] -- Up-to-date: /home/jagdeesh/tracker/install/px4_ros2_cpp/include/px4_ros2/control/setpoint_types/multicopter
[1.603s] -- Up-to-date: /home/jagdeesh/tracker/install/px4_ros2_cpp/include/px4_ros2/control/setpoint_types/multicopter/goto.hpp
[1.604s] -- Up-to-date: /home/jagdeesh/tracker/install/px4_ros2_cpp/include/px4_ros2/control/setpoint_types/experimental
[1.604s] -- Up-to-date: /home/jagdeesh/tracker/install/px4_ros2_cpp/include/px4_ros2/control/setpoint_types/experimental/trajectory.hpp
[1.604s] -- Up-to-date: /home/jagdeesh/tracker/install/px4_ros2_cpp/include/px4_ros2/control/setpoint_types/experimental/attitude.hpp
[1.604s] -- Up-to-date: /home/jagdeesh/tracker/install/px4_ros2_cpp/include/px4_ros2/control/setpoint_types/experimental/rates.hpp
[1.604s] -- Up-to-date: /home/jagdeesh/tracker/install/px4_ros2_cpp/include/px4_ros2/control/setpoint_types/experimental/rover
[1.604s] -- Up-to-date: /home/jagdeesh/tracker/install/px4_ros2_cpp/include/px4_ros2/control/setpoint_types/experimental/rover/throttle_attitude.hpp
[1.604s] -- Up-to-date: /home/jagdeesh/tracker/install/px4_ros2_cpp/include/px4_ros2/control/setpoint_types/experimental/rover/position.hpp
[1.605s] -- Up-to-date: /home/jagdeesh/tracker/install/px4_ros2_cpp/include/px4_ros2/control/setpoint_types/experimental/rover/speed_rate.hpp
[1.605s] -- Up-to-date: /home/jagdeesh/tracker/install/px4_ros2_cpp/include/px4_ros2/control/setpoint_types/experimental/rover/throttle_rate.hpp
[1.605s] -- Up-to-date: /home/jagdeesh/tracker/install/px4_ros2_cpp/include/px4_ros2/control/setpoint_types/experimental/rover/speed_steering.hpp
[1.605s] -- Up-to-date: /home/jagdeesh/tracker/install/px4_ros2_cpp/include/px4_ros2/control/setpoint_types/experimental/rover/speed_attitude.hpp
[1.605s] -- Up-to-date: /home/jagdeesh/tracker/install/px4_ros2_cpp/include/px4_ros2/control/setpoint_types/experimental/rover/throttle_steering.hpp
[1.606s] -- Up-to-date: /home/jagdeesh/tracker/install/px4_ros2_cpp/include/px4_ros2/control/setpoint_types/fixedwing
[1.606s] -- Up-to-date: /home/jagdeesh/tracker/install/px4_ros2_cpp/include/px4_ros2/control/setpoint_types/fixedwing/lateral_longitudinal.hpp
[1.606s] -- Up-to-date: /home/jagdeesh/tracker/install/px4_ros2_cpp/include/px4_ros2/control/setpoint_types/direct_actuators.hpp
[1.606s] -- Up-to-date: /home/jagdeesh/tracker/install/px4_ros2_cpp/include/px4_ros2/control/setpoint_types/groups.dox
[1.606s] -- Up-to-date: /home/jagdeesh/tracker/install/px4_ros2_cpp/include/px4_ros2/control/groups.dox
[1.606s] -- Up-to-date: /home/jagdeesh/tracker/install/px4_ros2_cpp/include/px4_ros2/vehicle_state
[1.606s] -- Up-to-date: /home/jagdeesh/tracker/install/px4_ros2_cpp/include/px4_ros2/vehicle_state/vtol_status.hpp
[1.606s] -- Up-to-date: /home/jagdeesh/tracker/install/px4_ros2_cpp/include/px4_ros2/vehicle_state/land_detected.hpp
[1.606s] -- Up-to-date: /home/jagdeesh/tracker/install/px4_ros2_cpp/include/px4_ros2/vehicle_state/battery.hpp
[1.606s] -- Up-to-date: /home/jagdeesh/tracker/install/px4_ros2_cpp/include/px4_ros2/vehicle_state/vehicle_status.hpp
[1.606s] -- Up-to-date: /home/jagdeesh/tracker/install/px4_ros2_cpp/include/px4_ros2/vehicle_state/home_position.hpp
[1.606s] -- Up-to-date: /home/jagdeesh/tracker/install/px4_ros2_cpp/include/px4_ros2/vehicle_state/groups.dox
[1.606s] -- Up-to-date: /home/jagdeesh/tracker/install/px4_ros2_cpp/lib/libpx4_ros2_cpp.so
[1.607s] -- Up-to-date: /home/jagdeesh/tracker/install/px4_ros2_cpp/share/ament_index/resource_index/package_run_dependencies/px4_ros2_cpp
[1.607s] -- Up-to-date: /home/jagdeesh/tracker/install/px4_ros2_cpp/share/ament_index/resource_index/parent_prefix_path/px4_ros2_cpp
[1.607s] -- Up-to-date: /home/jagdeesh/tracker/install/px4_ros2_cpp/share/px4_ros2_cpp/environment/ament_prefix_path.sh
[1.607s] -- Installing: /home/jagdeesh/tracker/install/px4_ros2_cpp/share/px4_ros2_cpp/environment/ament_prefix_path.dsv
[1.607s] -- Up-to-date: /home/jagdeesh/tracker/install/px4_ros2_cpp/share/px4_ros2_cpp/environment/path.sh
[1.607s] -- Installing: /home/jagdeesh/tracker/install/px4_ros2_cpp/share/px4_ros2_cpp/environment/path.dsv
[1.607s] -- Up-to-date: /home/jagdeesh/tracker/install/px4_ros2_cpp/share/px4_ros2_cpp/local_setup.bash
[1.607s] -- Up-to-date: /home/jagdeesh/tracker/install/px4_ros2_cpp/share/px4_ros2_cpp/local_setup.sh
[1.607s] -- Up-to-date: /home/jagdeesh/tracker/install/px4_ros2_cpp/share/px4_ros2_cpp/local_setup.zsh
[1.607s] -- Installing: /home/jagdeesh/tracker/install/px4_ros2_cpp/share/px4_ros2_cpp/local_setup.dsv
[1.607s] -- Installing: /home/jagdeesh/tracker/install/px4_ros2_cpp/share/px4_ros2_cpp/package.dsv
[1.608s] -- Up-to-date: /home/jagdeesh/tracker/install/px4_ros2_cpp/share/ament_index/resource_index/packages/px4_ros2_cpp
[1.608s] -- Up-to-date: /home/jagdeesh/tracker/install/px4_ros2_cpp/share/px4_ros2_cpp/cmake/px4_ros2_cppExport.cmake
[1.608s] -- Up-to-date: /home/jagdeesh/tracker/install/px4_ros2_cpp/share/px4_ros2_cpp/cmake/px4_ros2_cppExport-release.cmake
[1.608s] -- Up-to-date: /home/jagdeesh/tracker/install/px4_ros2_cpp/share/px4_ros2_cpp/cmake/ament_cmake_export_targets-extras.cmake
[1.608s] -- Up-to-date: /home/jagdeesh/tracker/install/px4_ros2_cpp/share/px4_ros2_cpp/cmake/ament_cmake_export_dependencies-extras.cmake
[1.608s] -- Up-to-date: /home/jagdeesh/tracker/install/px4_ros2_cpp/share/px4_ros2_cpp/cmake/px4_ros2_cppConfig.cmake
[1.608s] -- Up-to-date: /home/jagdeesh/tracker/install/px4_ros2_cpp/share/px4_ros2_cpp/cmake/px4_ros2_cppConfig-version.cmake
[1.608s] -- Up-to-date: /home/jagdeesh/tracker/install/px4_ros2_cpp/share/px4_ros2_cpp/package.xml
[1.609s] Invoked command in '/home/jagdeesh/tracker/build/px4_ros2_cpp' returned '0': AMENT_PREFIX_PATH=/home/jagdeesh/tracker/install/px4_msgs:${AMENT_PREFIX_PATH} CMAKE_PREFIX_PATH=/home/jagdeesh/tracker/install/px4_msgs:/opt/ros/humble LD_LIBRARY_PATH=/home/jagdeesh/tracker/install/px4_msgs/lib:${LD_LIBRARY_PATH} PYTHONPATH=/home/jagdeesh/tracker/install/px4_msgs/local/lib/python3.10/dist-packages:${PYTHONPATH} /usr/bin/cmake --install /home/jagdeesh/tracker/build/px4_ros2_cpp
