[0.087s] Invoking command in '/home/jagdeesh/tracker/build/example_local_navigation_cpp': AMENT_PREFIX_PATH=/home/jagdeesh/tracker/install/px4_ros2_cpp:/home/jagdeesh/tracker/install/px4_msgs:${AMENT_PREFIX_PATH} CMAKE_PREFIX_PATH=/home/jagdeesh/tracker/install/px4_ros2_cpp:/home/jagdeesh/tracker/install/px4_msgs:/opt/ros/humble LD_LIBRARY_PATH=/home/jagdeesh/tracker/install/px4_ros2_cpp/lib:/home/jagdeesh/tracker/install/px4_msgs/lib:${LD_LIBRARY_PATH} PYTHONPATH=/home/jagdeesh/tracker/install/px4_msgs/local/lib/python3.10/dist-packages:${PYTHONPATH} /usr/bin/cmake /home/jagdeesh/tracker/src/px4-ros2-interface-lib/examples/cpp/navigation/local_navigation -DCMAKE_INSTALL_PREFIX=/home/jagdeesh/tracker/install/example_local_navigation_cpp
[0.236s] -- Found eigen3_cmake_module: 0.1.1 (/opt/ros/humble/share/eigen3_cmake_module/cmake)
[0.236s] -- Found ament_cmake: 1.3.14 (/opt/ros/humble/share/ament_cmake/cmake)
[1.101s] -- Found rclcpp: 16.0.18 (/opt/ros/humble/share/rclcpp/cmake)
[1.303s] -- Found rosidl_generator_c: 3.1.8 (/opt/ros/humble/share/rosidl_generator_c/cmake)
[1.325s] -- Found rosidl_adapter: 3.1.8 (/opt/ros/humble/share/rosidl_adapter/cmake)
[1.343s] -- Found rosidl_generator_cpp: 3.1.8 (/opt/ros/humble/share/rosidl_generator_cpp/cmake)
[1.395s] -- Using all available rosidl_typesupport_c: rosidl_typesupport_fastrtps_c;rosidl_typesupport_introspection_c
[1.460s] -- Using all available rosidl_typesupport_cpp: rosidl_typesupport_fastrtps_cpp;rosidl_typesupport_introspection_cpp
[1.535s] -- Found rmw_implementation_cmake: 6.1.2 (/opt/ros/humble/share/rmw_implementation_cmake/cmake)
[1.538s] -- Found rmw_fastrtps_cpp: 6.2.10 (/opt/ros/humble/share/rmw_fastrtps_cpp/cmake)
[1.998s] -- Using RMW implementation 'rmw_fastrtps_cpp' as default
[2.351s] -- Found px4_ros2_cpp: 0.0.1 (/home/jagdeesh/tracker/install/px4_ros2_cpp/share/px4_ros2_cpp/cmake)
[2.399s] -- Found ament_lint_auto: 0.12.15 (/opt/ros/humble/share/ament_lint_auto/cmake)
[2.606s] -- Added test 'copyright' to check source files copyright and LICENSE
[2.607s] -- Added test 'cppcheck' to perform static code analysis on C / C++ code
[2.608s] -- Configured cppcheck include dirs: /home/jagdeesh/tracker/src/px4-ros2-interface-lib/examples/cpp/navigation/local_navigation/include
[2.608s] -- Configured cppcheck exclude dirs and/or files: 
[2.617s] -- Added test 'cpplint' to check C / C++ code against the Google style
[2.620s] -- Configured cpplint exclude dirs and/or files: 
[2.623s] -- Added test 'lint_cmake' to check CMake code style
[2.626s] -- Added test 'uncrustify' to check C / C++ code style
[2.627s] -- Configured uncrustify additional arguments: 
[2.629s] -- Added test 'xmllint' to check XML markup files
[2.650s] -- Configuring done
[2.759s] -- Generating done
[2.816s] -- Build files have been written to: /home/jagdeesh/tracker/build/example_local_navigation_cpp
[2.882s] Invoked command in '/home/jagdeesh/tracker/build/example_local_navigation_cpp' returned '0': AMENT_PREFIX_PATH=/home/jagdeesh/tracker/install/px4_ros2_cpp:/home/jagdeesh/tracker/install/px4_msgs:${AMENT_PREFIX_PATH} CMAKE_PREFIX_PATH=/home/jagdeesh/tracker/install/px4_ros2_cpp:/home/jagdeesh/tracker/install/px4_msgs:/opt/ros/humble LD_LIBRARY_PATH=/home/jagdeesh/tracker/install/px4_ros2_cpp/lib:/home/jagdeesh/tracker/install/px4_msgs/lib:${LD_LIBRARY_PATH} PYTHONPATH=/home/jagdeesh/tracker/install/px4_msgs/local/lib/python3.10/dist-packages:${PYTHONPATH} /usr/bin/cmake /home/jagdeesh/tracker/src/px4-ros2-interface-lib/examples/cpp/navigation/local_navigation -DCMAKE_INSTALL_PREFIX=/home/jagdeesh/tracker/install/example_local_navigation_cpp
[2.883s] Invoking command in '/home/jagdeesh/tracker/build/example_local_navigation_cpp': AMENT_PREFIX_PATH=/home/jagdeesh/tracker/install/px4_ros2_cpp:/home/jagdeesh/tracker/install/px4_msgs:${AMENT_PREFIX_PATH} CMAKE_PREFIX_PATH=/home/jagdeesh/tracker/install/px4_ros2_cpp:/home/jagdeesh/tracker/install/px4_msgs:/opt/ros/humble LD_LIBRARY_PATH=/home/jagdeesh/tracker/install/px4_ros2_cpp/lib:/home/jagdeesh/tracker/install/px4_msgs/lib:${LD_LIBRARY_PATH} PYTHONPATH=/home/jagdeesh/tracker/install/px4_msgs/local/lib/python3.10/dist-packages:${PYTHONPATH} /usr/bin/cmake --build /home/jagdeesh/tracker/build/example_local_navigation_cpp -- -j12 -l12
[3.118s] [35m[1mConsolidate compiler generated dependencies of target example_local_navigation[0m
[3.195s] [100%] Built target example_local_navigation
[3.447s] Invoked command in '/home/jagdeesh/tracker/build/example_local_navigation_cpp' returned '0': AMENT_PREFIX_PATH=/home/jagdeesh/tracker/install/px4_ros2_cpp:/home/jagdeesh/tracker/install/px4_msgs:${AMENT_PREFIX_PATH} CMAKE_PREFIX_PATH=/home/jagdeesh/tracker/install/px4_ros2_cpp:/home/jagdeesh/tracker/install/px4_msgs:/opt/ros/humble LD_LIBRARY_PATH=/home/jagdeesh/tracker/install/px4_ros2_cpp/lib:/home/jagdeesh/tracker/install/px4_msgs/lib:${LD_LIBRARY_PATH} PYTHONPATH=/home/jagdeesh/tracker/install/px4_msgs/local/lib/python3.10/dist-packages:${PYTHONPATH} /usr/bin/cmake --build /home/jagdeesh/tracker/build/example_local_navigation_cpp -- -j12 -l12
[3.448s] Invoking command in '/home/jagdeesh/tracker/build/example_local_navigation_cpp': AMENT_PREFIX_PATH=/home/jagdeesh/tracker/install/px4_ros2_cpp:/home/jagdeesh/tracker/install/px4_msgs:${AMENT_PREFIX_PATH} CMAKE_PREFIX_PATH=/home/jagdeesh/tracker/install/px4_ros2_cpp:/home/jagdeesh/tracker/install/px4_msgs:/opt/ros/humble LD_LIBRARY_PATH=/home/jagdeesh/tracker/install/px4_ros2_cpp/lib:/home/jagdeesh/tracker/install/px4_msgs/lib:${LD_LIBRARY_PATH} PYTHONPATH=/home/jagdeesh/tracker/install/px4_msgs/local/lib/python3.10/dist-packages:${PYTHONPATH} /usr/bin/cmake --install /home/jagdeesh/tracker/build/example_local_navigation_cpp
[3.496s] -- Install configuration: "Release"
[3.496s] -- Up-to-date: /home/jagdeesh/tracker/install/example_local_navigation_cpp/lib/example_local_navigation_cpp/example_local_navigation
[3.496s] -- Up-to-date: /home/jagdeesh/tracker/install/example_local_navigation_cpp/share/ament_index/resource_index/package_run_dependencies/example_local_navigation_cpp
[3.496s] -- Up-to-date: /home/jagdeesh/tracker/install/example_local_navigation_cpp/share/ament_index/resource_index/parent_prefix_path/example_local_navigation_cpp
[3.497s] -- Up-to-date: /home/jagdeesh/tracker/install/example_local_navigation_cpp/share/example_local_navigation_cpp/environment/ament_prefix_path.sh
[3.497s] -- Installing: /home/jagdeesh/tracker/install/example_local_navigation_cpp/share/example_local_navigation_cpp/environment/ament_prefix_path.dsv
[3.497s] -- Up-to-date: /home/jagdeesh/tracker/install/example_local_navigation_cpp/share/example_local_navigation_cpp/environment/path.sh
[3.497s] -- Installing: /home/jagdeesh/tracker/install/example_local_navigation_cpp/share/example_local_navigation_cpp/environment/path.dsv
[3.497s] -- Up-to-date: /home/jagdeesh/tracker/install/example_local_navigation_cpp/share/example_local_navigation_cpp/local_setup.bash
[3.497s] -- Up-to-date: /home/jagdeesh/tracker/install/example_local_navigation_cpp/share/example_local_navigation_cpp/local_setup.sh
[3.498s] -- Up-to-date: /home/jagdeesh/tracker/install/example_local_navigation_cpp/share/example_local_navigation_cpp/local_setup.zsh
[3.498s] -- Installing: /home/jagdeesh/tracker/install/example_local_navigation_cpp/share/example_local_navigation_cpp/local_setup.dsv
[3.498s] -- Installing: /home/jagdeesh/tracker/install/example_local_navigation_cpp/share/example_local_navigation_cpp/package.dsv
[3.498s] -- Up-to-date: /home/jagdeesh/tracker/install/example_local_navigation_cpp/share/ament_index/resource_index/packages/example_local_navigation_cpp
[3.498s] -- Up-to-date: /home/jagdeesh/tracker/install/example_local_navigation_cpp/share/example_local_navigation_cpp/cmake/example_local_navigation_cppConfig.cmake
[3.498s] -- Up-to-date: /home/jagdeesh/tracker/install/example_local_navigation_cpp/share/example_local_navigation_cpp/cmake/example_local_navigation_cppConfig-version.cmake
[3.499s] -- Up-to-date: /home/jagdeesh/tracker/install/example_local_navigation_cpp/share/example_local_navigation_cpp/package.xml
[3.561s] Invoked command in '/home/jagdeesh/tracker/build/example_local_navigation_cpp' returned '0': AMENT_PREFIX_PATH=/home/jagdeesh/tracker/install/px4_ros2_cpp:/home/jagdeesh/tracker/install/px4_msgs:${AMENT_PREFIX_PATH} CMAKE_PREFIX_PATH=/home/jagdeesh/tracker/install/px4_ros2_cpp:/home/jagdeesh/tracker/install/px4_msgs:/opt/ros/humble LD_LIBRARY_PATH=/home/jagdeesh/tracker/install/px4_ros2_cpp/lib:/home/jagdeesh/tracker/install/px4_msgs/lib:${LD_LIBRARY_PATH} PYTHONPATH=/home/jagdeesh/tracker/install/px4_msgs/local/lib/python3.10/dist-packages:${PYTHONPATH} /usr/bin/cmake --install /home/jagdeesh/tracker/build/example_local_navigation_cpp
