[0.080s] Invoking command in '/home/jagdeesh/tracker/build/example_mode_goto_global_cpp': AMENT_PREFIX_PATH=/home/jagdeesh/tracker/install/px4_ros2_cpp:/home/jagdeesh/tracker/install/px4_msgs:${AMENT_PREFIX_PATH} CMAKE_PREFIX_PATH=/home/jagdeesh/tracker/install/px4_ros2_cpp:/home/jagdeesh/tracker/install/px4_msgs:/opt/ros/humble LD_LIBRARY_PATH=/home/jagdeesh/tracker/install/px4_ros2_cpp/lib:/home/jagdeesh/tracker/install/px4_msgs/lib:${LD_LIBRARY_PATH} PYTHONPATH=/home/jagdeesh/tracker/install/px4_msgs/local/lib/python3.10/dist-packages:${PYTHONPATH} /usr/bin/cmake --build /home/jagdeesh/tracker/build/example_mode_goto_global_cpp -- -j12 -l12
[0.308s] [100%] Built target example_mode_goto_global
[0.341s] Invoked command in '/home/jagdeesh/tracker/build/example_mode_goto_global_cpp' returned '0': AMENT_PREFIX_PATH=/home/jagdeesh/tracker/install/px4_ros2_cpp:/home/jagdeesh/tracker/install/px4_msgs:${AMENT_PREFIX_PATH} CMAKE_PREFIX_PATH=/home/jagdeesh/tracker/install/px4_ros2_cpp:/home/jagdeesh/tracker/install/px4_msgs:/opt/ros/humble LD_LIBRARY_PATH=/home/jagdeesh/tracker/install/px4_ros2_cpp/lib:/home/jagdeesh/tracker/install/px4_msgs/lib:${LD_LIBRARY_PATH} PYTHONPATH=/home/jagdeesh/tracker/install/px4_msgs/local/lib/python3.10/dist-packages:${PYTHONPATH} /usr/bin/cmake --build /home/jagdeesh/tracker/build/example_mode_goto_global_cpp -- -j12 -l12
[0.343s] Invoking command in '/home/jagdeesh/tracker/build/example_mode_goto_global_cpp': AMENT_PREFIX_PATH=/home/jagdeesh/tracker/install/px4_ros2_cpp:/home/jagdeesh/tracker/install/px4_msgs:${AMENT_PREFIX_PATH} CMAKE_PREFIX_PATH=/home/jagdeesh/tracker/install/px4_ros2_cpp:/home/jagdeesh/tracker/install/px4_msgs:/opt/ros/humble LD_LIBRARY_PATH=/home/jagdeesh/tracker/install/px4_ros2_cpp/lib:/home/jagdeesh/tracker/install/px4_msgs/lib:${LD_LIBRARY_PATH} PYTHONPATH=/home/jagdeesh/tracker/install/px4_msgs/local/lib/python3.10/dist-packages:${PYTHONPATH} /usr/bin/cmake --install /home/jagdeesh/tracker/build/example_mode_goto_global_cpp
[0.433s] -- Install configuration: "Release"
[0.433s] -- Up-to-date: /home/jagdeesh/tracker/install/example_mode_goto_global_cpp/lib/example_mode_goto_global_cpp/example_mode_goto_global
[0.433s] -- Up-to-date: /home/jagdeesh/tracker/install/example_mode_goto_global_cpp/share/ament_index/resource_index/package_run_dependencies/example_mode_goto_global_cpp
[0.433s] -- Up-to-date: /home/jagdeesh/tracker/install/example_mode_goto_global_cpp/share/ament_index/resource_index/parent_prefix_path/example_mode_goto_global_cpp
[0.434s] -- Up-to-date: /home/jagdeesh/tracker/install/example_mode_goto_global_cpp/share/example_mode_goto_global_cpp/environment/ament_prefix_path.sh
[0.434s] -- Up-to-date: /home/jagdeesh/tracker/install/example_mode_goto_global_cpp/share/example_mode_goto_global_cpp/environment/ament_prefix_path.dsv
[0.434s] -- Up-to-date: /home/jagdeesh/tracker/install/example_mode_goto_global_cpp/share/example_mode_goto_global_cpp/environment/path.sh
[0.434s] -- Up-to-date: /home/jagdeesh/tracker/install/example_mode_goto_global_cpp/share/example_mode_goto_global_cpp/environment/path.dsv
[0.434s] -- Up-to-date: /home/jagdeesh/tracker/install/example_mode_goto_global_cpp/share/example_mode_goto_global_cpp/local_setup.bash
[0.434s] -- Up-to-date: /home/jagdeesh/tracker/install/example_mode_goto_global_cpp/share/example_mode_goto_global_cpp/local_setup.sh
[0.434s] -- Up-to-date: /home/jagdeesh/tracker/install/example_mode_goto_global_cpp/share/example_mode_goto_global_cpp/local_setup.zsh
[0.435s] -- Up-to-date: /home/jagdeesh/tracker/install/example_mode_goto_global_cpp/share/example_mode_goto_global_cpp/local_setup.dsv
[0.435s] -- Installing: /home/jagdeesh/tracker/install/example_mode_goto_global_cpp/share/example_mode_goto_global_cpp/package.dsv
[0.435s] -- Up-to-date: /home/jagdeesh/tracker/install/example_mode_goto_global_cpp/share/ament_index/resource_index/packages/example_mode_goto_global_cpp
[0.435s] -- Up-to-date: /home/jagdeesh/tracker/install/example_mode_goto_global_cpp/share/example_mode_goto_global_cpp/cmake/example_mode_goto_global_cppConfig.cmake
[0.435s] -- Up-to-date: /home/jagdeesh/tracker/install/example_mode_goto_global_cpp/share/example_mode_goto_global_cpp/cmake/example_mode_goto_global_cppConfig-version.cmake
[0.435s] -- Up-to-date: /home/jagdeesh/tracker/install/example_mode_goto_global_cpp/share/example_mode_goto_global_cpp/package.xml
[0.502s] Invoked command in '/home/jagdeesh/tracker/build/example_mode_goto_global_cpp' returned '0': AMENT_PREFIX_PATH=/home/jagdeesh/tracker/install/px4_ros2_cpp:/home/jagdeesh/tracker/install/px4_msgs:${AMENT_PREFIX_PATH} CMAKE_PREFIX_PATH=/home/jagdeesh/tracker/install/px4_ros2_cpp:/home/jagdeesh/tracker/install/px4_msgs:/opt/ros/humble LD_LIBRARY_PATH=/home/jagdeesh/tracker/install/px4_ros2_cpp/lib:/home/jagdeesh/tracker/install/px4_msgs/lib:${LD_LIBRARY_PATH} PYTHONPATH=/home/jagdeesh/tracker/install/px4_msgs/local/lib/python3.10/dist-packages:${PYTHONPATH} /usr/bin/cmake --install /home/jagdeesh/tracker/build/example_mode_goto_global_cpp
