[0.010s] Invoking command in '/home/jagdeesh/tracker/build/example_executor_with_multiple_modes_cpp': AMENT_PREFIX_PATH=/home/jagdeesh/tracker/install/px4_ros2_cpp:/home/jagdeesh/tracker/install/px4_msgs:${AMENT_PREFIX_PATH} CMAKE_PREFIX_PATH=/home/jagdeesh/tracker/install/px4_ros2_cpp:/home/jagdeesh/tracker/install/px4_msgs:/opt/ros/humble LD_LIBRARY_PATH=/home/jagdeesh/tracker/install/px4_ros2_cpp/lib:/home/jagdeesh/tracker/install/px4_msgs/lib:${LD_LIBRARY_PATH} PYTHONPATH=/home/jagdeesh/tracker/install/px4_msgs/local/lib/python3.10/dist-packages:${PYTHONPATH} /usr/bin/cmake /home/jagdeesh/tracker/src/px4-ros2-interface-lib/examples/cpp/modes/executor_with_multiple_modes -DCMAKE_BUILD_TYPE=Release -DCMAKE_INSTALL_PREFIX=/home/jagdeesh/tracker/install/example_executor_with_multiple_modes_cpp
[0.062s] -- The C compiler identification is GNU 11.4.0
[0.111s] -- The CXX compiler identification is GNU 11.4.0
[0.119s] -- Detecting C compiler ABI info
[0.215s] -- Detecting C compiler ABI info - done
[0.227s] -- Check for working C compiler: /usr/bin/cc - skipped
[0.231s] -- Detecting C compile features
[0.231s] -- Detecting C compile features - done
[0.235s] -- Detecting CXX compiler ABI info
[0.325s] -- Detecting CXX compiler ABI info - done
[0.336s] -- Check for working CXX compiler: /usr/bin/c++ - skipped
[0.336s] -- Detecting CXX compile features
[0.337s] -- Detecting CXX compile features - done
[0.339s] -- Found eigen3_cmake_module: 0.1.1 (/opt/ros/humble/share/eigen3_cmake_module/cmake)
[0.349s] -- Found Eigen3: TRUE (found version "3.4.0") 
[0.351s] -- Found ament_cmake: 1.3.14 (/opt/ros/humble/share/ament_cmake/cmake)
[0.509s] -- Found Python3: /usr/bin/python3 (found version "3.10.12") found components: Interpreter 
[0.602s] -- Found rclcpp: 16.0.18 (/opt/ros/humble/share/rclcpp/cmake)
[0.651s] -- Found rosidl_generator_c: 3.1.8 (/opt/ros/humble/share/rosidl_generator_c/cmake)
[0.655s] -- Found rosidl_adapter: 3.1.8 (/opt/ros/humble/share/rosidl_adapter/cmake)
[0.662s] -- Found rosidl_generator_cpp: 3.1.8 (/opt/ros/humble/share/rosidl_generator_cpp/cmake)
[0.672s] -- Using all available rosidl_typesupport_c: rosidl_typesupport_fastrtps_c;rosidl_typesupport_introspection_c
[0.687s] -- Using all available rosidl_typesupport_cpp: rosidl_typesupport_fastrtps_cpp;rosidl_typesupport_introspection_cpp
[0.725s] -- Found rmw_implementation_cmake: 6.1.2 (/opt/ros/humble/share/rmw_implementation_cmake/cmake)
[0.727s] -- Found rmw_fastrtps_cpp: 6.2.10 (/opt/ros/humble/share/rmw_fastrtps_cpp/cmake)
[0.815s] -- Found OpenSSL: /usr/lib/x86_64-linux-gnu/libcrypto.so (found version "3.0.2")  
[0.849s] -- Found FastRTPS: /opt/ros/humble/include  
[0.894s] -- Using RMW implementation 'rmw_fastrtps_cpp' as default
[0.904s] -- Looking for pthread.h
[0.983s] -- Looking for pthread.h - found
[0.984s] -- Performing Test CMAKE_HAVE_LIBC_PTHREAD
[1.061s] -- Performing Test CMAKE_HAVE_LIBC_PTHREAD - Success
[1.063s] -- Found Threads: TRUE  
[1.106s] -- Found px4_ros2_cpp: 0.0.1 (/home/jagdeesh/tracker/install/px4_ros2_cpp/share/px4_ros2_cpp/cmake)
[1.120s] -- Found ament_lint_auto: 0.12.15 (/opt/ros/humble/share/ament_lint_auto/cmake)
[1.205s] -- Added test 'copyright' to check source files copyright and LICENSE
[1.206s] -- Added test 'cppcheck' to perform static code analysis on C / C++ code
[1.206s] -- Configured cppcheck include dirs: /home/jagdeesh/tracker/src/px4-ros2-interface-lib/examples/cpp/modes/executor_with_multiple_modes/include
[1.206s] -- Configured cppcheck exclude dirs and/or files: 
[1.207s] -- Added test 'cpplint' to check C / C++ code against the Google style
[1.207s] -- Configured cpplint exclude dirs and/or files: 
[1.208s] -- Added test 'lint_cmake' to check CMake code style
[1.209s] -- Added test 'uncrustify' to check C / C++ code style
[1.209s] -- Configured uncrustify additional arguments: 
[1.209s] -- Added test 'xmllint' to check XML markup files
[1.210s] -- Configuring done
[1.218s] -- Generating done
[1.222s] -- Build files have been written to: /home/jagdeesh/tracker/build/example_executor_with_multiple_modes_cpp
[1.231s] Invoked command in '/home/jagdeesh/tracker/build/example_executor_with_multiple_modes_cpp' returned '0': AMENT_PREFIX_PATH=/home/jagdeesh/tracker/install/px4_ros2_cpp:/home/jagdeesh/tracker/install/px4_msgs:${AMENT_PREFIX_PATH} CMAKE_PREFIX_PATH=/home/jagdeesh/tracker/install/px4_ros2_cpp:/home/jagdeesh/tracker/install/px4_msgs:/opt/ros/humble LD_LIBRARY_PATH=/home/jagdeesh/tracker/install/px4_ros2_cpp/lib:/home/jagdeesh/tracker/install/px4_msgs/lib:${LD_LIBRARY_PATH} PYTHONPATH=/home/jagdeesh/tracker/install/px4_msgs/local/lib/python3.10/dist-packages:${PYTHONPATH} /usr/bin/cmake /home/jagdeesh/tracker/src/px4-ros2-interface-lib/examples/cpp/modes/executor_with_multiple_modes -DCMAKE_BUILD_TYPE=Release -DCMAKE_INSTALL_PREFIX=/home/jagdeesh/tracker/install/example_executor_with_multiple_modes_cpp
[1.233s] Invoking command in '/home/jagdeesh/tracker/build/example_executor_with_multiple_modes_cpp': AMENT_PREFIX_PATH=/home/jagdeesh/tracker/install/px4_ros2_cpp:/home/jagdeesh/tracker/install/px4_msgs:${AMENT_PREFIX_PATH} CMAKE_PREFIX_PATH=/home/jagdeesh/tracker/install/px4_ros2_cpp:/home/jagdeesh/tracker/install/px4_msgs:/opt/ros/humble LD_LIBRARY_PATH=/home/jagdeesh/tracker/install/px4_ros2_cpp/lib:/home/jagdeesh/tracker/install/px4_msgs/lib:${LD_LIBRARY_PATH} PYTHONPATH=/home/jagdeesh/tracker/install/px4_msgs/local/lib/python3.10/dist-packages:${PYTHONPATH} /usr/bin/cmake --build /home/jagdeesh/tracker/build/example_executor_with_multiple_modes_cpp -- -j12 -l12
[1.244s] gmake[1]: Entering directory '/home/jagdeesh/tracker/build/example_executor_with_multiple_modes_cpp'
[1.268s] gmake[2]: Entering directory '/home/jagdeesh/tracker/build/example_executor_with_multiple_modes_cpp'
[1.269s] gmake[3]: Entering directory '/home/jagdeesh/tracker/build/example_executor_with_multiple_modes_cpp'
[1.282s] gmake[3]: Leaving directory '/home/jagdeesh/tracker/build/example_executor_with_multiple_modes_cpp'
[1.283s] gmake[3]: Entering directory '/home/jagdeesh/tracker/build/example_executor_with_multiple_modes_cpp'
[1.293s] [ 50%] [32mBuilding CXX object CMakeFiles/example_executor_with_multiple_modes.dir/src/main.cpp.o[0m
[6.005s] [100%] [32m[1mLinking CXX executable example_executor_with_multiple_modes[0m
[6.187s] gmake[3]: Leaving directory '/home/jagdeesh/tracker/build/example_executor_with_multiple_modes_cpp'
[6.196s] [100%] Built target example_executor_with_multiple_modes
[6.198s] gmake[2]: Leaving directory '/home/jagdeesh/tracker/build/example_executor_with_multiple_modes_cpp'
[6.208s] gmake[1]: Leaving directory '/home/jagdeesh/tracker/build/example_executor_with_multiple_modes_cpp'
[6.210s] Invoked command in '/home/jagdeesh/tracker/build/example_executor_with_multiple_modes_cpp' returned '0': AMENT_PREFIX_PATH=/home/jagdeesh/tracker/install/px4_ros2_cpp:/home/jagdeesh/tracker/install/px4_msgs:${AMENT_PREFIX_PATH} CMAKE_PREFIX_PATH=/home/jagdeesh/tracker/install/px4_ros2_cpp:/home/jagdeesh/tracker/install/px4_msgs:/opt/ros/humble LD_LIBRARY_PATH=/home/jagdeesh/tracker/install/px4_ros2_cpp/lib:/home/jagdeesh/tracker/install/px4_msgs/lib:${LD_LIBRARY_PATH} PYTHONPATH=/home/jagdeesh/tracker/install/px4_msgs/local/lib/python3.10/dist-packages:${PYTHONPATH} /usr/bin/cmake --build /home/jagdeesh/tracker/build/example_executor_with_multiple_modes_cpp -- -j12 -l12
[6.212s] Invoking command in '/home/jagdeesh/tracker/build/example_executor_with_multiple_modes_cpp': AMENT_PREFIX_PATH=/home/jagdeesh/tracker/install/px4_ros2_cpp:/home/jagdeesh/tracker/install/px4_msgs:${AMENT_PREFIX_PATH} CMAKE_PREFIX_PATH=/home/jagdeesh/tracker/install/px4_ros2_cpp:/home/jagdeesh/tracker/install/px4_msgs:/opt/ros/humble LD_LIBRARY_PATH=/home/jagdeesh/tracker/install/px4_ros2_cpp/lib:/home/jagdeesh/tracker/install/px4_msgs/lib:${LD_LIBRARY_PATH} PYTHONPATH=/home/jagdeesh/tracker/install/px4_msgs/local/lib/python3.10/dist-packages:${PYTHONPATH} /usr/bin/cmake --install /home/jagdeesh/tracker/build/example_executor_with_multiple_modes_cpp
[6.221s] -- Install configuration: "Release"
[6.221s] -- Installing: /home/jagdeesh/tracker/install/example_executor_with_multiple_modes_cpp/lib/example_executor_with_multiple_modes_cpp/example_executor_with_multiple_modes
[6.222s] -- Set runtime path of "/home/jagdeesh/tracker/install/example_executor_with_multiple_modes_cpp/lib/example_executor_with_multiple_modes_cpp/example_executor_with_multiple_modes" to ""
[6.222s] -- Installing: /home/jagdeesh/tracker/install/example_executor_with_multiple_modes_cpp/share/ament_index/resource_index/package_run_dependencies/example_executor_with_multiple_modes_cpp
[6.222s] -- Installing: /home/jagdeesh/tracker/install/example_executor_with_multiple_modes_cpp/share/ament_index/resource_index/parent_prefix_path/example_executor_with_multiple_modes_cpp
[6.222s] -- Installing: /home/jagdeesh/tracker/install/example_executor_with_multiple_modes_cpp/share/example_executor_with_multiple_modes_cpp/environment/ament_prefix_path.sh
[6.223s] -- Installing: /home/jagdeesh/tracker/install/example_executor_with_multiple_modes_cpp/share/example_executor_with_multiple_modes_cpp/environment/ament_prefix_path.dsv
[6.223s] -- Installing: /home/jagdeesh/tracker/install/example_executor_with_multiple_modes_cpp/share/example_executor_with_multiple_modes_cpp/environment/path.sh
[6.223s] -- Installing: /home/jagdeesh/tracker/install/example_executor_with_multiple_modes_cpp/share/example_executor_with_multiple_modes_cpp/environment/path.dsv
[6.223s] -- Installing: /home/jagdeesh/tracker/install/example_executor_with_multiple_modes_cpp/share/example_executor_with_multiple_modes_cpp/local_setup.bash
[6.223s] -- Installing: /home/jagdeesh/tracker/install/example_executor_with_multiple_modes_cpp/share/example_executor_with_multiple_modes_cpp/local_setup.sh
[6.223s] -- Installing: /home/jagdeesh/tracker/install/example_executor_with_multiple_modes_cpp/share/example_executor_with_multiple_modes_cpp/local_setup.zsh
[6.224s] -- Installing: /home/jagdeesh/tracker/install/example_executor_with_multiple_modes_cpp/share/example_executor_with_multiple_modes_cpp/local_setup.dsv
[6.224s] -- Installing: /home/jagdeesh/tracker/install/example_executor_with_multiple_modes_cpp/share/example_executor_with_multiple_modes_cpp/package.dsv
[6.224s] -- Installing: /home/jagdeesh/tracker/install/example_executor_with_multiple_modes_cpp/share/ament_index/resource_index/packages/example_executor_with_multiple_modes_cpp
[6.224s] -- Installing: /home/jagdeesh/tracker/install/example_executor_with_multiple_modes_cpp/share/example_executor_with_multiple_modes_cpp/cmake/example_executor_with_multiple_modes_cppConfig.cmake
[6.224s] -- Installing: /home/jagdeesh/tracker/install/example_executor_with_multiple_modes_cpp/share/example_executor_with_multiple_modes_cpp/cmake/example_executor_with_multiple_modes_cppConfig-version.cmake
[6.224s] -- Installing: /home/jagdeesh/tracker/install/example_executor_with_multiple_modes_cpp/share/example_executor_with_multiple_modes_cpp/package.xml
[6.227s] Invoked command in '/home/jagdeesh/tracker/build/example_executor_with_multiple_modes_cpp' returned '0': AMENT_PREFIX_PATH=/home/jagdeesh/tracker/install/px4_ros2_cpp:/home/jagdeesh/tracker/install/px4_msgs:${AMENT_PREFIX_PATH} CMAKE_PREFIX_PATH=/home/jagdeesh/tracker/install/px4_ros2_cpp:/home/jagdeesh/tracker/install/px4_msgs:/opt/ros/humble LD_LIBRARY_PATH=/home/jagdeesh/tracker/install/px4_ros2_cpp/lib:/home/jagdeesh/tracker/install/px4_msgs/lib:${LD_LIBRARY_PATH} PYTHONPATH=/home/jagdeesh/tracker/install/px4_msgs/local/lib/python3.10/dist-packages:${PYTHONPATH} /usr/bin/cmake --install /home/jagdeesh/tracker/build/example_executor_with_multiple_modes_cpp
