[0.059s] Invoking command in '/home/jagdeesh/tracker/build/ros_gz_sim_demos': AMENT_PREFIX_PATH=/home/jagdeesh/tracker/install/ros_gz_image:/home/jagdeesh/tracker/install/ros_gz_bridge:/home/jagdeesh/tracker/install/ros_gz_sim:/home/jagdeesh/tracker/install/ros_gz_interfaces:${AMENT_PREFIX_PATH} CMAKE_PREFIX_PATH=/home/jagdeesh/tracker/install/ros_gz_image:/home/jagdeesh/tracker/install/ros_gz_bridge:/home/jagdeesh/tracker/install/ros_gz_sim:/home/jagdeesh/tracker/install/ros_gz_interfaces:/opt/ros/humble LD_LIBRARY_PATH=/home/jagdeesh/tracker/install/ros_gz_bridge/lib:/home/jagdeesh/tracker/install/ros_gz_sim/lib:/home/jagdeesh/tracker/install/ros_gz_interfaces/lib:${LD_LIBRARY_PATH} PYTHONPATH=/home/jagdeesh/tracker/install/ros_gz_interfaces/local/lib/python3.10/dist-packages:${PYTHONPATH} /usr/bin/cmake --build /home/jagdeesh/tracker/build/ros_gz_sim_demos -- -j12 -l12
[0.212s] Invoked command in '/home/jagdeesh/tracker/build/ros_gz_sim_demos' returned '0': AMENT_PREFIX_PATH=/home/jagdeesh/tracker/install/ros_gz_image:/home/jagdeesh/tracker/install/ros_gz_bridge:/home/jagdeesh/tracker/install/ros_gz_sim:/home/jagdeesh/tracker/install/ros_gz_interfaces:${AMENT_PREFIX_PATH} CMAKE_PREFIX_PATH=/home/jagdeesh/tracker/install/ros_gz_image:/home/jagdeesh/tracker/install/ros_gz_bridge:/home/jagdeesh/tracker/install/ros_gz_sim:/home/jagdeesh/tracker/install/ros_gz_interfaces:/opt/ros/humble LD_LIBRARY_PATH=/home/jagdeesh/tracker/install/ros_gz_bridge/lib:/home/jagdeesh/tracker/install/ros_gz_sim/lib:/home/jagdeesh/tracker/install/ros_gz_interfaces/lib:${LD_LIBRARY_PATH} PYTHONPATH=/home/jagdeesh/tracker/install/ros_gz_interfaces/local/lib/python3.10/dist-packages:${PYTHONPATH} /usr/bin/cmake --build /home/jagdeesh/tracker/build/ros_gz_sim_demos -- -j12 -l12
[0.220s] Invoking command in '/home/jagdeesh/tracker/build/ros_gz_sim_demos': AMENT_PREFIX_PATH=/home/jagdeesh/tracker/install/ros_gz_image:/home/jagdeesh/tracker/install/ros_gz_bridge:/home/jagdeesh/tracker/install/ros_gz_sim:/home/jagdeesh/tracker/install/ros_gz_interfaces:${AMENT_PREFIX_PATH} CMAKE_PREFIX_PATH=/home/jagdeesh/tracker/install/ros_gz_image:/home/jagdeesh/tracker/install/ros_gz_bridge:/home/jagdeesh/tracker/install/ros_gz_sim:/home/jagdeesh/tracker/install/ros_gz_interfaces:/opt/ros/humble LD_LIBRARY_PATH=/home/jagdeesh/tracker/install/ros_gz_bridge/lib:/home/jagdeesh/tracker/install/ros_gz_sim/lib:/home/jagdeesh/tracker/install/ros_gz_interfaces/lib:${LD_LIBRARY_PATH} PYTHONPATH=/home/jagdeesh/tracker/install/ros_gz_interfaces/local/lib/python3.10/dist-packages:${PYTHONPATH} /usr/bin/cmake --install /home/jagdeesh/tracker/build/ros_gz_sim_demos
[0.240s] -- Install configuration: "Release"
[0.241s] -- Up-to-date: /home/jagdeesh/tracker/install/ros_gz_sim_demos/share/ros_gz_sim_demos/launch
[0.241s] -- Up-to-date: /home/jagdeesh/tracker/install/ros_gz_sim_demos/share/ros_gz_sim_demos/launch/triggered_camera.launch.py
[0.242s] -- Up-to-date: /home/jagdeesh/tracker/install/ros_gz_sim_demos/share/ros_gz_sim_demos/launch/joint_states.launch.py
[0.242s] -- Up-to-date: /home/jagdeesh/tracker/install/ros_gz_sim_demos/share/ros_gz_sim_demos/launch/air_pressure.launch.py
[0.242s] -- Up-to-date: /home/jagdeesh/tracker/install/ros_gz_sim_demos/share/ros_gz_sim_demos/launch/navsat_gpsfix.launch.py
[0.242s] -- Up-to-date: /home/jagdeesh/tracker/install/ros_gz_sim_demos/share/ros_gz_sim_demos/launch/gpu_lidar_bridge.launch.py
[0.242s] -- Up-to-date: /home/jagdeesh/tracker/install/ros_gz_sim_demos/share/ros_gz_sim_demos/launch/rgbd_camera.launch.py
[0.242s] -- Up-to-date: /home/jagdeesh/tracker/install/ros_gz_sim_demos/share/ros_gz_sim_demos/launch/magnetometer.launch.py
[0.243s] -- Up-to-date: /home/jagdeesh/tracker/install/ros_gz_sim_demos/share/ros_gz_sim_demos/launch/diff_drive.launch.py
[0.243s] -- Up-to-date: /home/jagdeesh/tracker/install/ros_gz_sim_demos/share/ros_gz_sim_demos/launch/rgbd_camera_bridge.launch.py
[0.244s] -- Up-to-date: /home/jagdeesh/tracker/install/ros_gz_sim_demos/share/ros_gz_sim_demos/launch/imu.launch.py
[0.244s] -- Up-to-date: /home/jagdeesh/tracker/install/ros_gz_sim_demos/share/ros_gz_sim_demos/launch/camera.launch.py
[0.244s] -- Up-to-date: /home/jagdeesh/tracker/install/ros_gz_sim_demos/share/ros_gz_sim_demos/launch/gpu_lidar.launch.py
[0.244s] -- Up-to-date: /home/jagdeesh/tracker/install/ros_gz_sim_demos/share/ros_gz_sim_demos/launch/depth_camera.launch.py
[0.244s] -- Up-to-date: /home/jagdeesh/tracker/install/ros_gz_sim_demos/share/ros_gz_sim_demos/launch/sdf_parser.launch.py
[0.244s] -- Up-to-date: /home/jagdeesh/tracker/install/ros_gz_sim_demos/share/ros_gz_sim_demos/launch/image_bridge.launch.py
[0.245s] -- Up-to-date: /home/jagdeesh/tracker/install/ros_gz_sim_demos/share/ros_gz_sim_demos/launch/navsat.launch.py
[0.245s] -- Up-to-date: /home/jagdeesh/tracker/install/ros_gz_sim_demos/share/ros_gz_sim_demos/launch/robot_description_publisher.launch.py
[0.245s] -- Up-to-date: /home/jagdeesh/tracker/install/ros_gz_sim_demos/share/ros_gz_sim_demos/launch/tf_bridge.launch.py
[0.245s] -- Up-to-date: /home/jagdeesh/tracker/install/ros_gz_sim_demos/share/ros_gz_sim_demos/launch/battery.launch.py
[0.246s] -- Up-to-date: /home/jagdeesh/tracker/install/ros_gz_sim_demos/share/ros_gz_sim_demos/rviz
[0.246s] -- Up-to-date: /home/jagdeesh/tracker/install/ros_gz_sim_demos/share/ros_gz_sim_demos/rviz/diff_drive.rviz
[0.246s] -- Up-to-date: /home/jagdeesh/tracker/install/ros_gz_sim_demos/share/ros_gz_sim_demos/rviz/gpu_lidar_bridge.rviz
[0.246s] -- Up-to-date: /home/jagdeesh/tracker/install/ros_gz_sim_demos/share/ros_gz_sim_demos/rviz/imu.rviz
[0.246s] -- Up-to-date: /home/jagdeesh/tracker/install/ros_gz_sim_demos/share/ros_gz_sim_demos/rviz/depth_camera.rviz
[0.246s] -- Up-to-date: /home/jagdeesh/tracker/install/ros_gz_sim_demos/share/ros_gz_sim_demos/rviz/rgbd_camera_bridge.rviz
[0.247s] -- Up-to-date: /home/jagdeesh/tracker/install/ros_gz_sim_demos/share/ros_gz_sim_demos/rviz/tf_bridge.rviz
[0.248s] -- Up-to-date: /home/jagdeesh/tracker/install/ros_gz_sim_demos/share/ros_gz_sim_demos/rviz/joint_states.rviz
[0.248s] -- Up-to-date: /home/jagdeesh/tracker/install/ros_gz_sim_demos/share/ros_gz_sim_demos/rviz/robot_description_publisher.rviz
[0.248s] -- Up-to-date: /home/jagdeesh/tracker/install/ros_gz_sim_demos/share/ros_gz_sim_demos/rviz/gpu_lidar.rviz
[0.248s] -- Up-to-date: /home/jagdeesh/tracker/install/ros_gz_sim_demos/share/ros_gz_sim_demos/rviz/vehicle.rviz
[0.257s] -- Up-to-date: /home/jagdeesh/tracker/install/ros_gz_sim_demos/share/ros_gz_sim_demos/rviz/camera.rviz
[0.257s] -- Up-to-date: /home/jagdeesh/tracker/install/ros_gz_sim_demos/share/ros_gz_sim_demos/rviz/rgbd_camera.rviz
[0.257s] -- Up-to-date: /home/jagdeesh/tracker/install/ros_gz_sim_demos/share/ros_gz_sim_demos/models
[0.257s] -- Up-to-date: /home/jagdeesh/tracker/install/ros_gz_sim_demos/share/ros_gz_sim_demos/models/double_pendulum_model.sdf
[0.257s] -- Up-to-date: /home/jagdeesh/tracker/install/ros_gz_sim_demos/share/ros_gz_sim_demos/models/vehicle
[0.258s] -- Up-to-date: /home/jagdeesh/tracker/install/ros_gz_sim_demos/share/ros_gz_sim_demos/models/vehicle/model.config
[0.258s] -- Up-to-date: /home/jagdeesh/tracker/install/ros_gz_sim_demos/share/ros_gz_sim_demos/models/vehicle/model.sdf
[0.258s] -- Up-to-date: /home/jagdeesh/tracker/install/ros_gz_sim_demos/share/ros_gz_sim_demos/models/rrbot.xacro
[0.259s] -- Up-to-date: /home/jagdeesh/tracker/install/ros_gz_sim_demos/share/ros_gz_sim_demos/worlds
[0.259s] -- Up-to-date: /home/jagdeesh/tracker/install/ros_gz_sim_demos/share/ros_gz_sim_demos/worlds/vehicle.sdf
[0.259s] -- Up-to-date: /home/jagdeesh/tracker/install/ros_gz_sim_demos/share/ros_gz_sim_demos/environment/ros_gz_sim_demos.dsv
[0.259s] -- Up-to-date: /home/jagdeesh/tracker/install/ros_gz_sim_demos/share/ament_index/resource_index/package_run_dependencies/ros_gz_sim_demos
[0.259s] -- Up-to-date: /home/jagdeesh/tracker/install/ros_gz_sim_demos/share/ament_index/resource_index/parent_prefix_path/ros_gz_sim_demos
[0.260s] -- Up-to-date: /home/jagdeesh/tracker/install/ros_gz_sim_demos/share/ros_gz_sim_demos/environment/ament_prefix_path.sh
[0.260s] -- Up-to-date: /home/jagdeesh/tracker/install/ros_gz_sim_demos/share/ros_gz_sim_demos/environment/ament_prefix_path.dsv
[0.260s] -- Up-to-date: /home/jagdeesh/tracker/install/ros_gz_sim_demos/share/ros_gz_sim_demos/environment/path.sh
[0.260s] -- Up-to-date: /home/jagdeesh/tracker/install/ros_gz_sim_demos/share/ros_gz_sim_demos/environment/path.dsv
[0.260s] -- Up-to-date: /home/jagdeesh/tracker/install/ros_gz_sim_demos/share/ros_gz_sim_demos/local_setup.bash
[0.260s] -- Up-to-date: /home/jagdeesh/tracker/install/ros_gz_sim_demos/share/ros_gz_sim_demos/local_setup.sh
[0.261s] -- Up-to-date: /home/jagdeesh/tracker/install/ros_gz_sim_demos/share/ros_gz_sim_demos/local_setup.zsh
[0.262s] -- Up-to-date: /home/jagdeesh/tracker/install/ros_gz_sim_demos/share/ros_gz_sim_demos/local_setup.dsv
[0.262s] -- Up-to-date: /home/jagdeesh/tracker/install/ros_gz_sim_demos/share/ros_gz_sim_demos/package.dsv
[0.263s] -- Up-to-date: /home/jagdeesh/tracker/install/ros_gz_sim_demos/share/ament_index/resource_index/packages/ros_gz_sim_demos
[0.264s] -- Up-to-date: /home/jagdeesh/tracker/install/ros_gz_sim_demos/share/ros_gz_sim_demos/cmake/ros_gz_sim_demosConfig.cmake
[0.264s] -- Up-to-date: /home/jagdeesh/tracker/install/ros_gz_sim_demos/share/ros_gz_sim_demos/cmake/ros_gz_sim_demosConfig-version.cmake
[0.264s] -- Up-to-date: /home/jagdeesh/tracker/install/ros_gz_sim_demos/share/ros_gz_sim_demos/package.xml
[0.264s] Invoked command in '/home/jagdeesh/tracker/build/ros_gz_sim_demos' returned '0': AMENT_PREFIX_PATH=/home/jagdeesh/tracker/install/ros_gz_image:/home/jagdeesh/tracker/install/ros_gz_bridge:/home/jagdeesh/tracker/install/ros_gz_sim:/home/jagdeesh/tracker/install/ros_gz_interfaces:${AMENT_PREFIX_PATH} CMAKE_PREFIX_PATH=/home/jagdeesh/tracker/install/ros_gz_image:/home/jagdeesh/tracker/install/ros_gz_bridge:/home/jagdeesh/tracker/install/ros_gz_sim:/home/jagdeesh/tracker/install/ros_gz_interfaces:/opt/ros/humble LD_LIBRARY_PATH=/home/jagdeesh/tracker/install/ros_gz_bridge/lib:/home/jagdeesh/tracker/install/ros_gz_sim/lib:/home/jagdeesh/tracker/install/ros_gz_interfaces/lib:${LD_LIBRARY_PATH} PYTHONPATH=/home/jagdeesh/tracker/install/ros_gz_interfaces/local/lib/python3.10/dist-packages:${PYTHONPATH} /usr/bin/cmake --install /home/jagdeesh/tracker/build/ros_gz_sim_demos
