[0.540s] Invoking command in '/home/jagdeesh/tracker/build/ros_ign_interfaces': AMENT_PREFIX_PATH=/home/jagdeesh/tracker/install/ros_gz_interfaces:${AMENT_PREFIX_PATH} CMAKE_PREFIX_PATH=/home/jagdeesh/tracker/install/ros_gz_interfaces:/opt/ros/humble LD_LIBRARY_PATH=/home/jagdeesh/tracker/install/ros_gz_interfaces/lib:${LD_LIBRARY_PATH} PYTHONPATH=/home/jagdeesh/tracker/install/ros_gz_interfaces/local/lib/python3.10/dist-packages:${PYTHONPATH} /usr/bin/cmake --build /home/jagdeesh/tracker/build/ros_ign_interfaces -- -j12 -l12
[0.715s] [  1%] Built target ros_ign_interfaces__rs
[0.737s] [  1%] Built target ros_ign_interfaces__cpp
[0.737s] [ 13%] Built target ros_ign_interfaces__rosidl_generator_c
[0.851s] [ 13%] Built target ament_cmake_python_copy_ros_ign_interfaces
[0.865s] [ 25%] Built target ros_ign_interfaces__rosidl_typesupport_introspection_cpp
[0.895s] [ 37%] Built target ros_ign_interfaces__rosidl_typesupport_c
[0.900s] [ 49%] Built target ros_ign_interfaces__rosidl_typesupport_cpp
[0.915s] [ 61%] Built target ros_ign_interfaces__rosidl_typesupport_introspection_c
[0.916s] [ 73%] Built target ros_ign_interfaces__rosidl_typesupport_fastrtps_c
[0.925s] [ 85%] Built target ros_ign_interfaces__rosidl_typesupport_fastrtps_cpp
[1.112s] [ 85%] Built target ros_ign_interfaces
[1.234s] [ 86%] Built target ros_ign_interfaces__py
[1.382s] [ 97%] Built target ros_ign_interfaces__rosidl_generator_py
[1.577s] [ 98%] Built target ros_ign_interfaces__rosidl_typesupport_c__pyext
[1.577s] [ 99%] Built target ros_ign_interfaces__rosidl_typesupport_fastrtps_c__pyext
[1.578s] [100%] Built target ros_ign_interfaces__rosidl_typesupport_introspection_c__pyext
[1.957s] running egg_info
[1.959s] writing ros_ign_interfaces.egg-info/PKG-INFO
[1.961s] writing dependency_links to ros_ign_interfaces.egg-info/dependency_links.txt
[1.962s] writing top-level names to ros_ign_interfaces.egg-info/top_level.txt
[1.968s] reading manifest file 'ros_ign_interfaces.egg-info/SOURCES.txt'
[1.983s] writing manifest file 'ros_ign_interfaces.egg-info/SOURCES.txt'
[2.044s] [100%] Built target ament_cmake_python_build_ros_ign_interfaces_egg
[2.091s] Invoked command in '/home/jagdeesh/tracker/build/ros_ign_interfaces' returned '0': AMENT_PREFIX_PATH=/home/jagdeesh/tracker/install/ros_gz_interfaces:${AMENT_PREFIX_PATH} CMAKE_PREFIX_PATH=/home/jagdeesh/tracker/install/ros_gz_interfaces:/opt/ros/humble LD_LIBRARY_PATH=/home/jagdeesh/tracker/install/ros_gz_interfaces/lib:${LD_LIBRARY_PATH} PYTHONPATH=/home/jagdeesh/tracker/install/ros_gz_interfaces/local/lib/python3.10/dist-packages:${PYTHONPATH} /usr/bin/cmake --build /home/jagdeesh/tracker/build/ros_ign_interfaces -- -j12 -l12
[2.095s] Invoking command in '/home/jagdeesh/tracker/build/ros_ign_interfaces': AMENT_PREFIX_PATH=/home/jagdeesh/tracker/install/ros_gz_interfaces:${AMENT_PREFIX_PATH} CMAKE_PREFIX_PATH=/home/jagdeesh/tracker/install/ros_gz_interfaces:/opt/ros/humble LD_LIBRARY_PATH=/home/jagdeesh/tracker/install/ros_gz_interfaces/lib:${LD_LIBRARY_PATH} PYTHONPATH=/home/jagdeesh/tracker/install/ros_gz_interfaces/local/lib/python3.10/dist-packages:${PYTHONPATH} /usr/bin/cmake --install /home/jagdeesh/tracker/build/ros_ign_interfaces
[2.134s] -- Install configuration: "Release"
[2.134s] -- Up-to-date: /home/jagdeesh/tracker/install/ros_ign_interfaces/share/ament_index/resource_index/rosidl_interfaces/ros_ign_interfaces
[2.134s] -- Up-to-date: /home/jagdeesh/tracker/install/ros_ign_interfaces/include/ros_ign_interfaces/ros_ign_interfaces
[2.135s] -- Up-to-date: /home/jagdeesh/tracker/install/ros_ign_interfaces/include/ros_ign_interfaces/ros_ign_interfaces/srv
[2.135s] -- Up-to-date: /home/jagdeesh/tracker/install/ros_ign_interfaces/include/ros_ign_interfaces/ros_ign_interfaces/srv/control_world.h
[2.135s] -- Up-to-date: /home/jagdeesh/tracker/install/ros_ign_interfaces/include/ros_ign_interfaces/ros_ign_interfaces/srv/detail
[2.135s] -- Up-to-date: /home/jagdeesh/tracker/install/ros_ign_interfaces/include/ros_ign_interfaces/ros_ign_interfaces/srv/detail/delete_entity__type_support.h
[2.136s] -- Up-to-date: /home/jagdeesh/tracker/install/ros_ign_interfaces/include/ros_ign_interfaces/ros_ign_interfaces/srv/detail/control_world__functions.h
[2.137s] -- Up-to-date: /home/jagdeesh/tracker/install/ros_ign_interfaces/include/ros_ign_interfaces/ros_ign_interfaces/srv/detail/spawn_entity__functions.h
[2.137s] -- Up-to-date: /home/jagdeesh/tracker/install/ros_ign_interfaces/include/ros_ign_interfaces/ros_ign_interfaces/srv/detail/delete_entity__functions.h
[2.137s] -- Up-to-date: /home/jagdeesh/tracker/install/ros_ign_interfaces/include/ros_ign_interfaces/ros_ign_interfaces/srv/detail/set_entity_pose__type_support.h
[2.137s] -- Up-to-date: /home/jagdeesh/tracker/install/ros_ign_interfaces/include/ros_ign_interfaces/ros_ign_interfaces/srv/detail/spawn_entity__type_support.h
[2.137s] -- Up-to-date: /home/jagdeesh/tracker/install/ros_ign_interfaces/include/ros_ign_interfaces/ros_ign_interfaces/srv/detail/control_world__type_support.h
[2.137s] -- Up-to-date: /home/jagdeesh/tracker/install/ros_ign_interfaces/include/ros_ign_interfaces/ros_ign_interfaces/srv/detail/set_entity_pose__struct.h
[2.137s] -- Up-to-date: /home/jagdeesh/tracker/install/ros_ign_interfaces/include/ros_ign_interfaces/ros_ign_interfaces/srv/detail/control_world__struct.h
[2.138s] -- Up-to-date: /home/jagdeesh/tracker/install/ros_ign_interfaces/include/ros_ign_interfaces/ros_ign_interfaces/srv/detail/control_world__functions.c
[2.138s] -- Up-to-date: /home/jagdeesh/tracker/install/ros_ign_interfaces/include/ros_ign_interfaces/ros_ign_interfaces/srv/detail/set_entity_pose__functions.c
[2.138s] -- Up-to-date: /home/jagdeesh/tracker/install/ros_ign_interfaces/include/ros_ign_interfaces/ros_ign_interfaces/srv/detail/delete_entity__struct.h
[2.138s] -- Up-to-date: /home/jagdeesh/tracker/install/ros_ign_interfaces/include/ros_ign_interfaces/ros_ign_interfaces/srv/detail/spawn_entity__functions.c
[2.138s] -- Up-to-date: /home/jagdeesh/tracker/install/ros_ign_interfaces/include/ros_ign_interfaces/ros_ign_interfaces/srv/detail/delete_entity__functions.c
[2.138s] -- Up-to-date: /home/jagdeesh/tracker/install/ros_ign_interfaces/include/ros_ign_interfaces/ros_ign_interfaces/srv/detail/spawn_entity__struct.h
[2.138s] -- Up-to-date: /home/jagdeesh/tracker/install/ros_ign_interfaces/include/ros_ign_interfaces/ros_ign_interfaces/srv/detail/set_entity_pose__functions.h
[2.138s] -- Up-to-date: /home/jagdeesh/tracker/install/ros_ign_interfaces/include/ros_ign_interfaces/ros_ign_interfaces/srv/set_entity_pose.h
[2.138s] -- Up-to-date: /home/jagdeesh/tracker/install/ros_ign_interfaces/include/ros_ign_interfaces/ros_ign_interfaces/srv/spawn_entity.h
[2.139s] -- Up-to-date: /home/jagdeesh/tracker/install/ros_ign_interfaces/include/ros_ign_interfaces/ros_ign_interfaces/srv/delete_entity.h
[2.139s] -- Up-to-date: /home/jagdeesh/tracker/install/ros_ign_interfaces/include/ros_ign_interfaces/ros_ign_interfaces/msg
[2.139s] -- Up-to-date: /home/jagdeesh/tracker/install/ros_ign_interfaces/include/ros_ign_interfaces/ros_ign_interfaces/msg/joint_wrench.h
[2.139s] -- Up-to-date: /home/jagdeesh/tracker/install/ros_ign_interfaces/include/ros_ign_interfaces/ros_ign_interfaces/msg/string_vec.h
[2.139s] -- Up-to-date: /home/jagdeesh/tracker/install/ros_ign_interfaces/include/ros_ign_interfaces/ros_ign_interfaces/msg/contact.h
[2.139s] -- Up-to-date: /home/jagdeesh/tracker/install/ros_ign_interfaces/include/ros_ign_interfaces/ros_ign_interfaces/msg/rosidl_generator_c__visibility_control.h
[2.139s] -- Up-to-date: /home/jagdeesh/tracker/install/ros_ign_interfaces/include/ros_ign_interfaces/ros_ign_interfaces/msg/detail
[2.140s] -- Up-to-date: /home/jagdeesh/tracker/install/ros_ign_interfaces/include/ros_ign_interfaces/ros_ign_interfaces/msg/detail/contact__struct.h
[2.140s] -- Up-to-date: /home/jagdeesh/tracker/install/ros_ign_interfaces/include/ros_ign_interfaces/ros_ign_interfaces/msg/detail/gui_camera__struct.h
[2.141s] -- Up-to-date: /home/jagdeesh/tracker/install/ros_ign_interfaces/include/ros_ign_interfaces/ros_ign_interfaces/msg/detail/entity_factory__functions.h
[2.144s] -- Up-to-date: /home/jagdeesh/tracker/install/ros_ign_interfaces/include/ros_ign_interfaces/ros_ign_interfaces/msg/detail/light__functions.h
[2.144s] -- Up-to-date: /home/jagdeesh/tracker/install/ros_ign_interfaces/include/ros_ign_interfaces/ros_ign_interfaces/msg/detail/string_vec__functions.h
[2.145s] -- Up-to-date: /home/jagdeesh/tracker/install/ros_ign_interfaces/include/ros_ign_interfaces/ros_ign_interfaces/msg/detail/joint_wrench__type_support.h
[2.149s] -- Up-to-date: /home/jagdeesh/tracker/install/ros_ign_interfaces/include/ros_ign_interfaces/ros_ign_interfaces/msg/detail/contact__functions.h
[2.150s] -- Up-to-date: /home/jagdeesh/tracker/install/ros_ign_interfaces/include/ros_ign_interfaces/ros_ign_interfaces/msg/detail/track_visual__type_support.h
[2.150s] -- Up-to-date: /home/jagdeesh/tracker/install/ros_ign_interfaces/include/ros_ign_interfaces/ros_ign_interfaces/msg/detail/entity__type_support.h
[2.150s] -- Up-to-date: /home/jagdeesh/tracker/install/ros_ign_interfaces/include/ros_ign_interfaces/ros_ign_interfaces/msg/detail/contact__type_support.h
[2.150s] -- Up-to-date: /home/jagdeesh/tracker/install/ros_ign_interfaces/include/ros_ign_interfaces/ros_ign_interfaces/msg/detail/light__struct.h
[2.150s] -- Up-to-date: /home/jagdeesh/tracker/install/ros_ign_interfaces/include/ros_ign_interfaces/ros_ign_interfaces/msg/detail/world_reset__functions.h
[2.151s] -- Up-to-date: /home/jagdeesh/tracker/install/ros_ign_interfaces/include/ros_ign_interfaces/ros_ign_interfaces/msg/detail/contacts__struct.h
[2.151s] -- Up-to-date: /home/jagdeesh/tracker/install/ros_ign_interfaces/include/ros_ign_interfaces/ros_ign_interfaces/msg/detail/joint_wrench__functions.c
[2.151s] -- Up-to-date: /home/jagdeesh/tracker/install/ros_ign_interfaces/include/ros_ign_interfaces/ros_ign_interfaces/msg/detail/gui_camera__functions.h
[2.151s] -- Up-to-date: /home/jagdeesh/tracker/install/ros_ign_interfaces/include/ros_ign_interfaces/ros_ign_interfaces/msg/detail/entity_factory__functions.c
[2.151s] -- Up-to-date: /home/jagdeesh/tracker/install/ros_ign_interfaces/include/ros_ign_interfaces/ros_ign_interfaces/msg/detail/gui_camera__type_support.h
[2.151s] -- Up-to-date: /home/jagdeesh/tracker/install/ros_ign_interfaces/include/ros_ign_interfaces/ros_ign_interfaces/msg/detail/track_visual__functions.c
[2.151s] -- Up-to-date: /home/jagdeesh/tracker/install/ros_ign_interfaces/include/ros_ign_interfaces/ros_ign_interfaces/msg/detail/entity_factory__type_support.h
[2.152s] -- Up-to-date: /home/jagdeesh/tracker/install/ros_ign_interfaces/include/ros_ign_interfaces/ros_ign_interfaces/msg/detail/world_reset__struct.h
[2.152s] -- Up-to-date: /home/jagdeesh/tracker/install/ros_ign_interfaces/include/ros_ign_interfaces/ros_ign_interfaces/msg/detail/track_visual__functions.h
[2.152s] -- Up-to-date: /home/jagdeesh/tracker/install/ros_ign_interfaces/include/ros_ign_interfaces/ros_ign_interfaces/msg/detail/world_reset__type_support.h
[2.152s] -- Up-to-date: /home/jagdeesh/tracker/install/ros_ign_interfaces/include/ros_ign_interfaces/ros_ign_interfaces/msg/detail/video_record__functions.h
[2.152s] -- Up-to-date: /home/jagdeesh/tracker/install/ros_ign_interfaces/include/ros_ign_interfaces/ros_ign_interfaces/msg/detail/world_control__type_support.h
[2.152s] -- Up-to-date: /home/jagdeesh/tracker/install/ros_ign_interfaces/include/ros_ign_interfaces/ros_ign_interfaces/msg/detail/world_control__struct.h
[2.152s] -- Up-to-date: /home/jagdeesh/tracker/install/ros_ign_interfaces/include/ros_ign_interfaces/ros_ign_interfaces/msg/detail/entity__functions.c
[2.152s] -- Up-to-date: /home/jagdeesh/tracker/install/ros_ign_interfaces/include/ros_ign_interfaces/ros_ign_interfaces/msg/detail/video_record__struct.h
[2.153s] -- Up-to-date: /home/jagdeesh/tracker/install/ros_ign_interfaces/include/ros_ign_interfaces/ros_ign_interfaces/msg/detail/entity_factory__struct.h
[2.153s] -- Up-to-date: /home/jagdeesh/tracker/install/ros_ign_interfaces/include/ros_ign_interfaces/ros_ign_interfaces/msg/detail/joint_wrench__struct.h
[2.153s] -- Up-to-date: /home/jagdeesh/tracker/install/ros_ign_interfaces/include/ros_ign_interfaces/ros_ign_interfaces/msg/detail/entity__functions.h
[2.157s] -- Up-to-date: /home/jagdeesh/tracker/install/ros_ign_interfaces/include/ros_ign_interfaces/ros_ign_interfaces/msg/detail/gui_camera__functions.c
[2.157s] -- Up-to-date: /home/jagdeesh/tracker/install/ros_ign_interfaces/include/ros_ign_interfaces/ros_ign_interfaces/msg/detail/light__type_support.h
[2.157s] -- Up-to-date: /home/jagdeesh/tracker/install/ros_ign_interfaces/include/ros_ign_interfaces/ros_ign_interfaces/msg/detail/track_visual__struct.h
[2.157s] -- Up-to-date: /home/jagdeesh/tracker/install/ros_ign_interfaces/include/ros_ign_interfaces/ros_ign_interfaces/msg/detail/entity__struct.h
[2.157s] -- Up-to-date: /home/jagdeesh/tracker/install/ros_ign_interfaces/include/ros_ign_interfaces/ros_ign_interfaces/msg/detail/contacts__functions.h
[2.157s] -- Up-to-date: /home/jagdeesh/tracker/install/ros_ign_interfaces/include/ros_ign_interfaces/ros_ign_interfaces/msg/detail/contact__functions.c
[2.158s] -- Up-to-date: /home/jagdeesh/tracker/install/ros_ign_interfaces/include/ros_ign_interfaces/ros_ign_interfaces/msg/detail/string_vec__struct.h
[2.158s] -- Up-to-date: /home/jagdeesh/tracker/install/ros_ign_interfaces/include/ros_ign_interfaces/ros_ign_interfaces/msg/detail/video_record__type_support.h
[2.158s] -- Up-to-date: /home/jagdeesh/tracker/install/ros_ign_interfaces/include/ros_ign_interfaces/ros_ign_interfaces/msg/detail/video_record__functions.c
[2.158s] -- Up-to-date: /home/jagdeesh/tracker/install/ros_ign_interfaces/include/ros_ign_interfaces/ros_ign_interfaces/msg/detail/joint_wrench__functions.h
[2.158s] -- Up-to-date: /home/jagdeesh/tracker/install/ros_ign_interfaces/include/ros_ign_interfaces/ros_ign_interfaces/msg/detail/light__functions.c
[2.158s] -- Up-to-date: /home/jagdeesh/tracker/install/ros_ign_interfaces/include/ros_ign_interfaces/ros_ign_interfaces/msg/detail/world_control__functions.c
[2.158s] -- Up-to-date: /home/jagdeesh/tracker/install/ros_ign_interfaces/include/ros_ign_interfaces/ros_ign_interfaces/msg/detail/contacts__functions.c
[2.159s] -- Up-to-date: /home/jagdeesh/tracker/install/ros_ign_interfaces/include/ros_ign_interfaces/ros_ign_interfaces/msg/detail/world_control__functions.h
[2.159s] -- Up-to-date: /home/jagdeesh/tracker/install/ros_ign_interfaces/include/ros_ign_interfaces/ros_ign_interfaces/msg/detail/contacts__type_support.h
[2.159s] -- Up-to-date: /home/jagdeesh/tracker/install/ros_ign_interfaces/include/ros_ign_interfaces/ros_ign_interfaces/msg/detail/string_vec__type_support.h
[2.159s] -- Up-to-date: /home/jagdeesh/tracker/install/ros_ign_interfaces/include/ros_ign_interfaces/ros_ign_interfaces/msg/detail/world_reset__functions.c
[2.159s] -- Up-to-date: /home/jagdeesh/tracker/install/ros_ign_interfaces/include/ros_ign_interfaces/ros_ign_interfaces/msg/detail/string_vec__functions.c
[2.159s] -- Up-to-date: /home/jagdeesh/tracker/install/ros_ign_interfaces/include/ros_ign_interfaces/ros_ign_interfaces/msg/light.h
[2.159s] -- Up-to-date: /home/jagdeesh/tracker/install/ros_ign_interfaces/include/ros_ign_interfaces/ros_ign_interfaces/msg/gui_camera.h
[2.162s] -- Up-to-date: /home/jagdeesh/tracker/install/ros_ign_interfaces/include/ros_ign_interfaces/ros_ign_interfaces/msg/entity_factory.h
[2.163s] -- Up-to-date: /home/jagdeesh/tracker/install/ros_ign_interfaces/include/ros_ign_interfaces/ros_ign_interfaces/msg/video_record.h
[2.163s] -- Up-to-date: /home/jagdeesh/tracker/install/ros_ign_interfaces/include/ros_ign_interfaces/ros_ign_interfaces/msg/world_control.h
[2.163s] -- Up-to-date: /home/jagdeesh/tracker/install/ros_ign_interfaces/include/ros_ign_interfaces/ros_ign_interfaces/msg/world_reset.h
[2.163s] -- Up-to-date: /home/jagdeesh/tracker/install/ros_ign_interfaces/include/ros_ign_interfaces/ros_ign_interfaces/msg/contacts.h
[2.163s] -- Up-to-date: /home/jagdeesh/tracker/install/ros_ign_interfaces/include/ros_ign_interfaces/ros_ign_interfaces/msg/entity.h
[2.163s] -- Up-to-date: /home/jagdeesh/tracker/install/ros_ign_interfaces/include/ros_ign_interfaces/ros_ign_interfaces/msg/track_visual.h
[2.163s] -- Up-to-date: /home/jagdeesh/tracker/install/ros_ign_interfaces/share/ros_ign_interfaces/environment/library_path.sh
[2.164s] -- Up-to-date: /home/jagdeesh/tracker/install/ros_ign_interfaces/share/ros_ign_interfaces/environment/library_path.dsv
[2.164s] -- Up-to-date: /home/jagdeesh/tracker/install/ros_ign_interfaces/lib/libros_ign_interfaces__rosidl_generator_c.so
[2.164s] -- Up-to-date: /home/jagdeesh/tracker/install/ros_ign_interfaces/include/ros_ign_interfaces/ros_ign_interfaces
[2.164s] -- Up-to-date: /home/jagdeesh/tracker/install/ros_ign_interfaces/include/ros_ign_interfaces/ros_ign_interfaces/srv
[2.164s] -- Up-to-date: /home/jagdeesh/tracker/install/ros_ign_interfaces/include/ros_ign_interfaces/ros_ign_interfaces/srv/detail
[2.164s] -- Up-to-date: /home/jagdeesh/tracker/install/ros_ign_interfaces/include/ros_ign_interfaces/ros_ign_interfaces/srv/detail/control_world__rosidl_typesupport_fastrtps_c.h
[2.164s] -- Up-to-date: /home/jagdeesh/tracker/install/ros_ign_interfaces/include/ros_ign_interfaces/ros_ign_interfaces/srv/detail/delete_entity__rosidl_typesupport_fastrtps_c.h
[2.164s] -- Up-to-date: /home/jagdeesh/tracker/install/ros_ign_interfaces/include/ros_ign_interfaces/ros_ign_interfaces/srv/detail/spawn_entity__rosidl_typesupport_fastrtps_c.h
[2.165s] -- Up-to-date: /home/jagdeesh/tracker/install/ros_ign_interfaces/include/ros_ign_interfaces/ros_ign_interfaces/srv/detail/set_entity_pose__rosidl_typesupport_fastrtps_c.h
[2.165s] -- Up-to-date: /home/jagdeesh/tracker/install/ros_ign_interfaces/include/ros_ign_interfaces/ros_ign_interfaces/msg
[2.165s] -- Up-to-date: /home/jagdeesh/tracker/install/ros_ign_interfaces/include/ros_ign_interfaces/ros_ign_interfaces/msg/detail
[2.165s] -- Up-to-date: /home/jagdeesh/tracker/install/ros_ign_interfaces/include/ros_ign_interfaces/ros_ign_interfaces/msg/detail/contacts__rosidl_typesupport_fastrtps_c.h
[2.168s] -- Up-to-date: /home/jagdeesh/tracker/install/ros_ign_interfaces/include/ros_ign_interfaces/ros_ign_interfaces/msg/detail/world_reset__rosidl_typesupport_fastrtps_c.h
[2.168s] -- Up-to-date: /home/jagdeesh/tracker/install/ros_ign_interfaces/include/ros_ign_interfaces/ros_ign_interfaces/msg/detail/video_record__rosidl_typesupport_fastrtps_c.h
[2.169s] -- Up-to-date: /home/jagdeesh/tracker/install/ros_ign_interfaces/include/ros_ign_interfaces/ros_ign_interfaces/msg/detail/light__rosidl_typesupport_fastrtps_c.h
[2.169s] -- Up-to-date: /home/jagdeesh/tracker/install/ros_ign_interfaces/include/ros_ign_interfaces/ros_ign_interfaces/msg/detail/joint_wrench__rosidl_typesupport_fastrtps_c.h
[2.169s] -- Up-to-date: /home/jagdeesh/tracker/install/ros_ign_interfaces/include/ros_ign_interfaces/ros_ign_interfaces/msg/detail/gui_camera__rosidl_typesupport_fastrtps_c.h
[2.169s] -- Up-to-date: /home/jagdeesh/tracker/install/ros_ign_interfaces/include/ros_ign_interfaces/ros_ign_interfaces/msg/detail/entity_factory__rosidl_typesupport_fastrtps_c.h
[2.169s] -- Up-to-date: /home/jagdeesh/tracker/install/ros_ign_interfaces/include/ros_ign_interfaces/ros_ign_interfaces/msg/detail/entity__rosidl_typesupport_fastrtps_c.h
[2.169s] -- Up-to-date: /home/jagdeesh/tracker/install/ros_ign_interfaces/include/ros_ign_interfaces/ros_ign_interfaces/msg/detail/track_visual__rosidl_typesupport_fastrtps_c.h
[2.169s] -- Up-to-date: /home/jagdeesh/tracker/install/ros_ign_interfaces/include/ros_ign_interfaces/ros_ign_interfaces/msg/detail/contact__rosidl_typesupport_fastrtps_c.h
[2.169s] -- Up-to-date: /home/jagdeesh/tracker/install/ros_ign_interfaces/include/ros_ign_interfaces/ros_ign_interfaces/msg/detail/string_vec__rosidl_typesupport_fastrtps_c.h
[2.170s] -- Up-to-date: /home/jagdeesh/tracker/install/ros_ign_interfaces/include/ros_ign_interfaces/ros_ign_interfaces/msg/detail/world_control__rosidl_typesupport_fastrtps_c.h
[2.170s] -- Up-to-date: /home/jagdeesh/tracker/install/ros_ign_interfaces/include/ros_ign_interfaces/ros_ign_interfaces/msg/rosidl_typesupport_fastrtps_c__visibility_control.h
[2.170s] -- Up-to-date: /home/jagdeesh/tracker/install/ros_ign_interfaces/lib/libros_ign_interfaces__rosidl_typesupport_fastrtps_c.so
[2.170s] -- Up-to-date: /home/jagdeesh/tracker/install/ros_ign_interfaces/include/ros_ign_interfaces/ros_ign_interfaces
[2.170s] -- Up-to-date: /home/jagdeesh/tracker/install/ros_ign_interfaces/include/ros_ign_interfaces/ros_ign_interfaces/srv
[2.170s] -- Up-to-date: /home/jagdeesh/tracker/install/ros_ign_interfaces/include/ros_ign_interfaces/ros_ign_interfaces/srv/control_world.hpp
[2.170s] -- Up-to-date: /home/jagdeesh/tracker/install/ros_ign_interfaces/include/ros_ign_interfaces/ros_ign_interfaces/srv/delete_entity.hpp
[2.171s] -- Up-to-date: /home/jagdeesh/tracker/install/ros_ign_interfaces/include/ros_ign_interfaces/ros_ign_interfaces/srv/detail
[2.171s] -- Up-to-date: /home/jagdeesh/tracker/install/ros_ign_interfaces/include/ros_ign_interfaces/ros_ign_interfaces/srv/detail/spawn_entity__struct.hpp
[2.171s] -- Up-to-date: /home/jagdeesh/tracker/install/ros_ign_interfaces/include/ros_ign_interfaces/ros_ign_interfaces/srv/detail/control_world__builder.hpp
[2.171s] -- Up-to-date: /home/jagdeesh/tracker/install/ros_ign_interfaces/include/ros_ign_interfaces/ros_ign_interfaces/srv/detail/control_world__struct.hpp
[2.171s] -- Up-to-date: /home/jagdeesh/tracker/install/ros_ign_interfaces/include/ros_ign_interfaces/ros_ign_interfaces/srv/detail/set_entity_pose__builder.hpp
[2.172s] -- Up-to-date: /home/jagdeesh/tracker/install/ros_ign_interfaces/include/ros_ign_interfaces/ros_ign_interfaces/srv/detail/spawn_entity__builder.hpp
[2.172s] -- Up-to-date: /home/jagdeesh/tracker/install/ros_ign_interfaces/include/ros_ign_interfaces/ros_ign_interfaces/srv/detail/set_entity_pose__struct.hpp
[2.172s] -- Up-to-date: /home/jagdeesh/tracker/install/ros_ign_interfaces/include/ros_ign_interfaces/ros_ign_interfaces/srv/detail/control_world__type_support.hpp
[2.173s] -- Up-to-date: /home/jagdeesh/tracker/install/ros_ign_interfaces/include/ros_ign_interfaces/ros_ign_interfaces/srv/detail/delete_entity__builder.hpp
[2.173s] -- Up-to-date: /home/jagdeesh/tracker/install/ros_ign_interfaces/include/ros_ign_interfaces/ros_ign_interfaces/srv/detail/delete_entity__traits.hpp
[2.173s] -- Up-to-date: /home/jagdeesh/tracker/install/ros_ign_interfaces/include/ros_ign_interfaces/ros_ign_interfaces/srv/detail/spawn_entity__traits.hpp
[2.173s] -- Up-to-date: /home/jagdeesh/tracker/install/ros_ign_interfaces/include/ros_ign_interfaces/ros_ign_interfaces/srv/detail/delete_entity__struct.hpp
[2.173s] -- Up-to-date: /home/jagdeesh/tracker/install/ros_ign_interfaces/include/ros_ign_interfaces/ros_ign_interfaces/srv/detail/delete_entity__type_support.hpp
[2.173s] -- Up-to-date: /home/jagdeesh/tracker/install/ros_ign_interfaces/include/ros_ign_interfaces/ros_ign_interfaces/srv/detail/control_world__traits.hpp
[2.173s] -- Up-to-date: /home/jagdeesh/tracker/install/ros_ign_interfaces/include/ros_ign_interfaces/ros_ign_interfaces/srv/detail/set_entity_pose__type_support.hpp
[2.174s] -- Up-to-date: /home/jagdeesh/tracker/install/ros_ign_interfaces/include/ros_ign_interfaces/ros_ign_interfaces/srv/detail/set_entity_pose__traits.hpp
[2.174s] -- Up-to-date: /home/jagdeesh/tracker/install/ros_ign_interfaces/include/ros_ign_interfaces/ros_ign_interfaces/srv/detail/spawn_entity__type_support.hpp
[2.174s] -- Up-to-date: /home/jagdeesh/tracker/install/ros_ign_interfaces/include/ros_ign_interfaces/ros_ign_interfaces/srv/spawn_entity.hpp
[2.174s] -- Up-to-date: /home/jagdeesh/tracker/install/ros_ign_interfaces/include/ros_ign_interfaces/ros_ign_interfaces/srv/set_entity_pose.hpp
[2.174s] -- Up-to-date: /home/jagdeesh/tracker/install/ros_ign_interfaces/include/ros_ign_interfaces/ros_ign_interfaces/msg
[2.174s] -- Up-to-date: /home/jagdeesh/tracker/install/ros_ign_interfaces/include/ros_ign_interfaces/ros_ign_interfaces/msg/world_reset.hpp
[2.174s] -- Up-to-date: /home/jagdeesh/tracker/install/ros_ign_interfaces/include/ros_ign_interfaces/ros_ign_interfaces/msg/track_visual.hpp
[2.174s] -- Up-to-date: /home/jagdeesh/tracker/install/ros_ign_interfaces/include/ros_ign_interfaces/ros_ign_interfaces/msg/rosidl_generator_cpp__visibility_control.hpp
[2.175s] -- Up-to-date: /home/jagdeesh/tracker/install/ros_ign_interfaces/include/ros_ign_interfaces/ros_ign_interfaces/msg/detail
[2.175s] -- Up-to-date: /home/jagdeesh/tracker/install/ros_ign_interfaces/include/ros_ign_interfaces/ros_ign_interfaces/msg/detail/track_visual__traits.hpp
[2.175s] -- Up-to-date: /home/jagdeesh/tracker/install/ros_ign_interfaces/include/ros_ign_interfaces/ros_ign_interfaces/msg/detail/string_vec__type_support.hpp
[2.175s] -- Up-to-date: /home/jagdeesh/tracker/install/ros_ign_interfaces/include/ros_ign_interfaces/ros_ign_interfaces/msg/detail/gui_camera__struct.hpp
[2.175s] -- Up-to-date: /home/jagdeesh/tracker/install/ros_ign_interfaces/include/ros_ign_interfaces/ros_ign_interfaces/msg/detail/gui_camera__builder.hpp
[2.179s] -- Up-to-date: /home/jagdeesh/tracker/install/ros_ign_interfaces/include/ros_ign_interfaces/ros_ign_interfaces/msg/detail/string_vec__builder.hpp
[2.179s] -- Up-to-date: /home/jagdeesh/tracker/install/ros_ign_interfaces/include/ros_ign_interfaces/ros_ign_interfaces/msg/detail/gui_camera__type_support.hpp
[2.179s] -- Up-to-date: /home/jagdeesh/tracker/install/ros_ign_interfaces/include/ros_ign_interfaces/ros_ign_interfaces/msg/detail/video_record__type_support.hpp
[2.179s] -- Up-to-date: /home/jagdeesh/tracker/install/ros_ign_interfaces/include/ros_ign_interfaces/ros_ign_interfaces/msg/detail/contact__traits.hpp
[2.179s] -- Up-to-date: /home/jagdeesh/tracker/install/ros_ign_interfaces/include/ros_ign_interfaces/ros_ign_interfaces/msg/detail/joint_wrench__struct.hpp
[2.179s] -- Up-to-date: /home/jagdeesh/tracker/install/ros_ign_interfaces/include/ros_ign_interfaces/ros_ign_interfaces/msg/detail/contacts__type_support.hpp
[2.180s] -- Up-to-date: /home/jagdeesh/tracker/install/ros_ign_interfaces/include/ros_ign_interfaces/ros_ign_interfaces/msg/detail/contact__builder.hpp
[2.180s] -- Up-to-date: /home/jagdeesh/tracker/install/ros_ign_interfaces/include/ros_ign_interfaces/ros_ign_interfaces/msg/detail/world_control__type_support.hpp
[2.180s] -- Up-to-date: /home/jagdeesh/tracker/install/ros_ign_interfaces/include/ros_ign_interfaces/ros_ign_interfaces/msg/detail/track_visual__builder.hpp
[2.180s] -- Up-to-date: /home/jagdeesh/tracker/install/ros_ign_interfaces/include/ros_ign_interfaces/ros_ign_interfaces/msg/detail/video_record__traits.hpp
[2.180s] -- Up-to-date: /home/jagdeesh/tracker/install/ros_ign_interfaces/include/ros_ign_interfaces/ros_ign_interfaces/msg/detail/contact__type_support.hpp
[2.180s] -- Up-to-date: /home/jagdeesh/tracker/install/ros_ign_interfaces/include/ros_ign_interfaces/ros_ign_interfaces/msg/detail/entity__struct.hpp
[2.180s] -- Up-to-date: /home/jagdeesh/tracker/install/ros_ign_interfaces/include/ros_ign_interfaces/ros_ign_interfaces/msg/detail/joint_wrench__builder.hpp
[2.181s] -- Up-to-date: /home/jagdeesh/tracker/install/ros_ign_interfaces/include/ros_ign_interfaces/ros_ign_interfaces/msg/detail/entity_factory__type_support.hpp
[2.181s] -- Up-to-date: /home/jagdeesh/tracker/install/ros_ign_interfaces/include/ros_ign_interfaces/ros_ign_interfaces/msg/detail/video_record__builder.hpp
[2.181s] -- Up-to-date: /home/jagdeesh/tracker/install/ros_ign_interfaces/include/ros_ign_interfaces/ros_ign_interfaces/msg/detail/contacts__builder.hpp
[2.181s] -- Up-to-date: /home/jagdeesh/tracker/install/ros_ign_interfaces/include/ros_ign_interfaces/ros_ign_interfaces/msg/detail/world_reset__struct.hpp
[2.181s] -- Up-to-date: /home/jagdeesh/tracker/install/ros_ign_interfaces/include/ros_ign_interfaces/ros_ign_interfaces/msg/detail/video_record__struct.hpp
[2.181s] -- Up-to-date: /home/jagdeesh/tracker/install/ros_ign_interfaces/include/ros_ign_interfaces/ros_ign_interfaces/msg/detail/track_visual__type_support.hpp
[2.181s] -- Up-to-date: /home/jagdeesh/tracker/install/ros_ign_interfaces/include/ros_ign_interfaces/ros_ign_interfaces/msg/detail/world_control__struct.hpp
[2.182s] -- Up-to-date: /home/jagdeesh/tracker/install/ros_ign_interfaces/include/ros_ign_interfaces/ros_ign_interfaces/msg/detail/light__type_support.hpp
[2.182s] -- Up-to-date: /home/jagdeesh/tracker/install/ros_ign_interfaces/include/ros_ign_interfaces/ros_ign_interfaces/msg/detail/contacts__struct.hpp
[2.182s] -- Up-to-date: /home/jagdeesh/tracker/install/ros_ign_interfaces/include/ros_ign_interfaces/ros_ign_interfaces/msg/detail/world_reset__traits.hpp
[2.182s] -- Up-to-date: /home/jagdeesh/tracker/install/ros_ign_interfaces/include/ros_ign_interfaces/ros_ign_interfaces/msg/detail/joint_wrench__traits.hpp
[2.183s] -- Up-to-date: /home/jagdeesh/tracker/install/ros_ign_interfaces/include/ros_ign_interfaces/ros_ign_interfaces/msg/detail/world_reset__type_support.hpp
[2.184s] -- Up-to-date: /home/jagdeesh/tracker/install/ros_ign_interfaces/include/ros_ign_interfaces/ros_ign_interfaces/msg/detail/gui_camera__traits.hpp
[2.184s] -- Up-to-date: /home/jagdeesh/tracker/install/ros_ign_interfaces/include/ros_ign_interfaces/ros_ign_interfaces/msg/detail/string_vec__traits.hpp
[2.184s] -- Up-to-date: /home/jagdeesh/tracker/install/ros_ign_interfaces/include/ros_ign_interfaces/ros_ign_interfaces/msg/detail/entity__type_support.hpp
[2.184s] -- Up-to-date: /home/jagdeesh/tracker/install/ros_ign_interfaces/include/ros_ign_interfaces/ros_ign_interfaces/msg/detail/joint_wrench__type_support.hpp
[2.184s] -- Up-to-date: /home/jagdeesh/tracker/install/ros_ign_interfaces/include/ros_ign_interfaces/ros_ign_interfaces/msg/detail/entity_factory__builder.hpp
[2.185s] -- Up-to-date: /home/jagdeesh/tracker/install/ros_ign_interfaces/include/ros_ign_interfaces/ros_ign_interfaces/msg/detail/entity_factory__struct.hpp
[2.185s] -- Up-to-date: /home/jagdeesh/tracker/install/ros_ign_interfaces/include/ros_ign_interfaces/ros_ign_interfaces/msg/detail/track_visual__struct.hpp
[2.186s] -- Up-to-date: /home/jagdeesh/tracker/install/ros_ign_interfaces/include/ros_ign_interfaces/ros_ign_interfaces/msg/detail/world_reset__builder.hpp
[2.187s] -- Up-to-date: /home/jagdeesh/tracker/install/ros_ign_interfaces/include/ros_ign_interfaces/ros_ign_interfaces/msg/detail/contacts__traits.hpp
[2.188s] -- Up-to-date: /home/jagdeesh/tracker/install/ros_ign_interfaces/include/ros_ign_interfaces/ros_ign_interfaces/msg/detail/world_control__builder.hpp
[2.188s] -- Up-to-date: /home/jagdeesh/tracker/install/ros_ign_interfaces/include/ros_ign_interfaces/ros_ign_interfaces/msg/detail/entity__traits.hpp
[2.188s] -- Up-to-date: /home/jagdeesh/tracker/install/ros_ign_interfaces/include/ros_ign_interfaces/ros_ign_interfaces/msg/detail/entity_factory__traits.hpp
[2.188s] -- Up-to-date: /home/jagdeesh/tracker/install/ros_ign_interfaces/include/ros_ign_interfaces/ros_ign_interfaces/msg/detail/world_control__traits.hpp
[2.188s] -- Up-to-date: /home/jagdeesh/tracker/install/ros_ign_interfaces/include/ros_ign_interfaces/ros_ign_interfaces/msg/detail/light__traits.hpp
[2.188s] -- Up-to-date: /home/jagdeesh/tracker/install/ros_ign_interfaces/include/ros_ign_interfaces/ros_ign_interfaces/msg/detail/contact__struct.hpp
[2.188s] -- Up-to-date: /home/jagdeesh/tracker/install/ros_ign_interfaces/include/ros_ign_interfaces/ros_ign_interfaces/msg/detail/light__builder.hpp
[2.188s] -- Up-to-date: /home/jagdeesh/tracker/install/ros_ign_interfaces/include/ros_ign_interfaces/ros_ign_interfaces/msg/detail/string_vec__struct.hpp
[2.188s] -- Up-to-date: /home/jagdeesh/tracker/install/ros_ign_interfaces/include/ros_ign_interfaces/ros_ign_interfaces/msg/detail/light__struct.hpp
[2.188s] -- Up-to-date: /home/jagdeesh/tracker/install/ros_ign_interfaces/include/ros_ign_interfaces/ros_ign_interfaces/msg/detail/entity__builder.hpp
[2.188s] -- Up-to-date: /home/jagdeesh/tracker/install/ros_ign_interfaces/include/ros_ign_interfaces/ros_ign_interfaces/msg/string_vec.hpp
[2.188s] -- Up-to-date: /home/jagdeesh/tracker/install/ros_ign_interfaces/include/ros_ign_interfaces/ros_ign_interfaces/msg/contact.hpp
[2.188s] -- Up-to-date: /home/jagdeesh/tracker/install/ros_ign_interfaces/include/ros_ign_interfaces/ros_ign_interfaces/msg/video_record.hpp
[2.189s] -- Up-to-date: /home/jagdeesh/tracker/install/ros_ign_interfaces/include/ros_ign_interfaces/ros_ign_interfaces/msg/entity_factory.hpp
[2.189s] -- Up-to-date: /home/jagdeesh/tracker/install/ros_ign_interfaces/include/ros_ign_interfaces/ros_ign_interfaces/msg/light.hpp
[2.189s] -- Up-to-date: /home/jagdeesh/tracker/install/ros_ign_interfaces/include/ros_ign_interfaces/ros_ign_interfaces/msg/world_control.hpp
[2.189s] -- Up-to-date: /home/jagdeesh/tracker/install/ros_ign_interfaces/include/ros_ign_interfaces/ros_ign_interfaces/msg/joint_wrench.hpp
[2.189s] -- Up-to-date: /home/jagdeesh/tracker/install/ros_ign_interfaces/include/ros_ign_interfaces/ros_ign_interfaces/msg/contacts.hpp
[2.189s] -- Up-to-date: /home/jagdeesh/tracker/install/ros_ign_interfaces/include/ros_ign_interfaces/ros_ign_interfaces/msg/entity.hpp
[2.189s] -- Up-to-date: /home/jagdeesh/tracker/install/ros_ign_interfaces/include/ros_ign_interfaces/ros_ign_interfaces/msg/gui_camera.hpp
[2.189s] -- Up-to-date: /home/jagdeesh/tracker/install/ros_ign_interfaces/include/ros_ign_interfaces/ros_ign_interfaces
[2.189s] -- Up-to-date: /home/jagdeesh/tracker/install/ros_ign_interfaces/include/ros_ign_interfaces/ros_ign_interfaces/srv
[2.189s] -- Up-to-date: /home/jagdeesh/tracker/install/ros_ign_interfaces/include/ros_ign_interfaces/ros_ign_interfaces/srv/detail
[2.189s] -- Up-to-date: /home/jagdeesh/tracker/install/ros_ign_interfaces/include/ros_ign_interfaces/ros_ign_interfaces/srv/detail/delete_entity__rosidl_typesupport_fastrtps_cpp.hpp
[2.189s] -- Up-to-date: /home/jagdeesh/tracker/install/ros_ign_interfaces/include/ros_ign_interfaces/ros_ign_interfaces/srv/detail/set_entity_pose__rosidl_typesupport_fastrtps_cpp.hpp
[2.190s] -- Up-to-date: /home/jagdeesh/tracker/install/ros_ign_interfaces/include/ros_ign_interfaces/ros_ign_interfaces/srv/detail/control_world__rosidl_typesupport_fastrtps_cpp.hpp
[2.190s] -- Up-to-date: /home/jagdeesh/tracker/install/ros_ign_interfaces/include/ros_ign_interfaces/ros_ign_interfaces/srv/detail/spawn_entity__rosidl_typesupport_fastrtps_cpp.hpp
[2.190s] -- Up-to-date: /home/jagdeesh/tracker/install/ros_ign_interfaces/include/ros_ign_interfaces/ros_ign_interfaces/srv/detail/dds_fastrtps
[2.190s] -- Up-to-date: /home/jagdeesh/tracker/install/ros_ign_interfaces/include/ros_ign_interfaces/ros_ign_interfaces/msg
[2.190s] -- Up-to-date: /home/jagdeesh/tracker/install/ros_ign_interfaces/include/ros_ign_interfaces/ros_ign_interfaces/msg/detail
[2.190s] -- Up-to-date: /home/jagdeesh/tracker/install/ros_ign_interfaces/include/ros_ign_interfaces/ros_ign_interfaces/msg/detail/track_visual__rosidl_typesupport_fastrtps_cpp.hpp
[2.192s] -- Up-to-date: /home/jagdeesh/tracker/install/ros_ign_interfaces/include/ros_ign_interfaces/ros_ign_interfaces/msg/detail/contacts__rosidl_typesupport_fastrtps_cpp.hpp
[2.193s] -- Up-to-date: /home/jagdeesh/tracker/install/ros_ign_interfaces/include/ros_ign_interfaces/ros_ign_interfaces/msg/detail/world_reset__rosidl_typesupport_fastrtps_cpp.hpp
[2.193s] -- Up-to-date: /home/jagdeesh/tracker/install/ros_ign_interfaces/include/ros_ign_interfaces/ros_ign_interfaces/msg/detail/contact__rosidl_typesupport_fastrtps_cpp.hpp
[2.193s] -- Up-to-date: /home/jagdeesh/tracker/install/ros_ign_interfaces/include/ros_ign_interfaces/ros_ign_interfaces/msg/detail/video_record__rosidl_typesupport_fastrtps_cpp.hpp
[2.193s] -- Up-to-date: /home/jagdeesh/tracker/install/ros_ign_interfaces/include/ros_ign_interfaces/ros_ign_interfaces/msg/detail/string_vec__rosidl_typesupport_fastrtps_cpp.hpp
[2.193s] -- Up-to-date: /home/jagdeesh/tracker/install/ros_ign_interfaces/include/ros_ign_interfaces/ros_ign_interfaces/msg/detail/joint_wrench__rosidl_typesupport_fastrtps_cpp.hpp
[2.193s] -- Up-to-date: /home/jagdeesh/tracker/install/ros_ign_interfaces/include/ros_ign_interfaces/ros_ign_interfaces/msg/detail/light__rosidl_typesupport_fastrtps_cpp.hpp
[2.207s] -- Up-to-date: /home/jagdeesh/tracker/install/ros_ign_interfaces/include/ros_ign_interfaces/ros_ign_interfaces/msg/detail/entity__rosidl_typesupport_fastrtps_cpp.hpp
[2.207s] -- Up-to-date: /home/jagdeesh/tracker/install/ros_ign_interfaces/include/ros_ign_interfaces/ros_ign_interfaces/msg/detail/gui_camera__rosidl_typesupport_fastrtps_cpp.hpp
[2.208s] -- Up-to-date: /home/jagdeesh/tracker/install/ros_ign_interfaces/include/ros_ign_interfaces/ros_ign_interfaces/msg/detail/world_control__rosidl_typesupport_fastrtps_cpp.hpp
[2.208s] -- Up-to-date: /home/jagdeesh/tracker/install/ros_ign_interfaces/include/ros_ign_interfaces/ros_ign_interfaces/msg/detail/entity_factory__rosidl_typesupport_fastrtps_cpp.hpp
[2.208s] -- Up-to-date: /home/jagdeesh/tracker/install/ros_ign_interfaces/include/ros_ign_interfaces/ros_ign_interfaces/msg/detail/dds_fastrtps
[2.208s] -- Up-to-date: /home/jagdeesh/tracker/install/ros_ign_interfaces/include/ros_ign_interfaces/ros_ign_interfaces/msg/rosidl_typesupport_fastrtps_cpp__visibility_control.h
[2.208s] -- Up-to-date: /home/jagdeesh/tracker/install/ros_ign_interfaces/lib/libros_ign_interfaces__rosidl_typesupport_fastrtps_cpp.so
[2.209s] -- Up-to-date: /home/jagdeesh/tracker/install/ros_ign_interfaces/include/ros_ign_interfaces/ros_ign_interfaces
[2.209s] -- Up-to-date: /home/jagdeesh/tracker/install/ros_ign_interfaces/include/ros_ign_interfaces/ros_ign_interfaces/srv
[2.209s] -- Up-to-date: /home/jagdeesh/tracker/install/ros_ign_interfaces/include/ros_ign_interfaces/ros_ign_interfaces/srv/detail
[2.209s] -- Up-to-date: /home/jagdeesh/tracker/install/ros_ign_interfaces/include/ros_ign_interfaces/ros_ign_interfaces/srv/detail/set_entity_pose__type_support.c
[2.209s] -- Up-to-date: /home/jagdeesh/tracker/install/ros_ign_interfaces/include/ros_ign_interfaces/ros_ign_interfaces/srv/detail/delete_entity__type_support.c
[2.209s] -- Up-to-date: /home/jagdeesh/tracker/install/ros_ign_interfaces/include/ros_ign_interfaces/ros_ign_interfaces/srv/detail/control_world__rosidl_typesupport_introspection_c.h
[2.209s] -- Up-to-date: /home/jagdeesh/tracker/install/ros_ign_interfaces/include/ros_ign_interfaces/ros_ign_interfaces/srv/detail/set_entity_pose__rosidl_typesupport_introspection_c.h
[2.210s] -- Up-to-date: /home/jagdeesh/tracker/install/ros_ign_interfaces/include/ros_ign_interfaces/ros_ign_interfaces/srv/detail/spawn_entity__type_support.c
[2.210s] -- Up-to-date: /home/jagdeesh/tracker/install/ros_ign_interfaces/include/ros_ign_interfaces/ros_ign_interfaces/srv/detail/control_world__type_support.c
[2.210s] -- Up-to-date: /home/jagdeesh/tracker/install/ros_ign_interfaces/include/ros_ign_interfaces/ros_ign_interfaces/srv/detail/delete_entity__rosidl_typesupport_introspection_c.h
[2.210s] -- Up-to-date: /home/jagdeesh/tracker/install/ros_ign_interfaces/include/ros_ign_interfaces/ros_ign_interfaces/srv/detail/spawn_entity__rosidl_typesupport_introspection_c.h
[2.210s] -- Up-to-date: /home/jagdeesh/tracker/install/ros_ign_interfaces/include/ros_ign_interfaces/ros_ign_interfaces/msg
[2.210s] -- Up-to-date: /home/jagdeesh/tracker/install/ros_ign_interfaces/include/ros_ign_interfaces/ros_ign_interfaces/msg/rosidl_typesupport_introspection_c__visibility_control.h
[2.211s] -- Up-to-date: /home/jagdeesh/tracker/install/ros_ign_interfaces/include/ros_ign_interfaces/ros_ign_interfaces/msg/detail
[2.211s] -- Up-to-date: /home/jagdeesh/tracker/install/ros_ign_interfaces/include/ros_ign_interfaces/ros_ign_interfaces/msg/detail/light__rosidl_typesupport_introspection_c.h
[2.211s] -- Up-to-date: /home/jagdeesh/tracker/install/ros_ign_interfaces/include/ros_ign_interfaces/ros_ign_interfaces/msg/detail/world_control__rosidl_typesupport_introspection_c.h
[2.211s] -- Up-to-date: /home/jagdeesh/tracker/install/ros_ign_interfaces/include/ros_ign_interfaces/ros_ign_interfaces/msg/detail/gui_camera__rosidl_typesupport_introspection_c.h
[2.211s] -- Up-to-date: /home/jagdeesh/tracker/install/ros_ign_interfaces/include/ros_ign_interfaces/ros_ign_interfaces/msg/detail/joint_wrench__type_support.c
[2.211s] -- Up-to-date: /home/jagdeesh/tracker/install/ros_ign_interfaces/include/ros_ign_interfaces/ros_ign_interfaces/msg/detail/entity_factory__rosidl_typesupport_introspection_c.h
[2.212s] -- Up-to-date: /home/jagdeesh/tracker/install/ros_ign_interfaces/include/ros_ign_interfaces/ros_ign_interfaces/msg/detail/contacts__type_support.c
[2.212s] -- Up-to-date: /home/jagdeesh/tracker/install/ros_ign_interfaces/include/ros_ign_interfaces/ros_ign_interfaces/msg/detail/world_control__type_support.c
[2.212s] -- Up-to-date: /home/jagdeesh/tracker/install/ros_ign_interfaces/include/ros_ign_interfaces/ros_ign_interfaces/msg/detail/gui_camera__type_support.c
[2.213s] -- Up-to-date: /home/jagdeesh/tracker/install/ros_ign_interfaces/include/ros_ign_interfaces/ros_ign_interfaces/msg/detail/contact__rosidl_typesupport_introspection_c.h
[2.213s] -- Up-to-date: /home/jagdeesh/tracker/install/ros_ign_interfaces/include/ros_ign_interfaces/ros_ign_interfaces/msg/detail/track_visual__type_support.c
[2.213s] -- Up-to-date: /home/jagdeesh/tracker/install/ros_ign_interfaces/include/ros_ign_interfaces/ros_ign_interfaces/msg/detail/contacts__rosidl_typesupport_introspection_c.h
[2.214s] -- Up-to-date: /home/jagdeesh/tracker/install/ros_ign_interfaces/include/ros_ign_interfaces/ros_ign_interfaces/msg/detail/video_record__type_support.c
[2.214s] -- Up-to-date: /home/jagdeesh/tracker/install/ros_ign_interfaces/include/ros_ign_interfaces/ros_ign_interfaces/msg/detail/string_vec__type_support.c
[2.216s] -- Up-to-date: /home/jagdeesh/tracker/install/ros_ign_interfaces/include/ros_ign_interfaces/ros_ign_interfaces/msg/detail/world_reset__type_support.c
[2.217s] -- Up-to-date: /home/jagdeesh/tracker/install/ros_ign_interfaces/include/ros_ign_interfaces/ros_ign_interfaces/msg/detail/entity_factory__type_support.c
[2.217s] -- Up-to-date: /home/jagdeesh/tracker/install/ros_ign_interfaces/include/ros_ign_interfaces/ros_ign_interfaces/msg/detail/video_record__rosidl_typesupport_introspection_c.h
[2.217s] -- Up-to-date: /home/jagdeesh/tracker/install/ros_ign_interfaces/include/ros_ign_interfaces/ros_ign_interfaces/msg/detail/string_vec__rosidl_typesupport_introspection_c.h
[2.217s] -- Up-to-date: /home/jagdeesh/tracker/install/ros_ign_interfaces/include/ros_ign_interfaces/ros_ign_interfaces/msg/detail/entity__rosidl_typesupport_introspection_c.h
[2.217s] -- Up-to-date: /home/jagdeesh/tracker/install/ros_ign_interfaces/include/ros_ign_interfaces/ros_ign_interfaces/msg/detail/world_reset__rosidl_typesupport_introspection_c.h
[2.217s] -- Up-to-date: /home/jagdeesh/tracker/install/ros_ign_interfaces/include/ros_ign_interfaces/ros_ign_interfaces/msg/detail/light__type_support.c
[2.217s] -- Up-to-date: /home/jagdeesh/tracker/install/ros_ign_interfaces/include/ros_ign_interfaces/ros_ign_interfaces/msg/detail/entity__type_support.c
[2.218s] -- Up-to-date: /home/jagdeesh/tracker/install/ros_ign_interfaces/include/ros_ign_interfaces/ros_ign_interfaces/msg/detail/track_visual__rosidl_typesupport_introspection_c.h
[2.218s] -- Up-to-date: /home/jagdeesh/tracker/install/ros_ign_interfaces/include/ros_ign_interfaces/ros_ign_interfaces/msg/detail/contact__type_support.c
[2.218s] -- Up-to-date: /home/jagdeesh/tracker/install/ros_ign_interfaces/include/ros_ign_interfaces/ros_ign_interfaces/msg/detail/joint_wrench__rosidl_typesupport_introspection_c.h
[2.218s] -- Up-to-date: /home/jagdeesh/tracker/install/ros_ign_interfaces/lib/libros_ign_interfaces__rosidl_typesupport_introspection_c.so
[2.218s] -- Up-to-date: /home/jagdeesh/tracker/install/ros_ign_interfaces/lib/libros_ign_interfaces__rosidl_typesupport_c.so
[2.218s] -- Up-to-date: /home/jagdeesh/tracker/install/ros_ign_interfaces/include/ros_ign_interfaces/ros_ign_interfaces
[2.218s] -- Up-to-date: /home/jagdeesh/tracker/install/ros_ign_interfaces/include/ros_ign_interfaces/ros_ign_interfaces/srv
[2.219s] -- Up-to-date: /home/jagdeesh/tracker/install/ros_ign_interfaces/include/ros_ign_interfaces/ros_ign_interfaces/srv/detail
[2.219s] -- Up-to-date: /home/jagdeesh/tracker/install/ros_ign_interfaces/include/ros_ign_interfaces/ros_ign_interfaces/srv/detail/set_entity_pose__type_support.cpp
[2.219s] -- Up-to-date: /home/jagdeesh/tracker/install/ros_ign_interfaces/include/ros_ign_interfaces/ros_ign_interfaces/srv/detail/spawn_entity__type_support.cpp
[2.219s] -- Up-to-date: /home/jagdeesh/tracker/install/ros_ign_interfaces/include/ros_ign_interfaces/ros_ign_interfaces/srv/detail/delete_entity__rosidl_typesupport_introspection_cpp.hpp
[2.219s] -- Up-to-date: /home/jagdeesh/tracker/install/ros_ign_interfaces/include/ros_ign_interfaces/ros_ign_interfaces/srv/detail/control_world__type_support.cpp
[2.219s] -- Up-to-date: /home/jagdeesh/tracker/install/ros_ign_interfaces/include/ros_ign_interfaces/ros_ign_interfaces/srv/detail/delete_entity__type_support.cpp
[2.219s] -- Up-to-date: /home/jagdeesh/tracker/install/ros_ign_interfaces/include/ros_ign_interfaces/ros_ign_interfaces/srv/detail/control_world__rosidl_typesupport_introspection_cpp.hpp
[2.219s] -- Up-to-date: /home/jagdeesh/tracker/install/ros_ign_interfaces/include/ros_ign_interfaces/ros_ign_interfaces/srv/detail/set_entity_pose__rosidl_typesupport_introspection_cpp.hpp
[2.220s] -- Up-to-date: /home/jagdeesh/tracker/install/ros_ign_interfaces/include/ros_ign_interfaces/ros_ign_interfaces/srv/detail/spawn_entity__rosidl_typesupport_introspection_cpp.hpp
[2.220s] -- Up-to-date: /home/jagdeesh/tracker/install/ros_ign_interfaces/include/ros_ign_interfaces/ros_ign_interfaces/msg
[2.220s] -- Up-to-date: /home/jagdeesh/tracker/install/ros_ign_interfaces/include/ros_ign_interfaces/ros_ign_interfaces/msg/detail
[2.220s] -- Up-to-date: /home/jagdeesh/tracker/install/ros_ign_interfaces/include/ros_ign_interfaces/ros_ign_interfaces/msg/detail/gui_camera__rosidl_typesupport_introspection_cpp.hpp
[2.223s] -- Up-to-date: /home/jagdeesh/tracker/install/ros_ign_interfaces/include/ros_ign_interfaces/ros_ign_interfaces/msg/detail/contacts__rosidl_typesupport_introspection_cpp.hpp
[2.223s] -- Up-to-date: /home/jagdeesh/tracker/install/ros_ign_interfaces/include/ros_ign_interfaces/ros_ign_interfaces/msg/detail/string_vec__rosidl_typesupport_introspection_cpp.hpp
[2.223s] -- Up-to-date: /home/jagdeesh/tracker/install/ros_ign_interfaces/include/ros_ign_interfaces/ros_ign_interfaces/msg/detail/video_record__rosidl_typesupport_introspection_cpp.hpp
[2.223s] -- Up-to-date: /home/jagdeesh/tracker/install/ros_ign_interfaces/include/ros_ign_interfaces/ros_ign_interfaces/msg/detail/entity_factory__type_support.cpp
[2.224s] -- Up-to-date: /home/jagdeesh/tracker/install/ros_ign_interfaces/include/ros_ign_interfaces/ros_ign_interfaces/msg/detail/track_visual__type_support.cpp
[2.224s] -- Up-to-date: /home/jagdeesh/tracker/install/ros_ign_interfaces/include/ros_ign_interfaces/ros_ign_interfaces/msg/detail/string_vec__type_support.cpp
[2.224s] -- Up-to-date: /home/jagdeesh/tracker/install/ros_ign_interfaces/include/ros_ign_interfaces/ros_ign_interfaces/msg/detail/contact__rosidl_typesupport_introspection_cpp.hpp
[2.227s] -- Up-to-date: /home/jagdeesh/tracker/install/ros_ign_interfaces/include/ros_ign_interfaces/ros_ign_interfaces/msg/detail/contact__type_support.cpp
[2.227s] -- Up-to-date: /home/jagdeesh/tracker/install/ros_ign_interfaces/include/ros_ign_interfaces/ros_ign_interfaces/msg/detail/entity__rosidl_typesupport_introspection_cpp.hpp
[2.231s] -- Up-to-date: /home/jagdeesh/tracker/install/ros_ign_interfaces/include/ros_ign_interfaces/ros_ign_interfaces/msg/detail/track_visual__rosidl_typesupport_introspection_cpp.hpp
[2.231s] -- Up-to-date: /home/jagdeesh/tracker/install/ros_ign_interfaces/include/ros_ign_interfaces/ros_ign_interfaces/msg/detail/contacts__type_support.cpp
[2.231s] -- Up-to-date: /home/jagdeesh/tracker/install/ros_ign_interfaces/include/ros_ign_interfaces/ros_ign_interfaces/msg/detail/entity__type_support.cpp
[2.231s] -- Up-to-date: /home/jagdeesh/tracker/install/ros_ign_interfaces/include/ros_ign_interfaces/ros_ign_interfaces/msg/detail/entity_factory__rosidl_typesupport_introspection_cpp.hpp
[2.231s] -- Up-to-date: /home/jagdeesh/tracker/install/ros_ign_interfaces/include/ros_ign_interfaces/ros_ign_interfaces/msg/detail/world_control__rosidl_typesupport_introspection_cpp.hpp
[2.232s] -- Up-to-date: /home/jagdeesh/tracker/install/ros_ign_interfaces/include/ros_ign_interfaces/ros_ign_interfaces/msg/detail/gui_camera__type_support.cpp
[2.232s] -- Up-to-date: /home/jagdeesh/tracker/install/ros_ign_interfaces/include/ros_ign_interfaces/ros_ign_interfaces/msg/detail/light__rosidl_typesupport_introspection_cpp.hpp
[2.236s] -- Up-to-date: /home/jagdeesh/tracker/install/ros_ign_interfaces/include/ros_ign_interfaces/ros_ign_interfaces/msg/detail/light__type_support.cpp
[2.236s] -- Up-to-date: /home/jagdeesh/tracker/install/ros_ign_interfaces/include/ros_ign_interfaces/ros_ign_interfaces/msg/detail/joint_wrench__rosidl_typesupport_introspection_cpp.hpp
[2.236s] -- Up-to-date: /home/jagdeesh/tracker/install/ros_ign_interfaces/include/ros_ign_interfaces/ros_ign_interfaces/msg/detail/world_control__type_support.cpp
[2.236s] -- Up-to-date: /home/jagdeesh/tracker/install/ros_ign_interfaces/include/ros_ign_interfaces/ros_ign_interfaces/msg/detail/world_reset__type_support.cpp
[2.236s] -- Up-to-date: /home/jagdeesh/tracker/install/ros_ign_interfaces/include/ros_ign_interfaces/ros_ign_interfaces/msg/detail/joint_wrench__type_support.cpp
[2.237s] -- Up-to-date: /home/jagdeesh/tracker/install/ros_ign_interfaces/include/ros_ign_interfaces/ros_ign_interfaces/msg/detail/video_record__type_support.cpp
[2.237s] -- Up-to-date: /home/jagdeesh/tracker/install/ros_ign_interfaces/include/ros_ign_interfaces/ros_ign_interfaces/msg/detail/world_reset__rosidl_typesupport_introspection_cpp.hpp
[2.237s] -- Up-to-date: /home/jagdeesh/tracker/install/ros_ign_interfaces/lib/libros_ign_interfaces__rosidl_typesupport_introspection_cpp.so
[2.237s] -- Up-to-date: /home/jagdeesh/tracker/install/ros_ign_interfaces/lib/libros_ign_interfaces__rosidl_typesupport_cpp.so
[2.237s] -- Up-to-date: /home/jagdeesh/tracker/install/ros_ign_interfaces/share/ros_ign_interfaces/environment/pythonpath.sh
[2.237s] -- Up-to-date: /home/jagdeesh/tracker/install/ros_ign_interfaces/share/ros_ign_interfaces/environment/pythonpath.dsv
[2.238s] -- Up-to-date: /home/jagdeesh/tracker/install/ros_ign_interfaces/local/lib/python3.10/dist-packages/ros_ign_interfaces-0.244.20-py3.10.egg-info
[2.238s] -- Installing: /home/jagdeesh/tracker/install/ros_ign_interfaces/local/lib/python3.10/dist-packages/ros_ign_interfaces-0.244.20-py3.10.egg-info/SOURCES.txt
[2.238s] -- Installing: /home/jagdeesh/tracker/install/ros_ign_interfaces/local/lib/python3.10/dist-packages/ros_ign_interfaces-0.244.20-py3.10.egg-info/dependency_links.txt
[2.239s] -- Installing: /home/jagdeesh/tracker/install/ros_ign_interfaces/local/lib/python3.10/dist-packages/ros_ign_interfaces-0.244.20-py3.10.egg-info/top_level.txt
[2.239s] -- Installing: /home/jagdeesh/tracker/install/ros_ign_interfaces/local/lib/python3.10/dist-packages/ros_ign_interfaces-0.244.20-py3.10.egg-info/PKG-INFO
[2.239s] -- Up-to-date: /home/jagdeesh/tracker/install/ros_ign_interfaces/local/lib/python3.10/dist-packages/ros_ign_interfaces
[2.240s] -- Up-to-date: /home/jagdeesh/tracker/install/ros_ign_interfaces/local/lib/python3.10/dist-packages/ros_ign_interfaces/__init__.py
[2.240s] -- Up-to-date: /home/jagdeesh/tracker/install/ros_ign_interfaces/local/lib/python3.10/dist-packages/ros_ign_interfaces/_ros_ign_interfaces_s.ep.rosidl_typesupport_fastrtps_c.c
[2.240s] -- Up-to-date: /home/jagdeesh/tracker/install/ros_ign_interfaces/local/lib/python3.10/dist-packages/ros_ign_interfaces/ros_ign_interfaces_s__rosidl_typesupport_c.cpython-310-x86_64-linux-gnu.so
[2.240s] -- Up-to-date: /home/jagdeesh/tracker/install/ros_ign_interfaces/local/lib/python3.10/dist-packages/ros_ign_interfaces/libros_ign_interfaces__rosidl_generator_py.so
[2.240s] -- Up-to-date: /home/jagdeesh/tracker/install/ros_ign_interfaces/local/lib/python3.10/dist-packages/ros_ign_interfaces/ros_ign_interfaces_s__rosidl_typesupport_introspection_c.cpython-310-x86_64-linux-gnu.so
[2.245s] -- Up-to-date: /home/jagdeesh/tracker/install/ros_ign_interfaces/local/lib/python3.10/dist-packages/ros_ign_interfaces/_ros_ign_interfaces_s.ep.rosidl_typesupport_c.c
[2.248s] -- Up-to-date: /home/jagdeesh/tracker/install/ros_ign_interfaces/local/lib/python3.10/dist-packages/ros_ign_interfaces/srv
[2.251s] -- Up-to-date: /home/jagdeesh/tracker/install/ros_ign_interfaces/local/lib/python3.10/dist-packages/ros_ign_interfaces/srv/_control_world_s.c
[2.252s] -- Up-to-date: /home/jagdeesh/tracker/install/ros_ign_interfaces/local/lib/python3.10/dist-packages/ros_ign_interfaces/srv/__init__.py
[2.252s] -- Up-to-date: /home/jagdeesh/tracker/install/ros_ign_interfaces/local/lib/python3.10/dist-packages/ros_ign_interfaces/srv/_set_entity_pose.py
[2.252s] -- Up-to-date: /home/jagdeesh/tracker/install/ros_ign_interfaces/local/lib/python3.10/dist-packages/ros_ign_interfaces/srv/_delete_entity_s.c
[2.252s] -- Up-to-date: /home/jagdeesh/tracker/install/ros_ign_interfaces/local/lib/python3.10/dist-packages/ros_ign_interfaces/srv/_control_world.py
[2.252s] -- Up-to-date: /home/jagdeesh/tracker/install/ros_ign_interfaces/local/lib/python3.10/dist-packages/ros_ign_interfaces/srv/_spawn_entity.py
[2.252s] -- Up-to-date: /home/jagdeesh/tracker/install/ros_ign_interfaces/local/lib/python3.10/dist-packages/ros_ign_interfaces/srv/_set_entity_pose_s.c
[2.253s] -- Up-to-date: /home/jagdeesh/tracker/install/ros_ign_interfaces/local/lib/python3.10/dist-packages/ros_ign_interfaces/srv/_spawn_entity_s.c
[2.253s] -- Up-to-date: /home/jagdeesh/tracker/install/ros_ign_interfaces/local/lib/python3.10/dist-packages/ros_ign_interfaces/srv/_delete_entity.py
[2.253s] -- Up-to-date: /home/jagdeesh/tracker/install/ros_ign_interfaces/local/lib/python3.10/dist-packages/ros_ign_interfaces/_ros_ign_interfaces_s.ep.rosidl_typesupport_introspection_c.c
[2.253s] -- Up-to-date: /home/jagdeesh/tracker/install/ros_ign_interfaces/local/lib/python3.10/dist-packages/ros_ign_interfaces/msg
[2.253s] -- Up-to-date: /home/jagdeesh/tracker/install/ros_ign_interfaces/local/lib/python3.10/dist-packages/ros_ign_interfaces/msg/__init__.py
[2.253s] -- Up-to-date: /home/jagdeesh/tracker/install/ros_ign_interfaces/local/lib/python3.10/dist-packages/ros_ign_interfaces/msg/_gui_camera.py
[2.254s] -- Up-to-date: /home/jagdeesh/tracker/install/ros_ign_interfaces/local/lib/python3.10/dist-packages/ros_ign_interfaces/msg/_world_reset_s.c
[2.254s] -- Up-to-date: /home/jagdeesh/tracker/install/ros_ign_interfaces/local/lib/python3.10/dist-packages/ros_ign_interfaces/msg/_entity_s.c
[2.254s] -- Up-to-date: /home/jagdeesh/tracker/install/ros_ign_interfaces/local/lib/python3.10/dist-packages/ros_ign_interfaces/msg/_world_control.py
[2.254s] -- Up-to-date: /home/jagdeesh/tracker/install/ros_ign_interfaces/local/lib/python3.10/dist-packages/ros_ign_interfaces/msg/_joint_wrench.py
[2.254s] -- Up-to-date: /home/jagdeesh/tracker/install/ros_ign_interfaces/local/lib/python3.10/dist-packages/ros_ign_interfaces/msg/_entity_factory.py
[2.254s] -- Up-to-date: /home/jagdeesh/tracker/install/ros_ign_interfaces/local/lib/python3.10/dist-packages/ros_ign_interfaces/msg/_video_record.py
[2.255s] -- Up-to-date: /home/jagdeesh/tracker/install/ros_ign_interfaces/local/lib/python3.10/dist-packages/ros_ign_interfaces/msg/_contact.py
[2.255s] -- Up-to-date: /home/jagdeesh/tracker/install/ros_ign_interfaces/local/lib/python3.10/dist-packages/ros_ign_interfaces/msg/_world_reset.py
[2.255s] -- Up-to-date: /home/jagdeesh/tracker/install/ros_ign_interfaces/local/lib/python3.10/dist-packages/ros_ign_interfaces/msg/_light_s.c
[2.255s] -- Up-to-date: /home/jagdeesh/tracker/install/ros_ign_interfaces/local/lib/python3.10/dist-packages/ros_ign_interfaces/msg/_string_vec.py
[2.255s] -- Up-to-date: /home/jagdeesh/tracker/install/ros_ign_interfaces/local/lib/python3.10/dist-packages/ros_ign_interfaces/msg/_joint_wrench_s.c
[2.255s] -- Up-to-date: /home/jagdeesh/tracker/install/ros_ign_interfaces/local/lib/python3.10/dist-packages/ros_ign_interfaces/msg/_track_visual.py
[2.260s] -- Up-to-date: /home/jagdeesh/tracker/install/ros_ign_interfaces/local/lib/python3.10/dist-packages/ros_ign_interfaces/msg/_gui_camera_s.c
[2.260s] -- Up-to-date: /home/jagdeesh/tracker/install/ros_ign_interfaces/local/lib/python3.10/dist-packages/ros_ign_interfaces/msg/_video_record_s.c
[2.262s] -- Up-to-date: /home/jagdeesh/tracker/install/ros_ign_interfaces/local/lib/python3.10/dist-packages/ros_ign_interfaces/msg/_track_visual_s.c
[2.262s] -- Up-to-date: /home/jagdeesh/tracker/install/ros_ign_interfaces/local/lib/python3.10/dist-packages/ros_ign_interfaces/msg/_entity_factory_s.c
[2.263s] -- Up-to-date: /home/jagdeesh/tracker/install/ros_ign_interfaces/local/lib/python3.10/dist-packages/ros_ign_interfaces/msg/_world_control_s.c
[2.263s] -- Up-to-date: /home/jagdeesh/tracker/install/ros_ign_interfaces/local/lib/python3.10/dist-packages/ros_ign_interfaces/msg/_entity.py
[2.263s] -- Up-to-date: /home/jagdeesh/tracker/install/ros_ign_interfaces/local/lib/python3.10/dist-packages/ros_ign_interfaces/msg/_contact_s.c
[2.263s] -- Up-to-date: /home/jagdeesh/tracker/install/ros_ign_interfaces/local/lib/python3.10/dist-packages/ros_ign_interfaces/msg/_light.py
[2.264s] -- Up-to-date: /home/jagdeesh/tracker/install/ros_ign_interfaces/local/lib/python3.10/dist-packages/ros_ign_interfaces/msg/_contacts_s.c
[2.264s] -- Up-to-date: /home/jagdeesh/tracker/install/ros_ign_interfaces/local/lib/python3.10/dist-packages/ros_ign_interfaces/msg/_contacts.py
[2.265s] -- Up-to-date: /home/jagdeesh/tracker/install/ros_ign_interfaces/local/lib/python3.10/dist-packages/ros_ign_interfaces/msg/_string_vec_s.c
[2.267s] -- Up-to-date: /home/jagdeesh/tracker/install/ros_ign_interfaces/local/lib/python3.10/dist-packages/ros_ign_interfaces/ros_ign_interfaces_s__rosidl_typesupport_fastrtps_c.cpython-310-x86_64-linux-gnu.so
[2.273s] Listing '/home/jagdeesh/tracker/install/ros_ign_interfaces/local/lib/python3.10/dist-packages/ros_ign_interfaces'...
[2.273s] Listing '/home/jagdeesh/tracker/install/ros_ign_interfaces/local/lib/python3.10/dist-packages/ros_ign_interfaces/msg'...
[2.273s] Listing '/home/jagdeesh/tracker/install/ros_ign_interfaces/local/lib/python3.10/dist-packages/ros_ign_interfaces/srv'...
[2.273s] -- Up-to-date: /home/jagdeesh/tracker/install/ros_ign_interfaces/local/lib/python3.10/dist-packages/ros_ign_interfaces/ros_ign_interfaces_s__rosidl_typesupport_fastrtps_c.cpython-310-x86_64-linux-gnu.so
[2.273s] -- Up-to-date: /home/jagdeesh/tracker/install/ros_ign_interfaces/local/lib/python3.10/dist-packages/ros_ign_interfaces/ros_ign_interfaces_s__rosidl_typesupport_introspection_c.cpython-310-x86_64-linux-gnu.so
[2.273s] -- Up-to-date: /home/jagdeesh/tracker/install/ros_ign_interfaces/local/lib/python3.10/dist-packages/ros_ign_interfaces/ros_ign_interfaces_s__rosidl_typesupport_c.cpython-310-x86_64-linux-gnu.so
[2.274s] -- Up-to-date: /home/jagdeesh/tracker/install/ros_ign_interfaces/lib/libros_ign_interfaces__rosidl_generator_py.so
[2.274s] -- Up-to-date: /home/jagdeesh/tracker/install/ros_ign_interfaces/share/ament_index/resource_index/rust_packages/ros_ign_interfaces
[2.274s] -- Up-to-date: /home/jagdeesh/tracker/install/ros_ign_interfaces/share/ros_ign_interfaces/rust
[2.274s] -- Up-to-date: /home/jagdeesh/tracker/install/ros_ign_interfaces/share/ros_ign_interfaces/rust/src
[2.282s] -- Up-to-date: /home/jagdeesh/tracker/install/ros_ign_interfaces/share/ros_ign_interfaces/rust/src/srv.rs
[2.283s] -- Up-to-date: /home/jagdeesh/tracker/install/ros_ign_interfaces/share/ros_ign_interfaces/rust/src/srv
[2.283s] -- Up-to-date: /home/jagdeesh/tracker/install/ros_ign_interfaces/share/ros_ign_interfaces/rust/src/srv/rmw.rs
[2.283s] -- Up-to-date: /home/jagdeesh/tracker/install/ros_ign_interfaces/share/ros_ign_interfaces/rust/src/lib.rs
[2.283s] -- Up-to-date: /home/jagdeesh/tracker/install/ros_ign_interfaces/share/ros_ign_interfaces/rust/src/msg
[2.283s] -- Up-to-date: /home/jagdeesh/tracker/install/ros_ign_interfaces/share/ros_ign_interfaces/rust/src/msg/rmw.rs
[2.286s] -- Up-to-date: /home/jagdeesh/tracker/install/ros_ign_interfaces/share/ros_ign_interfaces/rust/src/msg.rs
[2.286s] -- Up-to-date: /home/jagdeesh/tracker/install/ros_ign_interfaces/share/ros_ign_interfaces/rust/Cargo.toml
[2.286s] -- Up-to-date: /home/jagdeesh/tracker/install/ros_ign_interfaces/share/ros_ign_interfaces/rust/build.rs
[2.288s] -- Up-to-date: /home/jagdeesh/tracker/install/ros_ign_interfaces/share/ros_ign_interfaces/msg/Contact.idl
[2.288s] -- Up-to-date: /home/jagdeesh/tracker/install/ros_ign_interfaces/share/ros_ign_interfaces/msg/Contacts.idl
[2.288s] -- Up-to-date: /home/jagdeesh/tracker/install/ros_ign_interfaces/share/ros_ign_interfaces/msg/Entity.idl
[2.288s] -- Up-to-date: /home/jagdeesh/tracker/install/ros_ign_interfaces/share/ros_ign_interfaces/msg/EntityFactory.idl
[2.289s] -- Up-to-date: /home/jagdeesh/tracker/install/ros_ign_interfaces/share/ros_ign_interfaces/msg/GuiCamera.idl
[2.289s] -- Up-to-date: /home/jagdeesh/tracker/install/ros_ign_interfaces/share/ros_ign_interfaces/msg/JointWrench.idl
[2.289s] -- Up-to-date: /home/jagdeesh/tracker/install/ros_ign_interfaces/share/ros_ign_interfaces/msg/Light.idl
[2.289s] -- Up-to-date: /home/jagdeesh/tracker/install/ros_ign_interfaces/share/ros_ign_interfaces/msg/StringVec.idl
[2.289s] -- Up-to-date: /home/jagdeesh/tracker/install/ros_ign_interfaces/share/ros_ign_interfaces/msg/TrackVisual.idl
[2.290s] -- Up-to-date: /home/jagdeesh/tracker/install/ros_ign_interfaces/share/ros_ign_interfaces/msg/VideoRecord.idl
[2.290s] -- Up-to-date: /home/jagdeesh/tracker/install/ros_ign_interfaces/share/ros_ign_interfaces/msg/WorldControl.idl
[2.290s] -- Up-to-date: /home/jagdeesh/tracker/install/ros_ign_interfaces/share/ros_ign_interfaces/msg/WorldReset.idl
[2.290s] -- Up-to-date: /home/jagdeesh/tracker/install/ros_ign_interfaces/share/ros_ign_interfaces/srv/ControlWorld.idl
[2.290s] -- Up-to-date: /home/jagdeesh/tracker/install/ros_ign_interfaces/share/ros_ign_interfaces/srv/DeleteEntity.idl
[2.290s] -- Up-to-date: /home/jagdeesh/tracker/install/ros_ign_interfaces/share/ros_ign_interfaces/srv/SetEntityPose.idl
[2.290s] -- Up-to-date: /home/jagdeesh/tracker/install/ros_ign_interfaces/share/ros_ign_interfaces/srv/SpawnEntity.idl
[2.291s] -- Up-to-date: /home/jagdeesh/tracker/install/ros_ign_interfaces/share/ros_ign_interfaces/msg/Contact.msg
[2.291s] -- Up-to-date: /home/jagdeesh/tracker/install/ros_ign_interfaces/share/ros_ign_interfaces/msg/Contacts.msg
[2.291s] -- Up-to-date: /home/jagdeesh/tracker/install/ros_ign_interfaces/share/ros_ign_interfaces/msg/Entity.msg
[2.291s] -- Up-to-date: /home/jagdeesh/tracker/install/ros_ign_interfaces/share/ros_ign_interfaces/msg/EntityFactory.msg
[2.297s] -- Up-to-date: /home/jagdeesh/tracker/install/ros_ign_interfaces/share/ros_ign_interfaces/msg/GuiCamera.msg
[2.297s] -- Up-to-date: /home/jagdeesh/tracker/install/ros_ign_interfaces/share/ros_ign_interfaces/msg/JointWrench.msg
[2.298s] -- Up-to-date: /home/jagdeesh/tracker/install/ros_ign_interfaces/share/ros_ign_interfaces/msg/Light.msg
[2.298s] -- Up-to-date: /home/jagdeesh/tracker/install/ros_ign_interfaces/share/ros_ign_interfaces/msg/StringVec.msg
[2.298s] -- Up-to-date: /home/jagdeesh/tracker/install/ros_ign_interfaces/share/ros_ign_interfaces/msg/TrackVisual.msg
[2.298s] -- Up-to-date: /home/jagdeesh/tracker/install/ros_ign_interfaces/share/ros_ign_interfaces/msg/VideoRecord.msg
[2.298s] -- Up-to-date: /home/jagdeesh/tracker/install/ros_ign_interfaces/share/ros_ign_interfaces/msg/WorldControl.msg
[2.298s] -- Up-to-date: /home/jagdeesh/tracker/install/ros_ign_interfaces/share/ros_ign_interfaces/msg/WorldReset.msg
[2.298s] -- Up-to-date: /home/jagdeesh/tracker/install/ros_ign_interfaces/share/ros_ign_interfaces/srv/ControlWorld.srv
[2.299s] -- Up-to-date: /home/jagdeesh/tracker/install/ros_ign_interfaces/share/ros_ign_interfaces/srv/ControlWorld_Request.msg
[2.299s] -- Up-to-date: /home/jagdeesh/tracker/install/ros_ign_interfaces/share/ros_ign_interfaces/srv/ControlWorld_Response.msg
[2.299s] -- Up-to-date: /home/jagdeesh/tracker/install/ros_ign_interfaces/share/ros_ign_interfaces/srv/DeleteEntity.srv
[2.299s] -- Up-to-date: /home/jagdeesh/tracker/install/ros_ign_interfaces/share/ros_ign_interfaces/srv/DeleteEntity_Request.msg
[2.299s] -- Up-to-date: /home/jagdeesh/tracker/install/ros_ign_interfaces/share/ros_ign_interfaces/srv/DeleteEntity_Response.msg
[2.299s] -- Up-to-date: /home/jagdeesh/tracker/install/ros_ign_interfaces/share/ros_ign_interfaces/srv/SetEntityPose.srv
[2.299s] -- Up-to-date: /home/jagdeesh/tracker/install/ros_ign_interfaces/share/ros_ign_interfaces/srv/SetEntityPose_Request.msg
[2.304s] -- Up-to-date: /home/jagdeesh/tracker/install/ros_ign_interfaces/share/ros_ign_interfaces/srv/SetEntityPose_Response.msg
[2.304s] -- Up-to-date: /home/jagdeesh/tracker/install/ros_ign_interfaces/share/ros_ign_interfaces/srv/SpawnEntity.srv
[2.304s] -- Up-to-date: /home/jagdeesh/tracker/install/ros_ign_interfaces/share/ros_ign_interfaces/srv/SpawnEntity_Request.msg
[2.305s] -- Up-to-date: /home/jagdeesh/tracker/install/ros_ign_interfaces/share/ros_ign_interfaces/srv/SpawnEntity_Response.msg
[2.305s] -- Up-to-date: /home/jagdeesh/tracker/install/ros_ign_interfaces/share/ament_index/resource_index/package_run_dependencies/ros_ign_interfaces
[2.305s] -- Up-to-date: /home/jagdeesh/tracker/install/ros_ign_interfaces/share/ament_index/resource_index/parent_prefix_path/ros_ign_interfaces
[2.305s] -- Up-to-date: /home/jagdeesh/tracker/install/ros_ign_interfaces/share/ros_ign_interfaces/environment/ament_prefix_path.sh
[2.308s] -- Up-to-date: /home/jagdeesh/tracker/install/ros_ign_interfaces/share/ros_ign_interfaces/environment/ament_prefix_path.dsv
[2.308s] -- Up-to-date: /home/jagdeesh/tracker/install/ros_ign_interfaces/share/ros_ign_interfaces/environment/path.sh
[2.309s] -- Up-to-date: /home/jagdeesh/tracker/install/ros_ign_interfaces/share/ros_ign_interfaces/environment/path.dsv
[2.309s] -- Up-to-date: /home/jagdeesh/tracker/install/ros_ign_interfaces/share/ros_ign_interfaces/local_setup.bash
[2.309s] -- Up-to-date: /home/jagdeesh/tracker/install/ros_ign_interfaces/share/ros_ign_interfaces/local_setup.sh
[2.311s] -- Up-to-date: /home/jagdeesh/tracker/install/ros_ign_interfaces/share/ros_ign_interfaces/local_setup.zsh
[2.311s] -- Up-to-date: /home/jagdeesh/tracker/install/ros_ign_interfaces/share/ros_ign_interfaces/local_setup.dsv
[2.311s] -- Installing: /home/jagdeesh/tracker/install/ros_ign_interfaces/share/ros_ign_interfaces/package.dsv
[2.311s] -- Up-to-date: /home/jagdeesh/tracker/install/ros_ign_interfaces/share/ament_index/resource_index/packages/ros_ign_interfaces
[2.312s] -- Up-to-date: /home/jagdeesh/tracker/install/ros_ign_interfaces/share/ros_ign_interfaces/cmake/export_ros_ign_interfaces__rosidl_generator_cExport.cmake
[2.312s] -- Up-to-date: /home/jagdeesh/tracker/install/ros_ign_interfaces/share/ros_ign_interfaces/cmake/export_ros_ign_interfaces__rosidl_generator_cExport-release.cmake
[2.312s] -- Up-to-date: /home/jagdeesh/tracker/install/ros_ign_interfaces/share/ros_ign_interfaces/cmake/export_ros_ign_interfaces__rosidl_typesupport_fastrtps_cExport.cmake
[2.312s] -- Up-to-date: /home/jagdeesh/tracker/install/ros_ign_interfaces/share/ros_ign_interfaces/cmake/export_ros_ign_interfaces__rosidl_typesupport_fastrtps_cExport-release.cmake
[2.312s] -- Up-to-date: /home/jagdeesh/tracker/install/ros_ign_interfaces/share/ros_ign_interfaces/cmake/export_ros_ign_interfaces__rosidl_generator_cppExport.cmake
[2.312s] -- Up-to-date: /home/jagdeesh/tracker/install/ros_ign_interfaces/share/ros_ign_interfaces/cmake/export_ros_ign_interfaces__rosidl_typesupport_fastrtps_cppExport.cmake
[2.312s] -- Up-to-date: /home/jagdeesh/tracker/install/ros_ign_interfaces/share/ros_ign_interfaces/cmake/export_ros_ign_interfaces__rosidl_typesupport_fastrtps_cppExport-release.cmake
[2.313s] -- Up-to-date: /home/jagdeesh/tracker/install/ros_ign_interfaces/share/ros_ign_interfaces/cmake/ros_ign_interfaces__rosidl_typesupport_introspection_cExport.cmake
[2.313s] -- Up-to-date: /home/jagdeesh/tracker/install/ros_ign_interfaces/share/ros_ign_interfaces/cmake/ros_ign_interfaces__rosidl_typesupport_introspection_cExport-release.cmake
[2.313s] -- Up-to-date: /home/jagdeesh/tracker/install/ros_ign_interfaces/share/ros_ign_interfaces/cmake/ros_ign_interfaces__rosidl_typesupport_cExport.cmake
[2.314s] -- Up-to-date: /home/jagdeesh/tracker/install/ros_ign_interfaces/share/ros_ign_interfaces/cmake/ros_ign_interfaces__rosidl_typesupport_cExport-release.cmake
[2.315s] -- Up-to-date: /home/jagdeesh/tracker/install/ros_ign_interfaces/share/ros_ign_interfaces/cmake/ros_ign_interfaces__rosidl_typesupport_introspection_cppExport.cmake
[2.316s] -- Up-to-date: /home/jagdeesh/tracker/install/ros_ign_interfaces/share/ros_ign_interfaces/cmake/ros_ign_interfaces__rosidl_typesupport_introspection_cppExport-release.cmake
[2.316s] -- Up-to-date: /home/jagdeesh/tracker/install/ros_ign_interfaces/share/ros_ign_interfaces/cmake/ros_ign_interfaces__rosidl_typesupport_cppExport.cmake
[2.316s] -- Up-to-date: /home/jagdeesh/tracker/install/ros_ign_interfaces/share/ros_ign_interfaces/cmake/ros_ign_interfaces__rosidl_typesupport_cppExport-release.cmake
[2.316s] -- Up-to-date: /home/jagdeesh/tracker/install/ros_ign_interfaces/share/ros_ign_interfaces/cmake/export_ros_ign_interfaces__rosidl_generator_pyExport.cmake
[2.316s] -- Up-to-date: /home/jagdeesh/tracker/install/ros_ign_interfaces/share/ros_ign_interfaces/cmake/export_ros_ign_interfaces__rosidl_generator_pyExport-release.cmake
[2.317s] -- Up-to-date: /home/jagdeesh/tracker/install/ros_ign_interfaces/share/ros_ign_interfaces/cmake/rosidl_cmake-extras.cmake
[2.317s] -- Up-to-date: /home/jagdeesh/tracker/install/ros_ign_interfaces/share/ros_ign_interfaces/cmake/ament_cmake_export_dependencies-extras.cmake
[2.319s] -- Up-to-date: /home/jagdeesh/tracker/install/ros_ign_interfaces/share/ros_ign_interfaces/cmake/ament_cmake_export_include_directories-extras.cmake
[2.320s] -- Up-to-date: /home/jagdeesh/tracker/install/ros_ign_interfaces/share/ros_ign_interfaces/cmake/ament_cmake_export_libraries-extras.cmake
[2.320s] -- Up-to-date: /home/jagdeesh/tracker/install/ros_ign_interfaces/share/ros_ign_interfaces/cmake/ament_cmake_export_targets-extras.cmake
[2.320s] -- Up-to-date: /home/jagdeesh/tracker/install/ros_ign_interfaces/share/ros_ign_interfaces/cmake/rosidl_cmake_export_typesupport_targets-extras.cmake
[2.320s] -- Up-to-date: /home/jagdeesh/tracker/install/ros_ign_interfaces/share/ros_ign_interfaces/cmake/rosidl_cmake_export_typesupport_libraries-extras.cmake
[2.321s] -- Up-to-date: /home/jagdeesh/tracker/install/ros_ign_interfaces/share/ros_ign_interfaces/cmake/ros_ign_interfacesConfig.cmake
[2.321s] -- Up-to-date: /home/jagdeesh/tracker/install/ros_ign_interfaces/share/ros_ign_interfaces/cmake/ros_ign_interfacesConfig-version.cmake
[2.321s] -- Up-to-date: /home/jagdeesh/tracker/install/ros_ign_interfaces/share/ros_ign_interfaces/package.xml
[2.330s] Invoked command in '/home/jagdeesh/tracker/build/ros_ign_interfaces' returned '0': AMENT_PREFIX_PATH=/home/jagdeesh/tracker/install/ros_gz_interfaces:${AMENT_PREFIX_PATH} CMAKE_PREFIX_PATH=/home/jagdeesh/tracker/install/ros_gz_interfaces:/opt/ros/humble LD_LIBRARY_PATH=/home/jagdeesh/tracker/install/ros_gz_interfaces/lib:${LD_LIBRARY_PATH} PYTHONPATH=/home/jagdeesh/tracker/install/ros_gz_interfaces/local/lib/python3.10/dist-packages:${PYTHONPATH} /usr/bin/cmake --install /home/jagdeesh/tracker/build/ros_ign_interfaces
