[0.061s] Invoking command in '/home/jagdeesh/tracker/build/aruco_tracker': AMENT_PREFIX_PATH=/home/jagdeesh/tracker/install/px4_msgs:/home/jagdeesh/tracker/install/cv_bridge:${AMENT_PREFIX_PATH} CMAKE_PREFIX_PATH=/home/jagdeesh/tracker/install/px4_msgs:/home/jagdeesh/tracker/install/cv_bridge:/opt/ros/humble LD_LIBRARY_PATH=/home/jagdeesh/tracker/install/px4_msgs/lib:/home/jagdeesh/tracker/install/cv_bridge/lib:${LD_LIBRARY_PATH} PYTHONPATH=/home/jagdeesh/tracker/install/px4_msgs/local/lib/python3.10/dist-packages:/home/jagdeesh/tracker/install/cv_bridge/local/lib/python3.10/dist-packages:${PYTHONPATH} /usr/bin/cmake /home/jagdeesh/tracker/fixed_src/aruco_tracker -DCMAKE_BUILD_TYPE=Release -DCMAKE_INSTALL_PREFIX=/home/jagdeesh/tracker/install/aruco_tracker
[0.232s] -- The C compiler identification is GNU 11.4.0
[0.447s] -- The CXX compiler identification is GNU 11.4.0
[0.485s] -- Detecting C compiler ABI info
[0.741s] -- Detecting C compiler ABI info - done
[0.767s] -- Check for working C compiler: /usr/bin/cc - skipped
[0.770s] -- Detecting C compile features
[0.772s] -- Detecting C compile features - done
[0.787s] -- Detecting CXX compiler ABI info
[1.048s] -- Detecting CXX compiler ABI info - done
[1.081s] -- Check for working CXX compiler: /usr/bin/c++ - skipped
[1.083s] -- Detecting CXX compile features
[1.087s] -- Detecting CXX compile features - done
[1.096s] -- Found ament_cmake: 1.3.14 (/opt/ros/humble/share/ament_cmake/cmake)
[1.641s] -- Found Python3: /usr/bin/python3 (found version "3.10.12") found components: Interpreter 
[1.903s] -- Found rclcpp: 16.0.18 (/opt/ros/humble/share/rclcpp/cmake)
[2.026s] -- Found rosidl_generator_c: 3.1.8 (/opt/ros/humble/share/rosidl_generator_c/cmake)
[2.039s] -- Found rosidl_adapter: 3.1.8 (/opt/ros/humble/share/rosidl_adapter/cmake)
[2.068s] -- Found rosidl_generator_cpp: 3.1.8 (/opt/ros/humble/share/rosidl_generator_cpp/cmake)
[2.105s] -- Using all available rosidl_typesupport_c: rosidl_typesupport_fastrtps_c;rosidl_typesupport_introspection_c
[2.157s] -- Using all available rosidl_typesupport_cpp: rosidl_typesupport_fastrtps_cpp;rosidl_typesupport_introspection_cpp
[2.307s] -- Found rmw_implementation_cmake: 6.1.2 (/opt/ros/humble/share/rmw_implementation_cmake/cmake)
[2.316s] -- Found rmw_fastrtps_cpp: 6.2.10 (/opt/ros/humble/share/rmw_fastrtps_cpp/cmake)
[2.571s] -- Found OpenSSL: /usr/lib/x86_64-linux-gnu/libcrypto.so (found version "3.0.2")  
[2.655s] -- Found FastRTPS: /opt/ros/humble/include  
[2.879s] -- Using RMW implementation 'rmw_fastrtps_cpp' as default
[2.925s] -- Looking for pthread.h
[3.304s] -- Looking for pthread.h - found
[3.309s] -- Performing Test CMAKE_HAVE_LIBC_PTHREAD
[3.682s] -- Performing Test CMAKE_HAVE_LIBC_PTHREAD - Success
[3.687s] -- Found Threads: TRUE  
[3.829s] -- Found sensor_msgs: 4.9.1 (/opt/ros/humble/share/sensor_msgs/cmake)
[3.910s] -- Found cv_bridge: 4.1.0 (/home/jagdeesh/tracker/install/cv_bridge/share/cv_bridge/cmake)
[3.941s] -- Found OpenCV: /usr/local (found suitable version "4.10.0", minimum required is "4.10.0") found components: core imgproc calib3d aruco objdetect 
[3.950s] -- Found ament_lint_auto: 0.12.15 (/opt/ros/humble/share/ament_lint_auto/cmake)
[4.276s] -- Added test 'copyright' to check source files copyright and LICENSE
[4.279s] -- Added test 'cppcheck' to perform static code analysis on C / C++ code
[4.280s] -- Configured cppcheck include dirs: 
[4.280s] -- Configured cppcheck exclude dirs and/or files: 
[4.284s] -- Added test 'cpplint' to check C / C++ code against the Google style
[4.284s] -- Configured cpplint exclude dirs and/or files: 
[4.287s] -- Added test 'lint_cmake' to check CMake code style
[4.289s] -- Added test 'uncrustify' to check C / C++ code style
[4.289s] -- Configured uncrustify additional arguments: 
[4.295s] -- Added test 'xmllint' to check XML markup files
[4.296s] -- Configuring done
[4.346s] -- Generating done
[4.358s] -- Build files have been written to: /home/jagdeesh/tracker/build/aruco_tracker
[4.390s] Invoked command in '/home/jagdeesh/tracker/build/aruco_tracker' returned '0': AMENT_PREFIX_PATH=/home/jagdeesh/tracker/install/px4_msgs:/home/jagdeesh/tracker/install/cv_bridge:${AMENT_PREFIX_PATH} CMAKE_PREFIX_PATH=/home/jagdeesh/tracker/install/px4_msgs:/home/jagdeesh/tracker/install/cv_bridge:/opt/ros/humble LD_LIBRARY_PATH=/home/jagdeesh/tracker/install/px4_msgs/lib:/home/jagdeesh/tracker/install/cv_bridge/lib:${LD_LIBRARY_PATH} PYTHONPATH=/home/jagdeesh/tracker/install/px4_msgs/local/lib/python3.10/dist-packages:/home/jagdeesh/tracker/install/cv_bridge/local/lib/python3.10/dist-packages:${PYTHONPATH} /usr/bin/cmake /home/jagdeesh/tracker/fixed_src/aruco_tracker -DCMAKE_BUILD_TYPE=Release -DCMAKE_INSTALL_PREFIX=/home/jagdeesh/tracker/install/aruco_tracker
[4.398s] Invoking command in '/home/jagdeesh/tracker/build/aruco_tracker': AMENT_PREFIX_PATH=/home/jagdeesh/tracker/install/px4_msgs:/home/jagdeesh/tracker/install/cv_bridge:${AMENT_PREFIX_PATH} CMAKE_PREFIX_PATH=/home/jagdeesh/tracker/install/px4_msgs:/home/jagdeesh/tracker/install/cv_bridge:/opt/ros/humble LD_LIBRARY_PATH=/home/jagdeesh/tracker/install/px4_msgs/lib:/home/jagdeesh/tracker/install/cv_bridge/lib:${LD_LIBRARY_PATH} PYTHONPATH=/home/jagdeesh/tracker/install/px4_msgs/local/lib/python3.10/dist-packages:/home/jagdeesh/tracker/install/cv_bridge/local/lib/python3.10/dist-packages:${PYTHONPATH} /usr/bin/cmake --build /home/jagdeesh/tracker/build/aruco_tracker -- -j12 -l12
[4.454s] gmake[1]: Entering directory '/home/jagdeesh/tracker/build/aruco_tracker'
[4.554s] gmake[2]: Entering directory '/home/jagdeesh/tracker/build/aruco_tracker'
[4.556s] gmake[3]: Entering directory '/home/jagdeesh/tracker/build/aruco_tracker'
[4.582s] gmake[3]: Leaving directory '/home/jagdeesh/tracker/build/aruco_tracker'
[4.588s] gmake[3]: Entering directory '/home/jagdeesh/tracker/build/aruco_tracker'
[4.625s] [ 50%] [32mBuilding CXX object CMakeFiles/aruco_tracker.dir/ArucoTracker.cpp.o[0m
[33.071s] [100%] [32m[1mLinking CXX executable aruco_tracker[0m
[33.470s] gmake[3]: Leaving directory '/home/jagdeesh/tracker/build/aruco_tracker'
[33.481s] [100%] Built target aruco_tracker
[33.482s] gmake[2]: Leaving directory '/home/jagdeesh/tracker/build/aruco_tracker'
[33.494s] gmake[1]: Leaving directory '/home/jagdeesh/tracker/build/aruco_tracker'
[33.496s] Invoked command in '/home/jagdeesh/tracker/build/aruco_tracker' returned '0': AMENT_PREFIX_PATH=/home/jagdeesh/tracker/install/px4_msgs:/home/jagdeesh/tracker/install/cv_bridge:${AMENT_PREFIX_PATH} CMAKE_PREFIX_PATH=/home/jagdeesh/tracker/install/px4_msgs:/home/jagdeesh/tracker/install/cv_bridge:/opt/ros/humble LD_LIBRARY_PATH=/home/jagdeesh/tracker/install/px4_msgs/lib:/home/jagdeesh/tracker/install/cv_bridge/lib:${LD_LIBRARY_PATH} PYTHONPATH=/home/jagdeesh/tracker/install/px4_msgs/local/lib/python3.10/dist-packages:/home/jagdeesh/tracker/install/cv_bridge/local/lib/python3.10/dist-packages:${PYTHONPATH} /usr/bin/cmake --build /home/jagdeesh/tracker/build/aruco_tracker -- -j12 -l12
[33.499s] Invoking command in '/home/jagdeesh/tracker/build/aruco_tracker': AMENT_PREFIX_PATH=/home/jagdeesh/tracker/install/px4_msgs:/home/jagdeesh/tracker/install/cv_bridge:${AMENT_PREFIX_PATH} CMAKE_PREFIX_PATH=/home/jagdeesh/tracker/install/px4_msgs:/home/jagdeesh/tracker/install/cv_bridge:/opt/ros/humble LD_LIBRARY_PATH=/home/jagdeesh/tracker/install/px4_msgs/lib:/home/jagdeesh/tracker/install/cv_bridge/lib:${LD_LIBRARY_PATH} PYTHONPATH=/home/jagdeesh/tracker/install/px4_msgs/local/lib/python3.10/dist-packages:/home/jagdeesh/tracker/install/cv_bridge/local/lib/python3.10/dist-packages:${PYTHONPATH} /usr/bin/cmake --install /home/jagdeesh/tracker/build/aruco_tracker
[33.509s] -- Install configuration: "Release"
[33.509s] -- Installing: /home/jagdeesh/tracker/install/aruco_tracker/lib/aruco_tracker/aruco_tracker
[33.511s] -- Set runtime path of "/home/jagdeesh/tracker/install/aruco_tracker/lib/aruco_tracker/aruco_tracker" to ""
[33.511s] -- Installing: /home/jagdeesh/tracker/install/aruco_tracker/share/aruco_tracker//cfg
[33.511s] -- Installing: /home/jagdeesh/tracker/install/aruco_tracker/share/aruco_tracker//cfg/params.yaml
[33.512s] -- Installing: /home/jagdeesh/tracker/install/aruco_tracker/share/ament_index/resource_index/package_run_dependencies/aruco_tracker
[33.512s] -- Installing: /home/jagdeesh/tracker/install/aruco_tracker/share/ament_index/resource_index/parent_prefix_path/aruco_tracker
[33.512s] -- Installing: /home/jagdeesh/tracker/install/aruco_tracker/share/aruco_tracker/environment/ament_prefix_path.sh
[33.513s] -- Installing: /home/jagdeesh/tracker/install/aruco_tracker/share/aruco_tracker/environment/ament_prefix_path.dsv
[33.513s] -- Installing: /home/jagdeesh/tracker/install/aruco_tracker/share/aruco_tracker/environment/path.sh
[33.513s] -- Installing: /home/jagdeesh/tracker/install/aruco_tracker/share/aruco_tracker/environment/path.dsv
[33.513s] -- Installing: /home/jagdeesh/tracker/install/aruco_tracker/share/aruco_tracker/local_setup.bash
[33.513s] -- Installing: /home/jagdeesh/tracker/install/aruco_tracker/share/aruco_tracker/local_setup.sh
[33.513s] -- Installing: /home/jagdeesh/tracker/install/aruco_tracker/share/aruco_tracker/local_setup.zsh
[33.514s] -- Installing: /home/jagdeesh/tracker/install/aruco_tracker/share/aruco_tracker/local_setup.dsv
[33.514s] -- Installing: /home/jagdeesh/tracker/install/aruco_tracker/share/aruco_tracker/package.dsv
[33.514s] -- Installing: /home/jagdeesh/tracker/install/aruco_tracker/share/ament_index/resource_index/packages/aruco_tracker
[33.514s] -- Installing: /home/jagdeesh/tracker/install/aruco_tracker/share/aruco_tracker/cmake/aruco_trackerConfig.cmake
[33.514s] -- Installing: /home/jagdeesh/tracker/install/aruco_tracker/share/aruco_tracker/cmake/aruco_trackerConfig-version.cmake
[33.515s] -- Installing: /home/jagdeesh/tracker/install/aruco_tracker/share/aruco_tracker/package.xml
[33.518s] Invoked command in '/home/jagdeesh/tracker/build/aruco_tracker' returned '0': AMENT_PREFIX_PATH=/home/jagdeesh/tracker/install/px4_msgs:/home/jagdeesh/tracker/install/cv_bridge:${AMENT_PREFIX_PATH} CMAKE_PREFIX_PATH=/home/jagdeesh/tracker/install/px4_msgs:/home/jagdeesh/tracker/install/cv_bridge:/opt/ros/humble LD_LIBRARY_PATH=/home/jagdeesh/tracker/install/px4_msgs/lib:/home/jagdeesh/tracker/install/cv_bridge/lib:${LD_LIBRARY_PATH} PYTHONPATH=/home/jagdeesh/tracker/install/px4_msgs/local/lib/python3.10/dist-packages:/home/jagdeesh/tracker/install/cv_bridge/local/lib/python3.10/dist-packages:${PYTHONPATH} /usr/bin/cmake --install /home/jagdeesh/tracker/build/aruco_tracker
