-- Found ament_cmake: 1.3.14 (/opt/ros/humble/share/ament_cmake/cmake)
-- Found image_transport: 3.1.12 (/opt/ros/humble/share/image_transport/cmake)
-- Found rosidl_generator_c: 3.1.8 (/opt/ros/humble/share/rosidl_generator_c/cmake)
-- Found rosidl_adapter: 3.1.8 (/opt/ros/humble/share/rosidl_adapter/cmake)
-- Found rosidl_generator_cpp: 3.1.8 (/opt/ros/humble/share/rosidl_generator_cpp/cmake)
-- Using all available rosidl_typesupport_c: rosidl_typesupport_fastrtps_c;rosidl_typesupport_introspection_c
-- Using all available rosidl_typesupport_cpp: rosidl_typesupport_fastrtps_cpp;rosidl_typesupport_introspection_cpp
-- Found rmw_implementation_cmake: 6.1.2 (/opt/ros/humble/share/rmw_implementation_cmake/cmake)
-- Found rmw_fastrtps_cpp: 6.2.10 (/opt/ros/humble/share/rmw_fastrtps_cpp/cmake)
-- Using RMW implementation 'rmw_fastrtps_cpp' as default
-- Found ros_gz_bridge: 0.244.20 (/home/jagdeesh/tracker/install/ros_gz_bridge/share/ros_gz_bridge/cmake)
-- Found Protobuf: /usr/lib/x86_64-linux-gnu/libprotobuf.so (found suitable version "3.12.4", minimum required is "3") 
-- Found Protobuf: /usr/lib/x86_64-linux-gnu/libprotobuf.so (found version "3.12.4") 
-- Looking for ignition-transport11 -- found version 11.4.2
-- Looking for ignition-msgs8 -- found version 8.7.0
-- Compiling against Ignition Fortress
-- Found ament_lint_auto: 0.12.15 (/opt/ros/humble/share/ament_lint_auto/cmake)
-- Added test 'copyright' to check source files copyright and LICENSE
-- Added test 'cppcheck' to perform static code analysis on C / C++ code
-- Configured cppcheck include dirs: /home/jagdeesh/tracker/src/ros_gz/ros_gz_image/include
-- Configured cppcheck exclude dirs and/or files: 
-- Added test 'cpplint' to check C / C++ code against the Google style
-- Configured cpplint exclude dirs and/or files: 
-- Added test 'lint_cmake' to check CMake code style
-- Added test 'uncrustify' to check C / C++ code style
-- Configured uncrustify additional arguments: 
-- Added test 'xmllint' to check XML markup files
-- Configuring done
-- Generating done
-- Build files have been written to: /home/jagdeesh/tracker/build/ros_gz_image
[35m[1mConsolidate compiler generated dependencies of target image_bridge[0m
[100%] Built target image_bridge
-- Install configuration: "Release"
-- Up-to-date: /home/jagdeesh/tracker/install/ros_gz_image/lib/ros_gz_image/image_bridge
-- Up-to-date: /home/jagdeesh/tracker/install/ros_gz_image/share/ament_index/resource_index/package_run_dependencies/ros_gz_image
-- Up-to-date: /home/jagdeesh/tracker/install/ros_gz_image/share/ament_index/resource_index/parent_prefix_path/ros_gz_image
-- Up-to-date: /home/jagdeesh/tracker/install/ros_gz_image/share/ros_gz_image/environment/ament_prefix_path.sh
-- Installing: /home/jagdeesh/tracker/install/ros_gz_image/share/ros_gz_image/environment/ament_prefix_path.dsv
-- Up-to-date: /home/jagdeesh/tracker/install/ros_gz_image/share/ros_gz_image/environment/path.sh
-- Installing: /home/jagdeesh/tracker/install/ros_gz_image/share/ros_gz_image/environment/path.dsv
-- Up-to-date: /home/jagdeesh/tracker/install/ros_gz_image/share/ros_gz_image/local_setup.bash
-- Up-to-date: /home/jagdeesh/tracker/install/ros_gz_image/share/ros_gz_image/local_setup.sh
-- Up-to-date: /home/jagdeesh/tracker/install/ros_gz_image/share/ros_gz_image/local_setup.zsh
-- Installing: /home/jagdeesh/tracker/install/ros_gz_image/share/ros_gz_image/local_setup.dsv
-- Installing: /home/jagdeesh/tracker/install/ros_gz_image/share/ros_gz_image/package.dsv
-- Up-to-date: /home/jagdeesh/tracker/install/ros_gz_image/share/ament_index/resource_index/packages/ros_gz_image
-- Up-to-date: /home/jagdeesh/tracker/install/ros_gz_image/share/ros_gz_image/cmake/ros_gz_imageConfig.cmake
-- Up-to-date: /home/jagdeesh/tracker/install/ros_gz_image/share/ros_gz_image/cmake/ros_gz_imageConfig-version.cmake
-- Up-to-date: /home/jagdeesh/tracker/install/ros_gz_image/share/ros_gz_image/package.xml
