[0.148s] Invoking command in '/home/jagdeesh/tracker/build/ros_ign_gazebo_demos': AMENT_PREFIX_PATH=/home/jagdeesh/tracker/install/ros_gz_sim_demos:/home/jagdeesh/tracker/install/ros_gz_image:/home/jagdeesh/tracker/install/ros_gz_bridge:/home/jagdeesh/tracker/install/ros_gz_sim:/home/jagdeesh/tracker/install/ros_gz_interfaces:${AMENT_PREFIX_PATH} CMAKE_PREFIX_PATH=/home/jagdeesh/tracker/install/ros_gz_sim_demos:/home/jagdeesh/tracker/install/ros_gz_image:/home/jagdeesh/tracker/install/ros_gz_bridge:/home/jagdeesh/tracker/install/ros_gz_sim:/home/jagdeesh/tracker/install/ros_gz_interfaces:/opt/ros/humble LD_LIBRARY_PATH=/home/jagdeesh/tracker/install/ros_gz_bridge/lib:/home/jagdeesh/tracker/install/ros_gz_sim/lib:/home/jagdeesh/tracker/install/ros_gz_interfaces/lib:${LD_LIBRARY_PATH} PYTHONPATH=/home/jagdeesh/tracker/install/ros_gz_interfaces/local/lib/python3.10/dist-packages:${PYTHONPATH} /usr/bin/cmake --build /home/jagdeesh/tracker/build/ros_ign_gazebo_demos -- -j12 -l12
[0.868s] Invoked command in '/home/jagdeesh/tracker/build/ros_ign_gazebo_demos' returned '0': AMENT_PREFIX_PATH=/home/jagdeesh/tracker/install/ros_gz_sim_demos:/home/jagdeesh/tracker/install/ros_gz_image:/home/jagdeesh/tracker/install/ros_gz_bridge:/home/jagdeesh/tracker/install/ros_gz_sim:/home/jagdeesh/tracker/install/ros_gz_interfaces:${AMENT_PREFIX_PATH} CMAKE_PREFIX_PATH=/home/jagdeesh/tracker/install/ros_gz_sim_demos:/home/jagdeesh/tracker/install/ros_gz_image:/home/jagdeesh/tracker/install/ros_gz_bridge:/home/jagdeesh/tracker/install/ros_gz_sim:/home/jagdeesh/tracker/install/ros_gz_interfaces:/opt/ros/humble LD_LIBRARY_PATH=/home/jagdeesh/tracker/install/ros_gz_bridge/lib:/home/jagdeesh/tracker/install/ros_gz_sim/lib:/home/jagdeesh/tracker/install/ros_gz_interfaces/lib:${LD_LIBRARY_PATH} PYTHONPATH=/home/jagdeesh/tracker/install/ros_gz_interfaces/local/lib/python3.10/dist-packages:${PYTHONPATH} /usr/bin/cmake --build /home/jagdeesh/tracker/build/ros_ign_gazebo_demos -- -j12 -l12
[0.875s] Invoking command in '/home/jagdeesh/tracker/build/ros_ign_gazebo_demos': AMENT_PREFIX_PATH=/home/jagdeesh/tracker/install/ros_gz_sim_demos:/home/jagdeesh/tracker/install/ros_gz_image:/home/jagdeesh/tracker/install/ros_gz_bridge:/home/jagdeesh/tracker/install/ros_gz_sim:/home/jagdeesh/tracker/install/ros_gz_interfaces:${AMENT_PREFIX_PATH} CMAKE_PREFIX_PATH=/home/jagdeesh/tracker/install/ros_gz_sim_demos:/home/jagdeesh/tracker/install/ros_gz_image:/home/jagdeesh/tracker/install/ros_gz_bridge:/home/jagdeesh/tracker/install/ros_gz_sim:/home/jagdeesh/tracker/install/ros_gz_interfaces:/opt/ros/humble LD_LIBRARY_PATH=/home/jagdeesh/tracker/install/ros_gz_bridge/lib:/home/jagdeesh/tracker/install/ros_gz_sim/lib:/home/jagdeesh/tracker/install/ros_gz_interfaces/lib:${LD_LIBRARY_PATH} PYTHONPATH=/home/jagdeesh/tracker/install/ros_gz_interfaces/local/lib/python3.10/dist-packages:${PYTHONPATH} /usr/bin/cmake --install /home/jagdeesh/tracker/build/ros_ign_gazebo_demos
[1.009s] -- Install configuration: "Release"
[1.009s] -- Up-to-date: /home/jagdeesh/tracker/install/ros_ign_gazebo_demos/share/ros_ign_gazebo_demos/launch
[1.009s] -- Up-to-date: /home/jagdeesh/tracker/install/ros_ign_gazebo_demos/share/ros_ign_gazebo_demos/launch/triggered_camera.launch.py
[1.009s] -- Up-to-date: /home/jagdeesh/tracker/install/ros_ign_gazebo_demos/share/ros_ign_gazebo_demos/launch/joint_states.launch.py
[1.009s] -- Up-to-date: /home/jagdeesh/tracker/install/ros_ign_gazebo_demos/share/ros_ign_gazebo_demos/launch/air_pressure.launch.py
[1.009s] -- Up-to-date: /home/jagdeesh/tracker/install/ros_ign_gazebo_demos/share/ros_ign_gazebo_demos/launch/gpu_lidar_bridge.launch.py
[1.009s] -- Up-to-date: /home/jagdeesh/tracker/install/ros_ign_gazebo_demos/share/ros_ign_gazebo_demos/launch/rgbd_camera.launch.py
[1.009s] -- Up-to-date: /home/jagdeesh/tracker/install/ros_ign_gazebo_demos/share/ros_ign_gazebo_demos/launch/magnetometer.launch.py
[1.009s] -- Up-to-date: /home/jagdeesh/tracker/install/ros_ign_gazebo_demos/share/ros_ign_gazebo_demos/launch/diff_drive.launch.py
[1.009s] -- Up-to-date: /home/jagdeesh/tracker/install/ros_ign_gazebo_demos/share/ros_ign_gazebo_demos/launch/rgbd_camera_bridge.launch.py
[1.010s] -- Up-to-date: /home/jagdeesh/tracker/install/ros_ign_gazebo_demos/share/ros_ign_gazebo_demos/launch/imu.launch.py
[1.010s] -- Up-to-date: /home/jagdeesh/tracker/install/ros_ign_gazebo_demos/share/ros_ign_gazebo_demos/launch/camera.launch.py
[1.010s] -- Up-to-date: /home/jagdeesh/tracker/install/ros_ign_gazebo_demos/share/ros_ign_gazebo_demos/launch/gpu_lidar.launch.py
[1.010s] -- Up-to-date: /home/jagdeesh/tracker/install/ros_ign_gazebo_demos/share/ros_ign_gazebo_demos/launch/depth_camera.launch.py
[1.010s] -- Up-to-date: /home/jagdeesh/tracker/install/ros_ign_gazebo_demos/share/ros_ign_gazebo_demos/launch/image_bridge.launch.py
[1.011s] -- Up-to-date: /home/jagdeesh/tracker/install/ros_ign_gazebo_demos/share/ros_ign_gazebo_demos/launch/robot_description_publisher.launch.py
[1.012s] -- Up-to-date: /home/jagdeesh/tracker/install/ros_ign_gazebo_demos/share/ros_ign_gazebo_demos/launch/tf_bridge.launch.py
[1.012s] -- Up-to-date: /home/jagdeesh/tracker/install/ros_ign_gazebo_demos/share/ros_ign_gazebo_demos/launch/battery.launch.py
[1.012s] -- Up-to-date: /home/jagdeesh/tracker/install/ros_ign_gazebo_demos/share/ament_index/resource_index/package_run_dependencies/ros_ign_gazebo_demos
[1.012s] -- Up-to-date: /home/jagdeesh/tracker/install/ros_ign_gazebo_demos/share/ament_index/resource_index/parent_prefix_path/ros_ign_gazebo_demos
[1.012s] -- Up-to-date: /home/jagdeesh/tracker/install/ros_ign_gazebo_demos/share/ros_ign_gazebo_demos/environment/ament_prefix_path.sh
[1.012s] -- Up-to-date: /home/jagdeesh/tracker/install/ros_ign_gazebo_demos/share/ros_ign_gazebo_demos/environment/ament_prefix_path.dsv
[1.012s] -- Up-to-date: /home/jagdeesh/tracker/install/ros_ign_gazebo_demos/share/ros_ign_gazebo_demos/environment/path.sh
[1.012s] -- Up-to-date: /home/jagdeesh/tracker/install/ros_ign_gazebo_demos/share/ros_ign_gazebo_demos/environment/path.dsv
[1.012s] -- Up-to-date: /home/jagdeesh/tracker/install/ros_ign_gazebo_demos/share/ros_ign_gazebo_demos/local_setup.bash
[1.013s] -- Up-to-date: /home/jagdeesh/tracker/install/ros_ign_gazebo_demos/share/ros_ign_gazebo_demos/local_setup.sh
[1.013s] -- Up-to-date: /home/jagdeesh/tracker/install/ros_ign_gazebo_demos/share/ros_ign_gazebo_demos/local_setup.zsh
[1.013s] -- Up-to-date: /home/jagdeesh/tracker/install/ros_ign_gazebo_demos/share/ros_ign_gazebo_demos/local_setup.dsv
[1.013s] -- Up-to-date: /home/jagdeesh/tracker/install/ros_ign_gazebo_demos/share/ros_ign_gazebo_demos/package.dsv
[1.013s] -- Up-to-date: /home/jagdeesh/tracker/install/ros_ign_gazebo_demos/share/ament_index/resource_index/packages/ros_ign_gazebo_demos
[1.013s] -- Up-to-date: /home/jagdeesh/tracker/install/ros_ign_gazebo_demos/share/ros_ign_gazebo_demos/cmake/ros_ign_gazebo_demosConfig.cmake
[1.013s] -- Up-to-date: /home/jagdeesh/tracker/install/ros_ign_gazebo_demos/share/ros_ign_gazebo_demos/cmake/ros_ign_gazebo_demosConfig-version.cmake
[1.013s] -- Up-to-date: /home/jagdeesh/tracker/install/ros_ign_gazebo_demos/share/ros_ign_gazebo_demos/package.xml
[1.027s] Invoked command in '/home/jagdeesh/tracker/build/ros_ign_gazebo_demos' returned '0': AMENT_PREFIX_PATH=/home/jagdeesh/tracker/install/ros_gz_sim_demos:/home/jagdeesh/tracker/install/ros_gz_image:/home/jagdeesh/tracker/install/ros_gz_bridge:/home/jagdeesh/tracker/install/ros_gz_sim:/home/jagdeesh/tracker/install/ros_gz_interfaces:${AMENT_PREFIX_PATH} CMAKE_PREFIX_PATH=/home/jagdeesh/tracker/install/ros_gz_sim_demos:/home/jagdeesh/tracker/install/ros_gz_image:/home/jagdeesh/tracker/install/ros_gz_bridge:/home/jagdeesh/tracker/install/ros_gz_sim:/home/jagdeesh/tracker/install/ros_gz_interfaces:/opt/ros/humble LD_LIBRARY_PATH=/home/jagdeesh/tracker/install/ros_gz_bridge/lib:/home/jagdeesh/tracker/install/ros_gz_sim/lib:/home/jagdeesh/tracker/install/ros_gz_interfaces/lib:${LD_LIBRARY_PATH} PYTHONPATH=/home/jagdeesh/tracker/install/ros_gz_interfaces/local/lib/python3.10/dist-packages:${PYTHONPATH} /usr/bin/cmake --install /home/jagdeesh/tracker/build/ros_ign_gazebo_demos
