[0.014s] Invoking command in '/home/jagdeesh/tracker/build/vision_opencv': AMENT_PREFIX_PATH=/home/jagdeesh/tracker/install/image_geometry:/home/jagdeesh/tracker/install/cv_bridge:${AMENT_PREFIX_PATH} CMAKE_PREFIX_PATH=/home/jagdeesh/tracker/install/image_geometry:/home/jagdeesh/tracker/install/cv_bridge:/opt/ros/humble LD_LIBRARY_PATH=/home/jagdeesh/tracker/install/image_geometry/lib:/home/jagdeesh/tracker/install/cv_bridge/lib:${LD_LIBRARY_PATH} PYTHONPATH=/home/jagdeesh/tracker/install/image_geometry/local/lib/python3.10/dist-packages:/home/jagdeesh/tracker/install/cv_bridge/local/lib/python3.10/dist-packages:${PYTHONPATH} /usr/bin/cmake --build /home/jagdeesh/tracker/build/vision_opencv -- -j12 -l12
[0.029s] gmake[1]: Entering directory '/home/jagdeesh/tracker/build/vision_opencv'
[0.070s] gmake[1]: Leaving directory '/home/jagdeesh/tracker/build/vision_opencv'
[0.073s] Invoked command in '/home/jagdeesh/tracker/build/vision_opencv' returned '0': AMENT_PREFIX_PATH=/home/jagdeesh/tracker/install/image_geometry:/home/jagdeesh/tracker/install/cv_bridge:${AMENT_PREFIX_PATH} CMAKE_PREFIX_PATH=/home/jagdeesh/tracker/install/image_geometry:/home/jagdeesh/tracker/install/cv_bridge:/opt/ros/humble LD_LIBRARY_PATH=/home/jagdeesh/tracker/install/image_geometry/lib:/home/jagdeesh/tracker/install/cv_bridge/lib:${LD_LIBRARY_PATH} PYTHONPATH=/home/jagdeesh/tracker/install/image_geometry/local/lib/python3.10/dist-packages:/home/jagdeesh/tracker/install/cv_bridge/local/lib/python3.10/dist-packages:${PYTHONPATH} /usr/bin/cmake --build /home/jagdeesh/tracker/build/vision_opencv -- -j12 -l12
[0.076s] Invoking command in '/home/jagdeesh/tracker/build/vision_opencv': AMENT_PREFIX_PATH=/home/jagdeesh/tracker/install/image_geometry:/home/jagdeesh/tracker/install/cv_bridge:${AMENT_PREFIX_PATH} CMAKE_PREFIX_PATH=/home/jagdeesh/tracker/install/image_geometry:/home/jagdeesh/tracker/install/cv_bridge:/opt/ros/humble LD_LIBRARY_PATH=/home/jagdeesh/tracker/install/image_geometry/lib:/home/jagdeesh/tracker/install/cv_bridge/lib:${LD_LIBRARY_PATH} PYTHONPATH=/home/jagdeesh/tracker/install/image_geometry/local/lib/python3.10/dist-packages:/home/jagdeesh/tracker/install/cv_bridge/local/lib/python3.10/dist-packages:${PYTHONPATH} /usr/bin/cmake --install /home/jagdeesh/tracker/build/vision_opencv
[0.089s] -- Install configuration: "Release"
[0.089s] -- Up-to-date: /home/jagdeesh/tracker/install/vision_opencv/share/ament_index/resource_index/package_run_dependencies/vision_opencv
[0.090s] -- Up-to-date: /home/jagdeesh/tracker/install/vision_opencv/share/ament_index/resource_index/parent_prefix_path/vision_opencv
[0.090s] -- Up-to-date: /home/jagdeesh/tracker/install/vision_opencv/share/vision_opencv/environment/ament_prefix_path.sh
[0.090s] -- Up-to-date: /home/jagdeesh/tracker/install/vision_opencv/share/vision_opencv/environment/ament_prefix_path.dsv
[0.090s] -- Up-to-date: /home/jagdeesh/tracker/install/vision_opencv/share/vision_opencv/environment/path.sh
[0.090s] -- Up-to-date: /home/jagdeesh/tracker/install/vision_opencv/share/vision_opencv/environment/path.dsv
[0.090s] -- Up-to-date: /home/jagdeesh/tracker/install/vision_opencv/share/vision_opencv/local_setup.bash
[0.090s] -- Up-to-date: /home/jagdeesh/tracker/install/vision_opencv/share/vision_opencv/local_setup.sh
[0.090s] -- Up-to-date: /home/jagdeesh/tracker/install/vision_opencv/share/vision_opencv/local_setup.zsh
[0.090s] -- Up-to-date: /home/jagdeesh/tracker/install/vision_opencv/share/vision_opencv/local_setup.dsv
[0.090s] -- Up-to-date: /home/jagdeesh/tracker/install/vision_opencv/share/vision_opencv/package.dsv
[0.090s] -- Up-to-date: /home/jagdeesh/tracker/install/vision_opencv/share/ament_index/resource_index/packages/vision_opencv
[0.090s] -- Up-to-date: /home/jagdeesh/tracker/install/vision_opencv/share/vision_opencv/cmake/vision_opencvConfig.cmake
[0.091s] -- Up-to-date: /home/jagdeesh/tracker/install/vision_opencv/share/vision_opencv/cmake/vision_opencvConfig-version.cmake
[0.091s] -- Up-to-date: /home/jagdeesh/tracker/install/vision_opencv/share/vision_opencv/package.xml
[0.093s] Invoked command in '/home/jagdeesh/tracker/build/vision_opencv' returned '0': AMENT_PREFIX_PATH=/home/jagdeesh/tracker/install/image_geometry:/home/jagdeesh/tracker/install/cv_bridge:${AMENT_PREFIX_PATH} CMAKE_PREFIX_PATH=/home/jagdeesh/tracker/install/image_geometry:/home/jagdeesh/tracker/install/cv_bridge:/opt/ros/humble LD_LIBRARY_PATH=/home/jagdeesh/tracker/install/image_geometry/lib:/home/jagdeesh/tracker/install/cv_bridge/lib:${LD_LIBRARY_PATH} PYTHONPATH=/home/jagdeesh/tracker/install/image_geometry/local/lib/python3.10/dist-packages:/home/jagdeesh/tracker/install/cv_bridge/local/lib/python3.10/dist-packages:${PYTHONPATH} /usr/bin/cmake --install /home/jagdeesh/tracker/build/vision_opencv
