-- Found ament_cmake: 1.3.14 (/opt/ros/humble/share/ament_cmake/cmake)
-- Found ament_lint_auto: 0.12.15 (/opt/ros/humble/share/ament_lint_auto/cmake)
-- Added test 'copyright' to check source files copyright and LICENSE
-- Added test 'lint_cmake' to check CMake code style
-- Added test 'xmllint' to check XML markup files
-- Configuring done
-- Generating done
-- Build files have been written to: /home/jagdeesh/tracker/build/ros_ign
-- Install configuration: "Release"
-- Up-to-date: /home/jagdeesh/tracker/install/ros_ign/share/ament_index/resource_index/package_run_dependencies/ros_ign
-- Up-to-date: /home/jagdeesh/tracker/install/ros_ign/share/ament_index/resource_index/parent_prefix_path/ros_ign
-- Up-to-date: /home/jagdeesh/tracker/install/ros_ign/share/ros_ign/environment/ament_prefix_path.sh
-- Installing: /home/jagdeesh/tracker/install/ros_ign/share/ros_ign/environment/ament_prefix_path.dsv
-- Up-to-date: /home/jagdeesh/tracker/install/ros_ign/share/ros_ign/environment/path.sh
-- Installing: /home/jagdeesh/tracker/install/ros_ign/share/ros_ign/environment/path.dsv
-- Up-to-date: /home/jagdeesh/tracker/install/ros_ign/share/ros_ign/local_setup.bash
-- Up-to-date: /home/jagdeesh/tracker/install/ros_ign/share/ros_ign/local_setup.sh
-- Up-to-date: /home/jagdeesh/tracker/install/ros_ign/share/ros_ign/local_setup.zsh
-- Installing: /home/jagdeesh/tracker/install/ros_ign/share/ros_ign/local_setup.dsv
-- Installing: /home/jagdeesh/tracker/install/ros_ign/share/ros_ign/package.dsv
-- Up-to-date: /home/jagdeesh/tracker/install/ros_ign/share/ament_index/resource_index/packages/ros_ign
-- Up-to-date: /home/jagdeesh/tracker/install/ros_ign/share/ros_ign/cmake/ros_ignConfig.cmake
-- Up-to-date: /home/jagdeesh/tracker/install/ros_ign/share/ros_ign/cmake/ros_ignConfig-version.cmake
-- Up-to-date: /home/jagdeesh/tracker/install/ros_ign/share/ros_ign/package.xml
