[0.011s] Invoking command in '/home/jagdeesh/tracker/build/example_global_navigation_cpp': AMENT_PREFIX_PATH=/home/jagdeesh/tracker/install/px4_ros2_cpp:/home/jagdeesh/tracker/install/px4_msgs:${AMENT_PREFIX_PATH} CMAKE_PREFIX_PATH=/home/jagdeesh/tracker/install/px4_ros2_cpp:/home/jagdeesh/tracker/install/px4_msgs:/opt/ros/humble LD_LIBRARY_PATH=/home/jagdeesh/tracker/install/px4_ros2_cpp/lib:/home/jagdeesh/tracker/install/px4_msgs/lib:${LD_LIBRARY_PATH} PYTHONPATH=/home/jagdeesh/tracker/install/px4_msgs/local/lib/python3.10/dist-packages:${PYTHONPATH} /usr/bin/cmake /home/jagdeesh/tracker/src/px4-ros2-interface-lib/examples/cpp/navigation/global_navigation -DCMAKE_BUILD_TYPE=Release -DCMAKE_INSTALL_PREFIX=/home/jagdeesh/tracker/install/example_global_navigation_cpp
[0.063s] -- The C compiler identification is GNU 11.4.0
[0.117s] -- The CXX compiler identification is GNU 11.4.0
[0.123s] -- Detecting C compiler ABI info
[0.216s] -- Detecting C compiler ABI info - done
[0.227s] -- Check for working C compiler: /usr/bin/cc - skipped
[0.228s] -- Detecting C compile features
[0.232s] -- Detecting C compile features - done
[0.233s] -- Detecting CXX compiler ABI info
[0.324s] -- Detecting CXX compiler ABI info - done
[0.333s] -- Check for working CXX compiler: /usr/bin/c++ - skipped
[0.333s] -- Detecting CXX compile features
[0.333s] -- Detecting CXX compile features - done
[0.335s] -- Found eigen3_cmake_module: 0.1.1 (/opt/ros/humble/share/eigen3_cmake_module/cmake)
[0.342s] -- Found Eigen3: TRUE (found version "3.4.0") 
[0.344s] -- Found ament_cmake: 1.3.14 (/opt/ros/humble/share/ament_cmake/cmake)
[0.501s] -- Found Python3: /usr/bin/python3 (found version "3.10.12") found components: Interpreter 
[0.589s] -- Found rclcpp: 16.0.18 (/opt/ros/humble/share/rclcpp/cmake)
[0.626s] -- Found rosidl_generator_c: 3.1.8 (/opt/ros/humble/share/rosidl_generator_c/cmake)
[0.630s] -- Found rosidl_adapter: 3.1.8 (/opt/ros/humble/share/rosidl_adapter/cmake)
[0.638s] -- Found rosidl_generator_cpp: 3.1.8 (/opt/ros/humble/share/rosidl_generator_cpp/cmake)
[0.648s] -- Using all available rosidl_typesupport_c: rosidl_typesupport_fastrtps_c;rosidl_typesupport_introspection_c
[0.661s] -- Using all available rosidl_typesupport_cpp: rosidl_typesupport_fastrtps_cpp;rosidl_typesupport_introspection_cpp
[0.699s] -- Found rmw_implementation_cmake: 6.1.2 (/opt/ros/humble/share/rmw_implementation_cmake/cmake)
[0.701s] -- Found rmw_fastrtps_cpp: 6.2.10 (/opt/ros/humble/share/rmw_fastrtps_cpp/cmake)
[0.789s] -- Found OpenSSL: /usr/lib/x86_64-linux-gnu/libcrypto.so (found version "3.0.2")  
[0.827s] -- Found FastRTPS: /opt/ros/humble/include  
[0.878s] -- Using RMW implementation 'rmw_fastrtps_cpp' as default
[0.885s] -- Looking for pthread.h
[0.961s] -- Looking for pthread.h - found
[0.961s] -- Performing Test CMAKE_HAVE_LIBC_PTHREAD
[1.046s] -- Performing Test CMAKE_HAVE_LIBC_PTHREAD - Success
[1.047s] -- Found Threads: TRUE  
[1.100s] -- Found px4_ros2_cpp: 0.0.1 (/home/jagdeesh/tracker/install/px4_ros2_cpp/share/px4_ros2_cpp/cmake)
[1.114s] -- Found ament_lint_auto: 0.12.15 (/opt/ros/humble/share/ament_lint_auto/cmake)
[1.187s] -- Added test 'copyright' to check source files copyright and LICENSE
[1.188s] -- Added test 'cppcheck' to perform static code analysis on C / C++ code
[1.188s] -- Configured cppcheck include dirs: /home/jagdeesh/tracker/src/px4-ros2-interface-lib/examples/cpp/navigation/global_navigation/include
[1.188s] -- Configured cppcheck exclude dirs and/or files: 
[1.189s] -- Added test 'cpplint' to check C / C++ code against the Google style
[1.189s] -- Configured cpplint exclude dirs and/or files: 
[1.189s] -- Added test 'lint_cmake' to check CMake code style
[1.190s] -- Added test 'uncrustify' to check C / C++ code style
[1.190s] -- Configured uncrustify additional arguments: 
[1.190s] -- Added test 'xmllint' to check XML markup files
[1.191s] -- Configuring done
[1.199s] -- Generating done
[1.202s] -- Build files have been written to: /home/jagdeesh/tracker/build/example_global_navigation_cpp
[1.211s] Invoked command in '/home/jagdeesh/tracker/build/example_global_navigation_cpp' returned '0': AMENT_PREFIX_PATH=/home/jagdeesh/tracker/install/px4_ros2_cpp:/home/jagdeesh/tracker/install/px4_msgs:${AMENT_PREFIX_PATH} CMAKE_PREFIX_PATH=/home/jagdeesh/tracker/install/px4_ros2_cpp:/home/jagdeesh/tracker/install/px4_msgs:/opt/ros/humble LD_LIBRARY_PATH=/home/jagdeesh/tracker/install/px4_ros2_cpp/lib:/home/jagdeesh/tracker/install/px4_msgs/lib:${LD_LIBRARY_PATH} PYTHONPATH=/home/jagdeesh/tracker/install/px4_msgs/local/lib/python3.10/dist-packages:${PYTHONPATH} /usr/bin/cmake /home/jagdeesh/tracker/src/px4-ros2-interface-lib/examples/cpp/navigation/global_navigation -DCMAKE_BUILD_TYPE=Release -DCMAKE_INSTALL_PREFIX=/home/jagdeesh/tracker/install/example_global_navigation_cpp
[1.213s] Invoking command in '/home/jagdeesh/tracker/build/example_global_navigation_cpp': AMENT_PREFIX_PATH=/home/jagdeesh/tracker/install/px4_ros2_cpp:/home/jagdeesh/tracker/install/px4_msgs:${AMENT_PREFIX_PATH} CMAKE_PREFIX_PATH=/home/jagdeesh/tracker/install/px4_ros2_cpp:/home/jagdeesh/tracker/install/px4_msgs:/opt/ros/humble LD_LIBRARY_PATH=/home/jagdeesh/tracker/install/px4_ros2_cpp/lib:/home/jagdeesh/tracker/install/px4_msgs/lib:${LD_LIBRARY_PATH} PYTHONPATH=/home/jagdeesh/tracker/install/px4_msgs/local/lib/python3.10/dist-packages:${PYTHONPATH} /usr/bin/cmake --build /home/jagdeesh/tracker/build/example_global_navigation_cpp -- -j12 -l12
[1.222s] gmake[1]: Entering directory '/home/jagdeesh/tracker/build/example_global_navigation_cpp'
[1.245s] gmake[2]: Entering directory '/home/jagdeesh/tracker/build/example_global_navigation_cpp'
[1.246s] gmake[3]: Entering directory '/home/jagdeesh/tracker/build/example_global_navigation_cpp'
[1.258s] gmake[3]: Leaving directory '/home/jagdeesh/tracker/build/example_global_navigation_cpp'
[1.259s] gmake[3]: Entering directory '/home/jagdeesh/tracker/build/example_global_navigation_cpp'
[1.267s] [ 50%] [32mBuilding CXX object CMakeFiles/example_global_navigation.dir/src/main.cpp.o[0m
[5.055s] [100%] [32m[1mLinking CXX executable example_global_navigation[0m
[5.258s] gmake[3]: Leaving directory '/home/jagdeesh/tracker/build/example_global_navigation_cpp'
[5.268s] [100%] Built target example_global_navigation
[5.269s] gmake[2]: Leaving directory '/home/jagdeesh/tracker/build/example_global_navigation_cpp'
[5.280s] gmake[1]: Leaving directory '/home/jagdeesh/tracker/build/example_global_navigation_cpp'
[5.283s] Invoked command in '/home/jagdeesh/tracker/build/example_global_navigation_cpp' returned '0': AMENT_PREFIX_PATH=/home/jagdeesh/tracker/install/px4_ros2_cpp:/home/jagdeesh/tracker/install/px4_msgs:${AMENT_PREFIX_PATH} CMAKE_PREFIX_PATH=/home/jagdeesh/tracker/install/px4_ros2_cpp:/home/jagdeesh/tracker/install/px4_msgs:/opt/ros/humble LD_LIBRARY_PATH=/home/jagdeesh/tracker/install/px4_ros2_cpp/lib:/home/jagdeesh/tracker/install/px4_msgs/lib:${LD_LIBRARY_PATH} PYTHONPATH=/home/jagdeesh/tracker/install/px4_msgs/local/lib/python3.10/dist-packages:${PYTHONPATH} /usr/bin/cmake --build /home/jagdeesh/tracker/build/example_global_navigation_cpp -- -j12 -l12
[5.285s] Invoking command in '/home/jagdeesh/tracker/build/example_global_navigation_cpp': AMENT_PREFIX_PATH=/home/jagdeesh/tracker/install/px4_ros2_cpp:/home/jagdeesh/tracker/install/px4_msgs:${AMENT_PREFIX_PATH} CMAKE_PREFIX_PATH=/home/jagdeesh/tracker/install/px4_ros2_cpp:/home/jagdeesh/tracker/install/px4_msgs:/opt/ros/humble LD_LIBRARY_PATH=/home/jagdeesh/tracker/install/px4_ros2_cpp/lib:/home/jagdeesh/tracker/install/px4_msgs/lib:${LD_LIBRARY_PATH} PYTHONPATH=/home/jagdeesh/tracker/install/px4_msgs/local/lib/python3.10/dist-packages:${PYTHONPATH} /usr/bin/cmake --install /home/jagdeesh/tracker/build/example_global_navigation_cpp
[5.294s] -- Install configuration: "Release"
[5.294s] -- Installing: /home/jagdeesh/tracker/install/example_global_navigation_cpp/lib/example_global_navigation_cpp/example_global_navigation
[5.295s] -- Set runtime path of "/home/jagdeesh/tracker/install/example_global_navigation_cpp/lib/example_global_navigation_cpp/example_global_navigation" to ""
[5.295s] -- Installing: /home/jagdeesh/tracker/install/example_global_navigation_cpp/share/ament_index/resource_index/package_run_dependencies/example_global_navigation_cpp
[5.295s] -- Installing: /home/jagdeesh/tracker/install/example_global_navigation_cpp/share/ament_index/resource_index/parent_prefix_path/example_global_navigation_cpp
[5.296s] -- Installing: /home/jagdeesh/tracker/install/example_global_navigation_cpp/share/example_global_navigation_cpp/environment/ament_prefix_path.sh
[5.296s] -- Installing: /home/jagdeesh/tracker/install/example_global_navigation_cpp/share/example_global_navigation_cpp/environment/ament_prefix_path.dsv
[5.296s] -- Installing: /home/jagdeesh/tracker/install/example_global_navigation_cpp/share/example_global_navigation_cpp/environment/path.sh
[5.296s] -- Installing: /home/jagdeesh/tracker/install/example_global_navigation_cpp/share/example_global_navigation_cpp/environment/path.dsv
[5.296s] -- Installing: /home/jagdeesh/tracker/install/example_global_navigation_cpp/share/example_global_navigation_cpp/local_setup.bash
[5.296s] -- Installing: /home/jagdeesh/tracker/install/example_global_navigation_cpp/share/example_global_navigation_cpp/local_setup.sh
[5.297s] -- Installing: /home/jagdeesh/tracker/install/example_global_navigation_cpp/share/example_global_navigation_cpp/local_setup.zsh
[5.297s] -- Installing: /home/jagdeesh/tracker/install/example_global_navigation_cpp/share/example_global_navigation_cpp/local_setup.dsv
[5.297s] -- Installing: /home/jagdeesh/tracker/install/example_global_navigation_cpp/share/example_global_navigation_cpp/package.dsv
[5.297s] -- Installing: /home/jagdeesh/tracker/install/example_global_navigation_cpp/share/ament_index/resource_index/packages/example_global_navigation_cpp
[5.298s] -- Installing: /home/jagdeesh/tracker/install/example_global_navigation_cpp/share/example_global_navigation_cpp/cmake/example_global_navigation_cppConfig.cmake
[5.298s] -- Installing: /home/jagdeesh/tracker/install/example_global_navigation_cpp/share/example_global_navigation_cpp/cmake/example_global_navigation_cppConfig-version.cmake
[5.298s] -- Installing: /home/jagdeesh/tracker/install/example_global_navigation_cpp/share/example_global_navigation_cpp/package.xml
[5.301s] Invoked command in '/home/jagdeesh/tracker/build/example_global_navigation_cpp' returned '0': AMENT_PREFIX_PATH=/home/jagdeesh/tracker/install/px4_ros2_cpp:/home/jagdeesh/tracker/install/px4_msgs:${AMENT_PREFIX_PATH} CMAKE_PREFIX_PATH=/home/jagdeesh/tracker/install/px4_ros2_cpp:/home/jagdeesh/tracker/install/px4_msgs:/opt/ros/humble LD_LIBRARY_PATH=/home/jagdeesh/tracker/install/px4_ros2_cpp/lib:/home/jagdeesh/tracker/install/px4_msgs/lib:${LD_LIBRARY_PATH} PYTHONPATH=/home/jagdeesh/tracker/install/px4_msgs/local/lib/python3.10/dist-packages:${PYTHONPATH} /usr/bin/cmake --install /home/jagdeesh/tracker/build/example_global_navigation_cpp
