[0.014s] Invoking command in '/home/jagdeesh/tracker/build/ros_gz_image': AMENT_PREFIX_PATH=/home/jagdeesh/tracker/install/ros_gz_bridge:/home/jagdeesh/tracker/install/ros_gz_interfaces:${AMENT_PREFIX_PATH} CMAKE_PREFIX_PATH=/home/jagdeesh/tracker/install/ros_gz_bridge:/home/jagdeesh/tracker/install/ros_gz_interfaces:/opt/ros/humble LD_LIBRARY_PATH=/home/jagdeesh/tracker/install/ros_gz_bridge/lib:/home/jagdeesh/tracker/install/ros_gz_interfaces/lib:${LD_LIBRARY_PATH} PYTHONPATH=/home/jagdeesh/tracker/install/ros_gz_interfaces/local/lib/python3.10/dist-packages:${PYTHONPATH} /usr/bin/cmake /home/jagdeesh/tracker/src/ros_gz/ros_gz_image -DCMAKE_BUILD_TYPE=Release -DCMAKE_INSTALL_PREFIX=/home/jagdeesh/tracker/install/ros_gz_image
[0.074s] -- The C compiler identification is GNU 11.4.0
[0.132s] -- The CXX compiler identification is GNU 11.4.0
[0.140s] -- Detecting C compiler ABI info
[0.217s] -- Detecting C compiler ABI info - done
[0.226s] -- Check for working C compiler: /usr/bin/cc - skipped
[0.227s] -- Detecting C compile features
[0.227s] -- Detecting C compile features - done
[0.231s] -- Detecting CXX compiler ABI info
[0.311s] -- Detecting CXX compiler ABI info - done
[0.318s] -- Check for working CXX compiler: /usr/bin/c++ - skipped
[0.318s] -- Detecting CXX compile features
[0.318s] -- Detecting CXX compile features - done
[0.321s] -- Found ament_cmake: 1.3.14 (/opt/ros/humble/share/ament_cmake/cmake)
[0.475s] -- Found Python3: /usr/bin/python3 (found version "3.10.12") found components: Interpreter 
[0.558s] -- Found image_transport: 3.1.12 (/opt/ros/humble/share/image_transport/cmake)
[0.597s] -- Found rosidl_generator_c: 3.1.8 (/opt/ros/humble/share/rosidl_generator_c/cmake)
[0.601s] -- Found rosidl_adapter: 3.1.8 (/opt/ros/humble/share/rosidl_adapter/cmake)
[0.608s] -- Found rosidl_generator_cpp: 3.1.8 (/opt/ros/humble/share/rosidl_generator_cpp/cmake)
[0.617s] -- Using all available rosidl_typesupport_c: rosidl_typesupport_fastrtps_c;rosidl_typesupport_introspection_c
[0.630s] -- Using all available rosidl_typesupport_cpp: rosidl_typesupport_fastrtps_cpp;rosidl_typesupport_introspection_cpp
[0.665s] -- Found rmw_implementation_cmake: 6.1.2 (/opt/ros/humble/share/rmw_implementation_cmake/cmake)
[0.667s] -- Found rmw_fastrtps_cpp: 6.2.10 (/opt/ros/humble/share/rmw_fastrtps_cpp/cmake)
[0.746s] -- Found OpenSSL: /usr/lib/x86_64-linux-gnu/libcrypto.so (found version "3.0.2")  
[0.772s] -- Found FastRTPS: /opt/ros/humble/include  
[0.811s] -- Using RMW implementation 'rmw_fastrtps_cpp' as default
[0.817s] -- Looking for pthread.h
[0.884s] -- Looking for pthread.h - found
[0.885s] -- Performing Test CMAKE_HAVE_LIBC_PTHREAD
[0.956s] -- Performing Test CMAKE_HAVE_LIBC_PTHREAD - Success
[0.957s] -- Found Threads: TRUE  
[1.058s] -- Found ros_gz_bridge: 0.244.20 (/home/jagdeesh/tracker/install/ros_gz_bridge/share/ros_gz_bridge/cmake)
[1.110s] -- Found Protobuf: /usr/lib/x86_64-linux-gnu/libprotobuf.so (found suitable version "3.12.4", minimum required is "3") 
[1.191s] -- Found Protobuf: /usr/lib/x86_64-linux-gnu/libprotobuf.so (found version "3.12.4") 
[1.468s] -- Looking for ignition-transport11 -- found version 11.4.2
[1.469s] -- Looking for ignition-msgs8 -- found version 8.7.0
[1.469s] -- Compiling against Ignition Fortress
[1.472s] -- Found ament_lint_auto: 0.12.15 (/opt/ros/humble/share/ament_lint_auto/cmake)
[1.602s] -- Added test 'copyright' to check source files copyright and LICENSE
[1.604s] -- Added test 'cppcheck' to perform static code analysis on C / C++ code
[1.604s] -- Configured cppcheck include dirs: /home/jagdeesh/tracker/src/ros_gz/ros_gz_image/include
[1.604s] -- Configured cppcheck exclude dirs and/or files: 
[1.605s] -- Added test 'cpplint' to check C / C++ code against the Google style
[1.605s] -- Configured cpplint exclude dirs and/or files: 
[1.606s] -- Added test 'lint_cmake' to check CMake code style
[1.607s] -- Added test 'uncrustify' to check C / C++ code style
[1.607s] -- Configured uncrustify additional arguments: 
[1.607s] -- Added test 'xmllint' to check XML markup files
[1.608s] -- Configuring done
[1.622s] -- Generating done
[1.627s] -- Build files have been written to: /home/jagdeesh/tracker/build/ros_gz_image
[1.638s] Invoked command in '/home/jagdeesh/tracker/build/ros_gz_image' returned '0': AMENT_PREFIX_PATH=/home/jagdeesh/tracker/install/ros_gz_bridge:/home/jagdeesh/tracker/install/ros_gz_interfaces:${AMENT_PREFIX_PATH} CMAKE_PREFIX_PATH=/home/jagdeesh/tracker/install/ros_gz_bridge:/home/jagdeesh/tracker/install/ros_gz_interfaces:/opt/ros/humble LD_LIBRARY_PATH=/home/jagdeesh/tracker/install/ros_gz_bridge/lib:/home/jagdeesh/tracker/install/ros_gz_interfaces/lib:${LD_LIBRARY_PATH} PYTHONPATH=/home/jagdeesh/tracker/install/ros_gz_interfaces/local/lib/python3.10/dist-packages:${PYTHONPATH} /usr/bin/cmake /home/jagdeesh/tracker/src/ros_gz/ros_gz_image -DCMAKE_BUILD_TYPE=Release -DCMAKE_INSTALL_PREFIX=/home/jagdeesh/tracker/install/ros_gz_image
[1.641s] Invoking command in '/home/jagdeesh/tracker/build/ros_gz_image': AMENT_PREFIX_PATH=/home/jagdeesh/tracker/install/ros_gz_bridge:/home/jagdeesh/tracker/install/ros_gz_interfaces:${AMENT_PREFIX_PATH} CMAKE_PREFIX_PATH=/home/jagdeesh/tracker/install/ros_gz_bridge:/home/jagdeesh/tracker/install/ros_gz_interfaces:/opt/ros/humble LD_LIBRARY_PATH=/home/jagdeesh/tracker/install/ros_gz_bridge/lib:/home/jagdeesh/tracker/install/ros_gz_interfaces/lib:${LD_LIBRARY_PATH} PYTHONPATH=/home/jagdeesh/tracker/install/ros_gz_interfaces/local/lib/python3.10/dist-packages:${PYTHONPATH} /usr/bin/cmake --build /home/jagdeesh/tracker/build/ros_gz_image -- -j12 -l12
[1.651s] gmake[1]: Entering directory '/home/jagdeesh/tracker/build/ros_gz_image'
[1.675s] gmake[2]: Entering directory '/home/jagdeesh/tracker/build/ros_gz_image'
[1.677s] gmake[3]: Entering directory '/home/jagdeesh/tracker/build/ros_gz_image'
[1.687s] gmake[3]: Leaving directory '/home/jagdeesh/tracker/build/ros_gz_image'
[1.689s] gmake[3]: Entering directory '/home/jagdeesh/tracker/build/ros_gz_image'
[1.697s] [ 50%] [32mBuilding CXX object CMakeFiles/image_bridge.dir/src/image_bridge.cpp.o[0m
[10.325s] [100%] [32m[1mLinking CXX executable image_bridge[0m
[11.640s] gmake[3]: Leaving directory '/home/jagdeesh/tracker/build/ros_gz_image'
[11.650s] [100%] Built target image_bridge
[11.650s] gmake[2]: Leaving directory '/home/jagdeesh/tracker/build/ros_gz_image'
[11.660s] gmake[1]: Leaving directory '/home/jagdeesh/tracker/build/ros_gz_image'
[11.665s] Invoked command in '/home/jagdeesh/tracker/build/ros_gz_image' returned '0': AMENT_PREFIX_PATH=/home/jagdeesh/tracker/install/ros_gz_bridge:/home/jagdeesh/tracker/install/ros_gz_interfaces:${AMENT_PREFIX_PATH} CMAKE_PREFIX_PATH=/home/jagdeesh/tracker/install/ros_gz_bridge:/home/jagdeesh/tracker/install/ros_gz_interfaces:/opt/ros/humble LD_LIBRARY_PATH=/home/jagdeesh/tracker/install/ros_gz_bridge/lib:/home/jagdeesh/tracker/install/ros_gz_interfaces/lib:${LD_LIBRARY_PATH} PYTHONPATH=/home/jagdeesh/tracker/install/ros_gz_interfaces/local/lib/python3.10/dist-packages:${PYTHONPATH} /usr/bin/cmake --build /home/jagdeesh/tracker/build/ros_gz_image -- -j12 -l12
[11.667s] Invoking command in '/home/jagdeesh/tracker/build/ros_gz_image': AMENT_PREFIX_PATH=/home/jagdeesh/tracker/install/ros_gz_bridge:/home/jagdeesh/tracker/install/ros_gz_interfaces:${AMENT_PREFIX_PATH} CMAKE_PREFIX_PATH=/home/jagdeesh/tracker/install/ros_gz_bridge:/home/jagdeesh/tracker/install/ros_gz_interfaces:/opt/ros/humble LD_LIBRARY_PATH=/home/jagdeesh/tracker/install/ros_gz_bridge/lib:/home/jagdeesh/tracker/install/ros_gz_interfaces/lib:${LD_LIBRARY_PATH} PYTHONPATH=/home/jagdeesh/tracker/install/ros_gz_interfaces/local/lib/python3.10/dist-packages:${PYTHONPATH} /usr/bin/cmake --install /home/jagdeesh/tracker/build/ros_gz_image
[11.675s] -- Install configuration: "Release"
[11.675s] -- Installing: /home/jagdeesh/tracker/install/ros_gz_image/lib/ros_gz_image/image_bridge
[11.676s] -- Set runtime path of "/home/jagdeesh/tracker/install/ros_gz_image/lib/ros_gz_image/image_bridge" to ""
[11.676s] -- Installing: /home/jagdeesh/tracker/install/ros_gz_image/share/ament_index/resource_index/package_run_dependencies/ros_gz_image
[11.676s] -- Installing: /home/jagdeesh/tracker/install/ros_gz_image/share/ament_index/resource_index/parent_prefix_path/ros_gz_image
[11.676s] -- Installing: /home/jagdeesh/tracker/install/ros_gz_image/share/ros_gz_image/environment/ament_prefix_path.sh
[11.677s] -- Installing: /home/jagdeesh/tracker/install/ros_gz_image/share/ros_gz_image/environment/ament_prefix_path.dsv
[11.677s] -- Installing: /home/jagdeesh/tracker/install/ros_gz_image/share/ros_gz_image/environment/path.sh
[11.677s] -- Installing: /home/jagdeesh/tracker/install/ros_gz_image/share/ros_gz_image/environment/path.dsv
[11.677s] -- Installing: /home/jagdeesh/tracker/install/ros_gz_image/share/ros_gz_image/local_setup.bash
[11.677s] -- Installing: /home/jagdeesh/tracker/install/ros_gz_image/share/ros_gz_image/local_setup.sh
[11.677s] -- Installing: /home/jagdeesh/tracker/install/ros_gz_image/share/ros_gz_image/local_setup.zsh
[11.677s] -- Installing: /home/jagdeesh/tracker/install/ros_gz_image/share/ros_gz_image/local_setup.dsv
[11.678s] -- Installing: /home/jagdeesh/tracker/install/ros_gz_image/share/ros_gz_image/package.dsv
[11.678s] -- Installing: /home/jagdeesh/tracker/install/ros_gz_image/share/ament_index/resource_index/packages/ros_gz_image
[11.678s] -- Installing: /home/jagdeesh/tracker/install/ros_gz_image/share/ros_gz_image/cmake/ros_gz_imageConfig.cmake
[11.678s] -- Installing: /home/jagdeesh/tracker/install/ros_gz_image/share/ros_gz_image/cmake/ros_gz_imageConfig-version.cmake
[11.678s] -- Installing: /home/jagdeesh/tracker/install/ros_gz_image/share/ros_gz_image/package.xml
[11.681s] Invoked command in '/home/jagdeesh/tracker/build/ros_gz_image' returned '0': AMENT_PREFIX_PATH=/home/jagdeesh/tracker/install/ros_gz_bridge:/home/jagdeesh/tracker/install/ros_gz_interfaces:${AMENT_PREFIX_PATH} CMAKE_PREFIX_PATH=/home/jagdeesh/tracker/install/ros_gz_bridge:/home/jagdeesh/tracker/install/ros_gz_interfaces:/opt/ros/humble LD_LIBRARY_PATH=/home/jagdeesh/tracker/install/ros_gz_bridge/lib:/home/jagdeesh/tracker/install/ros_gz_interfaces/lib:${LD_LIBRARY_PATH} PYTHONPATH=/home/jagdeesh/tracker/install/ros_gz_interfaces/local/lib/python3.10/dist-packages:${PYTHONPATH} /usr/bin/cmake --install /home/jagdeesh/tracker/build/ros_gz_image
