[0.039s] Invoking command in '/home/jagdeesh/tracker/build/cv_bridge': CMAKE_PREFIX_PATH=/opt/ros/humble /usr/bin/cmake /home/jagdeesh/tracker/src/vision_opencv/cv_bridge -DCMAKE_INSTALL_PREFIX=/home/jagdeesh/tracker/install/cv_bridge
[0.078s] -- Found ament_cmake_ros: 0.10.0 (/opt/ros/humble/share/ament_cmake_ros/cmake)
[0.246s] -- Found Python3: /usr/bin/python3 (found version "3.10.12") found components: Interpreter 
[1.324s] -- Found Python3: /usr/include/python3.10 (found version "3.10.12") found components: Development NumPy Interpreter Development.Module Development.Embed 
[1.364s] -- Found rclcpp: 16.0.18 (/opt/ros/humble/share/rclcpp/cmake)
[1.447s] -- Found rosidl_generator_c: 3.1.8 (/opt/ros/humble/share/rosidl_generator_c/cmake)
[1.460s] -- Found rosidl_adapter: 3.1.8 (/opt/ros/humble/share/rosidl_adapter/cmake)
[1.485s] -- Found rosidl_generator_cpp: 3.1.8 (/opt/ros/humble/share/rosidl_generator_cpp/cmake)
[1.511s] -- Using all available rosidl_typesupport_c: rosidl_typesupport_fastrtps_c;rosidl_typesupport_introspection_c
[1.544s] -- Using all available rosidl_typesupport_cpp: rosidl_typesupport_fastrtps_cpp;rosidl_typesupport_introspection_cpp
[1.621s] -- Found rmw_implementation_cmake: 6.1.2 (/opt/ros/humble/share/rmw_implementation_cmake/cmake)
[1.627s] -- Found rmw_fastrtps_cpp: 6.2.10 (/opt/ros/humble/share/rmw_fastrtps_cpp/cmake)
[1.925s] -- Using RMW implementation 'rmw_fastrtps_cpp' as default
[2.062s] -- Found sensor_msgs: 4.9.1 (/opt/ros/humble/share/sensor_msgs/cmake)
[2.368s] -- Found ament_lint_auto: 0.12.15 (/opt/ros/humble/share/ament_lint_auto/cmake)
[2.584s] -- Found gtest sources under '/opt/ros/humble/src/gtest_vendor': C++ tests using 'Google Test' will be built
[3.640s] [33mCMake Warning at /opt/ros/humble/share/ament_cmake_pytest/cmake/ament_add_pytest_test.cmake:79 (message):
[3.640s]   The Python module 'pytest' was not found, pytests cannot be run.  On Linux,
[3.640s]   install the 'python3-pytest' package.  On other platforms, install 'pytest'
[3.640s]   using pip.
[3.644s] Call Stack (most recent call first):
[3.644s]   test/CMakeLists.txt:32 (ament_add_pytest_test)
[3.645s] 
[3.645s] [0m
[4.543s] [33mCMake Warning at /opt/ros/humble/share/ament_cmake_pytest/cmake/ament_add_pytest_test.cmake:79 (message):
[4.543s]   The Python module 'pytest' was not found, pytests cannot be run.  On Linux,
[4.544s]   install the 'python3-pytest' package.  On other platforms, install 'pytest'
[4.544s]   using pip.
[4.544s] Call Stack (most recent call first):
[4.544s]   test/CMakeLists.txt:33 (ament_add_pytest_test)
[4.544s] 
[4.544s] [0m
[5.499s] [33mCMake Warning at /opt/ros/humble/share/ament_cmake_pytest/cmake/ament_add_pytest_test.cmake:79 (message):
[5.499s]   The Python module 'pytest' was not found, pytests cannot be run.  On Linux,
[5.500s]   install the 'python3-pytest' package.  On other platforms, install 'pytest'
[5.500s]   using pip.
[5.500s] Call Stack (most recent call first):
[5.500s]   test/CMakeLists.txt:34 (ament_add_pytest_test)
[5.500s] 
[5.500s] [0m
[5.720s] -- Configuring done
[5.823s] -- Generating done
[5.894s] -- Build files have been written to: /home/jagdeesh/tracker/build/cv_bridge
[5.926s] Invoked command in '/home/jagdeesh/tracker/build/cv_bridge' returned '0': CMAKE_PREFIX_PATH=/opt/ros/humble /usr/bin/cmake /home/jagdeesh/tracker/src/vision_opencv/cv_bridge -DCMAKE_INSTALL_PREFIX=/home/jagdeesh/tracker/install/cv_bridge
[5.930s] Invoking command in '/home/jagdeesh/tracker/build/cv_bridge': CMAKE_PREFIX_PATH=/opt/ros/humble /usr/bin/cmake --build /home/jagdeesh/tracker/build/cv_bridge -- -j12 -l12
[6.024s] [35m[1mConsolidate compiler generated dependencies of target gtest[0m
[6.031s] [35m[1mConsolidate compiler generated dependencies of target gtest_main[0m
[6.047s] [35m[1mConsolidate compiler generated dependencies of target cv_bridge[0m
[6.064s] [ 11%] Built target gtest
[6.077s] [ 22%] Built target gtest_main
[6.083s] [ 44%] Built target cv_bridge
[6.094s] [ 44%] Built target ament_cmake_python_copy_cv_bridge
[6.119s] [35m[1mConsolidate compiler generated dependencies of target cv_bridge_boost[0m
[6.144s] [35m[1mConsolidate compiler generated dependencies of target cv_bridge-utest[0m
[6.193s] [ 61%] Built target cv_bridge_boost
[6.242s] [100%] Built target cv_bridge-utest
[6.783s] running egg_info
[6.786s] writing cv_bridge.egg-info/PKG-INFO
[6.786s] writing dependency_links to cv_bridge.egg-info/dependency_links.txt
[6.788s] writing top-level names to cv_bridge.egg-info/top_level.txt
[6.794s] reading manifest file 'cv_bridge.egg-info/SOURCES.txt'
[6.795s] writing manifest file 'cv_bridge.egg-info/SOURCES.txt'
[6.867s] [100%] Built target ament_cmake_python_build_cv_bridge_egg
[6.905s] Invoked command in '/home/jagdeesh/tracker/build/cv_bridge' returned '0': CMAKE_PREFIX_PATH=/opt/ros/humble /usr/bin/cmake --build /home/jagdeesh/tracker/build/cv_bridge -- -j12 -l12
[6.908s] Invoking command in '/home/jagdeesh/tracker/build/cv_bridge': CMAKE_PREFIX_PATH=/opt/ros/humble /usr/bin/cmake --install /home/jagdeesh/tracker/build/cv_bridge
[6.930s] -- Install configuration: "Release"
[6.930s] -- Up-to-date: /home/jagdeesh/tracker/install/cv_bridge/share/cv_bridge/environment/pythonpath.sh
[6.930s] -- Installing: /home/jagdeesh/tracker/install/cv_bridge/share/cv_bridge/environment/pythonpath.dsv
[6.930s] -- Up-to-date: /home/jagdeesh/tracker/install/cv_bridge/local/lib/python3.10/dist-packages/cv_bridge-4.1.0-py3.10.egg-info
[6.931s] -- Installing: /home/jagdeesh/tracker/install/cv_bridge/local/lib/python3.10/dist-packages/cv_bridge-4.1.0-py3.10.egg-info/SOURCES.txt
[6.931s] -- Installing: /home/jagdeesh/tracker/install/cv_bridge/local/lib/python3.10/dist-packages/cv_bridge-4.1.0-py3.10.egg-info/dependency_links.txt
[6.931s] -- Installing: /home/jagdeesh/tracker/install/cv_bridge/local/lib/python3.10/dist-packages/cv_bridge-4.1.0-py3.10.egg-info/top_level.txt
[6.931s] -- Installing: /home/jagdeesh/tracker/install/cv_bridge/local/lib/python3.10/dist-packages/cv_bridge-4.1.0-py3.10.egg-info/PKG-INFO
[6.931s] -- Up-to-date: /home/jagdeesh/tracker/install/cv_bridge/local/lib/python3.10/dist-packages/cv_bridge
[6.931s] -- Up-to-date: /home/jagdeesh/tracker/install/cv_bridge/local/lib/python3.10/dist-packages/cv_bridge/__init__.py
[6.932s] -- Up-to-date: /home/jagdeesh/tracker/install/cv_bridge/local/lib/python3.10/dist-packages/cv_bridge/core.py
[7.013s] Listing '/home/jagdeesh/tracker/install/cv_bridge/local/lib/python3.10/dist-packages/cv_bridge'...
[7.013s] Listing '/home/jagdeesh/tracker/install/cv_bridge/local/lib/python3.10/dist-packages/cv_bridge/boost'...
[7.028s] -- Up-to-date: /home/jagdeesh/tracker/install/cv_bridge/lib/libcv_bridge.so
[7.029s] -- Up-to-date: /home/jagdeesh/tracker/install/cv_bridge/include/cv_bridge/cv_bridge/cv_bridge_export.h
[7.030s] -- Up-to-date: /home/jagdeesh/tracker/install/cv_bridge/local/lib/python3.10/dist-packages/cv_bridge/boost/cv_bridge_boost.so
[7.031s] -- Up-to-date: /home/jagdeesh/tracker/install/cv_bridge/include/cv_bridge
[7.032s] -- Up-to-date: /home/jagdeesh/tracker/install/cv_bridge/include/cv_bridge/cv_bridge
[7.032s] -- Up-to-date: /home/jagdeesh/tracker/install/cv_bridge/include/cv_bridge/cv_bridge/cv_mat_sensor_msgs_image_type_adapter.hpp
[7.039s] -- Up-to-date: /home/jagdeesh/tracker/install/cv_bridge/include/cv_bridge/cv_bridge/visibility_control.h
[7.039s] -- Up-to-date: /home/jagdeesh/tracker/install/cv_bridge/include/cv_bridge/cv_bridge/rgb_colors.hpp
[7.039s] -- Up-to-date: /home/jagdeesh/tracker/install/cv_bridge/include/cv_bridge/cv_bridge/cv_bridge.hpp
[7.039s] -- Up-to-date: /home/jagdeesh/tracker/install/cv_bridge/lib/libcv_bridge.so
[7.039s] -- Up-to-date: /home/jagdeesh/tracker/install/cv_bridge/share/ament_index/resource_index/package_run_dependencies/cv_bridge
[7.040s] -- Up-to-date: /home/jagdeesh/tracker/install/cv_bridge/share/ament_index/resource_index/parent_prefix_path/cv_bridge
[7.040s] -- Up-to-date: /home/jagdeesh/tracker/install/cv_bridge/share/cv_bridge/environment/ament_prefix_path.sh
[7.040s] -- Installing: /home/jagdeesh/tracker/install/cv_bridge/share/cv_bridge/environment/ament_prefix_path.dsv
[7.040s] -- Up-to-date: /home/jagdeesh/tracker/install/cv_bridge/share/cv_bridge/environment/path.sh
[7.040s] -- Installing: /home/jagdeesh/tracker/install/cv_bridge/share/cv_bridge/environment/path.dsv
[7.043s] -- Up-to-date: /home/jagdeesh/tracker/install/cv_bridge/share/cv_bridge/local_setup.bash
[7.043s] -- Up-to-date: /home/jagdeesh/tracker/install/cv_bridge/share/cv_bridge/local_setup.sh
[7.043s] -- Up-to-date: /home/jagdeesh/tracker/install/cv_bridge/share/cv_bridge/local_setup.zsh
[7.044s] -- Installing: /home/jagdeesh/tracker/install/cv_bridge/share/cv_bridge/local_setup.dsv
[7.044s] -- Installing: /home/jagdeesh/tracker/install/cv_bridge/share/cv_bridge/package.dsv
[7.044s] -- Up-to-date: /home/jagdeesh/tracker/install/cv_bridge/share/ament_index/resource_index/packages/cv_bridge
[7.044s] -- Up-to-date: /home/jagdeesh/tracker/install/cv_bridge/share/cv_bridge/cmake/export_cv_bridgeExport.cmake
[7.044s] -- Up-to-date: /home/jagdeesh/tracker/install/cv_bridge/share/cv_bridge/cmake/export_cv_bridgeExport-release.cmake
[7.044s] -- Up-to-date: /home/jagdeesh/tracker/install/cv_bridge/share/cv_bridge/cmake/cv_bridge-extras.cmake
[7.044s] -- Up-to-date: /home/jagdeesh/tracker/install/cv_bridge/share/cv_bridge/cmake/ament_cmake_export_dependencies-extras.cmake
[7.045s] -- Up-to-date: /home/jagdeesh/tracker/install/cv_bridge/share/cv_bridge/cmake/ament_cmake_export_targets-extras.cmake
[7.045s] -- Up-to-date: /home/jagdeesh/tracker/install/cv_bridge/share/cv_bridge/cmake/cv_bridgeConfig.cmake
[7.045s] -- Up-to-date: /home/jagdeesh/tracker/install/cv_bridge/share/cv_bridge/cmake/cv_bridgeConfig-version.cmake
[7.045s] -- Up-to-date: /home/jagdeesh/tracker/install/cv_bridge/share/cv_bridge/package.xml
[7.052s] Invoked command in '/home/jagdeesh/tracker/build/cv_bridge' returned '0': CMAKE_PREFIX_PATH=/opt/ros/humble /usr/bin/cmake --install /home/jagdeesh/tracker/build/cv_bridge
