gmake[1]: Entering directory '/home/jagdeesh/tracker/build/ros_gz_bridge'
gmake[2]: Entering directory '/home/jagdeesh/tracker/build/ros_gz_bridge'
gmake[3]: Entering directory '/home/jagdeesh/tracker/build/ros_gz_bridge'
Consolidate compiler generated dependencies of target ros_gz_bridge
gmake[3]: Leaving directory '/home/jagdeesh/tracker/build/ros_gz_bridge'
[ 42%] Built target ros_gz_bridge
gmake[3]: Entering directory '/home/jagdeesh/tracker/build/ros_gz_bridge'
Consolidate compiler generated dependencies of target gtest
gmake[3]: Leaving directory '/home/jagdeesh/tracker/build/ros_gz_bridge'
[ 45%] Built target gtest
gmake[3]: Entering directory '/home/jagdeesh/tracker/build/ros_gz_bridge'
Consolidate compiler generated dependencies of target bridge_types
gmake[3]: Leaving directory '/home/jagdeesh/tracker/build/ros_gz_bridge'
[ 47%] Built target bridge_types
gmake[3]: Entering directory '/home/jagdeesh/tracker/build/ros_gz_bridge'
Consolidate compiler generated dependencies of target test_utils
gmake[3]: Leaving directory '/home/jagdeesh/tracker/build/ros_gz_bridge'
[ 50%] Built target test_utils
gmake[3]: Entering directory '/home/jagdeesh/tracker/build/ros_gz_bridge'
Consolidate compiler generated dependencies of target static_bridge
gmake[3]: Leaving directory '/home/jagdeesh/tracker/build/ros_gz_bridge'
[ 52%] Built target static_bridge
gmake[3]: Entering directory '/home/jagdeesh/tracker/build/ros_gz_bridge'
Consolidate compiler generated dependencies of target test_ros_subscriber
gmake[3]: Leaving directory '/home/jagdeesh/tracker/build/ros_gz_bridge'
[ 70%] Built target test_ros_subscriber
gmake[3]: Entering directory '/home/jagdeesh/tracker/build/ros_gz_bridge'
Consolidate compiler generated dependencies of target test_ros_client
gmake[3]: Leaving directory '/home/jagdeesh/tracker/build/ros_gz_bridge'
[ 72%] Built target test_ros_client
gmake[3]: Entering directory '/home/jagdeesh/tracker/build/ros_gz_bridge'
Consolidate compiler generated dependencies of target test_gz_server
gmake[3]: Leaving directory '/home/jagdeesh/tracker/build/ros_gz_bridge'
[ 74%] Built target test_gz_server
gmake[3]: Entering directory '/home/jagdeesh/tracker/build/ros_gz_bridge'
Consolidate compiler generated dependencies of target test_gz_subscriber
gmake[3]: Leaving directory '/home/jagdeesh/tracker/build/ros_gz_bridge'
[ 78%] Built target test_gz_subscriber
gmake[3]: Entering directory '/home/jagdeesh/tracker/build/ros_gz_bridge'
Consolidate compiler generated dependencies of target test_ros_publisher
gmake[3]: Leaving directory '/home/jagdeesh/tracker/build/ros_gz_bridge'
[ 81%] Built target test_ros_publisher
gmake[3]: Entering directory '/home/jagdeesh/tracker/build/ros_gz_bridge'
Consolidate compiler generated dependencies of target test_gz_publisher
gmake[3]: Leaving directory '/home/jagdeesh/tracker/build/ros_gz_bridge'
[ 84%] Built target test_gz_publisher
gmake[3]: Entering directory '/home/jagdeesh/tracker/build/ros_gz_bridge'
Consolidate compiler generated dependencies of target parameter_bridge
gmake[3]: Leaving directory '/home/jagdeesh/tracker/build/ros_gz_bridge'
[ 86%] Built target parameter_bridge
gmake[3]: Entering directory '/home/jagdeesh/tracker/build/ros_gz_bridge'
Consolidate compiler generated dependencies of target gtest_main
gmake[3]: Leaving directory '/home/jagdeesh/tracker/build/ros_gz_bridge'
[ 89%] Built target gtest_main
gmake[3]: Entering directory '/home/jagdeesh/tracker/build/ros_gz_bridge'
Consolidate compiler generated dependencies of target bridge_node
gmake[3]: Leaving directory '/home/jagdeesh/tracker/build/ros_gz_bridge'
[ 91%] Built target bridge_node
gmake[3]: Entering directory '/home/jagdeesh/tracker/build/ros_gz_bridge'
Consolidate compiler generated dependencies of target ros_gz_bridge_bridge_config
gmake[3]: Leaving directory '/home/jagdeesh/tracker/build/ros_gz_bridge'
[ 93%] Built target ros_gz_bridge_bridge_config
gmake[3]: Entering directory '/home/jagdeesh/tracker/build/ros_gz_bridge'
Consolidate compiler generated dependencies of target test_ros_gz_interfaces
gmake[3]: Leaving directory '/home/jagdeesh/tracker/build/ros_gz_bridge'
[ 96%] Built target test_ros_gz_interfaces
gmake[3]: Entering directory '/home/jagdeesh/tracker/build/ros_gz_bridge'
Consolidate compiler generated dependencies of target test_rcl_interfaces
gmake[3]: Leaving directory '/home/jagdeesh/tracker/build/ros_gz_bridge'
[100%] Built target test_rcl_interfaces
gmake[2]: Leaving directory '/home/jagdeesh/tracker/build/ros_gz_bridge'
gmake[1]: Leaving directory '/home/jagdeesh/tracker/build/ros_gz_bridge'
-- Install configuration: "Release"
-- Up-to-date: /home/jagdeesh/tracker/install/ros_gz_bridge/lib/ros_gz_bridge/bridge_node
-- Up-to-date: /home/jagdeesh/tracker/install/ros_gz_bridge/lib/libros_gz_bridge.so
-- Up-to-date: /home/jagdeesh/tracker/install/ros_gz_bridge/include/ros_gz_bridge
-- Up-to-date: /home/jagdeesh/tracker/install/ros_gz_bridge/include/ros_gz_bridge/ros_gz_bridge
-- Up-to-date: /home/jagdeesh/tracker/install/ros_gz_bridge/include/ros_gz_bridge/ros_gz_bridge/convert_decl.hpp
-- Up-to-date: /home/jagdeesh/tracker/install/ros_gz_bridge/include/ros_gz_bridge/ros_gz_bridge/convert.hpp
-- Up-to-date: /home/jagdeesh/tracker/install/ros_gz_bridge/include/ros_gz_bridge/ros_gz_bridge/ros_gz_bridge.hpp
-- Up-to-date: /home/jagdeesh/tracker/install/ros_gz_bridge/include/ros_gz_bridge/ros_gz_bridge/convert
-- Up-to-date: /home/jagdeesh/tracker/install/ros_gz_bridge/include/ros_gz_bridge/ros_gz_bridge/convert/geometry_msgs.hpp
-- Up-to-date: /home/jagdeesh/tracker/install/ros_gz_bridge/include/ros_gz_bridge/ros_gz_bridge/convert/actuator_msgs.hpp
-- Up-to-date: /home/jagdeesh/tracker/install/ros_gz_bridge/include/ros_gz_bridge/ros_gz_bridge/convert/rosgraph_msgs.hpp
-- Up-to-date: /home/jagdeesh/tracker/install/ros_gz_bridge/include/ros_gz_bridge/ros_gz_bridge/convert/builtin_interfaces.hpp
-- Up-to-date: /home/jagdeesh/tracker/install/ros_gz_bridge/include/ros_gz_bridge/ros_gz_bridge/convert/std_msgs.hpp
-- Up-to-date: /home/jagdeesh/tracker/install/ros_gz_bridge/include/ros_gz_bridge/ros_gz_bridge/convert/rcl_interfaces.hpp
-- Up-to-date: /home/jagdeesh/tracker/install/ros_gz_bridge/include/ros_gz_bridge/ros_gz_bridge/convert/gps_msgs.hpp
-- Up-to-date: /home/jagdeesh/tracker/install/ros_gz_bridge/include/ros_gz_bridge/ros_gz_bridge/convert/sensor_msgs.hpp
-- Up-to-date: /home/jagdeesh/tracker/install/ros_gz_bridge/include/ros_gz_bridge/ros_gz_bridge/convert/tf2_msgs.hpp
-- Up-to-date: /home/jagdeesh/tracker/install/ros_gz_bridge/include/ros_gz_bridge/ros_gz_bridge/convert/nav_msgs.hpp
-- Up-to-date: /home/jagdeesh/tracker/install/ros_gz_bridge/include/ros_gz_bridge/ros_gz_bridge/convert/trajectory_msgs.hpp
-- Up-to-date: /home/jagdeesh/tracker/install/ros_gz_bridge/include/ros_gz_bridge/ros_gz_bridge/convert/vision_msgs.hpp
-- Up-to-date: /home/jagdeesh/tracker/install/ros_gz_bridge/include/ros_gz_bridge/ros_gz_bridge/convert/ros_gz_interfaces.hpp
-- Up-to-date: /home/jagdeesh/tracker/install/ros_gz_bridge/include/ros_gz_bridge/ros_gz_bridge/bridge_config.hpp
-- Up-to-date: /home/jagdeesh/tracker/install/ros_gz_bridge/lib/ros_gz_bridge/parameter_bridge
-- Up-to-date: /home/jagdeesh/tracker/install/ros_gz_bridge/lib/ros_gz_bridge/static_bridge
-- Up-to-date: /home/jagdeesh/tracker/install/ros_gz_bridge/lib/ros_gz_bridge/bridge_types
-- Up-to-date: /home/jagdeesh/tracker/install/ros_gz_bridge/lib/ros_gz_bridge/test_ros_publisher
-- Up-to-date: /home/jagdeesh/tracker/install/ros_gz_bridge/lib/ros_gz_bridge/test_ros_subscriber
-- Up-to-date: /home/jagdeesh/tracker/install/ros_gz_bridge/lib/ros_gz_bridge/test_gz_publisher
-- Up-to-date: /home/jagdeesh/tracker/install/ros_gz_bridge/lib/ros_gz_bridge/test_gz_subscriber
-- Up-to-date: /home/jagdeesh/tracker/install/ros_gz_bridge/lib/ros_gz_bridge/test_gz_server
-- Up-to-date: /home/jagdeesh/tracker/install/ros_gz_bridge/lib/ros_gz_bridge/test_ros_client
-- Up-to-date: /home/jagdeesh/tracker/install/ros_gz_bridge/share/ros_gz_bridge/environment/library_path.sh
-- Up-to-date: /home/jagdeesh/tracker/install/ros_gz_bridge/share/ros_gz_bridge/environment/library_path.dsv
-- Up-to-date: /home/jagdeesh/tracker/install/ros_gz_bridge/share/ament_index/resource_index/package_run_dependencies/ros_gz_bridge
-- Up-to-date: /home/jagdeesh/tracker/install/ros_gz_bridge/share/ament_index/resource_index/parent_prefix_path/ros_gz_bridge
-- Up-to-date: /home/jagdeesh/tracker/install/ros_gz_bridge/share/ros_gz_bridge/environment/ament_prefix_path.sh
-- Up-to-date: /home/jagdeesh/tracker/install/ros_gz_bridge/share/ros_gz_bridge/environment/ament_prefix_path.dsv
-- Up-to-date: /home/jagdeesh/tracker/install/ros_gz_bridge/share/ros_gz_bridge/environment/path.sh
-- Up-to-date: /home/jagdeesh/tracker/install/ros_gz_bridge/share/ros_gz_bridge/environment/path.dsv
-- Up-to-date: /home/jagdeesh/tracker/install/ros_gz_bridge/share/ros_gz_bridge/local_setup.bash
-- Up-to-date: /home/jagdeesh/tracker/install/ros_gz_bridge/share/ros_gz_bridge/local_setup.sh
-- Up-to-date: /home/jagdeesh/tracker/install/ros_gz_bridge/share/ros_gz_bridge/local_setup.zsh
-- Up-to-date: /home/jagdeesh/tracker/install/ros_gz_bridge/share/ros_gz_bridge/local_setup.dsv
-- Installing: /home/jagdeesh/tracker/install/ros_gz_bridge/share/ros_gz_bridge/package.dsv
-- Up-to-date: /home/jagdeesh/tracker/install/ros_gz_bridge/share/ament_index/resource_index/packages/ros_gz_bridge
-- Up-to-date: /home/jagdeesh/tracker/install/ros_gz_bridge/share/ament_index/resource_index/rclcpp_components/ros_gz_bridge
-- Up-to-date: /home/jagdeesh/tracker/install/ros_gz_bridge/share/ros_gz_bridge/cmake/export_ros_gz_bridgeExport.cmake
-- Up-to-date: /home/jagdeesh/tracker/install/ros_gz_bridge/share/ros_gz_bridge/cmake/export_ros_gz_bridgeExport-release.cmake
-- Up-to-date: /home/jagdeesh/tracker/install/ros_gz_bridge/share/ros_gz_bridge/cmake/ament_cmake_export_include_directories-extras.cmake
-- Up-to-date: /home/jagdeesh/tracker/install/ros_gz_bridge/share/ros_gz_bridge/cmake/ament_cmake_export_libraries-extras.cmake
-- Up-to-date: /home/jagdeesh/tracker/install/ros_gz_bridge/share/ros_gz_bridge/cmake/ament_cmake_export_targets-extras.cmake
-- Up-to-date: /home/jagdeesh/tracker/install/ros_gz_bridge/share/ros_gz_bridge/cmake/ament_cmake_export_dependencies-extras.cmake
-- Up-to-date: /home/jagdeesh/tracker/install/ros_gz_bridge/share/ros_gz_bridge/cmake/ros_gz_bridgeConfig.cmake
-- Up-to-date: /home/jagdeesh/tracker/install/ros_gz_bridge/share/ros_gz_bridge/cmake/ros_gz_bridgeConfig-version.cmake
-- Up-to-date: /home/jagdeesh/tracker/install/ros_gz_bridge/share/ros_gz_bridge/package.xml
