[0.016s] Invoking command in '/home/jagdeesh/tracker/build/example_global_navigation_cpp': AMENT_PREFIX_PATH=/home/jagdeesh/tracker/install/px4_ros2_cpp:/home/jagdeesh/tracker/install/px4_msgs:${AMENT_PREFIX_PATH} CMAKE_PREFIX_PATH=/home/jagdeesh/tracker/install/px4_ros2_cpp:/home/jagdeesh/tracker/install/px4_msgs:/opt/ros/humble LD_LIBRARY_PATH=/home/jagdeesh/tracker/install/px4_ros2_cpp/lib:/home/jagdeesh/tracker/install/px4_msgs/lib:${LD_LIBRARY_PATH} PYTHONPATH=/home/jagdeesh/tracker/install/px4_msgs/local/lib/python3.10/dist-packages:${PYTHONPATH} /usr/bin/cmake --build /home/jagdeesh/tracker/build/example_global_navigation_cpp -- -j12 -l12
[0.027s] gmake[1]: Entering directory '/home/jagdeesh/tracker/build/example_global_navigation_cpp'
[0.056s] gmake[2]: Entering directory '/home/jagdeesh/tracker/build/example_global_navigation_cpp'
[0.059s] gmake[3]: Entering directory '/home/jagdeesh/tracker/build/example_global_navigation_cpp'
[0.082s] Consolidate compiler generated dependencies of target example_global_navigation
[0.083s] gmake[3]: Leaving directory '/home/jagdeesh/tracker/build/example_global_navigation_cpp'
[0.103s] [100%] Built target example_global_navigation
[0.104s] gmake[2]: Leaving directory '/home/jagdeesh/tracker/build/example_global_navigation_cpp'
[0.117s] gmake[1]: Leaving directory '/home/jagdeesh/tracker/build/example_global_navigation_cpp'
[0.120s] Invoked command in '/home/jagdeesh/tracker/build/example_global_navigation_cpp' returned '0': AMENT_PREFIX_PATH=/home/jagdeesh/tracker/install/px4_ros2_cpp:/home/jagdeesh/tracker/install/px4_msgs:${AMENT_PREFIX_PATH} CMAKE_PREFIX_PATH=/home/jagdeesh/tracker/install/px4_ros2_cpp:/home/jagdeesh/tracker/install/px4_msgs:/opt/ros/humble LD_LIBRARY_PATH=/home/jagdeesh/tracker/install/px4_ros2_cpp/lib:/home/jagdeesh/tracker/install/px4_msgs/lib:${LD_LIBRARY_PATH} PYTHONPATH=/home/jagdeesh/tracker/install/px4_msgs/local/lib/python3.10/dist-packages:${PYTHONPATH} /usr/bin/cmake --build /home/jagdeesh/tracker/build/example_global_navigation_cpp -- -j12 -l12
[0.122s] Invoking command in '/home/jagdeesh/tracker/build/example_global_navigation_cpp': AMENT_PREFIX_PATH=/home/jagdeesh/tracker/install/px4_ros2_cpp:/home/jagdeesh/tracker/install/px4_msgs:${AMENT_PREFIX_PATH} CMAKE_PREFIX_PATH=/home/jagdeesh/tracker/install/px4_ros2_cpp:/home/jagdeesh/tracker/install/px4_msgs:/opt/ros/humble LD_LIBRARY_PATH=/home/jagdeesh/tracker/install/px4_ros2_cpp/lib:/home/jagdeesh/tracker/install/px4_msgs/lib:${LD_LIBRARY_PATH} PYTHONPATH=/home/jagdeesh/tracker/install/px4_msgs/local/lib/python3.10/dist-packages:${PYTHONPATH} /usr/bin/cmake --install /home/jagdeesh/tracker/build/example_global_navigation_cpp
[0.133s] -- Install configuration: "Release"
[0.134s] -- Up-to-date: /home/jagdeesh/tracker/install/example_global_navigation_cpp/lib/example_global_navigation_cpp/example_global_navigation
[0.134s] -- Up-to-date: /home/jagdeesh/tracker/install/example_global_navigation_cpp/share/ament_index/resource_index/package_run_dependencies/example_global_navigation_cpp
[0.134s] -- Up-to-date: /home/jagdeesh/tracker/install/example_global_navigation_cpp/share/ament_index/resource_index/parent_prefix_path/example_global_navigation_cpp
[0.134s] -- Up-to-date: /home/jagdeesh/tracker/install/example_global_navigation_cpp/share/example_global_navigation_cpp/environment/ament_prefix_path.sh
[0.135s] -- Up-to-date: /home/jagdeesh/tracker/install/example_global_navigation_cpp/share/example_global_navigation_cpp/environment/ament_prefix_path.dsv
[0.135s] -- Up-to-date: /home/jagdeesh/tracker/install/example_global_navigation_cpp/share/example_global_navigation_cpp/environment/path.sh
[0.135s] -- Up-to-date: /home/jagdeesh/tracker/install/example_global_navigation_cpp/share/example_global_navigation_cpp/environment/path.dsv
[0.135s] -- Up-to-date: /home/jagdeesh/tracker/install/example_global_navigation_cpp/share/example_global_navigation_cpp/local_setup.bash
[0.135s] -- Up-to-date: /home/jagdeesh/tracker/install/example_global_navigation_cpp/share/example_global_navigation_cpp/local_setup.sh
[0.135s] -- Up-to-date: /home/jagdeesh/tracker/install/example_global_navigation_cpp/share/example_global_navigation_cpp/local_setup.zsh
[0.135s] -- Up-to-date: /home/jagdeesh/tracker/install/example_global_navigation_cpp/share/example_global_navigation_cpp/local_setup.dsv
[0.136s] -- Installing: /home/jagdeesh/tracker/install/example_global_navigation_cpp/share/example_global_navigation_cpp/package.dsv
[0.136s] -- Up-to-date: /home/jagdeesh/tracker/install/example_global_navigation_cpp/share/ament_index/resource_index/packages/example_global_navigation_cpp
[0.136s] -- Up-to-date: /home/jagdeesh/tracker/install/example_global_navigation_cpp/share/example_global_navigation_cpp/cmake/example_global_navigation_cppConfig.cmake
[0.136s] -- Up-to-date: /home/jagdeesh/tracker/install/example_global_navigation_cpp/share/example_global_navigation_cpp/cmake/example_global_navigation_cppConfig-version.cmake
[0.136s] -- Up-to-date: /home/jagdeesh/tracker/install/example_global_navigation_cpp/share/example_global_navigation_cpp/package.xml
[0.140s] Invoked command in '/home/jagdeesh/tracker/build/example_global_navigation_cpp' returned '0': AMENT_PREFIX_PATH=/home/jagdeesh/tracker/install/px4_ros2_cpp:/home/jagdeesh/tracker/install/px4_msgs:${AMENT_PREFIX_PATH} CMAKE_PREFIX_PATH=/home/jagdeesh/tracker/install/px4_ros2_cpp:/home/jagdeesh/tracker/install/px4_msgs:/opt/ros/humble LD_LIBRARY_PATH=/home/jagdeesh/tracker/install/px4_ros2_cpp/lib:/home/jagdeesh/tracker/install/px4_msgs/lib:${LD_LIBRARY_PATH} PYTHONPATH=/home/jagdeesh/tracker/install/px4_msgs/local/lib/python3.10/dist-packages:${PYTHONPATH} /usr/bin/cmake --install /home/jagdeesh/tracker/build/example_global_navigation_cpp
