[0.023s] Invoking command in '/home/jagdeesh/tracker/build/ros_ign_interfaces': AMENT_PREFIX_PATH=/home/jagdeesh/tracker/install/ros_gz_interfaces:${AMENT_PREFIX_PATH} CMAKE_PREFIX_PATH=/home/jagdeesh/tracker/install/ros_gz_interfaces:/opt/ros/humble LD_LIBRARY_PATH=/home/jagdeesh/tracker/install/ros_gz_interfaces/lib:${LD_LIBRARY_PATH} PYTHONPATH=/home/jagdeesh/tracker/install/ros_gz_interfaces/local/lib/python3.10/dist-packages:${PYTHONPATH} /usr/bin/cmake /home/jagdeesh/tracker/src/ros_gz/ros_ign_interfaces -DCMAKE_INSTALL_PREFIX=/home/jagdeesh/tracker/install/ros_ign_interfaces
[0.056s] -- Found ament_cmake: 1.3.14 (/opt/ros/humble/share/ament_cmake/cmake)
[0.463s] -- Found builtin_interfaces: 1.2.2 (/opt/ros/humble/share/builtin_interfaces/cmake)
[0.527s] -- Found rosidl_generator_c: 3.1.8 (/opt/ros/humble/share/rosidl_generator_c/cmake)
[0.541s] -- Found rosidl_adapter: 3.1.8 (/opt/ros/humble/share/rosidl_adapter/cmake)
[0.547s] -- Found rosidl_generator_cpp: 3.1.8 (/opt/ros/humble/share/rosidl_generator_cpp/cmake)
[0.567s] -- Using all available rosidl_typesupport_c: rosidl_typesupport_fastrtps_c;rosidl_typesupport_introspection_c
[0.598s] -- Using all available rosidl_typesupport_cpp: rosidl_typesupport_fastrtps_cpp;rosidl_typesupport_introspection_cpp
[0.624s] -- Found std_msgs: 4.9.1 (/opt/ros/humble/share/std_msgs/cmake)
[0.650s] -- Found geometry_msgs: 4.9.1 (/opt/ros/humble/share/geometry_msgs/cmake)
[0.683s] -- Found ros_gz_interfaces: 0.244.20 (/home/jagdeesh/tracker/install/ros_gz_interfaces/share/ros_gz_interfaces/cmake)
[0.750s] -- Found rosidl_default_generators: 1.2.1 (/opt/ros/humble/share/rosidl_default_generators/cmake)
[1.900s] -- Found ament_cmake_cppcheck: 0.12.15 (/opt/ros/humble/share/ament_cmake_cppcheck/cmake)
[1.903s] -- Found ament_cmake_cpplint: 0.12.15 (/opt/ros/humble/share/ament_cmake_cpplint/cmake)
[1.905s] -- Found ament_cmake_uncrustify: 0.12.15 (/opt/ros/humble/share/ament_cmake_uncrustify/cmake)
[1.908s] -- Found ament_cmake_ros: 0.10.0 (/opt/ros/humble/share/ament_cmake_ros/cmake)
[3.240s] -- Using all available rosidl_typesupport_c: rosidl_typesupport_fastrtps_c;rosidl_typesupport_introspection_c
[3.938s] -- Using all available rosidl_typesupport_cpp: rosidl_typesupport_fastrtps_cpp;rosidl_typesupport_introspection_cpp
[4.001s] -- Found python_cmake_module: 0.10.0 (/opt/ros/humble/share/python_cmake_module/cmake)
[4.062s] -- Using PYTHON_EXECUTABLE: /usr/bin/python3
[4.063s] -- Using PYTHON_INCLUDE_DIRS: /usr/include/python3.10
[4.063s] -- Using PYTHON_LIBRARIES: /usr/lib/x86_64-linux-gnu/libpython3.10.so
[4.264s] -- Found ament_cmake_flake8: 0.12.15 (/opt/ros/humble/share/ament_cmake_flake8/cmake)
[4.264s] -- Found ament_cmake_pep257: 0.12.15 (/opt/ros/humble/share/ament_cmake_pep257/cmake)
[4.653s] -- Configuring done
[4.905s] -- Generating done
[4.977s] -- Build files have been written to: /home/jagdeesh/tracker/build/ros_ign_interfaces
[5.003s] Invoked command in '/home/jagdeesh/tracker/build/ros_ign_interfaces' returned '0': AMENT_PREFIX_PATH=/home/jagdeesh/tracker/install/ros_gz_interfaces:${AMENT_PREFIX_PATH} CMAKE_PREFIX_PATH=/home/jagdeesh/tracker/install/ros_gz_interfaces:/opt/ros/humble LD_LIBRARY_PATH=/home/jagdeesh/tracker/install/ros_gz_interfaces/lib:${LD_LIBRARY_PATH} PYTHONPATH=/home/jagdeesh/tracker/install/ros_gz_interfaces/local/lib/python3.10/dist-packages:${PYTHONPATH} /usr/bin/cmake /home/jagdeesh/tracker/src/ros_gz/ros_ign_interfaces -DCMAKE_INSTALL_PREFIX=/home/jagdeesh/tracker/install/ros_ign_interfaces
[5.005s] Invoking command in '/home/jagdeesh/tracker/build/ros_ign_interfaces': AMENT_PREFIX_PATH=/home/jagdeesh/tracker/install/ros_gz_interfaces:${AMENT_PREFIX_PATH} CMAKE_PREFIX_PATH=/home/jagdeesh/tracker/install/ros_gz_interfaces:/opt/ros/humble LD_LIBRARY_PATH=/home/jagdeesh/tracker/install/ros_gz_interfaces/lib:${LD_LIBRARY_PATH} PYTHONPATH=/home/jagdeesh/tracker/install/ros_gz_interfaces/local/lib/python3.10/dist-packages:${PYTHONPATH} /usr/bin/cmake --build /home/jagdeesh/tracker/build/ros_ign_interfaces -- -j12 -l12
[5.119s] [35m[1mConsolidate compiler generated dependencies of target ros_ign_interfaces__rosidl_generator_c[0m
[5.151s] [  1%] Built target ros_ign_interfaces__rs
[5.158s] [  1%] Built target ros_ign_interfaces__cpp
[5.184s] [ 13%] Built target ros_ign_interfaces__rosidl_generator_c
[5.189s] [ 13%] Built target ament_cmake_python_copy_ros_ign_interfaces
[5.195s] [35m[1mConsolidate compiler generated dependencies of target ros_ign_interfaces__rosidl_typesupport_fastrtps_cpp[0m
[5.236s] [35m[1mConsolidate compiler generated dependencies of target ros_ign_interfaces__rosidl_typesupport_introspection_cpp[0m
[5.258s] [35m[1mConsolidate compiler generated dependencies of target ros_ign_interfaces__rosidl_typesupport_c[0m
[5.259s] [35m[1mConsolidate compiler generated dependencies of target ros_ign_interfaces__rosidl_typesupport_introspection_c[0m
[5.269s] [35m[1mConsolidate compiler generated dependencies of target ros_ign_interfaces__rosidl_typesupport_cpp[0m
[5.271s] [35m[1mConsolidate compiler generated dependencies of target ros_ign_interfaces__rosidl_typesupport_fastrtps_c[0m
[5.306s] [ 25%] Built target ros_ign_interfaces__rosidl_typesupport_fastrtps_cpp
[5.334s] [ 37%] Built target ros_ign_interfaces__rosidl_typesupport_introspection_cpp
[5.361s] [ 49%] Built target ros_ign_interfaces__rosidl_typesupport_c
[5.374s] [ 61%] Built target ros_ign_interfaces__rosidl_typesupport_cpp
[5.386s] [ 73%] Built target ros_ign_interfaces__rosidl_typesupport_introspection_c
[5.413s] [ 85%] Built target ros_ign_interfaces__rosidl_typesupport_fastrtps_c
[5.471s] [ 85%] Built target ros_ign_interfaces
[5.589s] [ 86%] Built target ros_ign_interfaces__py
[5.626s] [35m[1mConsolidate compiler generated dependencies of target ros_ign_interfaces__rosidl_generator_py[0m
[5.688s] [ 97%] Built target ros_ign_interfaces__rosidl_generator_py
[5.712s] [35m[1mConsolidate compiler generated dependencies of target ros_ign_interfaces__rosidl_typesupport_introspection_c__pyext[0m
[5.722s] [35m[1mConsolidate compiler generated dependencies of target ros_ign_interfaces__rosidl_typesupport_c__pyext[0m
[5.723s] [35m[1mConsolidate compiler generated dependencies of target ros_ign_interfaces__rosidl_typesupport_fastrtps_c__pyext[0m
[5.750s] [ 98%] Built target ros_ign_interfaces__rosidl_typesupport_c__pyext
[5.754s] [ 99%] Built target ros_ign_interfaces__rosidl_typesupport_fastrtps_c__pyext
[5.756s] [100%] Built target ros_ign_interfaces__rosidl_typesupport_introspection_c__pyext
[6.085s] running egg_info
[6.087s] writing ros_ign_interfaces.egg-info/PKG-INFO
[6.087s] writing dependency_links to ros_ign_interfaces.egg-info/dependency_links.txt
[6.089s] writing top-level names to ros_ign_interfaces.egg-info/top_level.txt
[6.094s] reading manifest file 'ros_ign_interfaces.egg-info/SOURCES.txt'
[6.098s] writing manifest file 'ros_ign_interfaces.egg-info/SOURCES.txt'
[6.177s] [100%] Built target ament_cmake_python_build_ros_ign_interfaces_egg
[6.226s] Invoked command in '/home/jagdeesh/tracker/build/ros_ign_interfaces' returned '0': AMENT_PREFIX_PATH=/home/jagdeesh/tracker/install/ros_gz_interfaces:${AMENT_PREFIX_PATH} CMAKE_PREFIX_PATH=/home/jagdeesh/tracker/install/ros_gz_interfaces:/opt/ros/humble LD_LIBRARY_PATH=/home/jagdeesh/tracker/install/ros_gz_interfaces/lib:${LD_LIBRARY_PATH} PYTHONPATH=/home/jagdeesh/tracker/install/ros_gz_interfaces/local/lib/python3.10/dist-packages:${PYTHONPATH} /usr/bin/cmake --build /home/jagdeesh/tracker/build/ros_ign_interfaces -- -j12 -l12
[6.230s] Invoking command in '/home/jagdeesh/tracker/build/ros_ign_interfaces': AMENT_PREFIX_PATH=/home/jagdeesh/tracker/install/ros_gz_interfaces:${AMENT_PREFIX_PATH} CMAKE_PREFIX_PATH=/home/jagdeesh/tracker/install/ros_gz_interfaces:/opt/ros/humble LD_LIBRARY_PATH=/home/jagdeesh/tracker/install/ros_gz_interfaces/lib:${LD_LIBRARY_PATH} PYTHONPATH=/home/jagdeesh/tracker/install/ros_gz_interfaces/local/lib/python3.10/dist-packages:${PYTHONPATH} /usr/bin/cmake --install /home/jagdeesh/tracker/build/ros_ign_interfaces
[6.263s] -- Install configuration: "Release"
[6.265s] -- Up-to-date: /home/jagdeesh/tracker/install/ros_ign_interfaces/share/ament_index/resource_index/rosidl_interfaces/ros_ign_interfaces
[6.265s] -- Up-to-date: /home/jagdeesh/tracker/install/ros_ign_interfaces/include/ros_ign_interfaces/ros_ign_interfaces
[6.267s] -- Up-to-date: /home/jagdeesh/tracker/install/ros_ign_interfaces/include/ros_ign_interfaces/ros_ign_interfaces/srv
[6.267s] -- Up-to-date: /home/jagdeesh/tracker/install/ros_ign_interfaces/include/ros_ign_interfaces/ros_ign_interfaces/srv/control_world.h
[6.267s] -- Up-to-date: /home/jagdeesh/tracker/install/ros_ign_interfaces/include/ros_ign_interfaces/ros_ign_interfaces/srv/detail
[6.267s] -- Up-to-date: /home/jagdeesh/tracker/install/ros_ign_interfaces/include/ros_ign_interfaces/ros_ign_interfaces/srv/detail/delete_entity__type_support.h
[6.269s] -- Up-to-date: /home/jagdeesh/tracker/install/ros_ign_interfaces/include/ros_ign_interfaces/ros_ign_interfaces/srv/detail/control_world__functions.h
[6.269s] -- Up-to-date: /home/jagdeesh/tracker/install/ros_ign_interfaces/include/ros_ign_interfaces/ros_ign_interfaces/srv/detail/spawn_entity__functions.h
[6.269s] -- Up-to-date: /home/jagdeesh/tracker/install/ros_ign_interfaces/include/ros_ign_interfaces/ros_ign_interfaces/srv/detail/delete_entity__functions.h
[6.269s] -- Up-to-date: /home/jagdeesh/tracker/install/ros_ign_interfaces/include/ros_ign_interfaces/ros_ign_interfaces/srv/detail/set_entity_pose__type_support.h
[6.269s] -- Up-to-date: /home/jagdeesh/tracker/install/ros_ign_interfaces/include/ros_ign_interfaces/ros_ign_interfaces/srv/detail/spawn_entity__type_support.h
[6.271s] -- Up-to-date: /home/jagdeesh/tracker/install/ros_ign_interfaces/include/ros_ign_interfaces/ros_ign_interfaces/srv/detail/control_world__type_support.h
[6.271s] -- Up-to-date: /home/jagdeesh/tracker/install/ros_ign_interfaces/include/ros_ign_interfaces/ros_ign_interfaces/srv/detail/set_entity_pose__struct.h
[6.271s] -- Up-to-date: /home/jagdeesh/tracker/install/ros_ign_interfaces/include/ros_ign_interfaces/ros_ign_interfaces/srv/detail/control_world__struct.h
[6.271s] -- Up-to-date: /home/jagdeesh/tracker/install/ros_ign_interfaces/include/ros_ign_interfaces/ros_ign_interfaces/srv/detail/control_world__functions.c
[6.271s] -- Up-to-date: /home/jagdeesh/tracker/install/ros_ign_interfaces/include/ros_ign_interfaces/ros_ign_interfaces/srv/detail/set_entity_pose__functions.c
[6.272s] -- Up-to-date: /home/jagdeesh/tracker/install/ros_ign_interfaces/include/ros_ign_interfaces/ros_ign_interfaces/srv/detail/delete_entity__struct.h
[6.273s] -- Up-to-date: /home/jagdeesh/tracker/install/ros_ign_interfaces/include/ros_ign_interfaces/ros_ign_interfaces/srv/detail/spawn_entity__functions.c
[6.273s] -- Up-to-date: /home/jagdeesh/tracker/install/ros_ign_interfaces/include/ros_ign_interfaces/ros_ign_interfaces/srv/detail/delete_entity__functions.c
[6.273s] -- Up-to-date: /home/jagdeesh/tracker/install/ros_ign_interfaces/include/ros_ign_interfaces/ros_ign_interfaces/srv/detail/spawn_entity__struct.h
[6.273s] -- Up-to-date: /home/jagdeesh/tracker/install/ros_ign_interfaces/include/ros_ign_interfaces/ros_ign_interfaces/srv/detail/set_entity_pose__functions.h
[6.274s] -- Up-to-date: /home/jagdeesh/tracker/install/ros_ign_interfaces/include/ros_ign_interfaces/ros_ign_interfaces/srv/set_entity_pose.h
[6.274s] -- Up-to-date: /home/jagdeesh/tracker/install/ros_ign_interfaces/include/ros_ign_interfaces/ros_ign_interfaces/srv/spawn_entity.h
[6.275s] -- Up-to-date: /home/jagdeesh/tracker/install/ros_ign_interfaces/include/ros_ign_interfaces/ros_ign_interfaces/srv/delete_entity.h
[6.275s] -- Up-to-date: /home/jagdeesh/tracker/install/ros_ign_interfaces/include/ros_ign_interfaces/ros_ign_interfaces/msg
[6.275s] -- Up-to-date: /home/jagdeesh/tracker/install/ros_ign_interfaces/include/ros_ign_interfaces/ros_ign_interfaces/msg/joint_wrench.h
[6.276s] -- Up-to-date: /home/jagdeesh/tracker/install/ros_ign_interfaces/include/ros_ign_interfaces/ros_ign_interfaces/msg/string_vec.h
[6.276s] -- Up-to-date: /home/jagdeesh/tracker/install/ros_ign_interfaces/include/ros_ign_interfaces/ros_ign_interfaces/msg/contact.h
[6.276s] -- Up-to-date: /home/jagdeesh/tracker/install/ros_ign_interfaces/include/ros_ign_interfaces/ros_ign_interfaces/msg/rosidl_generator_c__visibility_control.h
[6.277s] -- Up-to-date: /home/jagdeesh/tracker/install/ros_ign_interfaces/include/ros_ign_interfaces/ros_ign_interfaces/msg/detail
[6.277s] -- Up-to-date: /home/jagdeesh/tracker/install/ros_ign_interfaces/include/ros_ign_interfaces/ros_ign_interfaces/msg/detail/contact__struct.h
[6.277s] -- Up-to-date: /home/jagdeesh/tracker/install/ros_ign_interfaces/include/ros_ign_interfaces/ros_ign_interfaces/msg/detail/gui_camera__struct.h
[6.277s] -- Up-to-date: /home/jagdeesh/tracker/install/ros_ign_interfaces/include/ros_ign_interfaces/ros_ign_interfaces/msg/detail/entity_factory__functions.h
[6.278s] -- Up-to-date: /home/jagdeesh/tracker/install/ros_ign_interfaces/include/ros_ign_interfaces/ros_ign_interfaces/msg/detail/light__functions.h
[6.278s] -- Up-to-date: /home/jagdeesh/tracker/install/ros_ign_interfaces/include/ros_ign_interfaces/ros_ign_interfaces/msg/detail/string_vec__functions.h
[6.279s] -- Up-to-date: /home/jagdeesh/tracker/install/ros_ign_interfaces/include/ros_ign_interfaces/ros_ign_interfaces/msg/detail/joint_wrench__type_support.h
[6.279s] -- Up-to-date: /home/jagdeesh/tracker/install/ros_ign_interfaces/include/ros_ign_interfaces/ros_ign_interfaces/msg/detail/contact__functions.h
[6.279s] -- Up-to-date: /home/jagdeesh/tracker/install/ros_ign_interfaces/include/ros_ign_interfaces/ros_ign_interfaces/msg/detail/track_visual__type_support.h
[6.280s] -- Up-to-date: /home/jagdeesh/tracker/install/ros_ign_interfaces/include/ros_ign_interfaces/ros_ign_interfaces/msg/detail/entity__type_support.h
[6.280s] -- Up-to-date: /home/jagdeesh/tracker/install/ros_ign_interfaces/include/ros_ign_interfaces/ros_ign_interfaces/msg/detail/contact__type_support.h
[6.280s] -- Up-to-date: /home/jagdeesh/tracker/install/ros_ign_interfaces/include/ros_ign_interfaces/ros_ign_interfaces/msg/detail/light__struct.h
[6.282s] -- Up-to-date: /home/jagdeesh/tracker/install/ros_ign_interfaces/include/ros_ign_interfaces/ros_ign_interfaces/msg/detail/world_reset__functions.h
[6.282s] -- Up-to-date: /home/jagdeesh/tracker/install/ros_ign_interfaces/include/ros_ign_interfaces/ros_ign_interfaces/msg/detail/contacts__struct.h
[6.282s] -- Up-to-date: /home/jagdeesh/tracker/install/ros_ign_interfaces/include/ros_ign_interfaces/ros_ign_interfaces/msg/detail/joint_wrench__functions.c
[6.282s] -- Up-to-date: /home/jagdeesh/tracker/install/ros_ign_interfaces/include/ros_ign_interfaces/ros_ign_interfaces/msg/detail/gui_camera__functions.h
[6.282s] -- Up-to-date: /home/jagdeesh/tracker/install/ros_ign_interfaces/include/ros_ign_interfaces/ros_ign_interfaces/msg/detail/entity_factory__functions.c
[6.282s] -- Up-to-date: /home/jagdeesh/tracker/install/ros_ign_interfaces/include/ros_ign_interfaces/ros_ign_interfaces/msg/detail/gui_camera__type_support.h
[6.284s] -- Up-to-date: /home/jagdeesh/tracker/install/ros_ign_interfaces/include/ros_ign_interfaces/ros_ign_interfaces/msg/detail/track_visual__functions.c
[6.284s] -- Up-to-date: /home/jagdeesh/tracker/install/ros_ign_interfaces/include/ros_ign_interfaces/ros_ign_interfaces/msg/detail/entity_factory__type_support.h
[6.284s] -- Up-to-date: /home/jagdeesh/tracker/install/ros_ign_interfaces/include/ros_ign_interfaces/ros_ign_interfaces/msg/detail/world_reset__struct.h
[6.284s] -- Up-to-date: /home/jagdeesh/tracker/install/ros_ign_interfaces/include/ros_ign_interfaces/ros_ign_interfaces/msg/detail/track_visual__functions.h
[6.285s] -- Up-to-date: /home/jagdeesh/tracker/install/ros_ign_interfaces/include/ros_ign_interfaces/ros_ign_interfaces/msg/detail/world_reset__type_support.h
[6.286s] -- Up-to-date: /home/jagdeesh/tracker/install/ros_ign_interfaces/include/ros_ign_interfaces/ros_ign_interfaces/msg/detail/video_record__functions.h
[6.286s] -- Up-to-date: /home/jagdeesh/tracker/install/ros_ign_interfaces/include/ros_ign_interfaces/ros_ign_interfaces/msg/detail/world_control__type_support.h
[6.287s] -- Up-to-date: /home/jagdeesh/tracker/install/ros_ign_interfaces/include/ros_ign_interfaces/ros_ign_interfaces/msg/detail/world_control__struct.h
[6.287s] -- Up-to-date: /home/jagdeesh/tracker/install/ros_ign_interfaces/include/ros_ign_interfaces/ros_ign_interfaces/msg/detail/entity__functions.c
[6.287s] -- Up-to-date: /home/jagdeesh/tracker/install/ros_ign_interfaces/include/ros_ign_interfaces/ros_ign_interfaces/msg/detail/video_record__struct.h
[6.288s] -- Up-to-date: /home/jagdeesh/tracker/install/ros_ign_interfaces/include/ros_ign_interfaces/ros_ign_interfaces/msg/detail/entity_factory__struct.h
[6.288s] -- Up-to-date: /home/jagdeesh/tracker/install/ros_ign_interfaces/include/ros_ign_interfaces/ros_ign_interfaces/msg/detail/joint_wrench__struct.h
[6.288s] -- Up-to-date: /home/jagdeesh/tracker/install/ros_ign_interfaces/include/ros_ign_interfaces/ros_ign_interfaces/msg/detail/entity__functions.h
[6.289s] -- Up-to-date: /home/jagdeesh/tracker/install/ros_ign_interfaces/include/ros_ign_interfaces/ros_ign_interfaces/msg/detail/gui_camera__functions.c
[6.289s] -- Up-to-date: /home/jagdeesh/tracker/install/ros_ign_interfaces/include/ros_ign_interfaces/ros_ign_interfaces/msg/detail/light__type_support.h
[6.290s] -- Up-to-date: /home/jagdeesh/tracker/install/ros_ign_interfaces/include/ros_ign_interfaces/ros_ign_interfaces/msg/detail/track_visual__struct.h
[6.290s] -- Up-to-date: /home/jagdeesh/tracker/install/ros_ign_interfaces/include/ros_ign_interfaces/ros_ign_interfaces/msg/detail/entity__struct.h
[6.291s] -- Up-to-date: /home/jagdeesh/tracker/install/ros_ign_interfaces/include/ros_ign_interfaces/ros_ign_interfaces/msg/detail/contacts__functions.h
[6.291s] -- Up-to-date: /home/jagdeesh/tracker/install/ros_ign_interfaces/include/ros_ign_interfaces/ros_ign_interfaces/msg/detail/contact__functions.c
[6.291s] -- Up-to-date: /home/jagdeesh/tracker/install/ros_ign_interfaces/include/ros_ign_interfaces/ros_ign_interfaces/msg/detail/string_vec__struct.h
[6.291s] -- Up-to-date: /home/jagdeesh/tracker/install/ros_ign_interfaces/include/ros_ign_interfaces/ros_ign_interfaces/msg/detail/video_record__type_support.h
[6.291s] -- Up-to-date: /home/jagdeesh/tracker/install/ros_ign_interfaces/include/ros_ign_interfaces/ros_ign_interfaces/msg/detail/video_record__functions.c
[6.292s] -- Up-to-date: /home/jagdeesh/tracker/install/ros_ign_interfaces/include/ros_ign_interfaces/ros_ign_interfaces/msg/detail/joint_wrench__functions.h
[6.292s] -- Up-to-date: /home/jagdeesh/tracker/install/ros_ign_interfaces/include/ros_ign_interfaces/ros_ign_interfaces/msg/detail/light__functions.c
[6.292s] -- Up-to-date: /home/jagdeesh/tracker/install/ros_ign_interfaces/include/ros_ign_interfaces/ros_ign_interfaces/msg/detail/world_control__functions.c
[6.292s] -- Up-to-date: /home/jagdeesh/tracker/install/ros_ign_interfaces/include/ros_ign_interfaces/ros_ign_interfaces/msg/detail/contacts__functions.c
[6.292s] -- Up-to-date: /home/jagdeesh/tracker/install/ros_ign_interfaces/include/ros_ign_interfaces/ros_ign_interfaces/msg/detail/world_control__functions.h
[6.292s] -- Up-to-date: /home/jagdeesh/tracker/install/ros_ign_interfaces/include/ros_ign_interfaces/ros_ign_interfaces/msg/detail/contacts__type_support.h
[6.293s] -- Up-to-date: /home/jagdeesh/tracker/install/ros_ign_interfaces/include/ros_ign_interfaces/ros_ign_interfaces/msg/detail/string_vec__type_support.h
[6.294s] -- Up-to-date: /home/jagdeesh/tracker/install/ros_ign_interfaces/include/ros_ign_interfaces/ros_ign_interfaces/msg/detail/world_reset__functions.c
[6.295s] -- Up-to-date: /home/jagdeesh/tracker/install/ros_ign_interfaces/include/ros_ign_interfaces/ros_ign_interfaces/msg/detail/string_vec__functions.c
[6.295s] -- Up-to-date: /home/jagdeesh/tracker/install/ros_ign_interfaces/include/ros_ign_interfaces/ros_ign_interfaces/msg/light.h
[6.295s] -- Up-to-date: /home/jagdeesh/tracker/install/ros_ign_interfaces/include/ros_ign_interfaces/ros_ign_interfaces/msg/gui_camera.h
[6.296s] -- Up-to-date: /home/jagdeesh/tracker/install/ros_ign_interfaces/include/ros_ign_interfaces/ros_ign_interfaces/msg/entity_factory.h
[6.296s] -- Up-to-date: /home/jagdeesh/tracker/install/ros_ign_interfaces/include/ros_ign_interfaces/ros_ign_interfaces/msg/video_record.h
[6.296s] -- Up-to-date: /home/jagdeesh/tracker/install/ros_ign_interfaces/include/ros_ign_interfaces/ros_ign_interfaces/msg/world_control.h
[6.296s] -- Up-to-date: /home/jagdeesh/tracker/install/ros_ign_interfaces/include/ros_ign_interfaces/ros_ign_interfaces/msg/world_reset.h
[6.296s] -- Up-to-date: /home/jagdeesh/tracker/install/ros_ign_interfaces/include/ros_ign_interfaces/ros_ign_interfaces/msg/contacts.h
[6.296s] -- Up-to-date: /home/jagdeesh/tracker/install/ros_ign_interfaces/include/ros_ign_interfaces/ros_ign_interfaces/msg/entity.h
[6.296s] -- Up-to-date: /home/jagdeesh/tracker/install/ros_ign_interfaces/include/ros_ign_interfaces/ros_ign_interfaces/msg/track_visual.h
[6.297s] -- Up-to-date: /home/jagdeesh/tracker/install/ros_ign_interfaces/share/ros_ign_interfaces/environment/library_path.sh
[6.297s] -- Installing: /home/jagdeesh/tracker/install/ros_ign_interfaces/share/ros_ign_interfaces/environment/library_path.dsv
[6.298s] -- Up-to-date: /home/jagdeesh/tracker/install/ros_ign_interfaces/lib/libros_ign_interfaces__rosidl_generator_c.so
[6.298s] -- Up-to-date: /home/jagdeesh/tracker/install/ros_ign_interfaces/include/ros_ign_interfaces/ros_ign_interfaces
[6.298s] -- Up-to-date: /home/jagdeesh/tracker/install/ros_ign_interfaces/include/ros_ign_interfaces/ros_ign_interfaces/srv
[6.298s] -- Up-to-date: /home/jagdeesh/tracker/install/ros_ign_interfaces/include/ros_ign_interfaces/ros_ign_interfaces/srv/detail
[6.298s] -- Up-to-date: /home/jagdeesh/tracker/install/ros_ign_interfaces/include/ros_ign_interfaces/ros_ign_interfaces/srv/detail/control_world__rosidl_typesupport_fastrtps_c.h
[6.298s] -- Up-to-date: /home/jagdeesh/tracker/install/ros_ign_interfaces/include/ros_ign_interfaces/ros_ign_interfaces/srv/detail/delete_entity__rosidl_typesupport_fastrtps_c.h
[6.299s] -- Up-to-date: /home/jagdeesh/tracker/install/ros_ign_interfaces/include/ros_ign_interfaces/ros_ign_interfaces/srv/detail/spawn_entity__rosidl_typesupport_fastrtps_c.h
[6.299s] -- Up-to-date: /home/jagdeesh/tracker/install/ros_ign_interfaces/include/ros_ign_interfaces/ros_ign_interfaces/srv/detail/set_entity_pose__rosidl_typesupport_fastrtps_c.h
[6.299s] -- Up-to-date: /home/jagdeesh/tracker/install/ros_ign_interfaces/include/ros_ign_interfaces/ros_ign_interfaces/msg
[6.299s] -- Up-to-date: /home/jagdeesh/tracker/install/ros_ign_interfaces/include/ros_ign_interfaces/ros_ign_interfaces/msg/detail
[6.299s] -- Up-to-date: /home/jagdeesh/tracker/install/ros_ign_interfaces/include/ros_ign_interfaces/ros_ign_interfaces/msg/detail/contacts__rosidl_typesupport_fastrtps_c.h
[6.299s] -- Up-to-date: /home/jagdeesh/tracker/install/ros_ign_interfaces/include/ros_ign_interfaces/ros_ign_interfaces/msg/detail/world_reset__rosidl_typesupport_fastrtps_c.h
[6.299s] -- Up-to-date: /home/jagdeesh/tracker/install/ros_ign_interfaces/include/ros_ign_interfaces/ros_ign_interfaces/msg/detail/video_record__rosidl_typesupport_fastrtps_c.h
[6.300s] -- Up-to-date: /home/jagdeesh/tracker/install/ros_ign_interfaces/include/ros_ign_interfaces/ros_ign_interfaces/msg/detail/light__rosidl_typesupport_fastrtps_c.h
[6.300s] -- Up-to-date: /home/jagdeesh/tracker/install/ros_ign_interfaces/include/ros_ign_interfaces/ros_ign_interfaces/msg/detail/joint_wrench__rosidl_typesupport_fastrtps_c.h
[6.300s] -- Up-to-date: /home/jagdeesh/tracker/install/ros_ign_interfaces/include/ros_ign_interfaces/ros_ign_interfaces/msg/detail/gui_camera__rosidl_typesupport_fastrtps_c.h
[6.300s] -- Up-to-date: /home/jagdeesh/tracker/install/ros_ign_interfaces/include/ros_ign_interfaces/ros_ign_interfaces/msg/detail/entity_factory__rosidl_typesupport_fastrtps_c.h
[6.301s] -- Up-to-date: /home/jagdeesh/tracker/install/ros_ign_interfaces/include/ros_ign_interfaces/ros_ign_interfaces/msg/detail/entity__rosidl_typesupport_fastrtps_c.h
[6.302s] -- Up-to-date: /home/jagdeesh/tracker/install/ros_ign_interfaces/include/ros_ign_interfaces/ros_ign_interfaces/msg/detail/track_visual__rosidl_typesupport_fastrtps_c.h
[6.302s] -- Up-to-date: /home/jagdeesh/tracker/install/ros_ign_interfaces/include/ros_ign_interfaces/ros_ign_interfaces/msg/detail/contact__rosidl_typesupport_fastrtps_c.h
[6.302s] -- Up-to-date: /home/jagdeesh/tracker/install/ros_ign_interfaces/include/ros_ign_interfaces/ros_ign_interfaces/msg/detail/string_vec__rosidl_typesupport_fastrtps_c.h
[6.302s] -- Up-to-date: /home/jagdeesh/tracker/install/ros_ign_interfaces/include/ros_ign_interfaces/ros_ign_interfaces/msg/detail/world_control__rosidl_typesupport_fastrtps_c.h
[6.302s] -- Up-to-date: /home/jagdeesh/tracker/install/ros_ign_interfaces/include/ros_ign_interfaces/ros_ign_interfaces/msg/rosidl_typesupport_fastrtps_c__visibility_control.h
[6.302s] -- Up-to-date: /home/jagdeesh/tracker/install/ros_ign_interfaces/lib/libros_ign_interfaces__rosidl_typesupport_fastrtps_c.so
[6.302s] -- Up-to-date: /home/jagdeesh/tracker/install/ros_ign_interfaces/include/ros_ign_interfaces/ros_ign_interfaces
[6.303s] -- Up-to-date: /home/jagdeesh/tracker/install/ros_ign_interfaces/include/ros_ign_interfaces/ros_ign_interfaces/srv
[6.303s] -- Up-to-date: /home/jagdeesh/tracker/install/ros_ign_interfaces/include/ros_ign_interfaces/ros_ign_interfaces/srv/control_world.hpp
[6.303s] -- Up-to-date: /home/jagdeesh/tracker/install/ros_ign_interfaces/include/ros_ign_interfaces/ros_ign_interfaces/srv/delete_entity.hpp
[6.303s] -- Up-to-date: /home/jagdeesh/tracker/install/ros_ign_interfaces/include/ros_ign_interfaces/ros_ign_interfaces/srv/detail
[6.303s] -- Up-to-date: /home/jagdeesh/tracker/install/ros_ign_interfaces/include/ros_ign_interfaces/ros_ign_interfaces/srv/detail/spawn_entity__struct.hpp
[6.303s] -- Up-to-date: /home/jagdeesh/tracker/install/ros_ign_interfaces/include/ros_ign_interfaces/ros_ign_interfaces/srv/detail/control_world__builder.hpp
[6.303s] -- Up-to-date: /home/jagdeesh/tracker/install/ros_ign_interfaces/include/ros_ign_interfaces/ros_ign_interfaces/srv/detail/control_world__struct.hpp
[6.303s] -- Up-to-date: /home/jagdeesh/tracker/install/ros_ign_interfaces/include/ros_ign_interfaces/ros_ign_interfaces/srv/detail/set_entity_pose__builder.hpp
[6.310s] -- Up-to-date: /home/jagdeesh/tracker/install/ros_ign_interfaces/include/ros_ign_interfaces/ros_ign_interfaces/srv/detail/spawn_entity__builder.hpp
[6.310s] -- Up-to-date: /home/jagdeesh/tracker/install/ros_ign_interfaces/include/ros_ign_interfaces/ros_ign_interfaces/srv/detail/set_entity_pose__struct.hpp
[6.310s] -- Up-to-date: /home/jagdeesh/tracker/install/ros_ign_interfaces/include/ros_ign_interfaces/ros_ign_interfaces/srv/detail/control_world__type_support.hpp
[6.310s] -- Up-to-date: /home/jagdeesh/tracker/install/ros_ign_interfaces/include/ros_ign_interfaces/ros_ign_interfaces/srv/detail/delete_entity__builder.hpp
[6.311s] -- Up-to-date: /home/jagdeesh/tracker/install/ros_ign_interfaces/include/ros_ign_interfaces/ros_ign_interfaces/srv/detail/delete_entity__traits.hpp
[6.311s] -- Up-to-date: /home/jagdeesh/tracker/install/ros_ign_interfaces/include/ros_ign_interfaces/ros_ign_interfaces/srv/detail/spawn_entity__traits.hpp
[6.312s] -- Up-to-date: /home/jagdeesh/tracker/install/ros_ign_interfaces/include/ros_ign_interfaces/ros_ign_interfaces/srv/detail/delete_entity__struct.hpp
[6.312s] -- Up-to-date: /home/jagdeesh/tracker/install/ros_ign_interfaces/include/ros_ign_interfaces/ros_ign_interfaces/srv/detail/delete_entity__type_support.hpp
[6.312s] -- Up-to-date: /home/jagdeesh/tracker/install/ros_ign_interfaces/include/ros_ign_interfaces/ros_ign_interfaces/srv/detail/control_world__traits.hpp
[6.314s] -- Up-to-date: /home/jagdeesh/tracker/install/ros_ign_interfaces/include/ros_ign_interfaces/ros_ign_interfaces/srv/detail/set_entity_pose__type_support.hpp
[6.314s] -- Up-to-date: /home/jagdeesh/tracker/install/ros_ign_interfaces/include/ros_ign_interfaces/ros_ign_interfaces/srv/detail/set_entity_pose__traits.hpp
[6.314s] -- Up-to-date: /home/jagdeesh/tracker/install/ros_ign_interfaces/include/ros_ign_interfaces/ros_ign_interfaces/srv/detail/spawn_entity__type_support.hpp
[6.314s] -- Up-to-date: /home/jagdeesh/tracker/install/ros_ign_interfaces/include/ros_ign_interfaces/ros_ign_interfaces/srv/spawn_entity.hpp
[6.314s] -- Up-to-date: /home/jagdeesh/tracker/install/ros_ign_interfaces/include/ros_ign_interfaces/ros_ign_interfaces/srv/set_entity_pose.hpp
[6.314s] -- Up-to-date: /home/jagdeesh/tracker/install/ros_ign_interfaces/include/ros_ign_interfaces/ros_ign_interfaces/msg
[6.317s] -- Up-to-date: /home/jagdeesh/tracker/install/ros_ign_interfaces/include/ros_ign_interfaces/ros_ign_interfaces/msg/world_reset.hpp
[6.318s] -- Up-to-date: /home/jagdeesh/tracker/install/ros_ign_interfaces/include/ros_ign_interfaces/ros_ign_interfaces/msg/track_visual.hpp
[6.318s] -- Up-to-date: /home/jagdeesh/tracker/install/ros_ign_interfaces/include/ros_ign_interfaces/ros_ign_interfaces/msg/rosidl_generator_cpp__visibility_control.hpp
[6.319s] -- Up-to-date: /home/jagdeesh/tracker/install/ros_ign_interfaces/include/ros_ign_interfaces/ros_ign_interfaces/msg/detail
[6.319s] -- Up-to-date: /home/jagdeesh/tracker/install/ros_ign_interfaces/include/ros_ign_interfaces/ros_ign_interfaces/msg/detail/track_visual__traits.hpp
[6.320s] -- Up-to-date: /home/jagdeesh/tracker/install/ros_ign_interfaces/include/ros_ign_interfaces/ros_ign_interfaces/msg/detail/string_vec__type_support.hpp
[6.320s] -- Up-to-date: /home/jagdeesh/tracker/install/ros_ign_interfaces/include/ros_ign_interfaces/ros_ign_interfaces/msg/detail/gui_camera__struct.hpp
[6.321s] -- Up-to-date: /home/jagdeesh/tracker/install/ros_ign_interfaces/include/ros_ign_interfaces/ros_ign_interfaces/msg/detail/gui_camera__builder.hpp
[6.322s] -- Up-to-date: /home/jagdeesh/tracker/install/ros_ign_interfaces/include/ros_ign_interfaces/ros_ign_interfaces/msg/detail/string_vec__builder.hpp
[6.322s] -- Up-to-date: /home/jagdeesh/tracker/install/ros_ign_interfaces/include/ros_ign_interfaces/ros_ign_interfaces/msg/detail/gui_camera__type_support.hpp
[6.322s] -- Up-to-date: /home/jagdeesh/tracker/install/ros_ign_interfaces/include/ros_ign_interfaces/ros_ign_interfaces/msg/detail/video_record__type_support.hpp
[6.322s] -- Up-to-date: /home/jagdeesh/tracker/install/ros_ign_interfaces/include/ros_ign_interfaces/ros_ign_interfaces/msg/detail/contact__traits.hpp
[6.322s] -- Up-to-date: /home/jagdeesh/tracker/install/ros_ign_interfaces/include/ros_ign_interfaces/ros_ign_interfaces/msg/detail/joint_wrench__struct.hpp
[6.323s] -- Up-to-date: /home/jagdeesh/tracker/install/ros_ign_interfaces/include/ros_ign_interfaces/ros_ign_interfaces/msg/detail/contacts__type_support.hpp
[6.323s] -- Up-to-date: /home/jagdeesh/tracker/install/ros_ign_interfaces/include/ros_ign_interfaces/ros_ign_interfaces/msg/detail/contact__builder.hpp
[6.323s] -- Up-to-date: /home/jagdeesh/tracker/install/ros_ign_interfaces/include/ros_ign_interfaces/ros_ign_interfaces/msg/detail/world_control__type_support.hpp
[6.323s] -- Up-to-date: /home/jagdeesh/tracker/install/ros_ign_interfaces/include/ros_ign_interfaces/ros_ign_interfaces/msg/detail/track_visual__builder.hpp
[6.324s] -- Up-to-date: /home/jagdeesh/tracker/install/ros_ign_interfaces/include/ros_ign_interfaces/ros_ign_interfaces/msg/detail/video_record__traits.hpp
[6.324s] -- Up-to-date: /home/jagdeesh/tracker/install/ros_ign_interfaces/include/ros_ign_interfaces/ros_ign_interfaces/msg/detail/contact__type_support.hpp
[6.324s] -- Up-to-date: /home/jagdeesh/tracker/install/ros_ign_interfaces/include/ros_ign_interfaces/ros_ign_interfaces/msg/detail/entity__struct.hpp
[6.324s] -- Up-to-date: /home/jagdeesh/tracker/install/ros_ign_interfaces/include/ros_ign_interfaces/ros_ign_interfaces/msg/detail/joint_wrench__builder.hpp
[6.324s] -- Up-to-date: /home/jagdeesh/tracker/install/ros_ign_interfaces/include/ros_ign_interfaces/ros_ign_interfaces/msg/detail/entity_factory__type_support.hpp
[6.324s] -- Up-to-date: /home/jagdeesh/tracker/install/ros_ign_interfaces/include/ros_ign_interfaces/ros_ign_interfaces/msg/detail/video_record__builder.hpp
[6.324s] -- Up-to-date: /home/jagdeesh/tracker/install/ros_ign_interfaces/include/ros_ign_interfaces/ros_ign_interfaces/msg/detail/contacts__builder.hpp
[6.325s] -- Up-to-date: /home/jagdeesh/tracker/install/ros_ign_interfaces/include/ros_ign_interfaces/ros_ign_interfaces/msg/detail/world_reset__struct.hpp
[6.325s] -- Up-to-date: /home/jagdeesh/tracker/install/ros_ign_interfaces/include/ros_ign_interfaces/ros_ign_interfaces/msg/detail/video_record__struct.hpp
[6.325s] -- Up-to-date: /home/jagdeesh/tracker/install/ros_ign_interfaces/include/ros_ign_interfaces/ros_ign_interfaces/msg/detail/track_visual__type_support.hpp
[6.325s] -- Up-to-date: /home/jagdeesh/tracker/install/ros_ign_interfaces/include/ros_ign_interfaces/ros_ign_interfaces/msg/detail/world_control__struct.hpp
[6.325s] -- Up-to-date: /home/jagdeesh/tracker/install/ros_ign_interfaces/include/ros_ign_interfaces/ros_ign_interfaces/msg/detail/light__type_support.hpp
[6.325s] -- Up-to-date: /home/jagdeesh/tracker/install/ros_ign_interfaces/include/ros_ign_interfaces/ros_ign_interfaces/msg/detail/contacts__struct.hpp
[6.326s] -- Up-to-date: /home/jagdeesh/tracker/install/ros_ign_interfaces/include/ros_ign_interfaces/ros_ign_interfaces/msg/detail/world_reset__traits.hpp
[6.326s] -- Up-to-date: /home/jagdeesh/tracker/install/ros_ign_interfaces/include/ros_ign_interfaces/ros_ign_interfaces/msg/detail/joint_wrench__traits.hpp
[6.326s] -- Up-to-date: /home/jagdeesh/tracker/install/ros_ign_interfaces/include/ros_ign_interfaces/ros_ign_interfaces/msg/detail/world_reset__type_support.hpp
[6.326s] -- Up-to-date: /home/jagdeesh/tracker/install/ros_ign_interfaces/include/ros_ign_interfaces/ros_ign_interfaces/msg/detail/gui_camera__traits.hpp
[6.326s] -- Up-to-date: /home/jagdeesh/tracker/install/ros_ign_interfaces/include/ros_ign_interfaces/ros_ign_interfaces/msg/detail/string_vec__traits.hpp
[6.326s] -- Up-to-date: /home/jagdeesh/tracker/install/ros_ign_interfaces/include/ros_ign_interfaces/ros_ign_interfaces/msg/detail/entity__type_support.hpp
[6.327s] -- Up-to-date: /home/jagdeesh/tracker/install/ros_ign_interfaces/include/ros_ign_interfaces/ros_ign_interfaces/msg/detail/joint_wrench__type_support.hpp
[6.327s] -- Up-to-date: /home/jagdeesh/tracker/install/ros_ign_interfaces/include/ros_ign_interfaces/ros_ign_interfaces/msg/detail/entity_factory__builder.hpp
[6.327s] -- Up-to-date: /home/jagdeesh/tracker/install/ros_ign_interfaces/include/ros_ign_interfaces/ros_ign_interfaces/msg/detail/entity_factory__struct.hpp
[6.327s] -- Up-to-date: /home/jagdeesh/tracker/install/ros_ign_interfaces/include/ros_ign_interfaces/ros_ign_interfaces/msg/detail/track_visual__struct.hpp
[6.327s] -- Up-to-date: /home/jagdeesh/tracker/install/ros_ign_interfaces/include/ros_ign_interfaces/ros_ign_interfaces/msg/detail/world_reset__builder.hpp
[6.327s] -- Up-to-date: /home/jagdeesh/tracker/install/ros_ign_interfaces/include/ros_ign_interfaces/ros_ign_interfaces/msg/detail/contacts__traits.hpp
[6.327s] -- Up-to-date: /home/jagdeesh/tracker/install/ros_ign_interfaces/include/ros_ign_interfaces/ros_ign_interfaces/msg/detail/world_control__builder.hpp
[6.328s] -- Up-to-date: /home/jagdeesh/tracker/install/ros_ign_interfaces/include/ros_ign_interfaces/ros_ign_interfaces/msg/detail/entity__traits.hpp
[6.328s] -- Up-to-date: /home/jagdeesh/tracker/install/ros_ign_interfaces/include/ros_ign_interfaces/ros_ign_interfaces/msg/detail/entity_factory__traits.hpp
[6.328s] -- Up-to-date: /home/jagdeesh/tracker/install/ros_ign_interfaces/include/ros_ign_interfaces/ros_ign_interfaces/msg/detail/world_control__traits.hpp
[6.328s] -- Up-to-date: /home/jagdeesh/tracker/install/ros_ign_interfaces/include/ros_ign_interfaces/ros_ign_interfaces/msg/detail/light__traits.hpp
[6.328s] -- Up-to-date: /home/jagdeesh/tracker/install/ros_ign_interfaces/include/ros_ign_interfaces/ros_ign_interfaces/msg/detail/contact__struct.hpp
[6.328s] -- Up-to-date: /home/jagdeesh/tracker/install/ros_ign_interfaces/include/ros_ign_interfaces/ros_ign_interfaces/msg/detail/light__builder.hpp
[6.328s] -- Up-to-date: /home/jagdeesh/tracker/install/ros_ign_interfaces/include/ros_ign_interfaces/ros_ign_interfaces/msg/detail/string_vec__struct.hpp
[6.328s] -- Up-to-date: /home/jagdeesh/tracker/install/ros_ign_interfaces/include/ros_ign_interfaces/ros_ign_interfaces/msg/detail/light__struct.hpp
[6.329s] -- Up-to-date: /home/jagdeesh/tracker/install/ros_ign_interfaces/include/ros_ign_interfaces/ros_ign_interfaces/msg/detail/entity__builder.hpp
[6.329s] -- Up-to-date: /home/jagdeesh/tracker/install/ros_ign_interfaces/include/ros_ign_interfaces/ros_ign_interfaces/msg/string_vec.hpp
[6.329s] -- Up-to-date: /home/jagdeesh/tracker/install/ros_ign_interfaces/include/ros_ign_interfaces/ros_ign_interfaces/msg/contact.hpp
[6.329s] -- Up-to-date: /home/jagdeesh/tracker/install/ros_ign_interfaces/include/ros_ign_interfaces/ros_ign_interfaces/msg/video_record.hpp
[6.329s] -- Up-to-date: /home/jagdeesh/tracker/install/ros_ign_interfaces/include/ros_ign_interfaces/ros_ign_interfaces/msg/entity_factory.hpp
[6.329s] -- Up-to-date: /home/jagdeesh/tracker/install/ros_ign_interfaces/include/ros_ign_interfaces/ros_ign_interfaces/msg/light.hpp
[6.329s] -- Up-to-date: /home/jagdeesh/tracker/install/ros_ign_interfaces/include/ros_ign_interfaces/ros_ign_interfaces/msg/world_control.hpp
[6.330s] -- Up-to-date: /home/jagdeesh/tracker/install/ros_ign_interfaces/include/ros_ign_interfaces/ros_ign_interfaces/msg/joint_wrench.hpp
[6.330s] -- Up-to-date: /home/jagdeesh/tracker/install/ros_ign_interfaces/include/ros_ign_interfaces/ros_ign_interfaces/msg/contacts.hpp
[6.330s] -- Up-to-date: /home/jagdeesh/tracker/install/ros_ign_interfaces/include/ros_ign_interfaces/ros_ign_interfaces/msg/entity.hpp
[6.330s] -- Up-to-date: /home/jagdeesh/tracker/install/ros_ign_interfaces/include/ros_ign_interfaces/ros_ign_interfaces/msg/gui_camera.hpp
[6.330s] -- Up-to-date: /home/jagdeesh/tracker/install/ros_ign_interfaces/include/ros_ign_interfaces/ros_ign_interfaces
[6.330s] -- Up-to-date: /home/jagdeesh/tracker/install/ros_ign_interfaces/include/ros_ign_interfaces/ros_ign_interfaces/srv
[6.331s] -- Up-to-date: /home/jagdeesh/tracker/install/ros_ign_interfaces/include/ros_ign_interfaces/ros_ign_interfaces/srv/detail
[6.331s] -- Up-to-date: /home/jagdeesh/tracker/install/ros_ign_interfaces/include/ros_ign_interfaces/ros_ign_interfaces/srv/detail/delete_entity__rosidl_typesupport_fastrtps_cpp.hpp
[6.331s] -- Up-to-date: /home/jagdeesh/tracker/install/ros_ign_interfaces/include/ros_ign_interfaces/ros_ign_interfaces/srv/detail/set_entity_pose__rosidl_typesupport_fastrtps_cpp.hpp
[6.331s] -- Up-to-date: /home/jagdeesh/tracker/install/ros_ign_interfaces/include/ros_ign_interfaces/ros_ign_interfaces/srv/detail/control_world__rosidl_typesupport_fastrtps_cpp.hpp
[6.331s] -- Up-to-date: /home/jagdeesh/tracker/install/ros_ign_interfaces/include/ros_ign_interfaces/ros_ign_interfaces/srv/detail/spawn_entity__rosidl_typesupport_fastrtps_cpp.hpp
[6.331s] -- Up-to-date: /home/jagdeesh/tracker/install/ros_ign_interfaces/include/ros_ign_interfaces/ros_ign_interfaces/srv/detail/dds_fastrtps
[6.331s] -- Up-to-date: /home/jagdeesh/tracker/install/ros_ign_interfaces/include/ros_ign_interfaces/ros_ign_interfaces/msg
[6.332s] -- Up-to-date: /home/jagdeesh/tracker/install/ros_ign_interfaces/include/ros_ign_interfaces/ros_ign_interfaces/msg/detail
[6.332s] -- Up-to-date: /home/jagdeesh/tracker/install/ros_ign_interfaces/include/ros_ign_interfaces/ros_ign_interfaces/msg/detail/track_visual__rosidl_typesupport_fastrtps_cpp.hpp
[6.336s] -- Up-to-date: /home/jagdeesh/tracker/install/ros_ign_interfaces/include/ros_ign_interfaces/ros_ign_interfaces/msg/detail/contacts__rosidl_typesupport_fastrtps_cpp.hpp
[6.336s] -- Up-to-date: /home/jagdeesh/tracker/install/ros_ign_interfaces/include/ros_ign_interfaces/ros_ign_interfaces/msg/detail/world_reset__rosidl_typesupport_fastrtps_cpp.hpp
[6.336s] -- Up-to-date: /home/jagdeesh/tracker/install/ros_ign_interfaces/include/ros_ign_interfaces/ros_ign_interfaces/msg/detail/contact__rosidl_typesupport_fastrtps_cpp.hpp
[6.336s] -- Up-to-date: /home/jagdeesh/tracker/install/ros_ign_interfaces/include/ros_ign_interfaces/ros_ign_interfaces/msg/detail/video_record__rosidl_typesupport_fastrtps_cpp.hpp
[6.336s] -- Up-to-date: /home/jagdeesh/tracker/install/ros_ign_interfaces/include/ros_ign_interfaces/ros_ign_interfaces/msg/detail/string_vec__rosidl_typesupport_fastrtps_cpp.hpp
[6.338s] -- Up-to-date: /home/jagdeesh/tracker/install/ros_ign_interfaces/include/ros_ign_interfaces/ros_ign_interfaces/msg/detail/joint_wrench__rosidl_typesupport_fastrtps_cpp.hpp
[6.339s] -- Up-to-date: /home/jagdeesh/tracker/install/ros_ign_interfaces/include/ros_ign_interfaces/ros_ign_interfaces/msg/detail/light__rosidl_typesupport_fastrtps_cpp.hpp
[6.339s] -- Up-to-date: /home/jagdeesh/tracker/install/ros_ign_interfaces/include/ros_ign_interfaces/ros_ign_interfaces/msg/detail/entity__rosidl_typesupport_fastrtps_cpp.hpp
[6.340s] -- Up-to-date: /home/jagdeesh/tracker/install/ros_ign_interfaces/include/ros_ign_interfaces/ros_ign_interfaces/msg/detail/gui_camera__rosidl_typesupport_fastrtps_cpp.hpp
[6.340s] -- Up-to-date: /home/jagdeesh/tracker/install/ros_ign_interfaces/include/ros_ign_interfaces/ros_ign_interfaces/msg/detail/world_control__rosidl_typesupport_fastrtps_cpp.hpp
[6.340s] -- Up-to-date: /home/jagdeesh/tracker/install/ros_ign_interfaces/include/ros_ign_interfaces/ros_ign_interfaces/msg/detail/entity_factory__rosidl_typesupport_fastrtps_cpp.hpp
[6.340s] -- Up-to-date: /home/jagdeesh/tracker/install/ros_ign_interfaces/include/ros_ign_interfaces/ros_ign_interfaces/msg/detail/dds_fastrtps
[6.340s] -- Up-to-date: /home/jagdeesh/tracker/install/ros_ign_interfaces/include/ros_ign_interfaces/ros_ign_interfaces/msg/rosidl_typesupport_fastrtps_cpp__visibility_control.h
[6.340s] -- Up-to-date: /home/jagdeesh/tracker/install/ros_ign_interfaces/lib/libros_ign_interfaces__rosidl_typesupport_fastrtps_cpp.so
[6.340s] -- Up-to-date: /home/jagdeesh/tracker/install/ros_ign_interfaces/include/ros_ign_interfaces/ros_ign_interfaces
[6.345s] -- Up-to-date: /home/jagdeesh/tracker/install/ros_ign_interfaces/include/ros_ign_interfaces/ros_ign_interfaces/srv
[6.345s] -- Up-to-date: /home/jagdeesh/tracker/install/ros_ign_interfaces/include/ros_ign_interfaces/ros_ign_interfaces/srv/detail
[6.346s] -- Up-to-date: /home/jagdeesh/tracker/install/ros_ign_interfaces/include/ros_ign_interfaces/ros_ign_interfaces/srv/detail/set_entity_pose__type_support.c
[6.346s] -- Up-to-date: /home/jagdeesh/tracker/install/ros_ign_interfaces/include/ros_ign_interfaces/ros_ign_interfaces/srv/detail/delete_entity__type_support.c
[6.346s] -- Up-to-date: /home/jagdeesh/tracker/install/ros_ign_interfaces/include/ros_ign_interfaces/ros_ign_interfaces/srv/detail/control_world__rosidl_typesupport_introspection_c.h
[6.349s] -- Up-to-date: /home/jagdeesh/tracker/install/ros_ign_interfaces/include/ros_ign_interfaces/ros_ign_interfaces/srv/detail/set_entity_pose__rosidl_typesupport_introspection_c.h
[6.349s] -- Up-to-date: /home/jagdeesh/tracker/install/ros_ign_interfaces/include/ros_ign_interfaces/ros_ign_interfaces/srv/detail/spawn_entity__type_support.c
[6.349s] -- Up-to-date: /home/jagdeesh/tracker/install/ros_ign_interfaces/include/ros_ign_interfaces/ros_ign_interfaces/srv/detail/control_world__type_support.c
[6.350s] -- Up-to-date: /home/jagdeesh/tracker/install/ros_ign_interfaces/include/ros_ign_interfaces/ros_ign_interfaces/srv/detail/delete_entity__rosidl_typesupport_introspection_c.h
[6.350s] -- Up-to-date: /home/jagdeesh/tracker/install/ros_ign_interfaces/include/ros_ign_interfaces/ros_ign_interfaces/srv/detail/spawn_entity__rosidl_typesupport_introspection_c.h
[6.350s] -- Up-to-date: /home/jagdeesh/tracker/install/ros_ign_interfaces/include/ros_ign_interfaces/ros_ign_interfaces/msg
[6.350s] -- Up-to-date: /home/jagdeesh/tracker/install/ros_ign_interfaces/include/ros_ign_interfaces/ros_ign_interfaces/msg/rosidl_typesupport_introspection_c__visibility_control.h
[6.350s] -- Up-to-date: /home/jagdeesh/tracker/install/ros_ign_interfaces/include/ros_ign_interfaces/ros_ign_interfaces/msg/detail
[6.350s] -- Up-to-date: /home/jagdeesh/tracker/install/ros_ign_interfaces/include/ros_ign_interfaces/ros_ign_interfaces/msg/detail/light__rosidl_typesupport_introspection_c.h
[6.350s] -- Up-to-date: /home/jagdeesh/tracker/install/ros_ign_interfaces/include/ros_ign_interfaces/ros_ign_interfaces/msg/detail/world_control__rosidl_typesupport_introspection_c.h
[6.351s] -- Up-to-date: /home/jagdeesh/tracker/install/ros_ign_interfaces/include/ros_ign_interfaces/ros_ign_interfaces/msg/detail/gui_camera__rosidl_typesupport_introspection_c.h
[6.351s] -- Up-to-date: /home/jagdeesh/tracker/install/ros_ign_interfaces/include/ros_ign_interfaces/ros_ign_interfaces/msg/detail/joint_wrench__type_support.c
[6.351s] -- Up-to-date: /home/jagdeesh/tracker/install/ros_ign_interfaces/include/ros_ign_interfaces/ros_ign_interfaces/msg/detail/entity_factory__rosidl_typesupport_introspection_c.h
[6.351s] -- Up-to-date: /home/jagdeesh/tracker/install/ros_ign_interfaces/include/ros_ign_interfaces/ros_ign_interfaces/msg/detail/contacts__type_support.c
[6.351s] -- Up-to-date: /home/jagdeesh/tracker/install/ros_ign_interfaces/include/ros_ign_interfaces/ros_ign_interfaces/msg/detail/world_control__type_support.c
[6.351s] -- Up-to-date: /home/jagdeesh/tracker/install/ros_ign_interfaces/include/ros_ign_interfaces/ros_ign_interfaces/msg/detail/gui_camera__type_support.c
[6.351s] -- Up-to-date: /home/jagdeesh/tracker/install/ros_ign_interfaces/include/ros_ign_interfaces/ros_ign_interfaces/msg/detail/contact__rosidl_typesupport_introspection_c.h
[6.351s] -- Up-to-date: /home/jagdeesh/tracker/install/ros_ign_interfaces/include/ros_ign_interfaces/ros_ign_interfaces/msg/detail/track_visual__type_support.c
[6.352s] -- Up-to-date: /home/jagdeesh/tracker/install/ros_ign_interfaces/include/ros_ign_interfaces/ros_ign_interfaces/msg/detail/contacts__rosidl_typesupport_introspection_c.h
[6.352s] -- Up-to-date: /home/jagdeesh/tracker/install/ros_ign_interfaces/include/ros_ign_interfaces/ros_ign_interfaces/msg/detail/video_record__type_support.c
[6.352s] -- Up-to-date: /home/jagdeesh/tracker/install/ros_ign_interfaces/include/ros_ign_interfaces/ros_ign_interfaces/msg/detail/string_vec__type_support.c
[6.352s] -- Up-to-date: /home/jagdeesh/tracker/install/ros_ign_interfaces/include/ros_ign_interfaces/ros_ign_interfaces/msg/detail/world_reset__type_support.c
[6.352s] -- Up-to-date: /home/jagdeesh/tracker/install/ros_ign_interfaces/include/ros_ign_interfaces/ros_ign_interfaces/msg/detail/entity_factory__type_support.c
[6.352s] -- Up-to-date: /home/jagdeesh/tracker/install/ros_ign_interfaces/include/ros_ign_interfaces/ros_ign_interfaces/msg/detail/video_record__rosidl_typesupport_introspection_c.h
[6.352s] -- Up-to-date: /home/jagdeesh/tracker/install/ros_ign_interfaces/include/ros_ign_interfaces/ros_ign_interfaces/msg/detail/string_vec__rosidl_typesupport_introspection_c.h
[6.352s] -- Up-to-date: /home/jagdeesh/tracker/install/ros_ign_interfaces/include/ros_ign_interfaces/ros_ign_interfaces/msg/detail/entity__rosidl_typesupport_introspection_c.h
[6.353s] -- Up-to-date: /home/jagdeesh/tracker/install/ros_ign_interfaces/include/ros_ign_interfaces/ros_ign_interfaces/msg/detail/world_reset__rosidl_typesupport_introspection_c.h
[6.353s] -- Up-to-date: /home/jagdeesh/tracker/install/ros_ign_interfaces/include/ros_ign_interfaces/ros_ign_interfaces/msg/detail/light__type_support.c
[6.353s] -- Up-to-date: /home/jagdeesh/tracker/install/ros_ign_interfaces/include/ros_ign_interfaces/ros_ign_interfaces/msg/detail/entity__type_support.c
[6.353s] -- Up-to-date: /home/jagdeesh/tracker/install/ros_ign_interfaces/include/ros_ign_interfaces/ros_ign_interfaces/msg/detail/track_visual__rosidl_typesupport_introspection_c.h
[6.353s] -- Up-to-date: /home/jagdeesh/tracker/install/ros_ign_interfaces/include/ros_ign_interfaces/ros_ign_interfaces/msg/detail/contact__type_support.c
[6.353s] -- Up-to-date: /home/jagdeesh/tracker/install/ros_ign_interfaces/include/ros_ign_interfaces/ros_ign_interfaces/msg/detail/joint_wrench__rosidl_typesupport_introspection_c.h
[6.353s] -- Up-to-date: /home/jagdeesh/tracker/install/ros_ign_interfaces/lib/libros_ign_interfaces__rosidl_typesupport_introspection_c.so
[6.354s] -- Up-to-date: /home/jagdeesh/tracker/install/ros_ign_interfaces/lib/libros_ign_interfaces__rosidl_typesupport_c.so
[6.354s] -- Up-to-date: /home/jagdeesh/tracker/install/ros_ign_interfaces/include/ros_ign_interfaces/ros_ign_interfaces
[6.354s] -- Up-to-date: /home/jagdeesh/tracker/install/ros_ign_interfaces/include/ros_ign_interfaces/ros_ign_interfaces/srv
[6.354s] -- Up-to-date: /home/jagdeesh/tracker/install/ros_ign_interfaces/include/ros_ign_interfaces/ros_ign_interfaces/srv/detail
[6.354s] -- Up-to-date: /home/jagdeesh/tracker/install/ros_ign_interfaces/include/ros_ign_interfaces/ros_ign_interfaces/srv/detail/set_entity_pose__type_support.cpp
[6.354s] -- Up-to-date: /home/jagdeesh/tracker/install/ros_ign_interfaces/include/ros_ign_interfaces/ros_ign_interfaces/srv/detail/spawn_entity__type_support.cpp
[6.354s] -- Up-to-date: /home/jagdeesh/tracker/install/ros_ign_interfaces/include/ros_ign_interfaces/ros_ign_interfaces/srv/detail/delete_entity__rosidl_typesupport_introspection_cpp.hpp
[6.355s] -- Up-to-date: /home/jagdeesh/tracker/install/ros_ign_interfaces/include/ros_ign_interfaces/ros_ign_interfaces/srv/detail/control_world__type_support.cpp
[6.355s] -- Up-to-date: /home/jagdeesh/tracker/install/ros_ign_interfaces/include/ros_ign_interfaces/ros_ign_interfaces/srv/detail/delete_entity__type_support.cpp
[6.355s] -- Up-to-date: /home/jagdeesh/tracker/install/ros_ign_interfaces/include/ros_ign_interfaces/ros_ign_interfaces/srv/detail/control_world__rosidl_typesupport_introspection_cpp.hpp
[6.355s] -- Up-to-date: /home/jagdeesh/tracker/install/ros_ign_interfaces/include/ros_ign_interfaces/ros_ign_interfaces/srv/detail/set_entity_pose__rosidl_typesupport_introspection_cpp.hpp
[6.355s] -- Up-to-date: /home/jagdeesh/tracker/install/ros_ign_interfaces/include/ros_ign_interfaces/ros_ign_interfaces/srv/detail/spawn_entity__rosidl_typesupport_introspection_cpp.hpp
[6.356s] -- Up-to-date: /home/jagdeesh/tracker/install/ros_ign_interfaces/include/ros_ign_interfaces/ros_ign_interfaces/msg
[6.356s] -- Up-to-date: /home/jagdeesh/tracker/install/ros_ign_interfaces/include/ros_ign_interfaces/ros_ign_interfaces/msg/detail
[6.356s] -- Up-to-date: /home/jagdeesh/tracker/install/ros_ign_interfaces/include/ros_ign_interfaces/ros_ign_interfaces/msg/detail/gui_camera__rosidl_typesupport_introspection_cpp.hpp
[6.356s] -- Up-to-date: /home/jagdeesh/tracker/install/ros_ign_interfaces/include/ros_ign_interfaces/ros_ign_interfaces/msg/detail/contacts__rosidl_typesupport_introspection_cpp.hpp
[6.357s] -- Up-to-date: /home/jagdeesh/tracker/install/ros_ign_interfaces/include/ros_ign_interfaces/ros_ign_interfaces/msg/detail/string_vec__rosidl_typesupport_introspection_cpp.hpp
[6.357s] -- Up-to-date: /home/jagdeesh/tracker/install/ros_ign_interfaces/include/ros_ign_interfaces/ros_ign_interfaces/msg/detail/video_record__rosidl_typesupport_introspection_cpp.hpp
[6.357s] -- Up-to-date: /home/jagdeesh/tracker/install/ros_ign_interfaces/include/ros_ign_interfaces/ros_ign_interfaces/msg/detail/entity_factory__type_support.cpp
[6.357s] -- Up-to-date: /home/jagdeesh/tracker/install/ros_ign_interfaces/include/ros_ign_interfaces/ros_ign_interfaces/msg/detail/track_visual__type_support.cpp
[6.358s] -- Up-to-date: /home/jagdeesh/tracker/install/ros_ign_interfaces/include/ros_ign_interfaces/ros_ign_interfaces/msg/detail/string_vec__type_support.cpp
[6.358s] -- Up-to-date: /home/jagdeesh/tracker/install/ros_ign_interfaces/include/ros_ign_interfaces/ros_ign_interfaces/msg/detail/contact__rosidl_typesupport_introspection_cpp.hpp
[6.358s] -- Up-to-date: /home/jagdeesh/tracker/install/ros_ign_interfaces/include/ros_ign_interfaces/ros_ign_interfaces/msg/detail/contact__type_support.cpp
[6.358s] -- Up-to-date: /home/jagdeesh/tracker/install/ros_ign_interfaces/include/ros_ign_interfaces/ros_ign_interfaces/msg/detail/entity__rosidl_typesupport_introspection_cpp.hpp
[6.359s] -- Up-to-date: /home/jagdeesh/tracker/install/ros_ign_interfaces/include/ros_ign_interfaces/ros_ign_interfaces/msg/detail/track_visual__rosidl_typesupport_introspection_cpp.hpp
[6.359s] -- Up-to-date: /home/jagdeesh/tracker/install/ros_ign_interfaces/include/ros_ign_interfaces/ros_ign_interfaces/msg/detail/contacts__type_support.cpp
[6.359s] -- Up-to-date: /home/jagdeesh/tracker/install/ros_ign_interfaces/include/ros_ign_interfaces/ros_ign_interfaces/msg/detail/entity__type_support.cpp
[6.359s] -- Up-to-date: /home/jagdeesh/tracker/install/ros_ign_interfaces/include/ros_ign_interfaces/ros_ign_interfaces/msg/detail/entity_factory__rosidl_typesupport_introspection_cpp.hpp
[6.359s] -- Up-to-date: /home/jagdeesh/tracker/install/ros_ign_interfaces/include/ros_ign_interfaces/ros_ign_interfaces/msg/detail/world_control__rosidl_typesupport_introspection_cpp.hpp
[6.359s] -- Up-to-date: /home/jagdeesh/tracker/install/ros_ign_interfaces/include/ros_ign_interfaces/ros_ign_interfaces/msg/detail/gui_camera__type_support.cpp
[6.359s] -- Up-to-date: /home/jagdeesh/tracker/install/ros_ign_interfaces/include/ros_ign_interfaces/ros_ign_interfaces/msg/detail/light__rosidl_typesupport_introspection_cpp.hpp
[6.359s] -- Up-to-date: /home/jagdeesh/tracker/install/ros_ign_interfaces/include/ros_ign_interfaces/ros_ign_interfaces/msg/detail/light__type_support.cpp
[6.360s] -- Up-to-date: /home/jagdeesh/tracker/install/ros_ign_interfaces/include/ros_ign_interfaces/ros_ign_interfaces/msg/detail/joint_wrench__rosidl_typesupport_introspection_cpp.hpp
[6.360s] -- Up-to-date: /home/jagdeesh/tracker/install/ros_ign_interfaces/include/ros_ign_interfaces/ros_ign_interfaces/msg/detail/world_control__type_support.cpp
[6.360s] -- Up-to-date: /home/jagdeesh/tracker/install/ros_ign_interfaces/include/ros_ign_interfaces/ros_ign_interfaces/msg/detail/world_reset__type_support.cpp
[6.360s] -- Up-to-date: /home/jagdeesh/tracker/install/ros_ign_interfaces/include/ros_ign_interfaces/ros_ign_interfaces/msg/detail/joint_wrench__type_support.cpp
[6.360s] -- Up-to-date: /home/jagdeesh/tracker/install/ros_ign_interfaces/include/ros_ign_interfaces/ros_ign_interfaces/msg/detail/video_record__type_support.cpp
[6.360s] -- Up-to-date: /home/jagdeesh/tracker/install/ros_ign_interfaces/include/ros_ign_interfaces/ros_ign_interfaces/msg/detail/world_reset__rosidl_typesupport_introspection_cpp.hpp
[6.360s] -- Up-to-date: /home/jagdeesh/tracker/install/ros_ign_interfaces/lib/libros_ign_interfaces__rosidl_typesupport_introspection_cpp.so
[6.361s] -- Up-to-date: /home/jagdeesh/tracker/install/ros_ign_interfaces/lib/libros_ign_interfaces__rosidl_typesupport_cpp.so
[6.361s] -- Up-to-date: /home/jagdeesh/tracker/install/ros_ign_interfaces/share/ros_ign_interfaces/environment/pythonpath.sh
[6.361s] -- Installing: /home/jagdeesh/tracker/install/ros_ign_interfaces/share/ros_ign_interfaces/environment/pythonpath.dsv
[6.361s] -- Up-to-date: /home/jagdeesh/tracker/install/ros_ign_interfaces/local/lib/python3.10/dist-packages/ros_ign_interfaces-0.244.20-py3.10.egg-info
[6.361s] -- Installing: /home/jagdeesh/tracker/install/ros_ign_interfaces/local/lib/python3.10/dist-packages/ros_ign_interfaces-0.244.20-py3.10.egg-info/SOURCES.txt
[6.361s] -- Installing: /home/jagdeesh/tracker/install/ros_ign_interfaces/local/lib/python3.10/dist-packages/ros_ign_interfaces-0.244.20-py3.10.egg-info/dependency_links.txt
[6.362s] -- Installing: /home/jagdeesh/tracker/install/ros_ign_interfaces/local/lib/python3.10/dist-packages/ros_ign_interfaces-0.244.20-py3.10.egg-info/top_level.txt
[6.362s] -- Installing: /home/jagdeesh/tracker/install/ros_ign_interfaces/local/lib/python3.10/dist-packages/ros_ign_interfaces-0.244.20-py3.10.egg-info/PKG-INFO
[6.362s] -- Up-to-date: /home/jagdeesh/tracker/install/ros_ign_interfaces/local/lib/python3.10/dist-packages/ros_ign_interfaces
[6.362s] -- Installing: /home/jagdeesh/tracker/install/ros_ign_interfaces/local/lib/python3.10/dist-packages/ros_ign_interfaces/__init__.py
[6.362s] -- Up-to-date: /home/jagdeesh/tracker/install/ros_ign_interfaces/local/lib/python3.10/dist-packages/ros_ign_interfaces/_ros_ign_interfaces_s.ep.rosidl_typesupport_fastrtps_c.c
[6.362s] -- Up-to-date: /home/jagdeesh/tracker/install/ros_ign_interfaces/local/lib/python3.10/dist-packages/ros_ign_interfaces/ros_ign_interfaces_s__rosidl_typesupport_c.cpython-310-x86_64-linux-gnu.so
[6.363s] -- Up-to-date: /home/jagdeesh/tracker/install/ros_ign_interfaces/local/lib/python3.10/dist-packages/ros_ign_interfaces/libros_ign_interfaces__rosidl_generator_py.so
[6.363s] -- Up-to-date: /home/jagdeesh/tracker/install/ros_ign_interfaces/local/lib/python3.10/dist-packages/ros_ign_interfaces/ros_ign_interfaces_s__rosidl_typesupport_introspection_c.cpython-310-x86_64-linux-gnu.so
[6.363s] -- Up-to-date: /home/jagdeesh/tracker/install/ros_ign_interfaces/local/lib/python3.10/dist-packages/ros_ign_interfaces/_ros_ign_interfaces_s.ep.rosidl_typesupport_c.c
[6.363s] -- Up-to-date: /home/jagdeesh/tracker/install/ros_ign_interfaces/local/lib/python3.10/dist-packages/ros_ign_interfaces/srv
[6.363s] -- Up-to-date: /home/jagdeesh/tracker/install/ros_ign_interfaces/local/lib/python3.10/dist-packages/ros_ign_interfaces/srv/_control_world_s.c
[6.363s] -- Up-to-date: /home/jagdeesh/tracker/install/ros_ign_interfaces/local/lib/python3.10/dist-packages/ros_ign_interfaces/srv/__init__.py
[6.364s] -- Up-to-date: /home/jagdeesh/tracker/install/ros_ign_interfaces/local/lib/python3.10/dist-packages/ros_ign_interfaces/srv/_set_entity_pose.py
[6.364s] -- Up-to-date: /home/jagdeesh/tracker/install/ros_ign_interfaces/local/lib/python3.10/dist-packages/ros_ign_interfaces/srv/_delete_entity_s.c
[6.364s] -- Up-to-date: /home/jagdeesh/tracker/install/ros_ign_interfaces/local/lib/python3.10/dist-packages/ros_ign_interfaces/srv/_control_world.py
[6.364s] -- Up-to-date: /home/jagdeesh/tracker/install/ros_ign_interfaces/local/lib/python3.10/dist-packages/ros_ign_interfaces/srv/_spawn_entity.py
[6.364s] -- Up-to-date: /home/jagdeesh/tracker/install/ros_ign_interfaces/local/lib/python3.10/dist-packages/ros_ign_interfaces/srv/_set_entity_pose_s.c
[6.364s] -- Up-to-date: /home/jagdeesh/tracker/install/ros_ign_interfaces/local/lib/python3.10/dist-packages/ros_ign_interfaces/srv/_spawn_entity_s.c
[6.364s] -- Up-to-date: /home/jagdeesh/tracker/install/ros_ign_interfaces/local/lib/python3.10/dist-packages/ros_ign_interfaces/srv/_delete_entity.py
[6.365s] -- Up-to-date: /home/jagdeesh/tracker/install/ros_ign_interfaces/local/lib/python3.10/dist-packages/ros_ign_interfaces/_ros_ign_interfaces_s.ep.rosidl_typesupport_introspection_c.c
[6.365s] -- Up-to-date: /home/jagdeesh/tracker/install/ros_ign_interfaces/local/lib/python3.10/dist-packages/ros_ign_interfaces/msg
[6.365s] -- Up-to-date: /home/jagdeesh/tracker/install/ros_ign_interfaces/local/lib/python3.10/dist-packages/ros_ign_interfaces/msg/__init__.py
[6.365s] -- Up-to-date: /home/jagdeesh/tracker/install/ros_ign_interfaces/local/lib/python3.10/dist-packages/ros_ign_interfaces/msg/_gui_camera.py
[6.365s] -- Up-to-date: /home/jagdeesh/tracker/install/ros_ign_interfaces/local/lib/python3.10/dist-packages/ros_ign_interfaces/msg/_world_reset_s.c
[6.365s] -- Up-to-date: /home/jagdeesh/tracker/install/ros_ign_interfaces/local/lib/python3.10/dist-packages/ros_ign_interfaces/msg/_entity_s.c
[6.365s] -- Up-to-date: /home/jagdeesh/tracker/install/ros_ign_interfaces/local/lib/python3.10/dist-packages/ros_ign_interfaces/msg/_world_control.py
[6.366s] -- Up-to-date: /home/jagdeesh/tracker/install/ros_ign_interfaces/local/lib/python3.10/dist-packages/ros_ign_interfaces/msg/_joint_wrench.py
[6.366s] -- Up-to-date: /home/jagdeesh/tracker/install/ros_ign_interfaces/local/lib/python3.10/dist-packages/ros_ign_interfaces/msg/_entity_factory.py
[6.366s] -- Up-to-date: /home/jagdeesh/tracker/install/ros_ign_interfaces/local/lib/python3.10/dist-packages/ros_ign_interfaces/msg/_video_record.py
[6.366s] -- Up-to-date: /home/jagdeesh/tracker/install/ros_ign_interfaces/local/lib/python3.10/dist-packages/ros_ign_interfaces/msg/_contact.py
[6.366s] -- Up-to-date: /home/jagdeesh/tracker/install/ros_ign_interfaces/local/lib/python3.10/dist-packages/ros_ign_interfaces/msg/_world_reset.py
[6.366s] -- Up-to-date: /home/jagdeesh/tracker/install/ros_ign_interfaces/local/lib/python3.10/dist-packages/ros_ign_interfaces/msg/_light_s.c
[6.367s] -- Up-to-date: /home/jagdeesh/tracker/install/ros_ign_interfaces/local/lib/python3.10/dist-packages/ros_ign_interfaces/msg/_string_vec.py
[6.367s] -- Up-to-date: /home/jagdeesh/tracker/install/ros_ign_interfaces/local/lib/python3.10/dist-packages/ros_ign_interfaces/msg/_joint_wrench_s.c
[6.367s] -- Up-to-date: /home/jagdeesh/tracker/install/ros_ign_interfaces/local/lib/python3.10/dist-packages/ros_ign_interfaces/msg/_track_visual.py
[6.367s] -- Up-to-date: /home/jagdeesh/tracker/install/ros_ign_interfaces/local/lib/python3.10/dist-packages/ros_ign_interfaces/msg/_gui_camera_s.c
[6.367s] -- Up-to-date: /home/jagdeesh/tracker/install/ros_ign_interfaces/local/lib/python3.10/dist-packages/ros_ign_interfaces/msg/_video_record_s.c
[6.367s] -- Up-to-date: /home/jagdeesh/tracker/install/ros_ign_interfaces/local/lib/python3.10/dist-packages/ros_ign_interfaces/msg/_track_visual_s.c
[6.367s] -- Up-to-date: /home/jagdeesh/tracker/install/ros_ign_interfaces/local/lib/python3.10/dist-packages/ros_ign_interfaces/msg/_entity_factory_s.c
[6.368s] -- Up-to-date: /home/jagdeesh/tracker/install/ros_ign_interfaces/local/lib/python3.10/dist-packages/ros_ign_interfaces/msg/_world_control_s.c
[6.368s] -- Up-to-date: /home/jagdeesh/tracker/install/ros_ign_interfaces/local/lib/python3.10/dist-packages/ros_ign_interfaces/msg/_entity.py
[6.368s] -- Up-to-date: /home/jagdeesh/tracker/install/ros_ign_interfaces/local/lib/python3.10/dist-packages/ros_ign_interfaces/msg/_contact_s.c
[6.368s] -- Up-to-date: /home/jagdeesh/tracker/install/ros_ign_interfaces/local/lib/python3.10/dist-packages/ros_ign_interfaces/msg/_light.py
[6.368s] -- Up-to-date: /home/jagdeesh/tracker/install/ros_ign_interfaces/local/lib/python3.10/dist-packages/ros_ign_interfaces/msg/_contacts_s.c
[6.368s] -- Up-to-date: /home/jagdeesh/tracker/install/ros_ign_interfaces/local/lib/python3.10/dist-packages/ros_ign_interfaces/msg/_contacts.py
[6.368s] -- Up-to-date: /home/jagdeesh/tracker/install/ros_ign_interfaces/local/lib/python3.10/dist-packages/ros_ign_interfaces/msg/_string_vec_s.c
[6.368s] -- Up-to-date: /home/jagdeesh/tracker/install/ros_ign_interfaces/local/lib/python3.10/dist-packages/ros_ign_interfaces/ros_ign_interfaces_s__rosidl_typesupport_fastrtps_c.cpython-310-x86_64-linux-gnu.so
[6.453s] Listing '/home/jagdeesh/tracker/install/ros_ign_interfaces/local/lib/python3.10/dist-packages/ros_ign_interfaces'...
[6.453s] Compiling '/home/jagdeesh/tracker/install/ros_ign_interfaces/local/lib/python3.10/dist-packages/ros_ign_interfaces/__init__.py'...
[6.453s] Listing '/home/jagdeesh/tracker/install/ros_ign_interfaces/local/lib/python3.10/dist-packages/ros_ign_interfaces/msg'...
[6.454s] Listing '/home/jagdeesh/tracker/install/ros_ign_interfaces/local/lib/python3.10/dist-packages/ros_ign_interfaces/srv'...
[6.473s] -- Up-to-date: /home/jagdeesh/tracker/install/ros_ign_interfaces/local/lib/python3.10/dist-packages/ros_ign_interfaces/ros_ign_interfaces_s__rosidl_typesupport_fastrtps_c.cpython-310-x86_64-linux-gnu.so
[6.473s] -- Up-to-date: /home/jagdeesh/tracker/install/ros_ign_interfaces/local/lib/python3.10/dist-packages/ros_ign_interfaces/ros_ign_interfaces_s__rosidl_typesupport_introspection_c.cpython-310-x86_64-linux-gnu.so
[6.478s] -- Up-to-date: /home/jagdeesh/tracker/install/ros_ign_interfaces/local/lib/python3.10/dist-packages/ros_ign_interfaces/ros_ign_interfaces_s__rosidl_typesupport_c.cpython-310-x86_64-linux-gnu.so
[6.479s] -- Up-to-date: /home/jagdeesh/tracker/install/ros_ign_interfaces/lib/libros_ign_interfaces__rosidl_generator_py.so
[6.479s] -- Up-to-date: /home/jagdeesh/tracker/install/ros_ign_interfaces/share/ament_index/resource_index/rust_packages/ros_ign_interfaces
[6.479s] -- Up-to-date: /home/jagdeesh/tracker/install/ros_ign_interfaces/share/ros_ign_interfaces/rust
[6.479s] -- Up-to-date: /home/jagdeesh/tracker/install/ros_ign_interfaces/share/ros_ign_interfaces/rust/src
[6.479s] -- Up-to-date: /home/jagdeesh/tracker/install/ros_ign_interfaces/share/ros_ign_interfaces/rust/src/srv.rs
[6.479s] -- Up-to-date: /home/jagdeesh/tracker/install/ros_ign_interfaces/share/ros_ign_interfaces/rust/src/srv
[6.479s] -- Up-to-date: /home/jagdeesh/tracker/install/ros_ign_interfaces/share/ros_ign_interfaces/rust/src/srv/rmw.rs
[6.480s] -- Up-to-date: /home/jagdeesh/tracker/install/ros_ign_interfaces/share/ros_ign_interfaces/rust/src/lib.rs
[6.480s] -- Up-to-date: /home/jagdeesh/tracker/install/ros_ign_interfaces/share/ros_ign_interfaces/rust/src/msg
[6.480s] -- Up-to-date: /home/jagdeesh/tracker/install/ros_ign_interfaces/share/ros_ign_interfaces/rust/src/msg/rmw.rs
[6.480s] -- Up-to-date: /home/jagdeesh/tracker/install/ros_ign_interfaces/share/ros_ign_interfaces/rust/src/msg.rs
[6.480s] -- Up-to-date: /home/jagdeesh/tracker/install/ros_ign_interfaces/share/ros_ign_interfaces/rust/Cargo.toml
[6.480s] -- Up-to-date: /home/jagdeesh/tracker/install/ros_ign_interfaces/share/ros_ign_interfaces/rust/build.rs
[6.481s] -- Up-to-date: /home/jagdeesh/tracker/install/ros_ign_interfaces/share/ros_ign_interfaces/msg/Contact.idl
[6.481s] -- Up-to-date: /home/jagdeesh/tracker/install/ros_ign_interfaces/share/ros_ign_interfaces/msg/Contacts.idl
[6.482s] -- Up-to-date: /home/jagdeesh/tracker/install/ros_ign_interfaces/share/ros_ign_interfaces/msg/Entity.idl
[6.482s] -- Up-to-date: /home/jagdeesh/tracker/install/ros_ign_interfaces/share/ros_ign_interfaces/msg/EntityFactory.idl
[6.482s] -- Up-to-date: /home/jagdeesh/tracker/install/ros_ign_interfaces/share/ros_ign_interfaces/msg/GuiCamera.idl
[6.489s] -- Up-to-date: /home/jagdeesh/tracker/install/ros_ign_interfaces/share/ros_ign_interfaces/msg/JointWrench.idl
[6.490s] -- Up-to-date: /home/jagdeesh/tracker/install/ros_ign_interfaces/share/ros_ign_interfaces/msg/Light.idl
[6.490s] -- Up-to-date: /home/jagdeesh/tracker/install/ros_ign_interfaces/share/ros_ign_interfaces/msg/StringVec.idl
[6.490s] -- Up-to-date: /home/jagdeesh/tracker/install/ros_ign_interfaces/share/ros_ign_interfaces/msg/TrackVisual.idl
[6.490s] -- Up-to-date: /home/jagdeesh/tracker/install/ros_ign_interfaces/share/ros_ign_interfaces/msg/VideoRecord.idl
[6.490s] -- Up-to-date: /home/jagdeesh/tracker/install/ros_ign_interfaces/share/ros_ign_interfaces/msg/WorldControl.idl
[6.490s] -- Up-to-date: /home/jagdeesh/tracker/install/ros_ign_interfaces/share/ros_ign_interfaces/msg/WorldReset.idl
[6.490s] -- Up-to-date: /home/jagdeesh/tracker/install/ros_ign_interfaces/share/ros_ign_interfaces/srv/ControlWorld.idl
[6.491s] -- Up-to-date: /home/jagdeesh/tracker/install/ros_ign_interfaces/share/ros_ign_interfaces/srv/DeleteEntity.idl
[6.491s] -- Up-to-date: /home/jagdeesh/tracker/install/ros_ign_interfaces/share/ros_ign_interfaces/srv/SetEntityPose.idl
[6.491s] -- Up-to-date: /home/jagdeesh/tracker/install/ros_ign_interfaces/share/ros_ign_interfaces/srv/SpawnEntity.idl
[6.491s] -- Up-to-date: /home/jagdeesh/tracker/install/ros_ign_interfaces/share/ros_ign_interfaces/msg/Contact.msg
[6.491s] -- Up-to-date: /home/jagdeesh/tracker/install/ros_ign_interfaces/share/ros_ign_interfaces/msg/Contacts.msg
[6.491s] -- Up-to-date: /home/jagdeesh/tracker/install/ros_ign_interfaces/share/ros_ign_interfaces/msg/Entity.msg
[6.491s] -- Up-to-date: /home/jagdeesh/tracker/install/ros_ign_interfaces/share/ros_ign_interfaces/msg/EntityFactory.msg
[6.491s] -- Up-to-date: /home/jagdeesh/tracker/install/ros_ign_interfaces/share/ros_ign_interfaces/msg/GuiCamera.msg
[6.492s] -- Up-to-date: /home/jagdeesh/tracker/install/ros_ign_interfaces/share/ros_ign_interfaces/msg/JointWrench.msg
[6.492s] -- Up-to-date: /home/jagdeesh/tracker/install/ros_ign_interfaces/share/ros_ign_interfaces/msg/Light.msg
[6.492s] -- Up-to-date: /home/jagdeesh/tracker/install/ros_ign_interfaces/share/ros_ign_interfaces/msg/StringVec.msg
[6.492s] -- Up-to-date: /home/jagdeesh/tracker/install/ros_ign_interfaces/share/ros_ign_interfaces/msg/TrackVisual.msg
[6.492s] -- Up-to-date: /home/jagdeesh/tracker/install/ros_ign_interfaces/share/ros_ign_interfaces/msg/VideoRecord.msg
[6.492s] -- Up-to-date: /home/jagdeesh/tracker/install/ros_ign_interfaces/share/ros_ign_interfaces/msg/WorldControl.msg
[6.492s] -- Up-to-date: /home/jagdeesh/tracker/install/ros_ign_interfaces/share/ros_ign_interfaces/msg/WorldReset.msg
[6.500s] -- Up-to-date: /home/jagdeesh/tracker/install/ros_ign_interfaces/share/ros_ign_interfaces/srv/ControlWorld.srv
[6.500s] -- Up-to-date: /home/jagdeesh/tracker/install/ros_ign_interfaces/share/ros_ign_interfaces/srv/ControlWorld_Request.msg
[6.500s] -- Up-to-date: /home/jagdeesh/tracker/install/ros_ign_interfaces/share/ros_ign_interfaces/srv/ControlWorld_Response.msg
[6.500s] -- Up-to-date: /home/jagdeesh/tracker/install/ros_ign_interfaces/share/ros_ign_interfaces/srv/DeleteEntity.srv
[6.500s] -- Up-to-date: /home/jagdeesh/tracker/install/ros_ign_interfaces/share/ros_ign_interfaces/srv/DeleteEntity_Request.msg
[6.500s] -- Up-to-date: /home/jagdeesh/tracker/install/ros_ign_interfaces/share/ros_ign_interfaces/srv/DeleteEntity_Response.msg
[6.500s] -- Up-to-date: /home/jagdeesh/tracker/install/ros_ign_interfaces/share/ros_ign_interfaces/srv/SetEntityPose.srv
[6.501s] -- Up-to-date: /home/jagdeesh/tracker/install/ros_ign_interfaces/share/ros_ign_interfaces/srv/SetEntityPose_Request.msg
[6.501s] -- Up-to-date: /home/jagdeesh/tracker/install/ros_ign_interfaces/share/ros_ign_interfaces/srv/SetEntityPose_Response.msg
[6.501s] -- Up-to-date: /home/jagdeesh/tracker/install/ros_ign_interfaces/share/ros_ign_interfaces/srv/SpawnEntity.srv
[6.501s] -- Up-to-date: /home/jagdeesh/tracker/install/ros_ign_interfaces/share/ros_ign_interfaces/srv/SpawnEntity_Request.msg
[6.501s] -- Up-to-date: /home/jagdeesh/tracker/install/ros_ign_interfaces/share/ros_ign_interfaces/srv/SpawnEntity_Response.msg
[6.501s] -- Up-to-date: /home/jagdeesh/tracker/install/ros_ign_interfaces/share/ament_index/resource_index/package_run_dependencies/ros_ign_interfaces
[6.501s] -- Up-to-date: /home/jagdeesh/tracker/install/ros_ign_interfaces/share/ament_index/resource_index/parent_prefix_path/ros_ign_interfaces
[6.501s] -- Up-to-date: /home/jagdeesh/tracker/install/ros_ign_interfaces/share/ros_ign_interfaces/environment/ament_prefix_path.sh
[6.502s] -- Installing: /home/jagdeesh/tracker/install/ros_ign_interfaces/share/ros_ign_interfaces/environment/ament_prefix_path.dsv
[6.502s] -- Up-to-date: /home/jagdeesh/tracker/install/ros_ign_interfaces/share/ros_ign_interfaces/environment/path.sh
[6.502s] -- Installing: /home/jagdeesh/tracker/install/ros_ign_interfaces/share/ros_ign_interfaces/environment/path.dsv
[6.503s] -- Up-to-date: /home/jagdeesh/tracker/install/ros_ign_interfaces/share/ros_ign_interfaces/local_setup.bash
[6.504s] -- Up-to-date: /home/jagdeesh/tracker/install/ros_ign_interfaces/share/ros_ign_interfaces/local_setup.sh
[6.509s] -- Up-to-date: /home/jagdeesh/tracker/install/ros_ign_interfaces/share/ros_ign_interfaces/local_setup.zsh
[6.509s] -- Installing: /home/jagdeesh/tracker/install/ros_ign_interfaces/share/ros_ign_interfaces/local_setup.dsv
[6.509s] -- Installing: /home/jagdeesh/tracker/install/ros_ign_interfaces/share/ros_ign_interfaces/package.dsv
[6.509s] -- Up-to-date: /home/jagdeesh/tracker/install/ros_ign_interfaces/share/ament_index/resource_index/packages/ros_ign_interfaces
[6.509s] -- Up-to-date: /home/jagdeesh/tracker/install/ros_ign_interfaces/share/ros_ign_interfaces/cmake/export_ros_ign_interfaces__rosidl_generator_cExport.cmake
[6.510s] -- Up-to-date: /home/jagdeesh/tracker/install/ros_ign_interfaces/share/ros_ign_interfaces/cmake/export_ros_ign_interfaces__rosidl_generator_cExport-release.cmake
[6.512s] -- Up-to-date: /home/jagdeesh/tracker/install/ros_ign_interfaces/share/ros_ign_interfaces/cmake/export_ros_ign_interfaces__rosidl_typesupport_fastrtps_cExport.cmake
[6.512s] -- Up-to-date: /home/jagdeesh/tracker/install/ros_ign_interfaces/share/ros_ign_interfaces/cmake/export_ros_ign_interfaces__rosidl_typesupport_fastrtps_cExport-release.cmake
[6.512s] -- Up-to-date: /home/jagdeesh/tracker/install/ros_ign_interfaces/share/ros_ign_interfaces/cmake/export_ros_ign_interfaces__rosidl_generator_cppExport.cmake
[6.512s] -- Up-to-date: /home/jagdeesh/tracker/install/ros_ign_interfaces/share/ros_ign_interfaces/cmake/export_ros_ign_interfaces__rosidl_typesupport_fastrtps_cppExport.cmake
[6.513s] -- Up-to-date: /home/jagdeesh/tracker/install/ros_ign_interfaces/share/ros_ign_interfaces/cmake/export_ros_ign_interfaces__rosidl_typesupport_fastrtps_cppExport-release.cmake
[6.520s] -- Up-to-date: /home/jagdeesh/tracker/install/ros_ign_interfaces/share/ros_ign_interfaces/cmake/ros_ign_interfaces__rosidl_typesupport_introspection_cExport.cmake
[6.520s] -- Up-to-date: /home/jagdeesh/tracker/install/ros_ign_interfaces/share/ros_ign_interfaces/cmake/ros_ign_interfaces__rosidl_typesupport_introspection_cExport-release.cmake
[6.520s] -- Up-to-date: /home/jagdeesh/tracker/install/ros_ign_interfaces/share/ros_ign_interfaces/cmake/ros_ign_interfaces__rosidl_typesupport_cExport.cmake
[6.520s] -- Up-to-date: /home/jagdeesh/tracker/install/ros_ign_interfaces/share/ros_ign_interfaces/cmake/ros_ign_interfaces__rosidl_typesupport_cExport-release.cmake
[6.520s] -- Up-to-date: /home/jagdeesh/tracker/install/ros_ign_interfaces/share/ros_ign_interfaces/cmake/ros_ign_interfaces__rosidl_typesupport_introspection_cppExport.cmake
[6.521s] -- Up-to-date: /home/jagdeesh/tracker/install/ros_ign_interfaces/share/ros_ign_interfaces/cmake/ros_ign_interfaces__rosidl_typesupport_introspection_cppExport-release.cmake
[6.521s] -- Up-to-date: /home/jagdeesh/tracker/install/ros_ign_interfaces/share/ros_ign_interfaces/cmake/ros_ign_interfaces__rosidl_typesupport_cppExport.cmake
[6.521s] -- Up-to-date: /home/jagdeesh/tracker/install/ros_ign_interfaces/share/ros_ign_interfaces/cmake/ros_ign_interfaces__rosidl_typesupport_cppExport-release.cmake
[6.521s] -- Up-to-date: /home/jagdeesh/tracker/install/ros_ign_interfaces/share/ros_ign_interfaces/cmake/export_ros_ign_interfaces__rosidl_generator_pyExport.cmake
[6.524s] -- Up-to-date: /home/jagdeesh/tracker/install/ros_ign_interfaces/share/ros_ign_interfaces/cmake/export_ros_ign_interfaces__rosidl_generator_pyExport-release.cmake
[6.524s] -- Up-to-date: /home/jagdeesh/tracker/install/ros_ign_interfaces/share/ros_ign_interfaces/cmake/rosidl_cmake-extras.cmake
[6.524s] -- Up-to-date: /home/jagdeesh/tracker/install/ros_ign_interfaces/share/ros_ign_interfaces/cmake/ament_cmake_export_dependencies-extras.cmake
[6.524s] -- Up-to-date: /home/jagdeesh/tracker/install/ros_ign_interfaces/share/ros_ign_interfaces/cmake/ament_cmake_export_include_directories-extras.cmake
[6.524s] -- Up-to-date: /home/jagdeesh/tracker/install/ros_ign_interfaces/share/ros_ign_interfaces/cmake/ament_cmake_export_libraries-extras.cmake
[6.525s] -- Up-to-date: /home/jagdeesh/tracker/install/ros_ign_interfaces/share/ros_ign_interfaces/cmake/ament_cmake_export_targets-extras.cmake
[6.531s] -- Up-to-date: /home/jagdeesh/tracker/install/ros_ign_interfaces/share/ros_ign_interfaces/cmake/rosidl_cmake_export_typesupport_targets-extras.cmake
[6.531s] -- Up-to-date: /home/jagdeesh/tracker/install/ros_ign_interfaces/share/ros_ign_interfaces/cmake/rosidl_cmake_export_typesupport_libraries-extras.cmake
[6.531s] -- Up-to-date: /home/jagdeesh/tracker/install/ros_ign_interfaces/share/ros_ign_interfaces/cmake/ros_ign_interfacesConfig.cmake
[6.531s] -- Up-to-date: /home/jagdeesh/tracker/install/ros_ign_interfaces/share/ros_ign_interfaces/cmake/ros_ign_interfacesConfig-version.cmake
[6.531s] -- Up-to-date: /home/jagdeesh/tracker/install/ros_ign_interfaces/share/ros_ign_interfaces/package.xml
[6.538s] Invoked command in '/home/jagdeesh/tracker/build/ros_ign_interfaces' returned '0': AMENT_PREFIX_PATH=/home/jagdeesh/tracker/install/ros_gz_interfaces:${AMENT_PREFIX_PATH} CMAKE_PREFIX_PATH=/home/jagdeesh/tracker/install/ros_gz_interfaces:/opt/ros/humble LD_LIBRARY_PATH=/home/jagdeesh/tracker/install/ros_gz_interfaces/lib:${LD_LIBRARY_PATH} PYTHONPATH=/home/jagdeesh/tracker/install/ros_gz_interfaces/local/lib/python3.10/dist-packages:${PYTHONPATH} /usr/bin/cmake --install /home/jagdeesh/tracker/build/ros_ign_interfaces
