[0.013s] Invoking command in '/home/jagdeesh/tracker/build/example_local_navigation_cpp': AMENT_PREFIX_PATH=/home/jagdeesh/tracker/install/px4_ros2_cpp:/home/jagdeesh/tracker/install/px4_msgs:${AMENT_PREFIX_PATH} CMAKE_PREFIX_PATH=/home/jagdeesh/tracker/install/px4_ros2_cpp:/home/jagdeesh/tracker/install/px4_msgs:/opt/ros/humble LD_LIBRARY_PATH=/home/jagdeesh/tracker/install/px4_ros2_cpp/lib:/home/jagdeesh/tracker/install/px4_msgs/lib:${LD_LIBRARY_PATH} PYTHONPATH=/home/jagdeesh/tracker/install/px4_msgs/local/lib/python3.10/dist-packages:${PYTHONPATH} /usr/bin/cmake /home/jagdeesh/tracker/src/px4-ros2-interface-lib/examples/cpp/navigation/local_navigation -DCMAKE_BUILD_TYPE=Release -DCMAKE_INSTALL_PREFIX=/home/jagdeesh/tracker/install/example_local_navigation_cpp
[0.080s] -- The C compiler identification is GNU 11.4.0
[0.143s] -- The CXX compiler identification is GNU 11.4.0
[0.152s] -- Detecting C compiler ABI info
[0.232s] -- Detecting C compiler ABI info - done
[0.243s] -- Check for working C compiler: /usr/bin/cc - skipped
[0.243s] -- Detecting C compile features
[0.243s] -- Detecting C compile features - done
[0.246s] -- Detecting CXX compiler ABI info
[0.341s] -- Detecting CXX compiler ABI info - done
[0.352s] -- Check for working CXX compiler: /usr/bin/c++ - skipped
[0.352s] -- Detecting CXX compile features
[0.352s] -- Detecting CXX compile features - done
[0.354s] -- Found eigen3_cmake_module: 0.1.1 (/opt/ros/humble/share/eigen3_cmake_module/cmake)
[0.362s] -- Found Eigen3: TRUE (found version "3.4.0") 
[0.363s] -- Found ament_cmake: 1.3.14 (/opt/ros/humble/share/ament_cmake/cmake)
[0.532s] -- Found Python3: /usr/bin/python3 (found version "3.10.12") found components: Interpreter 
[0.627s] -- Found rclcpp: 16.0.18 (/opt/ros/humble/share/rclcpp/cmake)
[0.669s] -- Found rosidl_generator_c: 3.1.8 (/opt/ros/humble/share/rosidl_generator_c/cmake)
[0.673s] -- Found rosidl_adapter: 3.1.8 (/opt/ros/humble/share/rosidl_adapter/cmake)
[0.681s] -- Found rosidl_generator_cpp: 3.1.8 (/opt/ros/humble/share/rosidl_generator_cpp/cmake)
[0.692s] -- Using all available rosidl_typesupport_c: rosidl_typesupport_fastrtps_c;rosidl_typesupport_introspection_c
[0.707s] -- Using all available rosidl_typesupport_cpp: rosidl_typesupport_fastrtps_cpp;rosidl_typesupport_introspection_cpp
[0.747s] -- Found rmw_implementation_cmake: 6.1.2 (/opt/ros/humble/share/rmw_implementation_cmake/cmake)
[0.749s] -- Found rmw_fastrtps_cpp: 6.2.10 (/opt/ros/humble/share/rmw_fastrtps_cpp/cmake)
[0.846s] -- Found OpenSSL: /usr/lib/x86_64-linux-gnu/libcrypto.so (found version "3.0.2")  
[0.878s] -- Found FastRTPS: /opt/ros/humble/include  
[0.921s] -- Using RMW implementation 'rmw_fastrtps_cpp' as default
[0.927s] -- Looking for pthread.h
[1.010s] -- Looking for pthread.h - found
[1.011s] -- Performing Test CMAKE_HAVE_LIBC_PTHREAD
[1.091s] -- Performing Test CMAKE_HAVE_LIBC_PTHREAD - Success
[1.092s] -- Found Threads: TRUE  
[1.139s] -- Found px4_ros2_cpp: 0.0.1 (/home/jagdeesh/tracker/install/px4_ros2_cpp/share/px4_ros2_cpp/cmake)
[1.153s] -- Found ament_lint_auto: 0.12.15 (/opt/ros/humble/share/ament_lint_auto/cmake)
[1.270s] -- Added test 'copyright' to check source files copyright and LICENSE
[1.271s] -- Added test 'cppcheck' to perform static code analysis on C / C++ code
[1.271s] -- Configured cppcheck include dirs: /home/jagdeesh/tracker/src/px4-ros2-interface-lib/examples/cpp/navigation/local_navigation/include
[1.271s] -- Configured cppcheck exclude dirs and/or files: 
[1.271s] -- Added test 'cpplint' to check C / C++ code against the Google style
[1.272s] -- Configured cpplint exclude dirs and/or files: 
[1.272s] -- Added test 'lint_cmake' to check CMake code style
[1.273s] -- Added test 'uncrustify' to check C / C++ code style
[1.273s] -- Configured uncrustify additional arguments: 
[1.273s] -- Added test 'xmllint' to check XML markup files
[1.274s] -- Configuring done
[1.283s] -- Generating done
[1.287s] -- Build files have been written to: /home/jagdeesh/tracker/build/example_local_navigation_cpp
[1.297s] Invoked command in '/home/jagdeesh/tracker/build/example_local_navigation_cpp' returned '0': AMENT_PREFIX_PATH=/home/jagdeesh/tracker/install/px4_ros2_cpp:/home/jagdeesh/tracker/install/px4_msgs:${AMENT_PREFIX_PATH} CMAKE_PREFIX_PATH=/home/jagdeesh/tracker/install/px4_ros2_cpp:/home/jagdeesh/tracker/install/px4_msgs:/opt/ros/humble LD_LIBRARY_PATH=/home/jagdeesh/tracker/install/px4_ros2_cpp/lib:/home/jagdeesh/tracker/install/px4_msgs/lib:${LD_LIBRARY_PATH} PYTHONPATH=/home/jagdeesh/tracker/install/px4_msgs/local/lib/python3.10/dist-packages:${PYTHONPATH} /usr/bin/cmake /home/jagdeesh/tracker/src/px4-ros2-interface-lib/examples/cpp/navigation/local_navigation -DCMAKE_BUILD_TYPE=Release -DCMAKE_INSTALL_PREFIX=/home/jagdeesh/tracker/install/example_local_navigation_cpp
[1.299s] Invoking command in '/home/jagdeesh/tracker/build/example_local_navigation_cpp': AMENT_PREFIX_PATH=/home/jagdeesh/tracker/install/px4_ros2_cpp:/home/jagdeesh/tracker/install/px4_msgs:${AMENT_PREFIX_PATH} CMAKE_PREFIX_PATH=/home/jagdeesh/tracker/install/px4_ros2_cpp:/home/jagdeesh/tracker/install/px4_msgs:/opt/ros/humble LD_LIBRARY_PATH=/home/jagdeesh/tracker/install/px4_ros2_cpp/lib:/home/jagdeesh/tracker/install/px4_msgs/lib:${LD_LIBRARY_PATH} PYTHONPATH=/home/jagdeesh/tracker/install/px4_msgs/local/lib/python3.10/dist-packages:${PYTHONPATH} /usr/bin/cmake --build /home/jagdeesh/tracker/build/example_local_navigation_cpp -- -j12 -l12
[1.310s] gmake[1]: Entering directory '/home/jagdeesh/tracker/build/example_local_navigation_cpp'
[1.336s] gmake[2]: Entering directory '/home/jagdeesh/tracker/build/example_local_navigation_cpp'
[1.337s] gmake[3]: Entering directory '/home/jagdeesh/tracker/build/example_local_navigation_cpp'
[1.349s] gmake[3]: Leaving directory '/home/jagdeesh/tracker/build/example_local_navigation_cpp'
[1.350s] gmake[3]: Entering directory '/home/jagdeesh/tracker/build/example_local_navigation_cpp'
[1.361s] [ 50%] [32mBuilding CXX object CMakeFiles/example_local_navigation.dir/src/main.cpp.o[0m
[5.285s] [100%] [32m[1mLinking CXX executable example_local_navigation[0m
[5.465s] gmake[3]: Leaving directory '/home/jagdeesh/tracker/build/example_local_navigation_cpp'
[5.474s] [100%] Built target example_local_navigation
[5.475s] gmake[2]: Leaving directory '/home/jagdeesh/tracker/build/example_local_navigation_cpp'
[5.486s] gmake[1]: Leaving directory '/home/jagdeesh/tracker/build/example_local_navigation_cpp'
[5.488s] Invoked command in '/home/jagdeesh/tracker/build/example_local_navigation_cpp' returned '0': AMENT_PREFIX_PATH=/home/jagdeesh/tracker/install/px4_ros2_cpp:/home/jagdeesh/tracker/install/px4_msgs:${AMENT_PREFIX_PATH} CMAKE_PREFIX_PATH=/home/jagdeesh/tracker/install/px4_ros2_cpp:/home/jagdeesh/tracker/install/px4_msgs:/opt/ros/humble LD_LIBRARY_PATH=/home/jagdeesh/tracker/install/px4_ros2_cpp/lib:/home/jagdeesh/tracker/install/px4_msgs/lib:${LD_LIBRARY_PATH} PYTHONPATH=/home/jagdeesh/tracker/install/px4_msgs/local/lib/python3.10/dist-packages:${PYTHONPATH} /usr/bin/cmake --build /home/jagdeesh/tracker/build/example_local_navigation_cpp -- -j12 -l12
[5.490s] Invoking command in '/home/jagdeesh/tracker/build/example_local_navigation_cpp': AMENT_PREFIX_PATH=/home/jagdeesh/tracker/install/px4_ros2_cpp:/home/jagdeesh/tracker/install/px4_msgs:${AMENT_PREFIX_PATH} CMAKE_PREFIX_PATH=/home/jagdeesh/tracker/install/px4_ros2_cpp:/home/jagdeesh/tracker/install/px4_msgs:/opt/ros/humble LD_LIBRARY_PATH=/home/jagdeesh/tracker/install/px4_ros2_cpp/lib:/home/jagdeesh/tracker/install/px4_msgs/lib:${LD_LIBRARY_PATH} PYTHONPATH=/home/jagdeesh/tracker/install/px4_msgs/local/lib/python3.10/dist-packages:${PYTHONPATH} /usr/bin/cmake --install /home/jagdeesh/tracker/build/example_local_navigation_cpp
[5.499s] -- Install configuration: "Release"
[5.499s] -- Installing: /home/jagdeesh/tracker/install/example_local_navigation_cpp/lib/example_local_navigation_cpp/example_local_navigation
[5.499s] -- Set runtime path of "/home/jagdeesh/tracker/install/example_local_navigation_cpp/lib/example_local_navigation_cpp/example_local_navigation" to ""
[5.499s] -- Installing: /home/jagdeesh/tracker/install/example_local_navigation_cpp/share/ament_index/resource_index/package_run_dependencies/example_local_navigation_cpp
[5.499s] -- Installing: /home/jagdeesh/tracker/install/example_local_navigation_cpp/share/ament_index/resource_index/parent_prefix_path/example_local_navigation_cpp
[5.500s] -- Installing: /home/jagdeesh/tracker/install/example_local_navigation_cpp/share/example_local_navigation_cpp/environment/ament_prefix_path.sh
[5.500s] -- Installing: /home/jagdeesh/tracker/install/example_local_navigation_cpp/share/example_local_navigation_cpp/environment/ament_prefix_path.dsv
[5.500s] -- Installing: /home/jagdeesh/tracker/install/example_local_navigation_cpp/share/example_local_navigation_cpp/environment/path.sh
[5.500s] -- Installing: /home/jagdeesh/tracker/install/example_local_navigation_cpp/share/example_local_navigation_cpp/environment/path.dsv
[5.500s] -- Installing: /home/jagdeesh/tracker/install/example_local_navigation_cpp/share/example_local_navigation_cpp/local_setup.bash
[5.500s] -- Installing: /home/jagdeesh/tracker/install/example_local_navigation_cpp/share/example_local_navigation_cpp/local_setup.sh
[5.501s] -- Installing: /home/jagdeesh/tracker/install/example_local_navigation_cpp/share/example_local_navigation_cpp/local_setup.zsh
[5.501s] -- Installing: /home/jagdeesh/tracker/install/example_local_navigation_cpp/share/example_local_navigation_cpp/local_setup.dsv
[5.501s] -- Installing: /home/jagdeesh/tracker/install/example_local_navigation_cpp/share/example_local_navigation_cpp/package.dsv
[5.501s] -- Installing: /home/jagdeesh/tracker/install/example_local_navigation_cpp/share/ament_index/resource_index/packages/example_local_navigation_cpp
[5.501s] -- Installing: /home/jagdeesh/tracker/install/example_local_navigation_cpp/share/example_local_navigation_cpp/cmake/example_local_navigation_cppConfig.cmake
[5.501s] -- Installing: /home/jagdeesh/tracker/install/example_local_navigation_cpp/share/example_local_navigation_cpp/cmake/example_local_navigation_cppConfig-version.cmake
[5.501s] -- Installing: /home/jagdeesh/tracker/install/example_local_navigation_cpp/share/example_local_navigation_cpp/package.xml
[5.504s] Invoked command in '/home/jagdeesh/tracker/build/example_local_navigation_cpp' returned '0': AMENT_PREFIX_PATH=/home/jagdeesh/tracker/install/px4_ros2_cpp:/home/jagdeesh/tracker/install/px4_msgs:${AMENT_PREFIX_PATH} CMAKE_PREFIX_PATH=/home/jagdeesh/tracker/install/px4_ros2_cpp:/home/jagdeesh/tracker/install/px4_msgs:/opt/ros/humble LD_LIBRARY_PATH=/home/jagdeesh/tracker/install/px4_ros2_cpp/lib:/home/jagdeesh/tracker/install/px4_msgs/lib:${LD_LIBRARY_PATH} PYTHONPATH=/home/jagdeesh/tracker/install/px4_msgs/local/lib/python3.10/dist-packages:${PYTHONPATH} /usr/bin/cmake --install /home/jagdeesh/tracker/build/example_local_navigation_cpp
