gmake[1]: Entering directory '/home/jagdeesh/tracker/build/ros_ign_interfaces'
gmake[2]: Entering directory '/home/jagdeesh/tracker/build/ros_ign_interfaces'
gmake[3]: Entering directory '/home/jagdeesh/tracker/build/ros_ign_interfaces'
gmake[3]: Leaving directory '/home/jagdeesh/tracker/build/ros_ign_interfaces'
[  1%] Built target ros_ign_interfaces__rs
gmake[3]: Entering directory '/home/jagdeesh/tracker/build/ros_ign_interfaces'
gmake[3]: Leaving directory '/home/jagdeesh/tracker/build/ros_ign_interfaces'
gmake[3]: Entering directory '/home/jagdeesh/tracker/build/ros_ign_interfaces'
gmake[3]: Leaving directory '/home/jagdeesh/tracker/build/ros_ign_interfaces'
[  1%] Built target ament_cmake_python_copy_ros_ign_interfaces
gmake[3]: Entering directory '/home/jagdeesh/tracker/build/ros_ign_interfaces'
gmake[3]: Leaving directory '/home/jagdeesh/tracker/build/ros_ign_interfaces'
[  1%] Built target ros_ign_interfaces__cpp
gmake[3]: Entering directory '/home/jagdeesh/tracker/build/ros_ign_interfaces'
gmake[3]: Leaving directory '/home/jagdeesh/tracker/build/ros_ign_interfaces'
gmake[3]: Entering directory '/home/jagdeesh/tracker/build/ros_ign_interfaces'
running egg_info
writing ros_ign_interfaces.egg-info/PKG-INFO
writing dependency_links to ros_ign_interfaces.egg-info/dependency_links.txt
writing top-level names to ros_ign_interfaces.egg-info/top_level.txt
reading manifest file 'ros_ign_interfaces.egg-info/SOURCES.txt'
writing manifest file 'ros_ign_interfaces.egg-info/SOURCES.txt'
gmake[3]: Leaving directory '/home/jagdeesh/tracker/build/ros_ign_interfaces'
[  1%] Built target ament_cmake_python_build_ros_ign_interfaces_egg
gmake[3]: Entering directory '/home/jagdeesh/tracker/build/ros_ign_interfaces'
Consolidate compiler generated dependencies of target ros_ign_interfaces__rosidl_typesupport_cpp
gmake[3]: Leaving directory '/home/jagdeesh/tracker/build/ros_ign_interfaces'
[ 13%] Built target ros_ign_interfaces__rosidl_typesupport_cpp
gmake[3]: Entering directory '/home/jagdeesh/tracker/build/ros_ign_interfaces'
Consolidate compiler generated dependencies of target ros_ign_interfaces__rosidl_typesupport_introspection_cpp
gmake[3]: Leaving directory '/home/jagdeesh/tracker/build/ros_ign_interfaces'
[ 25%] Built target ros_ign_interfaces__rosidl_typesupport_introspection_cpp
gmake[3]: Entering directory '/home/jagdeesh/tracker/build/ros_ign_interfaces'
Consolidate compiler generated dependencies of target ros_ign_interfaces__rosidl_typesupport_fastrtps_cpp
gmake[3]: Leaving directory '/home/jagdeesh/tracker/build/ros_ign_interfaces'
[ 37%] Built target ros_ign_interfaces__rosidl_typesupport_fastrtps_cpp
gmake[3]: Entering directory '/home/jagdeesh/tracker/build/ros_ign_interfaces'
Consolidate compiler generated dependencies of target ros_ign_interfaces__rosidl_generator_c
gmake[3]: Leaving directory '/home/jagdeesh/tracker/build/ros_ign_interfaces'
[ 49%] Built target ros_ign_interfaces__rosidl_generator_c
gmake[3]: Entering directory '/home/jagdeesh/tracker/build/ros_ign_interfaces'
Consolidate compiler generated dependencies of target ros_ign_interfaces__rosidl_typesupport_fastrtps_c
gmake[3]: Leaving directory '/home/jagdeesh/tracker/build/ros_ign_interfaces'
[ 61%] Built target ros_ign_interfaces__rosidl_typesupport_fastrtps_c
gmake[3]: Entering directory '/home/jagdeesh/tracker/build/ros_ign_interfaces'
Consolidate compiler generated dependencies of target ros_ign_interfaces__rosidl_typesupport_c
gmake[3]: Leaving directory '/home/jagdeesh/tracker/build/ros_ign_interfaces'
[ 73%] Built target ros_ign_interfaces__rosidl_typesupport_c
gmake[3]: Entering directory '/home/jagdeesh/tracker/build/ros_ign_interfaces'
Consolidate compiler generated dependencies of target ros_ign_interfaces__rosidl_typesupport_introspection_c
gmake[3]: Leaving directory '/home/jagdeesh/tracker/build/ros_ign_interfaces'
[ 85%] Built target ros_ign_interfaces__rosidl_typesupport_introspection_c
gmake[3]: Entering directory '/home/jagdeesh/tracker/build/ros_ign_interfaces'
gmake[3]: Leaving directory '/home/jagdeesh/tracker/build/ros_ign_interfaces'
[ 85%] Built target ros_ign_interfaces
gmake[3]: Entering directory '/home/jagdeesh/tracker/build/ros_ign_interfaces'
gmake[3]: Leaving directory '/home/jagdeesh/tracker/build/ros_ign_interfaces'
[ 86%] Built target ros_ign_interfaces__py
gmake[3]: Entering directory '/home/jagdeesh/tracker/build/ros_ign_interfaces'
Consolidate compiler generated dependencies of target ros_ign_interfaces__rosidl_generator_py
gmake[3]: Leaving directory '/home/jagdeesh/tracker/build/ros_ign_interfaces'
[ 97%] Built target ros_ign_interfaces__rosidl_generator_py
gmake[3]: Entering directory '/home/jagdeesh/tracker/build/ros_ign_interfaces'
Consolidate compiler generated dependencies of target ros_ign_interfaces__rosidl_typesupport_fastrtps_c__pyext
gmake[3]: Leaving directory '/home/jagdeesh/tracker/build/ros_ign_interfaces'
[ 98%] Built target ros_ign_interfaces__rosidl_typesupport_fastrtps_c__pyext
gmake[3]: Entering directory '/home/jagdeesh/tracker/build/ros_ign_interfaces'
Consolidate compiler generated dependencies of target ros_ign_interfaces__rosidl_typesupport_c__pyext
gmake[3]: Leaving directory '/home/jagdeesh/tracker/build/ros_ign_interfaces'
[ 99%] Built target ros_ign_interfaces__rosidl_typesupport_c__pyext
gmake[3]: Entering directory '/home/jagdeesh/tracker/build/ros_ign_interfaces'
Consolidate compiler generated dependencies of target ros_ign_interfaces__rosidl_typesupport_introspection_c__pyext
gmake[3]: Leaving directory '/home/jagdeesh/tracker/build/ros_ign_interfaces'
[100%] Built target ros_ign_interfaces__rosidl_typesupport_introspection_c__pyext
gmake[2]: Leaving directory '/home/jagdeesh/tracker/build/ros_ign_interfaces'
gmake[1]: Leaving directory '/home/jagdeesh/tracker/build/ros_ign_interfaces'
-- Install configuration: "Release"
-- Up-to-date: /home/jagdeesh/tracker/install/ros_ign_interfaces/share/ament_index/resource_index/rosidl_interfaces/ros_ign_interfaces
-- Up-to-date: /home/jagdeesh/tracker/install/ros_ign_interfaces/include/ros_ign_interfaces/ros_ign_interfaces
-- Up-to-date: /home/jagdeesh/tracker/install/ros_ign_interfaces/include/ros_ign_interfaces/ros_ign_interfaces/srv
-- Up-to-date: /home/jagdeesh/tracker/install/ros_ign_interfaces/include/ros_ign_interfaces/ros_ign_interfaces/srv/control_world.h
-- Up-to-date: /home/jagdeesh/tracker/install/ros_ign_interfaces/include/ros_ign_interfaces/ros_ign_interfaces/srv/detail
-- Up-to-date: /home/jagdeesh/tracker/install/ros_ign_interfaces/include/ros_ign_interfaces/ros_ign_interfaces/srv/detail/delete_entity__type_support.h
-- Up-to-date: /home/jagdeesh/tracker/install/ros_ign_interfaces/include/ros_ign_interfaces/ros_ign_interfaces/srv/detail/control_world__functions.h
-- Up-to-date: /home/jagdeesh/tracker/install/ros_ign_interfaces/include/ros_ign_interfaces/ros_ign_interfaces/srv/detail/spawn_entity__functions.h
-- Up-to-date: /home/jagdeesh/tracker/install/ros_ign_interfaces/include/ros_ign_interfaces/ros_ign_interfaces/srv/detail/delete_entity__functions.h
-- Up-to-date: /home/jagdeesh/tracker/install/ros_ign_interfaces/include/ros_ign_interfaces/ros_ign_interfaces/srv/detail/set_entity_pose__type_support.h
-- Up-to-date: /home/jagdeesh/tracker/install/ros_ign_interfaces/include/ros_ign_interfaces/ros_ign_interfaces/srv/detail/spawn_entity__type_support.h
-- Up-to-date: /home/jagdeesh/tracker/install/ros_ign_interfaces/include/ros_ign_interfaces/ros_ign_interfaces/srv/detail/control_world__type_support.h
-- Up-to-date: /home/jagdeesh/tracker/install/ros_ign_interfaces/include/ros_ign_interfaces/ros_ign_interfaces/srv/detail/set_entity_pose__struct.h
-- Up-to-date: /home/jagdeesh/tracker/install/ros_ign_interfaces/include/ros_ign_interfaces/ros_ign_interfaces/srv/detail/control_world__struct.h
-- Up-to-date: /home/jagdeesh/tracker/install/ros_ign_interfaces/include/ros_ign_interfaces/ros_ign_interfaces/srv/detail/control_world__functions.c
-- Up-to-date: /home/jagdeesh/tracker/install/ros_ign_interfaces/include/ros_ign_interfaces/ros_ign_interfaces/srv/detail/set_entity_pose__functions.c
-- Up-to-date: /home/jagdeesh/tracker/install/ros_ign_interfaces/include/ros_ign_interfaces/ros_ign_interfaces/srv/detail/delete_entity__struct.h
-- Up-to-date: /home/jagdeesh/tracker/install/ros_ign_interfaces/include/ros_ign_interfaces/ros_ign_interfaces/srv/detail/spawn_entity__functions.c
-- Up-to-date: /home/jagdeesh/tracker/install/ros_ign_interfaces/include/ros_ign_interfaces/ros_ign_interfaces/srv/detail/delete_entity__functions.c
-- Up-to-date: /home/jagdeesh/tracker/install/ros_ign_interfaces/include/ros_ign_interfaces/ros_ign_interfaces/srv/detail/spawn_entity__struct.h
-- Up-to-date: /home/jagdeesh/tracker/install/ros_ign_interfaces/include/ros_ign_interfaces/ros_ign_interfaces/srv/detail/set_entity_pose__functions.h
-- Up-to-date: /home/jagdeesh/tracker/install/ros_ign_interfaces/include/ros_ign_interfaces/ros_ign_interfaces/srv/set_entity_pose.h
-- Up-to-date: /home/jagdeesh/tracker/install/ros_ign_interfaces/include/ros_ign_interfaces/ros_ign_interfaces/srv/spawn_entity.h
-- Up-to-date: /home/jagdeesh/tracker/install/ros_ign_interfaces/include/ros_ign_interfaces/ros_ign_interfaces/srv/delete_entity.h
-- Up-to-date: /home/jagdeesh/tracker/install/ros_ign_interfaces/include/ros_ign_interfaces/ros_ign_interfaces/msg
-- Up-to-date: /home/jagdeesh/tracker/install/ros_ign_interfaces/include/ros_ign_interfaces/ros_ign_interfaces/msg/joint_wrench.h
-- Up-to-date: /home/jagdeesh/tracker/install/ros_ign_interfaces/include/ros_ign_interfaces/ros_ign_interfaces/msg/string_vec.h
-- Up-to-date: /home/jagdeesh/tracker/install/ros_ign_interfaces/include/ros_ign_interfaces/ros_ign_interfaces/msg/contact.h
-- Up-to-date: /home/jagdeesh/tracker/install/ros_ign_interfaces/include/ros_ign_interfaces/ros_ign_interfaces/msg/rosidl_generator_c__visibility_control.h
-- Up-to-date: /home/jagdeesh/tracker/install/ros_ign_interfaces/include/ros_ign_interfaces/ros_ign_interfaces/msg/detail
-- Up-to-date: /home/jagdeesh/tracker/install/ros_ign_interfaces/include/ros_ign_interfaces/ros_ign_interfaces/msg/detail/contact__struct.h
-- Up-to-date: /home/jagdeesh/tracker/install/ros_ign_interfaces/include/ros_ign_interfaces/ros_ign_interfaces/msg/detail/gui_camera__struct.h
-- Up-to-date: /home/jagdeesh/tracker/install/ros_ign_interfaces/include/ros_ign_interfaces/ros_ign_interfaces/msg/detail/entity_factory__functions.h
-- Up-to-date: /home/jagdeesh/tracker/install/ros_ign_interfaces/include/ros_ign_interfaces/ros_ign_interfaces/msg/detail/light__functions.h
-- Up-to-date: /home/jagdeesh/tracker/install/ros_ign_interfaces/include/ros_ign_interfaces/ros_ign_interfaces/msg/detail/string_vec__functions.h
-- Up-to-date: /home/jagdeesh/tracker/install/ros_ign_interfaces/include/ros_ign_interfaces/ros_ign_interfaces/msg/detail/joint_wrench__type_support.h
-- Up-to-date: /home/jagdeesh/tracker/install/ros_ign_interfaces/include/ros_ign_interfaces/ros_ign_interfaces/msg/detail/contact__functions.h
-- Up-to-date: /home/jagdeesh/tracker/install/ros_ign_interfaces/include/ros_ign_interfaces/ros_ign_interfaces/msg/detail/track_visual__type_support.h
-- Up-to-date: /home/jagdeesh/tracker/install/ros_ign_interfaces/include/ros_ign_interfaces/ros_ign_interfaces/msg/detail/entity__type_support.h
-- Up-to-date: /home/jagdeesh/tracker/install/ros_ign_interfaces/include/ros_ign_interfaces/ros_ign_interfaces/msg/detail/contact__type_support.h
-- Up-to-date: /home/jagdeesh/tracker/install/ros_ign_interfaces/include/ros_ign_interfaces/ros_ign_interfaces/msg/detail/light__struct.h
-- Up-to-date: /home/jagdeesh/tracker/install/ros_ign_interfaces/include/ros_ign_interfaces/ros_ign_interfaces/msg/detail/world_reset__functions.h
-- Up-to-date: /home/jagdeesh/tracker/install/ros_ign_interfaces/include/ros_ign_interfaces/ros_ign_interfaces/msg/detail/contacts__struct.h
-- Up-to-date: /home/jagdeesh/tracker/install/ros_ign_interfaces/include/ros_ign_interfaces/ros_ign_interfaces/msg/detail/joint_wrench__functions.c
-- Up-to-date: /home/jagdeesh/tracker/install/ros_ign_interfaces/include/ros_ign_interfaces/ros_ign_interfaces/msg/detail/gui_camera__functions.h
-- Up-to-date: /home/jagdeesh/tracker/install/ros_ign_interfaces/include/ros_ign_interfaces/ros_ign_interfaces/msg/detail/entity_factory__functions.c
-- Up-to-date: /home/jagdeesh/tracker/install/ros_ign_interfaces/include/ros_ign_interfaces/ros_ign_interfaces/msg/detail/gui_camera__type_support.h
-- Up-to-date: /home/jagdeesh/tracker/install/ros_ign_interfaces/include/ros_ign_interfaces/ros_ign_interfaces/msg/detail/track_visual__functions.c
-- Up-to-date: /home/jagdeesh/tracker/install/ros_ign_interfaces/include/ros_ign_interfaces/ros_ign_interfaces/msg/detail/entity_factory__type_support.h
-- Up-to-date: /home/jagdeesh/tracker/install/ros_ign_interfaces/include/ros_ign_interfaces/ros_ign_interfaces/msg/detail/world_reset__struct.h
-- Up-to-date: /home/jagdeesh/tracker/install/ros_ign_interfaces/include/ros_ign_interfaces/ros_ign_interfaces/msg/detail/track_visual__functions.h
-- Up-to-date: /home/jagdeesh/tracker/install/ros_ign_interfaces/include/ros_ign_interfaces/ros_ign_interfaces/msg/detail/world_reset__type_support.h
-- Up-to-date: /home/jagdeesh/tracker/install/ros_ign_interfaces/include/ros_ign_interfaces/ros_ign_interfaces/msg/detail/video_record__functions.h
-- Up-to-date: /home/jagdeesh/tracker/install/ros_ign_interfaces/include/ros_ign_interfaces/ros_ign_interfaces/msg/detail/world_control__type_support.h
-- Up-to-date: /home/jagdeesh/tracker/install/ros_ign_interfaces/include/ros_ign_interfaces/ros_ign_interfaces/msg/detail/world_control__struct.h
-- Up-to-date: /home/jagdeesh/tracker/install/ros_ign_interfaces/include/ros_ign_interfaces/ros_ign_interfaces/msg/detail/entity__functions.c
-- Up-to-date: /home/jagdeesh/tracker/install/ros_ign_interfaces/include/ros_ign_interfaces/ros_ign_interfaces/msg/detail/video_record__struct.h
-- Up-to-date: /home/jagdeesh/tracker/install/ros_ign_interfaces/include/ros_ign_interfaces/ros_ign_interfaces/msg/detail/entity_factory__struct.h
-- Up-to-date: /home/jagdeesh/tracker/install/ros_ign_interfaces/include/ros_ign_interfaces/ros_ign_interfaces/msg/detail/joint_wrench__struct.h
-- Up-to-date: /home/jagdeesh/tracker/install/ros_ign_interfaces/include/ros_ign_interfaces/ros_ign_interfaces/msg/detail/entity__functions.h
-- Up-to-date: /home/jagdeesh/tracker/install/ros_ign_interfaces/include/ros_ign_interfaces/ros_ign_interfaces/msg/detail/gui_camera__functions.c
-- Up-to-date: /home/jagdeesh/tracker/install/ros_ign_interfaces/include/ros_ign_interfaces/ros_ign_interfaces/msg/detail/light__type_support.h
-- Up-to-date: /home/jagdeesh/tracker/install/ros_ign_interfaces/include/ros_ign_interfaces/ros_ign_interfaces/msg/detail/track_visual__struct.h
-- Up-to-date: /home/jagdeesh/tracker/install/ros_ign_interfaces/include/ros_ign_interfaces/ros_ign_interfaces/msg/detail/entity__struct.h
-- Up-to-date: /home/jagdeesh/tracker/install/ros_ign_interfaces/include/ros_ign_interfaces/ros_ign_interfaces/msg/detail/contacts__functions.h
-- Up-to-date: /home/jagdeesh/tracker/install/ros_ign_interfaces/include/ros_ign_interfaces/ros_ign_interfaces/msg/detail/contact__functions.c
-- Up-to-date: /home/jagdeesh/tracker/install/ros_ign_interfaces/include/ros_ign_interfaces/ros_ign_interfaces/msg/detail/string_vec__struct.h
-- Up-to-date: /home/jagdeesh/tracker/install/ros_ign_interfaces/include/ros_ign_interfaces/ros_ign_interfaces/msg/detail/video_record__type_support.h
-- Up-to-date: /home/jagdeesh/tracker/install/ros_ign_interfaces/include/ros_ign_interfaces/ros_ign_interfaces/msg/detail/video_record__functions.c
-- Up-to-date: /home/jagdeesh/tracker/install/ros_ign_interfaces/include/ros_ign_interfaces/ros_ign_interfaces/msg/detail/joint_wrench__functions.h
-- Up-to-date: /home/jagdeesh/tracker/install/ros_ign_interfaces/include/ros_ign_interfaces/ros_ign_interfaces/msg/detail/light__functions.c
-- Up-to-date: /home/jagdeesh/tracker/install/ros_ign_interfaces/include/ros_ign_interfaces/ros_ign_interfaces/msg/detail/world_control__functions.c
-- Up-to-date: /home/jagdeesh/tracker/install/ros_ign_interfaces/include/ros_ign_interfaces/ros_ign_interfaces/msg/detail/contacts__functions.c
-- Up-to-date: /home/jagdeesh/tracker/install/ros_ign_interfaces/include/ros_ign_interfaces/ros_ign_interfaces/msg/detail/world_control__functions.h
-- Up-to-date: /home/jagdeesh/tracker/install/ros_ign_interfaces/include/ros_ign_interfaces/ros_ign_interfaces/msg/detail/contacts__type_support.h
-- Up-to-date: /home/jagdeesh/tracker/install/ros_ign_interfaces/include/ros_ign_interfaces/ros_ign_interfaces/msg/detail/string_vec__type_support.h
-- Up-to-date: /home/jagdeesh/tracker/install/ros_ign_interfaces/include/ros_ign_interfaces/ros_ign_interfaces/msg/detail/world_reset__functions.c
-- Up-to-date: /home/jagdeesh/tracker/install/ros_ign_interfaces/include/ros_ign_interfaces/ros_ign_interfaces/msg/detail/string_vec__functions.c
-- Up-to-date: /home/jagdeesh/tracker/install/ros_ign_interfaces/include/ros_ign_interfaces/ros_ign_interfaces/msg/light.h
-- Up-to-date: /home/jagdeesh/tracker/install/ros_ign_interfaces/include/ros_ign_interfaces/ros_ign_interfaces/msg/gui_camera.h
-- Up-to-date: /home/jagdeesh/tracker/install/ros_ign_interfaces/include/ros_ign_interfaces/ros_ign_interfaces/msg/entity_factory.h
-- Up-to-date: /home/jagdeesh/tracker/install/ros_ign_interfaces/include/ros_ign_interfaces/ros_ign_interfaces/msg/video_record.h
-- Up-to-date: /home/jagdeesh/tracker/install/ros_ign_interfaces/include/ros_ign_interfaces/ros_ign_interfaces/msg/world_control.h
-- Up-to-date: /home/jagdeesh/tracker/install/ros_ign_interfaces/include/ros_ign_interfaces/ros_ign_interfaces/msg/world_reset.h
-- Up-to-date: /home/jagdeesh/tracker/install/ros_ign_interfaces/include/ros_ign_interfaces/ros_ign_interfaces/msg/contacts.h
-- Up-to-date: /home/jagdeesh/tracker/install/ros_ign_interfaces/include/ros_ign_interfaces/ros_ign_interfaces/msg/entity.h
-- Up-to-date: /home/jagdeesh/tracker/install/ros_ign_interfaces/include/ros_ign_interfaces/ros_ign_interfaces/msg/track_visual.h
-- Up-to-date: /home/jagdeesh/tracker/install/ros_ign_interfaces/share/ros_ign_interfaces/environment/library_path.sh
-- Up-to-date: /home/jagdeesh/tracker/install/ros_ign_interfaces/share/ros_ign_interfaces/environment/library_path.dsv
-- Up-to-date: /home/jagdeesh/tracker/install/ros_ign_interfaces/lib/libros_ign_interfaces__rosidl_generator_c.so
-- Up-to-date: /home/jagdeesh/tracker/install/ros_ign_interfaces/include/ros_ign_interfaces/ros_ign_interfaces
-- Up-to-date: /home/jagdeesh/tracker/install/ros_ign_interfaces/include/ros_ign_interfaces/ros_ign_interfaces/srv
-- Up-to-date: /home/jagdeesh/tracker/install/ros_ign_interfaces/include/ros_ign_interfaces/ros_ign_interfaces/srv/detail
-- Up-to-date: /home/jagdeesh/tracker/install/ros_ign_interfaces/include/ros_ign_interfaces/ros_ign_interfaces/srv/detail/control_world__rosidl_typesupport_fastrtps_c.h
-- Up-to-date: /home/jagdeesh/tracker/install/ros_ign_interfaces/include/ros_ign_interfaces/ros_ign_interfaces/srv/detail/delete_entity__rosidl_typesupport_fastrtps_c.h
-- Up-to-date: /home/jagdeesh/tracker/install/ros_ign_interfaces/include/ros_ign_interfaces/ros_ign_interfaces/srv/detail/spawn_entity__rosidl_typesupport_fastrtps_c.h
-- Up-to-date: /home/jagdeesh/tracker/install/ros_ign_interfaces/include/ros_ign_interfaces/ros_ign_interfaces/srv/detail/set_entity_pose__rosidl_typesupport_fastrtps_c.h
-- Up-to-date: /home/jagdeesh/tracker/install/ros_ign_interfaces/include/ros_ign_interfaces/ros_ign_interfaces/msg
-- Up-to-date: /home/jagdeesh/tracker/install/ros_ign_interfaces/include/ros_ign_interfaces/ros_ign_interfaces/msg/detail
-- Up-to-date: /home/jagdeesh/tracker/install/ros_ign_interfaces/include/ros_ign_interfaces/ros_ign_interfaces/msg/detail/contacts__rosidl_typesupport_fastrtps_c.h
-- Up-to-date: /home/jagdeesh/tracker/install/ros_ign_interfaces/include/ros_ign_interfaces/ros_ign_interfaces/msg/detail/world_reset__rosidl_typesupport_fastrtps_c.h
-- Up-to-date: /home/jagdeesh/tracker/install/ros_ign_interfaces/include/ros_ign_interfaces/ros_ign_interfaces/msg/detail/video_record__rosidl_typesupport_fastrtps_c.h
-- Up-to-date: /home/jagdeesh/tracker/install/ros_ign_interfaces/include/ros_ign_interfaces/ros_ign_interfaces/msg/detail/light__rosidl_typesupport_fastrtps_c.h
-- Up-to-date: /home/jagdeesh/tracker/install/ros_ign_interfaces/include/ros_ign_interfaces/ros_ign_interfaces/msg/detail/joint_wrench__rosidl_typesupport_fastrtps_c.h
-- Up-to-date: /home/jagdeesh/tracker/install/ros_ign_interfaces/include/ros_ign_interfaces/ros_ign_interfaces/msg/detail/gui_camera__rosidl_typesupport_fastrtps_c.h
-- Up-to-date: /home/jagdeesh/tracker/install/ros_ign_interfaces/include/ros_ign_interfaces/ros_ign_interfaces/msg/detail/entity_factory__rosidl_typesupport_fastrtps_c.h
-- Up-to-date: /home/jagdeesh/tracker/install/ros_ign_interfaces/include/ros_ign_interfaces/ros_ign_interfaces/msg/detail/entity__rosidl_typesupport_fastrtps_c.h
-- Up-to-date: /home/jagdeesh/tracker/install/ros_ign_interfaces/include/ros_ign_interfaces/ros_ign_interfaces/msg/detail/track_visual__rosidl_typesupport_fastrtps_c.h
-- Up-to-date: /home/jagdeesh/tracker/install/ros_ign_interfaces/include/ros_ign_interfaces/ros_ign_interfaces/msg/detail/contact__rosidl_typesupport_fastrtps_c.h
-- Up-to-date: /home/jagdeesh/tracker/install/ros_ign_interfaces/include/ros_ign_interfaces/ros_ign_interfaces/msg/detail/string_vec__rosidl_typesupport_fastrtps_c.h
-- Up-to-date: /home/jagdeesh/tracker/install/ros_ign_interfaces/include/ros_ign_interfaces/ros_ign_interfaces/msg/detail/world_control__rosidl_typesupport_fastrtps_c.h
-- Up-to-date: /home/jagdeesh/tracker/install/ros_ign_interfaces/include/ros_ign_interfaces/ros_ign_interfaces/msg/rosidl_typesupport_fastrtps_c__visibility_control.h
-- Up-to-date: /home/jagdeesh/tracker/install/ros_ign_interfaces/lib/libros_ign_interfaces__rosidl_typesupport_fastrtps_c.so
-- Up-to-date: /home/jagdeesh/tracker/install/ros_ign_interfaces/include/ros_ign_interfaces/ros_ign_interfaces
-- Up-to-date: /home/jagdeesh/tracker/install/ros_ign_interfaces/include/ros_ign_interfaces/ros_ign_interfaces/srv
-- Up-to-date: /home/jagdeesh/tracker/install/ros_ign_interfaces/include/ros_ign_interfaces/ros_ign_interfaces/srv/control_world.hpp
-- Up-to-date: /home/jagdeesh/tracker/install/ros_ign_interfaces/include/ros_ign_interfaces/ros_ign_interfaces/srv/delete_entity.hpp
-- Up-to-date: /home/jagdeesh/tracker/install/ros_ign_interfaces/include/ros_ign_interfaces/ros_ign_interfaces/srv/detail
-- Up-to-date: /home/jagdeesh/tracker/install/ros_ign_interfaces/include/ros_ign_interfaces/ros_ign_interfaces/srv/detail/spawn_entity__struct.hpp
-- Up-to-date: /home/jagdeesh/tracker/install/ros_ign_interfaces/include/ros_ign_interfaces/ros_ign_interfaces/srv/detail/control_world__builder.hpp
-- Up-to-date: /home/jagdeesh/tracker/install/ros_ign_interfaces/include/ros_ign_interfaces/ros_ign_interfaces/srv/detail/control_world__struct.hpp
-- Up-to-date: /home/jagdeesh/tracker/install/ros_ign_interfaces/include/ros_ign_interfaces/ros_ign_interfaces/srv/detail/set_entity_pose__builder.hpp
-- Up-to-date: /home/jagdeesh/tracker/install/ros_ign_interfaces/include/ros_ign_interfaces/ros_ign_interfaces/srv/detail/spawn_entity__builder.hpp
-- Up-to-date: /home/jagdeesh/tracker/install/ros_ign_interfaces/include/ros_ign_interfaces/ros_ign_interfaces/srv/detail/set_entity_pose__struct.hpp
-- Up-to-date: /home/jagdeesh/tracker/install/ros_ign_interfaces/include/ros_ign_interfaces/ros_ign_interfaces/srv/detail/control_world__type_support.hpp
-- Up-to-date: /home/jagdeesh/tracker/install/ros_ign_interfaces/include/ros_ign_interfaces/ros_ign_interfaces/srv/detail/delete_entity__builder.hpp
-- Up-to-date: /home/jagdeesh/tracker/install/ros_ign_interfaces/include/ros_ign_interfaces/ros_ign_interfaces/srv/detail/delete_entity__traits.hpp
-- Up-to-date: /home/jagdeesh/tracker/install/ros_ign_interfaces/include/ros_ign_interfaces/ros_ign_interfaces/srv/detail/spawn_entity__traits.hpp
-- Up-to-date: /home/jagdeesh/tracker/install/ros_ign_interfaces/include/ros_ign_interfaces/ros_ign_interfaces/srv/detail/delete_entity__struct.hpp
-- Up-to-date: /home/jagdeesh/tracker/install/ros_ign_interfaces/include/ros_ign_interfaces/ros_ign_interfaces/srv/detail/delete_entity__type_support.hpp
-- Up-to-date: /home/jagdeesh/tracker/install/ros_ign_interfaces/include/ros_ign_interfaces/ros_ign_interfaces/srv/detail/control_world__traits.hpp
-- Up-to-date: /home/jagdeesh/tracker/install/ros_ign_interfaces/include/ros_ign_interfaces/ros_ign_interfaces/srv/detail/set_entity_pose__type_support.hpp
-- Up-to-date: /home/jagdeesh/tracker/install/ros_ign_interfaces/include/ros_ign_interfaces/ros_ign_interfaces/srv/detail/set_entity_pose__traits.hpp
-- Up-to-date: /home/jagdeesh/tracker/install/ros_ign_interfaces/include/ros_ign_interfaces/ros_ign_interfaces/srv/detail/spawn_entity__type_support.hpp
-- Up-to-date: /home/jagdeesh/tracker/install/ros_ign_interfaces/include/ros_ign_interfaces/ros_ign_interfaces/srv/spawn_entity.hpp
-- Up-to-date: /home/jagdeesh/tracker/install/ros_ign_interfaces/include/ros_ign_interfaces/ros_ign_interfaces/srv/set_entity_pose.hpp
-- Up-to-date: /home/jagdeesh/tracker/install/ros_ign_interfaces/include/ros_ign_interfaces/ros_ign_interfaces/msg
-- Up-to-date: /home/jagdeesh/tracker/install/ros_ign_interfaces/include/ros_ign_interfaces/ros_ign_interfaces/msg/world_reset.hpp
-- Up-to-date: /home/jagdeesh/tracker/install/ros_ign_interfaces/include/ros_ign_interfaces/ros_ign_interfaces/msg/track_visual.hpp
-- Up-to-date: /home/jagdeesh/tracker/install/ros_ign_interfaces/include/ros_ign_interfaces/ros_ign_interfaces/msg/rosidl_generator_cpp__visibility_control.hpp
-- Up-to-date: /home/jagdeesh/tracker/install/ros_ign_interfaces/include/ros_ign_interfaces/ros_ign_interfaces/msg/detail
-- Up-to-date: /home/jagdeesh/tracker/install/ros_ign_interfaces/include/ros_ign_interfaces/ros_ign_interfaces/msg/detail/track_visual__traits.hpp
-- Up-to-date: /home/jagdeesh/tracker/install/ros_ign_interfaces/include/ros_ign_interfaces/ros_ign_interfaces/msg/detail/string_vec__type_support.hpp
-- Up-to-date: /home/jagdeesh/tracker/install/ros_ign_interfaces/include/ros_ign_interfaces/ros_ign_interfaces/msg/detail/gui_camera__struct.hpp
-- Up-to-date: /home/jagdeesh/tracker/install/ros_ign_interfaces/include/ros_ign_interfaces/ros_ign_interfaces/msg/detail/gui_camera__builder.hpp
-- Up-to-date: /home/jagdeesh/tracker/install/ros_ign_interfaces/include/ros_ign_interfaces/ros_ign_interfaces/msg/detail/string_vec__builder.hpp
-- Up-to-date: /home/jagdeesh/tracker/install/ros_ign_interfaces/include/ros_ign_interfaces/ros_ign_interfaces/msg/detail/gui_camera__type_support.hpp
-- Up-to-date: /home/jagdeesh/tracker/install/ros_ign_interfaces/include/ros_ign_interfaces/ros_ign_interfaces/msg/detail/video_record__type_support.hpp
-- Up-to-date: /home/jagdeesh/tracker/install/ros_ign_interfaces/include/ros_ign_interfaces/ros_ign_interfaces/msg/detail/contact__traits.hpp
-- Up-to-date: /home/jagdeesh/tracker/install/ros_ign_interfaces/include/ros_ign_interfaces/ros_ign_interfaces/msg/detail/joint_wrench__struct.hpp
-- Up-to-date: /home/jagdeesh/tracker/install/ros_ign_interfaces/include/ros_ign_interfaces/ros_ign_interfaces/msg/detail/contacts__type_support.hpp
-- Up-to-date: /home/jagdeesh/tracker/install/ros_ign_interfaces/include/ros_ign_interfaces/ros_ign_interfaces/msg/detail/contact__builder.hpp
-- Up-to-date: /home/jagdeesh/tracker/install/ros_ign_interfaces/include/ros_ign_interfaces/ros_ign_interfaces/msg/detail/world_control__type_support.hpp
-- Up-to-date: /home/jagdeesh/tracker/install/ros_ign_interfaces/include/ros_ign_interfaces/ros_ign_interfaces/msg/detail/track_visual__builder.hpp
-- Up-to-date: /home/jagdeesh/tracker/install/ros_ign_interfaces/include/ros_ign_interfaces/ros_ign_interfaces/msg/detail/video_record__traits.hpp
-- Up-to-date: /home/jagdeesh/tracker/install/ros_ign_interfaces/include/ros_ign_interfaces/ros_ign_interfaces/msg/detail/contact__type_support.hpp
-- Up-to-date: /home/jagdeesh/tracker/install/ros_ign_interfaces/include/ros_ign_interfaces/ros_ign_interfaces/msg/detail/entity__struct.hpp
-- Up-to-date: /home/jagdeesh/tracker/install/ros_ign_interfaces/include/ros_ign_interfaces/ros_ign_interfaces/msg/detail/joint_wrench__builder.hpp
-- Up-to-date: /home/jagdeesh/tracker/install/ros_ign_interfaces/include/ros_ign_interfaces/ros_ign_interfaces/msg/detail/entity_factory__type_support.hpp
-- Up-to-date: /home/jagdeesh/tracker/install/ros_ign_interfaces/include/ros_ign_interfaces/ros_ign_interfaces/msg/detail/video_record__builder.hpp
-- Up-to-date: /home/jagdeesh/tracker/install/ros_ign_interfaces/include/ros_ign_interfaces/ros_ign_interfaces/msg/detail/contacts__builder.hpp
-- Up-to-date: /home/jagdeesh/tracker/install/ros_ign_interfaces/include/ros_ign_interfaces/ros_ign_interfaces/msg/detail/world_reset__struct.hpp
-- Up-to-date: /home/jagdeesh/tracker/install/ros_ign_interfaces/include/ros_ign_interfaces/ros_ign_interfaces/msg/detail/video_record__struct.hpp
-- Up-to-date: /home/jagdeesh/tracker/install/ros_ign_interfaces/include/ros_ign_interfaces/ros_ign_interfaces/msg/detail/track_visual__type_support.hpp
-- Up-to-date: /home/jagdeesh/tracker/install/ros_ign_interfaces/include/ros_ign_interfaces/ros_ign_interfaces/msg/detail/world_control__struct.hpp
-- Up-to-date: /home/jagdeesh/tracker/install/ros_ign_interfaces/include/ros_ign_interfaces/ros_ign_interfaces/msg/detail/light__type_support.hpp
-- Up-to-date: /home/jagdeesh/tracker/install/ros_ign_interfaces/include/ros_ign_interfaces/ros_ign_interfaces/msg/detail/contacts__struct.hpp
-- Up-to-date: /home/jagdeesh/tracker/install/ros_ign_interfaces/include/ros_ign_interfaces/ros_ign_interfaces/msg/detail/world_reset__traits.hpp
-- Up-to-date: /home/jagdeesh/tracker/install/ros_ign_interfaces/include/ros_ign_interfaces/ros_ign_interfaces/msg/detail/joint_wrench__traits.hpp
-- Up-to-date: /home/jagdeesh/tracker/install/ros_ign_interfaces/include/ros_ign_interfaces/ros_ign_interfaces/msg/detail/world_reset__type_support.hpp
-- Up-to-date: /home/jagdeesh/tracker/install/ros_ign_interfaces/include/ros_ign_interfaces/ros_ign_interfaces/msg/detail/gui_camera__traits.hpp
-- Up-to-date: /home/jagdeesh/tracker/install/ros_ign_interfaces/include/ros_ign_interfaces/ros_ign_interfaces/msg/detail/string_vec__traits.hpp
-- Up-to-date: /home/jagdeesh/tracker/install/ros_ign_interfaces/include/ros_ign_interfaces/ros_ign_interfaces/msg/detail/entity__type_support.hpp
-- Up-to-date: /home/jagdeesh/tracker/install/ros_ign_interfaces/include/ros_ign_interfaces/ros_ign_interfaces/msg/detail/joint_wrench__type_support.hpp
-- Up-to-date: /home/jagdeesh/tracker/install/ros_ign_interfaces/include/ros_ign_interfaces/ros_ign_interfaces/msg/detail/entity_factory__builder.hpp
-- Up-to-date: /home/jagdeesh/tracker/install/ros_ign_interfaces/include/ros_ign_interfaces/ros_ign_interfaces/msg/detail/entity_factory__struct.hpp
-- Up-to-date: /home/jagdeesh/tracker/install/ros_ign_interfaces/include/ros_ign_interfaces/ros_ign_interfaces/msg/detail/track_visual__struct.hpp
-- Up-to-date: /home/jagdeesh/tracker/install/ros_ign_interfaces/include/ros_ign_interfaces/ros_ign_interfaces/msg/detail/world_reset__builder.hpp
-- Up-to-date: /home/jagdeesh/tracker/install/ros_ign_interfaces/include/ros_ign_interfaces/ros_ign_interfaces/msg/detail/contacts__traits.hpp
-- Up-to-date: /home/jagdeesh/tracker/install/ros_ign_interfaces/include/ros_ign_interfaces/ros_ign_interfaces/msg/detail/world_control__builder.hpp
-- Up-to-date: /home/jagdeesh/tracker/install/ros_ign_interfaces/include/ros_ign_interfaces/ros_ign_interfaces/msg/detail/entity__traits.hpp
-- Up-to-date: /home/jagdeesh/tracker/install/ros_ign_interfaces/include/ros_ign_interfaces/ros_ign_interfaces/msg/detail/entity_factory__traits.hpp
-- Up-to-date: /home/jagdeesh/tracker/install/ros_ign_interfaces/include/ros_ign_interfaces/ros_ign_interfaces/msg/detail/world_control__traits.hpp
-- Up-to-date: /home/jagdeesh/tracker/install/ros_ign_interfaces/include/ros_ign_interfaces/ros_ign_interfaces/msg/detail/light__traits.hpp
-- Up-to-date: /home/jagdeesh/tracker/install/ros_ign_interfaces/include/ros_ign_interfaces/ros_ign_interfaces/msg/detail/contact__struct.hpp
-- Up-to-date: /home/jagdeesh/tracker/install/ros_ign_interfaces/include/ros_ign_interfaces/ros_ign_interfaces/msg/detail/light__builder.hpp
-- Up-to-date: /home/jagdeesh/tracker/install/ros_ign_interfaces/include/ros_ign_interfaces/ros_ign_interfaces/msg/detail/string_vec__struct.hpp
-- Up-to-date: /home/jagdeesh/tracker/install/ros_ign_interfaces/include/ros_ign_interfaces/ros_ign_interfaces/msg/detail/light__struct.hpp
-- Up-to-date: /home/jagdeesh/tracker/install/ros_ign_interfaces/include/ros_ign_interfaces/ros_ign_interfaces/msg/detail/entity__builder.hpp
-- Up-to-date: /home/jagdeesh/tracker/install/ros_ign_interfaces/include/ros_ign_interfaces/ros_ign_interfaces/msg/string_vec.hpp
-- Up-to-date: /home/jagdeesh/tracker/install/ros_ign_interfaces/include/ros_ign_interfaces/ros_ign_interfaces/msg/contact.hpp
-- Up-to-date: /home/jagdeesh/tracker/install/ros_ign_interfaces/include/ros_ign_interfaces/ros_ign_interfaces/msg/video_record.hpp
-- Up-to-date: /home/jagdeesh/tracker/install/ros_ign_interfaces/include/ros_ign_interfaces/ros_ign_interfaces/msg/entity_factory.hpp
-- Up-to-date: /home/jagdeesh/tracker/install/ros_ign_interfaces/include/ros_ign_interfaces/ros_ign_interfaces/msg/light.hpp
-- Up-to-date: /home/jagdeesh/tracker/install/ros_ign_interfaces/include/ros_ign_interfaces/ros_ign_interfaces/msg/world_control.hpp
-- Up-to-date: /home/jagdeesh/tracker/install/ros_ign_interfaces/include/ros_ign_interfaces/ros_ign_interfaces/msg/joint_wrench.hpp
-- Up-to-date: /home/jagdeesh/tracker/install/ros_ign_interfaces/include/ros_ign_interfaces/ros_ign_interfaces/msg/contacts.hpp
-- Up-to-date: /home/jagdeesh/tracker/install/ros_ign_interfaces/include/ros_ign_interfaces/ros_ign_interfaces/msg/entity.hpp
-- Up-to-date: /home/jagdeesh/tracker/install/ros_ign_interfaces/include/ros_ign_interfaces/ros_ign_interfaces/msg/gui_camera.hpp
-- Up-to-date: /home/jagdeesh/tracker/install/ros_ign_interfaces/include/ros_ign_interfaces/ros_ign_interfaces
-- Up-to-date: /home/jagdeesh/tracker/install/ros_ign_interfaces/include/ros_ign_interfaces/ros_ign_interfaces/srv
-- Up-to-date: /home/jagdeesh/tracker/install/ros_ign_interfaces/include/ros_ign_interfaces/ros_ign_interfaces/srv/detail
-- Up-to-date: /home/jagdeesh/tracker/install/ros_ign_interfaces/include/ros_ign_interfaces/ros_ign_interfaces/srv/detail/delete_entity__rosidl_typesupport_fastrtps_cpp.hpp
-- Up-to-date: /home/jagdeesh/tracker/install/ros_ign_interfaces/include/ros_ign_interfaces/ros_ign_interfaces/srv/detail/set_entity_pose__rosidl_typesupport_fastrtps_cpp.hpp
-- Up-to-date: /home/jagdeesh/tracker/install/ros_ign_interfaces/include/ros_ign_interfaces/ros_ign_interfaces/srv/detail/control_world__rosidl_typesupport_fastrtps_cpp.hpp
-- Up-to-date: /home/jagdeesh/tracker/install/ros_ign_interfaces/include/ros_ign_interfaces/ros_ign_interfaces/srv/detail/spawn_entity__rosidl_typesupport_fastrtps_cpp.hpp
-- Up-to-date: /home/jagdeesh/tracker/install/ros_ign_interfaces/include/ros_ign_interfaces/ros_ign_interfaces/srv/detail/dds_fastrtps
-- Up-to-date: /home/jagdeesh/tracker/install/ros_ign_interfaces/include/ros_ign_interfaces/ros_ign_interfaces/msg
-- Up-to-date: /home/jagdeesh/tracker/install/ros_ign_interfaces/include/ros_ign_interfaces/ros_ign_interfaces/msg/detail
-- Up-to-date: /home/jagdeesh/tracker/install/ros_ign_interfaces/include/ros_ign_interfaces/ros_ign_interfaces/msg/detail/track_visual__rosidl_typesupport_fastrtps_cpp.hpp
-- Up-to-date: /home/jagdeesh/tracker/install/ros_ign_interfaces/include/ros_ign_interfaces/ros_ign_interfaces/msg/detail/contacts__rosidl_typesupport_fastrtps_cpp.hpp
-- Up-to-date: /home/jagdeesh/tracker/install/ros_ign_interfaces/include/ros_ign_interfaces/ros_ign_interfaces/msg/detail/world_reset__rosidl_typesupport_fastrtps_cpp.hpp
-- Up-to-date: /home/jagdeesh/tracker/install/ros_ign_interfaces/include/ros_ign_interfaces/ros_ign_interfaces/msg/detail/contact__rosidl_typesupport_fastrtps_cpp.hpp
-- Up-to-date: /home/jagdeesh/tracker/install/ros_ign_interfaces/include/ros_ign_interfaces/ros_ign_interfaces/msg/detail/video_record__rosidl_typesupport_fastrtps_cpp.hpp
-- Up-to-date: /home/jagdeesh/tracker/install/ros_ign_interfaces/include/ros_ign_interfaces/ros_ign_interfaces/msg/detail/string_vec__rosidl_typesupport_fastrtps_cpp.hpp
-- Up-to-date: /home/jagdeesh/tracker/install/ros_ign_interfaces/include/ros_ign_interfaces/ros_ign_interfaces/msg/detail/joint_wrench__rosidl_typesupport_fastrtps_cpp.hpp
-- Up-to-date: /home/jagdeesh/tracker/install/ros_ign_interfaces/include/ros_ign_interfaces/ros_ign_interfaces/msg/detail/light__rosidl_typesupport_fastrtps_cpp.hpp
-- Up-to-date: /home/jagdeesh/tracker/install/ros_ign_interfaces/include/ros_ign_interfaces/ros_ign_interfaces/msg/detail/entity__rosidl_typesupport_fastrtps_cpp.hpp
-- Up-to-date: /home/jagdeesh/tracker/install/ros_ign_interfaces/include/ros_ign_interfaces/ros_ign_interfaces/msg/detail/gui_camera__rosidl_typesupport_fastrtps_cpp.hpp
-- Up-to-date: /home/jagdeesh/tracker/install/ros_ign_interfaces/include/ros_ign_interfaces/ros_ign_interfaces/msg/detail/world_control__rosidl_typesupport_fastrtps_cpp.hpp
-- Up-to-date: /home/jagdeesh/tracker/install/ros_ign_interfaces/include/ros_ign_interfaces/ros_ign_interfaces/msg/detail/entity_factory__rosidl_typesupport_fastrtps_cpp.hpp
-- Up-to-date: /home/jagdeesh/tracker/install/ros_ign_interfaces/include/ros_ign_interfaces/ros_ign_interfaces/msg/detail/dds_fastrtps
-- Up-to-date: /home/jagdeesh/tracker/install/ros_ign_interfaces/include/ros_ign_interfaces/ros_ign_interfaces/msg/rosidl_typesupport_fastrtps_cpp__visibility_control.h
-- Up-to-date: /home/jagdeesh/tracker/install/ros_ign_interfaces/lib/libros_ign_interfaces__rosidl_typesupport_fastrtps_cpp.so
-- Up-to-date: /home/jagdeesh/tracker/install/ros_ign_interfaces/include/ros_ign_interfaces/ros_ign_interfaces
-- Up-to-date: /home/jagdeesh/tracker/install/ros_ign_interfaces/include/ros_ign_interfaces/ros_ign_interfaces/srv
-- Up-to-date: /home/jagdeesh/tracker/install/ros_ign_interfaces/include/ros_ign_interfaces/ros_ign_interfaces/srv/detail
-- Up-to-date: /home/jagdeesh/tracker/install/ros_ign_interfaces/include/ros_ign_interfaces/ros_ign_interfaces/srv/detail/set_entity_pose__type_support.c
-- Up-to-date: /home/jagdeesh/tracker/install/ros_ign_interfaces/include/ros_ign_interfaces/ros_ign_interfaces/srv/detail/delete_entity__type_support.c
-- Up-to-date: /home/jagdeesh/tracker/install/ros_ign_interfaces/include/ros_ign_interfaces/ros_ign_interfaces/srv/detail/control_world__rosidl_typesupport_introspection_c.h
-- Up-to-date: /home/jagdeesh/tracker/install/ros_ign_interfaces/include/ros_ign_interfaces/ros_ign_interfaces/srv/detail/set_entity_pose__rosidl_typesupport_introspection_c.h
-- Up-to-date: /home/jagdeesh/tracker/install/ros_ign_interfaces/include/ros_ign_interfaces/ros_ign_interfaces/srv/detail/spawn_entity__type_support.c
-- Up-to-date: /home/jagdeesh/tracker/install/ros_ign_interfaces/include/ros_ign_interfaces/ros_ign_interfaces/srv/detail/control_world__type_support.c
-- Up-to-date: /home/jagdeesh/tracker/install/ros_ign_interfaces/include/ros_ign_interfaces/ros_ign_interfaces/srv/detail/delete_entity__rosidl_typesupport_introspection_c.h
-- Up-to-date: /home/jagdeesh/tracker/install/ros_ign_interfaces/include/ros_ign_interfaces/ros_ign_interfaces/srv/detail/spawn_entity__rosidl_typesupport_introspection_c.h
-- Up-to-date: /home/jagdeesh/tracker/install/ros_ign_interfaces/include/ros_ign_interfaces/ros_ign_interfaces/msg
-- Up-to-date: /home/jagdeesh/tracker/install/ros_ign_interfaces/include/ros_ign_interfaces/ros_ign_interfaces/msg/rosidl_typesupport_introspection_c__visibility_control.h
-- Up-to-date: /home/jagdeesh/tracker/install/ros_ign_interfaces/include/ros_ign_interfaces/ros_ign_interfaces/msg/detail
-- Up-to-date: /home/jagdeesh/tracker/install/ros_ign_interfaces/include/ros_ign_interfaces/ros_ign_interfaces/msg/detail/light__rosidl_typesupport_introspection_c.h
-- Up-to-date: /home/jagdeesh/tracker/install/ros_ign_interfaces/include/ros_ign_interfaces/ros_ign_interfaces/msg/detail/world_control__rosidl_typesupport_introspection_c.h
-- Up-to-date: /home/jagdeesh/tracker/install/ros_ign_interfaces/include/ros_ign_interfaces/ros_ign_interfaces/msg/detail/gui_camera__rosidl_typesupport_introspection_c.h
-- Up-to-date: /home/jagdeesh/tracker/install/ros_ign_interfaces/include/ros_ign_interfaces/ros_ign_interfaces/msg/detail/joint_wrench__type_support.c
-- Up-to-date: /home/jagdeesh/tracker/install/ros_ign_interfaces/include/ros_ign_interfaces/ros_ign_interfaces/msg/detail/entity_factory__rosidl_typesupport_introspection_c.h
-- Up-to-date: /home/jagdeesh/tracker/install/ros_ign_interfaces/include/ros_ign_interfaces/ros_ign_interfaces/msg/detail/contacts__type_support.c
-- Up-to-date: /home/jagdeesh/tracker/install/ros_ign_interfaces/include/ros_ign_interfaces/ros_ign_interfaces/msg/detail/world_control__type_support.c
-- Up-to-date: /home/jagdeesh/tracker/install/ros_ign_interfaces/include/ros_ign_interfaces/ros_ign_interfaces/msg/detail/gui_camera__type_support.c
-- Up-to-date: /home/jagdeesh/tracker/install/ros_ign_interfaces/include/ros_ign_interfaces/ros_ign_interfaces/msg/detail/contact__rosidl_typesupport_introspection_c.h
-- Up-to-date: /home/jagdeesh/tracker/install/ros_ign_interfaces/include/ros_ign_interfaces/ros_ign_interfaces/msg/detail/track_visual__type_support.c
-- Up-to-date: /home/jagdeesh/tracker/install/ros_ign_interfaces/include/ros_ign_interfaces/ros_ign_interfaces/msg/detail/contacts__rosidl_typesupport_introspection_c.h
-- Up-to-date: /home/jagdeesh/tracker/install/ros_ign_interfaces/include/ros_ign_interfaces/ros_ign_interfaces/msg/detail/video_record__type_support.c
-- Up-to-date: /home/jagdeesh/tracker/install/ros_ign_interfaces/include/ros_ign_interfaces/ros_ign_interfaces/msg/detail/string_vec__type_support.c
-- Up-to-date: /home/jagdeesh/tracker/install/ros_ign_interfaces/include/ros_ign_interfaces/ros_ign_interfaces/msg/detail/world_reset__type_support.c
-- Up-to-date: /home/jagdeesh/tracker/install/ros_ign_interfaces/include/ros_ign_interfaces/ros_ign_interfaces/msg/detail/entity_factory__type_support.c
-- Up-to-date: /home/jagdeesh/tracker/install/ros_ign_interfaces/include/ros_ign_interfaces/ros_ign_interfaces/msg/detail/video_record__rosidl_typesupport_introspection_c.h
-- Up-to-date: /home/jagdeesh/tracker/install/ros_ign_interfaces/include/ros_ign_interfaces/ros_ign_interfaces/msg/detail/string_vec__rosidl_typesupport_introspection_c.h
-- Up-to-date: /home/jagdeesh/tracker/install/ros_ign_interfaces/include/ros_ign_interfaces/ros_ign_interfaces/msg/detail/entity__rosidl_typesupport_introspection_c.h
-- Up-to-date: /home/jagdeesh/tracker/install/ros_ign_interfaces/include/ros_ign_interfaces/ros_ign_interfaces/msg/detail/world_reset__rosidl_typesupport_introspection_c.h
-- Up-to-date: /home/jagdeesh/tracker/install/ros_ign_interfaces/include/ros_ign_interfaces/ros_ign_interfaces/msg/detail/light__type_support.c
-- Up-to-date: /home/jagdeesh/tracker/install/ros_ign_interfaces/include/ros_ign_interfaces/ros_ign_interfaces/msg/detail/entity__type_support.c
-- Up-to-date: /home/jagdeesh/tracker/install/ros_ign_interfaces/include/ros_ign_interfaces/ros_ign_interfaces/msg/detail/track_visual__rosidl_typesupport_introspection_c.h
-- Up-to-date: /home/jagdeesh/tracker/install/ros_ign_interfaces/include/ros_ign_interfaces/ros_ign_interfaces/msg/detail/contact__type_support.c
-- Up-to-date: /home/jagdeesh/tracker/install/ros_ign_interfaces/include/ros_ign_interfaces/ros_ign_interfaces/msg/detail/joint_wrench__rosidl_typesupport_introspection_c.h
-- Up-to-date: /home/jagdeesh/tracker/install/ros_ign_interfaces/lib/libros_ign_interfaces__rosidl_typesupport_introspection_c.so
-- Up-to-date: /home/jagdeesh/tracker/install/ros_ign_interfaces/lib/libros_ign_interfaces__rosidl_typesupport_c.so
-- Up-to-date: /home/jagdeesh/tracker/install/ros_ign_interfaces/include/ros_ign_interfaces/ros_ign_interfaces
-- Up-to-date: /home/jagdeesh/tracker/install/ros_ign_interfaces/include/ros_ign_interfaces/ros_ign_interfaces/srv
-- Up-to-date: /home/jagdeesh/tracker/install/ros_ign_interfaces/include/ros_ign_interfaces/ros_ign_interfaces/srv/detail
-- Up-to-date: /home/jagdeesh/tracker/install/ros_ign_interfaces/include/ros_ign_interfaces/ros_ign_interfaces/srv/detail/set_entity_pose__type_support.cpp
-- Up-to-date: /home/jagdeesh/tracker/install/ros_ign_interfaces/include/ros_ign_interfaces/ros_ign_interfaces/srv/detail/spawn_entity__type_support.cpp
-- Up-to-date: /home/jagdeesh/tracker/install/ros_ign_interfaces/include/ros_ign_interfaces/ros_ign_interfaces/srv/detail/delete_entity__rosidl_typesupport_introspection_cpp.hpp
-- Up-to-date: /home/jagdeesh/tracker/install/ros_ign_interfaces/include/ros_ign_interfaces/ros_ign_interfaces/srv/detail/control_world__type_support.cpp
-- Up-to-date: /home/jagdeesh/tracker/install/ros_ign_interfaces/include/ros_ign_interfaces/ros_ign_interfaces/srv/detail/delete_entity__type_support.cpp
-- Up-to-date: /home/jagdeesh/tracker/install/ros_ign_interfaces/include/ros_ign_interfaces/ros_ign_interfaces/srv/detail/control_world__rosidl_typesupport_introspection_cpp.hpp
-- Up-to-date: /home/jagdeesh/tracker/install/ros_ign_interfaces/include/ros_ign_interfaces/ros_ign_interfaces/srv/detail/set_entity_pose__rosidl_typesupport_introspection_cpp.hpp
-- Up-to-date: /home/jagdeesh/tracker/install/ros_ign_interfaces/include/ros_ign_interfaces/ros_ign_interfaces/srv/detail/spawn_entity__rosidl_typesupport_introspection_cpp.hpp
-- Up-to-date: /home/jagdeesh/tracker/install/ros_ign_interfaces/include/ros_ign_interfaces/ros_ign_interfaces/msg
-- Up-to-date: /home/jagdeesh/tracker/install/ros_ign_interfaces/include/ros_ign_interfaces/ros_ign_interfaces/msg/detail
-- Up-to-date: /home/jagdeesh/tracker/install/ros_ign_interfaces/include/ros_ign_interfaces/ros_ign_interfaces/msg/detail/gui_camera__rosidl_typesupport_introspection_cpp.hpp
-- Up-to-date: /home/jagdeesh/tracker/install/ros_ign_interfaces/include/ros_ign_interfaces/ros_ign_interfaces/msg/detail/contacts__rosidl_typesupport_introspection_cpp.hpp
-- Up-to-date: /home/jagdeesh/tracker/install/ros_ign_interfaces/include/ros_ign_interfaces/ros_ign_interfaces/msg/detail/string_vec__rosidl_typesupport_introspection_cpp.hpp
-- Up-to-date: /home/jagdeesh/tracker/install/ros_ign_interfaces/include/ros_ign_interfaces/ros_ign_interfaces/msg/detail/video_record__rosidl_typesupport_introspection_cpp.hpp
-- Up-to-date: /home/jagdeesh/tracker/install/ros_ign_interfaces/include/ros_ign_interfaces/ros_ign_interfaces/msg/detail/entity_factory__type_support.cpp
-- Up-to-date: /home/jagdeesh/tracker/install/ros_ign_interfaces/include/ros_ign_interfaces/ros_ign_interfaces/msg/detail/track_visual__type_support.cpp
-- Up-to-date: /home/jagdeesh/tracker/install/ros_ign_interfaces/include/ros_ign_interfaces/ros_ign_interfaces/msg/detail/string_vec__type_support.cpp
-- Up-to-date: /home/jagdeesh/tracker/install/ros_ign_interfaces/include/ros_ign_interfaces/ros_ign_interfaces/msg/detail/contact__rosidl_typesupport_introspection_cpp.hpp
-- Up-to-date: /home/jagdeesh/tracker/install/ros_ign_interfaces/include/ros_ign_interfaces/ros_ign_interfaces/msg/detail/contact__type_support.cpp
-- Up-to-date: /home/jagdeesh/tracker/install/ros_ign_interfaces/include/ros_ign_interfaces/ros_ign_interfaces/msg/detail/entity__rosidl_typesupport_introspection_cpp.hpp
-- Up-to-date: /home/jagdeesh/tracker/install/ros_ign_interfaces/include/ros_ign_interfaces/ros_ign_interfaces/msg/detail/track_visual__rosidl_typesupport_introspection_cpp.hpp
-- Up-to-date: /home/jagdeesh/tracker/install/ros_ign_interfaces/include/ros_ign_interfaces/ros_ign_interfaces/msg/detail/contacts__type_support.cpp
-- Up-to-date: /home/jagdeesh/tracker/install/ros_ign_interfaces/include/ros_ign_interfaces/ros_ign_interfaces/msg/detail/entity__type_support.cpp
-- Up-to-date: /home/jagdeesh/tracker/install/ros_ign_interfaces/include/ros_ign_interfaces/ros_ign_interfaces/msg/detail/entity_factory__rosidl_typesupport_introspection_cpp.hpp
-- Up-to-date: /home/jagdeesh/tracker/install/ros_ign_interfaces/include/ros_ign_interfaces/ros_ign_interfaces/msg/detail/world_control__rosidl_typesupport_introspection_cpp.hpp
-- Up-to-date: /home/jagdeesh/tracker/install/ros_ign_interfaces/include/ros_ign_interfaces/ros_ign_interfaces/msg/detail/gui_camera__type_support.cpp
-- Up-to-date: /home/jagdeesh/tracker/install/ros_ign_interfaces/include/ros_ign_interfaces/ros_ign_interfaces/msg/detail/light__rosidl_typesupport_introspection_cpp.hpp
-- Up-to-date: /home/jagdeesh/tracker/install/ros_ign_interfaces/include/ros_ign_interfaces/ros_ign_interfaces/msg/detail/light__type_support.cpp
-- Up-to-date: /home/jagdeesh/tracker/install/ros_ign_interfaces/include/ros_ign_interfaces/ros_ign_interfaces/msg/detail/joint_wrench__rosidl_typesupport_introspection_cpp.hpp
-- Up-to-date: /home/jagdeesh/tracker/install/ros_ign_interfaces/include/ros_ign_interfaces/ros_ign_interfaces/msg/detail/world_control__type_support.cpp
-- Up-to-date: /home/jagdeesh/tracker/install/ros_ign_interfaces/include/ros_ign_interfaces/ros_ign_interfaces/msg/detail/world_reset__type_support.cpp
-- Up-to-date: /home/jagdeesh/tracker/install/ros_ign_interfaces/include/ros_ign_interfaces/ros_ign_interfaces/msg/detail/joint_wrench__type_support.cpp
-- Up-to-date: /home/jagdeesh/tracker/install/ros_ign_interfaces/include/ros_ign_interfaces/ros_ign_interfaces/msg/detail/video_record__type_support.cpp
-- Up-to-date: /home/jagdeesh/tracker/install/ros_ign_interfaces/include/ros_ign_interfaces/ros_ign_interfaces/msg/detail/world_reset__rosidl_typesupport_introspection_cpp.hpp
-- Up-to-date: /home/jagdeesh/tracker/install/ros_ign_interfaces/lib/libros_ign_interfaces__rosidl_typesupport_introspection_cpp.so
-- Up-to-date: /home/jagdeesh/tracker/install/ros_ign_interfaces/lib/libros_ign_interfaces__rosidl_typesupport_cpp.so
-- Up-to-date: /home/jagdeesh/tracker/install/ros_ign_interfaces/share/ros_ign_interfaces/environment/pythonpath.sh
-- Up-to-date: /home/jagdeesh/tracker/install/ros_ign_interfaces/share/ros_ign_interfaces/environment/pythonpath.dsv
-- Up-to-date: /home/jagdeesh/tracker/install/ros_ign_interfaces/local/lib/python3.10/dist-packages/ros_ign_interfaces-0.244.20-py3.10.egg-info
-- Installing: /home/jagdeesh/tracker/install/ros_ign_interfaces/local/lib/python3.10/dist-packages/ros_ign_interfaces-0.244.20-py3.10.egg-info/SOURCES.txt
-- Installing: /home/jagdeesh/tracker/install/ros_ign_interfaces/local/lib/python3.10/dist-packages/ros_ign_interfaces-0.244.20-py3.10.egg-info/dependency_links.txt
-- Installing: /home/jagdeesh/tracker/install/ros_ign_interfaces/local/lib/python3.10/dist-packages/ros_ign_interfaces-0.244.20-py3.10.egg-info/top_level.txt
-- Installing: /home/jagdeesh/tracker/install/ros_ign_interfaces/local/lib/python3.10/dist-packages/ros_ign_interfaces-0.244.20-py3.10.egg-info/PKG-INFO
-- Up-to-date: /home/jagdeesh/tracker/install/ros_ign_interfaces/local/lib/python3.10/dist-packages/ros_ign_interfaces
-- Up-to-date: /home/jagdeesh/tracker/install/ros_ign_interfaces/local/lib/python3.10/dist-packages/ros_ign_interfaces/__init__.py
-- Up-to-date: /home/jagdeesh/tracker/install/ros_ign_interfaces/local/lib/python3.10/dist-packages/ros_ign_interfaces/_ros_ign_interfaces_s.ep.rosidl_typesupport_fastrtps_c.c
-- Up-to-date: /home/jagdeesh/tracker/install/ros_ign_interfaces/local/lib/python3.10/dist-packages/ros_ign_interfaces/ros_ign_interfaces_s__rosidl_typesupport_c.cpython-310-x86_64-linux-gnu.so
-- Up-to-date: /home/jagdeesh/tracker/install/ros_ign_interfaces/local/lib/python3.10/dist-packages/ros_ign_interfaces/libros_ign_interfaces__rosidl_generator_py.so
-- Up-to-date: /home/jagdeesh/tracker/install/ros_ign_interfaces/local/lib/python3.10/dist-packages/ros_ign_interfaces/ros_ign_interfaces_s__rosidl_typesupport_introspection_c.cpython-310-x86_64-linux-gnu.so
-- Up-to-date: /home/jagdeesh/tracker/install/ros_ign_interfaces/local/lib/python3.10/dist-packages/ros_ign_interfaces/_ros_ign_interfaces_s.ep.rosidl_typesupport_c.c
-- Up-to-date: /home/jagdeesh/tracker/install/ros_ign_interfaces/local/lib/python3.10/dist-packages/ros_ign_interfaces/srv
-- Up-to-date: /home/jagdeesh/tracker/install/ros_ign_interfaces/local/lib/python3.10/dist-packages/ros_ign_interfaces/srv/_control_world_s.c
-- Up-to-date: /home/jagdeesh/tracker/install/ros_ign_interfaces/local/lib/python3.10/dist-packages/ros_ign_interfaces/srv/__init__.py
-- Up-to-date: /home/jagdeesh/tracker/install/ros_ign_interfaces/local/lib/python3.10/dist-packages/ros_ign_interfaces/srv/_set_entity_pose.py
-- Up-to-date: /home/jagdeesh/tracker/install/ros_ign_interfaces/local/lib/python3.10/dist-packages/ros_ign_interfaces/srv/_delete_entity_s.c
-- Up-to-date: /home/jagdeesh/tracker/install/ros_ign_interfaces/local/lib/python3.10/dist-packages/ros_ign_interfaces/srv/_control_world.py
-- Up-to-date: /home/jagdeesh/tracker/install/ros_ign_interfaces/local/lib/python3.10/dist-packages/ros_ign_interfaces/srv/_spawn_entity.py
-- Up-to-date: /home/jagdeesh/tracker/install/ros_ign_interfaces/local/lib/python3.10/dist-packages/ros_ign_interfaces/srv/_set_entity_pose_s.c
-- Up-to-date: /home/jagdeesh/tracker/install/ros_ign_interfaces/local/lib/python3.10/dist-packages/ros_ign_interfaces/srv/_spawn_entity_s.c
-- Up-to-date: /home/jagdeesh/tracker/install/ros_ign_interfaces/local/lib/python3.10/dist-packages/ros_ign_interfaces/srv/_delete_entity.py
-- Up-to-date: /home/jagdeesh/tracker/install/ros_ign_interfaces/local/lib/python3.10/dist-packages/ros_ign_interfaces/_ros_ign_interfaces_s.ep.rosidl_typesupport_introspection_c.c
-- Up-to-date: /home/jagdeesh/tracker/install/ros_ign_interfaces/local/lib/python3.10/dist-packages/ros_ign_interfaces/msg
-- Up-to-date: /home/jagdeesh/tracker/install/ros_ign_interfaces/local/lib/python3.10/dist-packages/ros_ign_interfaces/msg/__init__.py
-- Up-to-date: /home/jagdeesh/tracker/install/ros_ign_interfaces/local/lib/python3.10/dist-packages/ros_ign_interfaces/msg/_gui_camera.py
-- Up-to-date: /home/jagdeesh/tracker/install/ros_ign_interfaces/local/lib/python3.10/dist-packages/ros_ign_interfaces/msg/_world_reset_s.c
-- Up-to-date: /home/jagdeesh/tracker/install/ros_ign_interfaces/local/lib/python3.10/dist-packages/ros_ign_interfaces/msg/_entity_s.c
-- Up-to-date: /home/jagdeesh/tracker/install/ros_ign_interfaces/local/lib/python3.10/dist-packages/ros_ign_interfaces/msg/_world_control.py
-- Up-to-date: /home/jagdeesh/tracker/install/ros_ign_interfaces/local/lib/python3.10/dist-packages/ros_ign_interfaces/msg/_joint_wrench.py
-- Up-to-date: /home/jagdeesh/tracker/install/ros_ign_interfaces/local/lib/python3.10/dist-packages/ros_ign_interfaces/msg/_entity_factory.py
-- Up-to-date: /home/jagdeesh/tracker/install/ros_ign_interfaces/local/lib/python3.10/dist-packages/ros_ign_interfaces/msg/_video_record.py
-- Up-to-date: /home/jagdeesh/tracker/install/ros_ign_interfaces/local/lib/python3.10/dist-packages/ros_ign_interfaces/msg/_contact.py
-- Up-to-date: /home/jagdeesh/tracker/install/ros_ign_interfaces/local/lib/python3.10/dist-packages/ros_ign_interfaces/msg/_world_reset.py
-- Up-to-date: /home/jagdeesh/tracker/install/ros_ign_interfaces/local/lib/python3.10/dist-packages/ros_ign_interfaces/msg/_light_s.c
-- Up-to-date: /home/jagdeesh/tracker/install/ros_ign_interfaces/local/lib/python3.10/dist-packages/ros_ign_interfaces/msg/_string_vec.py
-- Up-to-date: /home/jagdeesh/tracker/install/ros_ign_interfaces/local/lib/python3.10/dist-packages/ros_ign_interfaces/msg/_joint_wrench_s.c
-- Up-to-date: /home/jagdeesh/tracker/install/ros_ign_interfaces/local/lib/python3.10/dist-packages/ros_ign_interfaces/msg/_track_visual.py
-- Up-to-date: /home/jagdeesh/tracker/install/ros_ign_interfaces/local/lib/python3.10/dist-packages/ros_ign_interfaces/msg/_gui_camera_s.c
-- Up-to-date: /home/jagdeesh/tracker/install/ros_ign_interfaces/local/lib/python3.10/dist-packages/ros_ign_interfaces/msg/_video_record_s.c
-- Up-to-date: /home/jagdeesh/tracker/install/ros_ign_interfaces/local/lib/python3.10/dist-packages/ros_ign_interfaces/msg/_track_visual_s.c
-- Up-to-date: /home/jagdeesh/tracker/install/ros_ign_interfaces/local/lib/python3.10/dist-packages/ros_ign_interfaces/msg/_entity_factory_s.c
-- Up-to-date: /home/jagdeesh/tracker/install/ros_ign_interfaces/local/lib/python3.10/dist-packages/ros_ign_interfaces/msg/_world_control_s.c
-- Up-to-date: /home/jagdeesh/tracker/install/ros_ign_interfaces/local/lib/python3.10/dist-packages/ros_ign_interfaces/msg/_entity.py
-- Up-to-date: /home/jagdeesh/tracker/install/ros_ign_interfaces/local/lib/python3.10/dist-packages/ros_ign_interfaces/msg/_contact_s.c
-- Up-to-date: /home/jagdeesh/tracker/install/ros_ign_interfaces/local/lib/python3.10/dist-packages/ros_ign_interfaces/msg/_light.py
-- Up-to-date: /home/jagdeesh/tracker/install/ros_ign_interfaces/local/lib/python3.10/dist-packages/ros_ign_interfaces/msg/_contacts_s.c
-- Up-to-date: /home/jagdeesh/tracker/install/ros_ign_interfaces/local/lib/python3.10/dist-packages/ros_ign_interfaces/msg/_contacts.py
-- Up-to-date: /home/jagdeesh/tracker/install/ros_ign_interfaces/local/lib/python3.10/dist-packages/ros_ign_interfaces/msg/_string_vec_s.c
-- Up-to-date: /home/jagdeesh/tracker/install/ros_ign_interfaces/local/lib/python3.10/dist-packages/ros_ign_interfaces/ros_ign_interfaces_s__rosidl_typesupport_fastrtps_c.cpython-310-x86_64-linux-gnu.so
Listing '/home/jagdeesh/tracker/install/ros_ign_interfaces/local/lib/python3.10/dist-packages/ros_ign_interfaces'...
Listing '/home/jagdeesh/tracker/install/ros_ign_interfaces/local/lib/python3.10/dist-packages/ros_ign_interfaces/msg'...
Listing '/home/jagdeesh/tracker/install/ros_ign_interfaces/local/lib/python3.10/dist-packages/ros_ign_interfaces/srv'...
-- Up-to-date: /home/jagdeesh/tracker/install/ros_ign_interfaces/local/lib/python3.10/dist-packages/ros_ign_interfaces/ros_ign_interfaces_s__rosidl_typesupport_fastrtps_c.cpython-310-x86_64-linux-gnu.so
-- Up-to-date: /home/jagdeesh/tracker/install/ros_ign_interfaces/local/lib/python3.10/dist-packages/ros_ign_interfaces/ros_ign_interfaces_s__rosidl_typesupport_introspection_c.cpython-310-x86_64-linux-gnu.so
-- Up-to-date: /home/jagdeesh/tracker/install/ros_ign_interfaces/local/lib/python3.10/dist-packages/ros_ign_interfaces/ros_ign_interfaces_s__rosidl_typesupport_c.cpython-310-x86_64-linux-gnu.so
-- Up-to-date: /home/jagdeesh/tracker/install/ros_ign_interfaces/lib/libros_ign_interfaces__rosidl_generator_py.so
-- Up-to-date: /home/jagdeesh/tracker/install/ros_ign_interfaces/share/ament_index/resource_index/rust_packages/ros_ign_interfaces
-- Up-to-date: /home/jagdeesh/tracker/install/ros_ign_interfaces/share/ros_ign_interfaces/rust
-- Up-to-date: /home/jagdeesh/tracker/install/ros_ign_interfaces/share/ros_ign_interfaces/rust/src
-- Up-to-date: /home/jagdeesh/tracker/install/ros_ign_interfaces/share/ros_ign_interfaces/rust/src/srv.rs
-- Up-to-date: /home/jagdeesh/tracker/install/ros_ign_interfaces/share/ros_ign_interfaces/rust/src/srv
-- Up-to-date: /home/jagdeesh/tracker/install/ros_ign_interfaces/share/ros_ign_interfaces/rust/src/srv/rmw.rs
-- Up-to-date: /home/jagdeesh/tracker/install/ros_ign_interfaces/share/ros_ign_interfaces/rust/src/lib.rs
-- Up-to-date: /home/jagdeesh/tracker/install/ros_ign_interfaces/share/ros_ign_interfaces/rust/src/msg
-- Up-to-date: /home/jagdeesh/tracker/install/ros_ign_interfaces/share/ros_ign_interfaces/rust/src/msg/rmw.rs
-- Up-to-date: /home/jagdeesh/tracker/install/ros_ign_interfaces/share/ros_ign_interfaces/rust/src/msg.rs
-- Up-to-date: /home/jagdeesh/tracker/install/ros_ign_interfaces/share/ros_ign_interfaces/rust/Cargo.toml
-- Up-to-date: /home/jagdeesh/tracker/install/ros_ign_interfaces/share/ros_ign_interfaces/rust/build.rs
-- Up-to-date: /home/jagdeesh/tracker/install/ros_ign_interfaces/share/ros_ign_interfaces/msg/Contact.idl
-- Up-to-date: /home/jagdeesh/tracker/install/ros_ign_interfaces/share/ros_ign_interfaces/msg/Contacts.idl
-- Up-to-date: /home/jagdeesh/tracker/install/ros_ign_interfaces/share/ros_ign_interfaces/msg/Entity.idl
-- Up-to-date: /home/jagdeesh/tracker/install/ros_ign_interfaces/share/ros_ign_interfaces/msg/EntityFactory.idl
-- Up-to-date: /home/jagdeesh/tracker/install/ros_ign_interfaces/share/ros_ign_interfaces/msg/GuiCamera.idl
-- Up-to-date: /home/jagdeesh/tracker/install/ros_ign_interfaces/share/ros_ign_interfaces/msg/JointWrench.idl
-- Up-to-date: /home/jagdeesh/tracker/install/ros_ign_interfaces/share/ros_ign_interfaces/msg/Light.idl
-- Up-to-date: /home/jagdeesh/tracker/install/ros_ign_interfaces/share/ros_ign_interfaces/msg/StringVec.idl
-- Up-to-date: /home/jagdeesh/tracker/install/ros_ign_interfaces/share/ros_ign_interfaces/msg/TrackVisual.idl
-- Up-to-date: /home/jagdeesh/tracker/install/ros_ign_interfaces/share/ros_ign_interfaces/msg/VideoRecord.idl
-- Up-to-date: /home/jagdeesh/tracker/install/ros_ign_interfaces/share/ros_ign_interfaces/msg/WorldControl.idl
-- Up-to-date: /home/jagdeesh/tracker/install/ros_ign_interfaces/share/ros_ign_interfaces/msg/WorldReset.idl
-- Up-to-date: /home/jagdeesh/tracker/install/ros_ign_interfaces/share/ros_ign_interfaces/srv/ControlWorld.idl
-- Up-to-date: /home/jagdeesh/tracker/install/ros_ign_interfaces/share/ros_ign_interfaces/srv/DeleteEntity.idl
-- Up-to-date: /home/jagdeesh/tracker/install/ros_ign_interfaces/share/ros_ign_interfaces/srv/SetEntityPose.idl
-- Up-to-date: /home/jagdeesh/tracker/install/ros_ign_interfaces/share/ros_ign_interfaces/srv/SpawnEntity.idl
-- Up-to-date: /home/jagdeesh/tracker/install/ros_ign_interfaces/share/ros_ign_interfaces/msg/Contact.msg
-- Up-to-date: /home/jagdeesh/tracker/install/ros_ign_interfaces/share/ros_ign_interfaces/msg/Contacts.msg
-- Up-to-date: /home/jagdeesh/tracker/install/ros_ign_interfaces/share/ros_ign_interfaces/msg/Entity.msg
-- Up-to-date: /home/jagdeesh/tracker/install/ros_ign_interfaces/share/ros_ign_interfaces/msg/EntityFactory.msg
-- Up-to-date: /home/jagdeesh/tracker/install/ros_ign_interfaces/share/ros_ign_interfaces/msg/GuiCamera.msg
-- Up-to-date: /home/jagdeesh/tracker/install/ros_ign_interfaces/share/ros_ign_interfaces/msg/JointWrench.msg
-- Up-to-date: /home/jagdeesh/tracker/install/ros_ign_interfaces/share/ros_ign_interfaces/msg/Light.msg
-- Up-to-date: /home/jagdeesh/tracker/install/ros_ign_interfaces/share/ros_ign_interfaces/msg/StringVec.msg
-- Up-to-date: /home/jagdeesh/tracker/install/ros_ign_interfaces/share/ros_ign_interfaces/msg/TrackVisual.msg
-- Up-to-date: /home/jagdeesh/tracker/install/ros_ign_interfaces/share/ros_ign_interfaces/msg/VideoRecord.msg
-- Up-to-date: /home/jagdeesh/tracker/install/ros_ign_interfaces/share/ros_ign_interfaces/msg/WorldControl.msg
-- Up-to-date: /home/jagdeesh/tracker/install/ros_ign_interfaces/share/ros_ign_interfaces/msg/WorldReset.msg
-- Up-to-date: /home/jagdeesh/tracker/install/ros_ign_interfaces/share/ros_ign_interfaces/srv/ControlWorld.srv
-- Up-to-date: /home/jagdeesh/tracker/install/ros_ign_interfaces/share/ros_ign_interfaces/srv/ControlWorld_Request.msg
-- Up-to-date: /home/jagdeesh/tracker/install/ros_ign_interfaces/share/ros_ign_interfaces/srv/ControlWorld_Response.msg
-- Up-to-date: /home/jagdeesh/tracker/install/ros_ign_interfaces/share/ros_ign_interfaces/srv/DeleteEntity.srv
-- Up-to-date: /home/jagdeesh/tracker/install/ros_ign_interfaces/share/ros_ign_interfaces/srv/DeleteEntity_Request.msg
-- Up-to-date: /home/jagdeesh/tracker/install/ros_ign_interfaces/share/ros_ign_interfaces/srv/DeleteEntity_Response.msg
-- Up-to-date: /home/jagdeesh/tracker/install/ros_ign_interfaces/share/ros_ign_interfaces/srv/SetEntityPose.srv
-- Up-to-date: /home/jagdeesh/tracker/install/ros_ign_interfaces/share/ros_ign_interfaces/srv/SetEntityPose_Request.msg
-- Up-to-date: /home/jagdeesh/tracker/install/ros_ign_interfaces/share/ros_ign_interfaces/srv/SetEntityPose_Response.msg
-- Up-to-date: /home/jagdeesh/tracker/install/ros_ign_interfaces/share/ros_ign_interfaces/srv/SpawnEntity.srv
-- Up-to-date: /home/jagdeesh/tracker/install/ros_ign_interfaces/share/ros_ign_interfaces/srv/SpawnEntity_Request.msg
-- Up-to-date: /home/jagdeesh/tracker/install/ros_ign_interfaces/share/ros_ign_interfaces/srv/SpawnEntity_Response.msg
-- Up-to-date: /home/jagdeesh/tracker/install/ros_ign_interfaces/share/ament_index/resource_index/package_run_dependencies/ros_ign_interfaces
-- Up-to-date: /home/jagdeesh/tracker/install/ros_ign_interfaces/share/ament_index/resource_index/parent_prefix_path/ros_ign_interfaces
-- Up-to-date: /home/jagdeesh/tracker/install/ros_ign_interfaces/share/ros_ign_interfaces/environment/ament_prefix_path.sh
-- Up-to-date: /home/jagdeesh/tracker/install/ros_ign_interfaces/share/ros_ign_interfaces/environment/ament_prefix_path.dsv
-- Up-to-date: /home/jagdeesh/tracker/install/ros_ign_interfaces/share/ros_ign_interfaces/environment/path.sh
-- Up-to-date: /home/jagdeesh/tracker/install/ros_ign_interfaces/share/ros_ign_interfaces/environment/path.dsv
-- Up-to-date: /home/jagdeesh/tracker/install/ros_ign_interfaces/share/ros_ign_interfaces/local_setup.bash
-- Up-to-date: /home/jagdeesh/tracker/install/ros_ign_interfaces/share/ros_ign_interfaces/local_setup.sh
-- Up-to-date: /home/jagdeesh/tracker/install/ros_ign_interfaces/share/ros_ign_interfaces/local_setup.zsh
-- Up-to-date: /home/jagdeesh/tracker/install/ros_ign_interfaces/share/ros_ign_interfaces/local_setup.dsv
-- Installing: /home/jagdeesh/tracker/install/ros_ign_interfaces/share/ros_ign_interfaces/package.dsv
-- Up-to-date: /home/jagdeesh/tracker/install/ros_ign_interfaces/share/ament_index/resource_index/packages/ros_ign_interfaces
-- Up-to-date: /home/jagdeesh/tracker/install/ros_ign_interfaces/share/ros_ign_interfaces/cmake/export_ros_ign_interfaces__rosidl_generator_cExport.cmake
-- Up-to-date: /home/jagdeesh/tracker/install/ros_ign_interfaces/share/ros_ign_interfaces/cmake/export_ros_ign_interfaces__rosidl_generator_cExport-release.cmake
-- Up-to-date: /home/jagdeesh/tracker/install/ros_ign_interfaces/share/ros_ign_interfaces/cmake/export_ros_ign_interfaces__rosidl_typesupport_fastrtps_cExport.cmake
-- Up-to-date: /home/jagdeesh/tracker/install/ros_ign_interfaces/share/ros_ign_interfaces/cmake/export_ros_ign_interfaces__rosidl_typesupport_fastrtps_cExport-release.cmake
-- Up-to-date: /home/jagdeesh/tracker/install/ros_ign_interfaces/share/ros_ign_interfaces/cmake/export_ros_ign_interfaces__rosidl_generator_cppExport.cmake
-- Up-to-date: /home/jagdeesh/tracker/install/ros_ign_interfaces/share/ros_ign_interfaces/cmake/export_ros_ign_interfaces__rosidl_typesupport_fastrtps_cppExport.cmake
-- Up-to-date: /home/jagdeesh/tracker/install/ros_ign_interfaces/share/ros_ign_interfaces/cmake/export_ros_ign_interfaces__rosidl_typesupport_fastrtps_cppExport-release.cmake
-- Up-to-date: /home/jagdeesh/tracker/install/ros_ign_interfaces/share/ros_ign_interfaces/cmake/ros_ign_interfaces__rosidl_typesupport_introspection_cExport.cmake
-- Up-to-date: /home/jagdeesh/tracker/install/ros_ign_interfaces/share/ros_ign_interfaces/cmake/ros_ign_interfaces__rosidl_typesupport_introspection_cExport-release.cmake
-- Up-to-date: /home/jagdeesh/tracker/install/ros_ign_interfaces/share/ros_ign_interfaces/cmake/ros_ign_interfaces__rosidl_typesupport_cExport.cmake
-- Up-to-date: /home/jagdeesh/tracker/install/ros_ign_interfaces/share/ros_ign_interfaces/cmake/ros_ign_interfaces__rosidl_typesupport_cExport-release.cmake
-- Up-to-date: /home/jagdeesh/tracker/install/ros_ign_interfaces/share/ros_ign_interfaces/cmake/ros_ign_interfaces__rosidl_typesupport_introspection_cppExport.cmake
-- Up-to-date: /home/jagdeesh/tracker/install/ros_ign_interfaces/share/ros_ign_interfaces/cmake/ros_ign_interfaces__rosidl_typesupport_introspection_cppExport-release.cmake
-- Up-to-date: /home/jagdeesh/tracker/install/ros_ign_interfaces/share/ros_ign_interfaces/cmake/ros_ign_interfaces__rosidl_typesupport_cppExport.cmake
-- Up-to-date: /home/jagdeesh/tracker/install/ros_ign_interfaces/share/ros_ign_interfaces/cmake/ros_ign_interfaces__rosidl_typesupport_cppExport-release.cmake
-- Up-to-date: /home/jagdeesh/tracker/install/ros_ign_interfaces/share/ros_ign_interfaces/cmake/export_ros_ign_interfaces__rosidl_generator_pyExport.cmake
-- Up-to-date: /home/jagdeesh/tracker/install/ros_ign_interfaces/share/ros_ign_interfaces/cmake/export_ros_ign_interfaces__rosidl_generator_pyExport-release.cmake
-- Up-to-date: /home/jagdeesh/tracker/install/ros_ign_interfaces/share/ros_ign_interfaces/cmake/rosidl_cmake-extras.cmake
-- Up-to-date: /home/jagdeesh/tracker/install/ros_ign_interfaces/share/ros_ign_interfaces/cmake/ament_cmake_export_dependencies-extras.cmake
-- Up-to-date: /home/jagdeesh/tracker/install/ros_ign_interfaces/share/ros_ign_interfaces/cmake/ament_cmake_export_include_directories-extras.cmake
-- Up-to-date: /home/jagdeesh/tracker/install/ros_ign_interfaces/share/ros_ign_interfaces/cmake/ament_cmake_export_libraries-extras.cmake
-- Up-to-date: /home/jagdeesh/tracker/install/ros_ign_interfaces/share/ros_ign_interfaces/cmake/ament_cmake_export_targets-extras.cmake
-- Up-to-date: /home/jagdeesh/tracker/install/ros_ign_interfaces/share/ros_ign_interfaces/cmake/rosidl_cmake_export_typesupport_targets-extras.cmake
-- Up-to-date: /home/jagdeesh/tracker/install/ros_ign_interfaces/share/ros_ign_interfaces/cmake/rosidl_cmake_export_typesupport_libraries-extras.cmake
-- Up-to-date: /home/jagdeesh/tracker/install/ros_ign_interfaces/share/ros_ign_interfaces/cmake/ros_ign_interfacesConfig.cmake
-- Up-to-date: /home/jagdeesh/tracker/install/ros_ign_interfaces/share/ros_ign_interfaces/cmake/ros_ign_interfacesConfig-version.cmake
-- Up-to-date: /home/jagdeesh/tracker/install/ros_ign_interfaces/share/ros_ign_interfaces/package.xml
