[0.019s] Invoking command in '/home/jagdeesh/tracker/build/ros_ign_interfaces': AMENT_PREFIX_PATH=/home/jagdeesh/tracker/install/ros_gz_interfaces:${AMENT_PREFIX_PATH} CMAKE_PREFIX_PATH=/home/jagdeesh/tracker/install/ros_gz_interfaces:/opt/ros/humble LD_LIBRARY_PATH=/home/jagdeesh/tracker/install/ros_gz_interfaces/lib:${LD_LIBRARY_PATH} PYTHONPATH=/home/jagdeesh/tracker/install/ros_gz_interfaces/local/lib/python3.10/dist-packages:${PYTHONPATH} /usr/bin/cmake --build /home/jagdeesh/tracker/build/ros_ign_interfaces -- -j12 -l12
[0.047s] gmake[1]: Entering directory '/home/jagdeesh/tracker/build/ros_ign_interfaces'
[0.087s] gmake[2]: Entering directory '/home/jagdeesh/tracker/build/ros_ign_interfaces'
[0.090s] gmake[3]: Entering directory '/home/jagdeesh/tracker/build/ros_ign_interfaces'
[0.107s] gmake[3]: Leaving directory '/home/jagdeesh/tracker/build/ros_ign_interfaces'
[0.127s] [  1%] Built target ros_ign_interfaces__rs
[0.131s] gmake[3]: Entering directory '/home/jagdeesh/tracker/build/ros_ign_interfaces'
[0.145s] gmake[3]: Leaving directory '/home/jagdeesh/tracker/build/ros_ign_interfaces'
[0.146s] gmake[3]: Entering directory '/home/jagdeesh/tracker/build/ros_ign_interfaces'
[0.184s] gmake[3]: Leaving directory '/home/jagdeesh/tracker/build/ros_ign_interfaces'
[0.199s] [  1%] Built target ament_cmake_python_copy_ros_ign_interfaces
[0.204s] gmake[3]: Entering directory '/home/jagdeesh/tracker/build/ros_ign_interfaces'
[0.223s] gmake[3]: Leaving directory '/home/jagdeesh/tracker/build/ros_ign_interfaces'
[0.241s] [  1%] Built target ros_ign_interfaces__cpp
[0.248s] gmake[3]: Entering directory '/home/jagdeesh/tracker/build/ros_ign_interfaces'
[0.269s] gmake[3]: Leaving directory '/home/jagdeesh/tracker/build/ros_ign_interfaces'
[0.271s] gmake[3]: Entering directory '/home/jagdeesh/tracker/build/ros_ign_interfaces'
[0.754s] running egg_info
[0.756s] writing ros_ign_interfaces.egg-info/PKG-INFO
[0.756s] writing dependency_links to ros_ign_interfaces.egg-info/dependency_links.txt
[0.759s] writing top-level names to ros_ign_interfaces.egg-info/top_level.txt
[0.762s] reading manifest file 'ros_ign_interfaces.egg-info/SOURCES.txt'
[0.765s] writing manifest file 'ros_ign_interfaces.egg-info/SOURCES.txt'
[0.801s] gmake[3]: Leaving directory '/home/jagdeesh/tracker/build/ros_ign_interfaces'
[0.814s] [  1%] Built target ament_cmake_python_build_ros_ign_interfaces_egg
[0.821s] gmake[3]: Entering directory '/home/jagdeesh/tracker/build/ros_ign_interfaces'
[0.855s] Consolidate compiler generated dependencies of target ros_ign_interfaces__rosidl_typesupport_cpp
[0.857s] gmake[3]: Leaving directory '/home/jagdeesh/tracker/build/ros_ign_interfaces'
[0.879s] [ 13%] Built target ros_ign_interfaces__rosidl_typesupport_cpp
[0.886s] gmake[3]: Entering directory '/home/jagdeesh/tracker/build/ros_ign_interfaces'
[0.923s] Consolidate compiler generated dependencies of target ros_ign_interfaces__rosidl_typesupport_introspection_cpp
[0.925s] gmake[3]: Leaving directory '/home/jagdeesh/tracker/build/ros_ign_interfaces'
[0.947s] [ 25%] Built target ros_ign_interfaces__rosidl_typesupport_introspection_cpp
[0.955s] gmake[3]: Entering directory '/home/jagdeesh/tracker/build/ros_ign_interfaces'
[1.009s] Consolidate compiler generated dependencies of target ros_ign_interfaces__rosidl_typesupport_fastrtps_cpp
[1.009s] gmake[3]: Leaving directory '/home/jagdeesh/tracker/build/ros_ign_interfaces'
[1.019s] [ 37%] Built target ros_ign_interfaces__rosidl_typesupport_fastrtps_cpp
[1.026s] gmake[3]: Entering directory '/home/jagdeesh/tracker/build/ros_ign_interfaces'
[1.048s] Consolidate compiler generated dependencies of target ros_ign_interfaces__rosidl_generator_c
[1.050s] gmake[3]: Leaving directory '/home/jagdeesh/tracker/build/ros_ign_interfaces'
[1.067s] [ 49%] Built target ros_ign_interfaces__rosidl_generator_c
[1.074s] gmake[3]: Entering directory '/home/jagdeesh/tracker/build/ros_ign_interfaces'
[1.127s] Consolidate compiler generated dependencies of target ros_ign_interfaces__rosidl_typesupport_fastrtps_c
[1.127s] gmake[3]: Leaving directory '/home/jagdeesh/tracker/build/ros_ign_interfaces'
[1.141s] [ 61%] Built target ros_ign_interfaces__rosidl_typesupport_fastrtps_c
[1.147s] gmake[3]: Entering directory '/home/jagdeesh/tracker/build/ros_ign_interfaces'
[1.165s] Consolidate compiler generated dependencies of target ros_ign_interfaces__rosidl_typesupport_c
[1.166s] gmake[3]: Leaving directory '/home/jagdeesh/tracker/build/ros_ign_interfaces'
[1.185s] [ 73%] Built target ros_ign_interfaces__rosidl_typesupport_c
[1.191s] gmake[3]: Entering directory '/home/jagdeesh/tracker/build/ros_ign_interfaces'
[1.213s] Consolidate compiler generated dependencies of target ros_ign_interfaces__rosidl_typesupport_introspection_c
[1.214s] gmake[3]: Leaving directory '/home/jagdeesh/tracker/build/ros_ign_interfaces'
[1.234s] [ 85%] Built target ros_ign_interfaces__rosidl_typesupport_introspection_c
[1.238s] gmake[3]: Entering directory '/home/jagdeesh/tracker/build/ros_ign_interfaces'
[1.252s] gmake[3]: Leaving directory '/home/jagdeesh/tracker/build/ros_ign_interfaces'
[1.267s] [ 85%] Built target ros_ign_interfaces
[1.272s] gmake[3]: Entering directory '/home/jagdeesh/tracker/build/ros_ign_interfaces'
[1.303s] gmake[3]: Leaving directory '/home/jagdeesh/tracker/build/ros_ign_interfaces'
[1.303s] [ 86%] Built target ros_ign_interfaces__py
[1.304s] gmake[3]: Entering directory '/home/jagdeesh/tracker/build/ros_ign_interfaces'
[1.339s] Consolidate compiler generated dependencies of target ros_ign_interfaces__rosidl_generator_py
[1.340s] gmake[3]: Leaving directory '/home/jagdeesh/tracker/build/ros_ign_interfaces'
[1.362s] [ 97%] Built target ros_ign_interfaces__rosidl_generator_py
[1.367s] gmake[3]: Entering directory '/home/jagdeesh/tracker/build/ros_ign_interfaces'
[1.384s] Consolidate compiler generated dependencies of target ros_ign_interfaces__rosidl_typesupport_fastrtps_c__pyext
[1.386s] gmake[3]: Leaving directory '/home/jagdeesh/tracker/build/ros_ign_interfaces'
[1.402s] [ 98%] Built target ros_ign_interfaces__rosidl_typesupport_fastrtps_c__pyext
[1.407s] gmake[3]: Entering directory '/home/jagdeesh/tracker/build/ros_ign_interfaces'
[1.423s] Consolidate compiler generated dependencies of target ros_ign_interfaces__rosidl_typesupport_c__pyext
[1.424s] gmake[3]: Leaving directory '/home/jagdeesh/tracker/build/ros_ign_interfaces'
[1.470s] [ 99%] Built target ros_ign_interfaces__rosidl_typesupport_c__pyext
[1.470s] gmake[3]: Entering directory '/home/jagdeesh/tracker/build/ros_ign_interfaces'
[1.470s] Consolidate compiler generated dependencies of target ros_ign_interfaces__rosidl_typesupport_introspection_c__pyext
[1.471s] gmake[3]: Leaving directory '/home/jagdeesh/tracker/build/ros_ign_interfaces'
[1.483s] [100%] Built target ros_ign_interfaces__rosidl_typesupport_introspection_c__pyext
[1.483s] gmake[2]: Leaving directory '/home/jagdeesh/tracker/build/ros_ign_interfaces'
[1.496s] gmake[1]: Leaving directory '/home/jagdeesh/tracker/build/ros_ign_interfaces'
[1.497s] Invoked command in '/home/jagdeesh/tracker/build/ros_ign_interfaces' returned '0': AMENT_PREFIX_PATH=/home/jagdeesh/tracker/install/ros_gz_interfaces:${AMENT_PREFIX_PATH} CMAKE_PREFIX_PATH=/home/jagdeesh/tracker/install/ros_gz_interfaces:/opt/ros/humble LD_LIBRARY_PATH=/home/jagdeesh/tracker/install/ros_gz_interfaces/lib:${LD_LIBRARY_PATH} PYTHONPATH=/home/jagdeesh/tracker/install/ros_gz_interfaces/local/lib/python3.10/dist-packages:${PYTHONPATH} /usr/bin/cmake --build /home/jagdeesh/tracker/build/ros_ign_interfaces -- -j12 -l12
[1.500s] Invoking command in '/home/jagdeesh/tracker/build/ros_ign_interfaces': AMENT_PREFIX_PATH=/home/jagdeesh/tracker/install/ros_gz_interfaces:${AMENT_PREFIX_PATH} CMAKE_PREFIX_PATH=/home/jagdeesh/tracker/install/ros_gz_interfaces:/opt/ros/humble LD_LIBRARY_PATH=/home/jagdeesh/tracker/install/ros_gz_interfaces/lib:${LD_LIBRARY_PATH} PYTHONPATH=/home/jagdeesh/tracker/install/ros_gz_interfaces/local/lib/python3.10/dist-packages:${PYTHONPATH} /usr/bin/cmake --install /home/jagdeesh/tracker/build/ros_ign_interfaces
[1.514s] -- Install configuration: "Release"
[1.514s] -- Up-to-date: /home/jagdeesh/tracker/install/ros_ign_interfaces/share/ament_index/resource_index/rosidl_interfaces/ros_ign_interfaces
[1.514s] -- Up-to-date: /home/jagdeesh/tracker/install/ros_ign_interfaces/include/ros_ign_interfaces/ros_ign_interfaces
[1.515s] -- Up-to-date: /home/jagdeesh/tracker/install/ros_ign_interfaces/include/ros_ign_interfaces/ros_ign_interfaces/srv
[1.515s] -- Up-to-date: /home/jagdeesh/tracker/install/ros_ign_interfaces/include/ros_ign_interfaces/ros_ign_interfaces/srv/control_world.h
[1.515s] -- Up-to-date: /home/jagdeesh/tracker/install/ros_ign_interfaces/include/ros_ign_interfaces/ros_ign_interfaces/srv/detail
[1.515s] -- Up-to-date: /home/jagdeesh/tracker/install/ros_ign_interfaces/include/ros_ign_interfaces/ros_ign_interfaces/srv/detail/delete_entity__type_support.h
[1.515s] -- Up-to-date: /home/jagdeesh/tracker/install/ros_ign_interfaces/include/ros_ign_interfaces/ros_ign_interfaces/srv/detail/control_world__functions.h
[1.515s] -- Up-to-date: /home/jagdeesh/tracker/install/ros_ign_interfaces/include/ros_ign_interfaces/ros_ign_interfaces/srv/detail/spawn_entity__functions.h
[1.515s] -- Up-to-date: /home/jagdeesh/tracker/install/ros_ign_interfaces/include/ros_ign_interfaces/ros_ign_interfaces/srv/detail/delete_entity__functions.h
[1.516s] -- Up-to-date: /home/jagdeesh/tracker/install/ros_ign_interfaces/include/ros_ign_interfaces/ros_ign_interfaces/srv/detail/set_entity_pose__type_support.h
[1.516s] -- Up-to-date: /home/jagdeesh/tracker/install/ros_ign_interfaces/include/ros_ign_interfaces/ros_ign_interfaces/srv/detail/spawn_entity__type_support.h
[1.516s] -- Up-to-date: /home/jagdeesh/tracker/install/ros_ign_interfaces/include/ros_ign_interfaces/ros_ign_interfaces/srv/detail/control_world__type_support.h
[1.516s] -- Up-to-date: /home/jagdeesh/tracker/install/ros_ign_interfaces/include/ros_ign_interfaces/ros_ign_interfaces/srv/detail/set_entity_pose__struct.h
[1.516s] -- Up-to-date: /home/jagdeesh/tracker/install/ros_ign_interfaces/include/ros_ign_interfaces/ros_ign_interfaces/srv/detail/control_world__struct.h
[1.516s] -- Up-to-date: /home/jagdeesh/tracker/install/ros_ign_interfaces/include/ros_ign_interfaces/ros_ign_interfaces/srv/detail/control_world__functions.c
[1.516s] -- Up-to-date: /home/jagdeesh/tracker/install/ros_ign_interfaces/include/ros_ign_interfaces/ros_ign_interfaces/srv/detail/set_entity_pose__functions.c
[1.516s] -- Up-to-date: /home/jagdeesh/tracker/install/ros_ign_interfaces/include/ros_ign_interfaces/ros_ign_interfaces/srv/detail/delete_entity__struct.h
[1.516s] -- Up-to-date: /home/jagdeesh/tracker/install/ros_ign_interfaces/include/ros_ign_interfaces/ros_ign_interfaces/srv/detail/spawn_entity__functions.c
[1.516s] -- Up-to-date: /home/jagdeesh/tracker/install/ros_ign_interfaces/include/ros_ign_interfaces/ros_ign_interfaces/srv/detail/delete_entity__functions.c
[1.516s] -- Up-to-date: /home/jagdeesh/tracker/install/ros_ign_interfaces/include/ros_ign_interfaces/ros_ign_interfaces/srv/detail/spawn_entity__struct.h
[1.516s] -- Up-to-date: /home/jagdeesh/tracker/install/ros_ign_interfaces/include/ros_ign_interfaces/ros_ign_interfaces/srv/detail/set_entity_pose__functions.h
[1.517s] -- Up-to-date: /home/jagdeesh/tracker/install/ros_ign_interfaces/include/ros_ign_interfaces/ros_ign_interfaces/srv/set_entity_pose.h
[1.517s] -- Up-to-date: /home/jagdeesh/tracker/install/ros_ign_interfaces/include/ros_ign_interfaces/ros_ign_interfaces/srv/spawn_entity.h
[1.517s] -- Up-to-date: /home/jagdeesh/tracker/install/ros_ign_interfaces/include/ros_ign_interfaces/ros_ign_interfaces/srv/delete_entity.h
[1.517s] -- Up-to-date: /home/jagdeesh/tracker/install/ros_ign_interfaces/include/ros_ign_interfaces/ros_ign_interfaces/msg
[1.517s] -- Up-to-date: /home/jagdeesh/tracker/install/ros_ign_interfaces/include/ros_ign_interfaces/ros_ign_interfaces/msg/joint_wrench.h
[1.517s] -- Up-to-date: /home/jagdeesh/tracker/install/ros_ign_interfaces/include/ros_ign_interfaces/ros_ign_interfaces/msg/string_vec.h
[1.517s] -- Up-to-date: /home/jagdeesh/tracker/install/ros_ign_interfaces/include/ros_ign_interfaces/ros_ign_interfaces/msg/contact.h
[1.518s] -- Up-to-date: /home/jagdeesh/tracker/install/ros_ign_interfaces/include/ros_ign_interfaces/ros_ign_interfaces/msg/rosidl_generator_c__visibility_control.h
[1.518s] -- Up-to-date: /home/jagdeesh/tracker/install/ros_ign_interfaces/include/ros_ign_interfaces/ros_ign_interfaces/msg/detail
[1.518s] -- Up-to-date: /home/jagdeesh/tracker/install/ros_ign_interfaces/include/ros_ign_interfaces/ros_ign_interfaces/msg/detail/contact__struct.h
[1.518s] -- Up-to-date: /home/jagdeesh/tracker/install/ros_ign_interfaces/include/ros_ign_interfaces/ros_ign_interfaces/msg/detail/gui_camera__struct.h
[1.518s] -- Up-to-date: /home/jagdeesh/tracker/install/ros_ign_interfaces/include/ros_ign_interfaces/ros_ign_interfaces/msg/detail/entity_factory__functions.h
[1.518s] -- Up-to-date: /home/jagdeesh/tracker/install/ros_ign_interfaces/include/ros_ign_interfaces/ros_ign_interfaces/msg/detail/light__functions.h
[1.518s] -- Up-to-date: /home/jagdeesh/tracker/install/ros_ign_interfaces/include/ros_ign_interfaces/ros_ign_interfaces/msg/detail/string_vec__functions.h
[1.518s] -- Up-to-date: /home/jagdeesh/tracker/install/ros_ign_interfaces/include/ros_ign_interfaces/ros_ign_interfaces/msg/detail/joint_wrench__type_support.h
[1.518s] -- Up-to-date: /home/jagdeesh/tracker/install/ros_ign_interfaces/include/ros_ign_interfaces/ros_ign_interfaces/msg/detail/contact__functions.h
[1.519s] -- Up-to-date: /home/jagdeesh/tracker/install/ros_ign_interfaces/include/ros_ign_interfaces/ros_ign_interfaces/msg/detail/track_visual__type_support.h
[1.519s] -- Up-to-date: /home/jagdeesh/tracker/install/ros_ign_interfaces/include/ros_ign_interfaces/ros_ign_interfaces/msg/detail/entity__type_support.h
[1.519s] -- Up-to-date: /home/jagdeesh/tracker/install/ros_ign_interfaces/include/ros_ign_interfaces/ros_ign_interfaces/msg/detail/contact__type_support.h
[1.520s] -- Up-to-date: /home/jagdeesh/tracker/install/ros_ign_interfaces/include/ros_ign_interfaces/ros_ign_interfaces/msg/detail/light__struct.h
[1.520s] -- Up-to-date: /home/jagdeesh/tracker/install/ros_ign_interfaces/include/ros_ign_interfaces/ros_ign_interfaces/msg/detail/world_reset__functions.h
[1.520s] -- Up-to-date: /home/jagdeesh/tracker/install/ros_ign_interfaces/include/ros_ign_interfaces/ros_ign_interfaces/msg/detail/contacts__struct.h
[1.520s] -- Up-to-date: /home/jagdeesh/tracker/install/ros_ign_interfaces/include/ros_ign_interfaces/ros_ign_interfaces/msg/detail/joint_wrench__functions.c
[1.520s] -- Up-to-date: /home/jagdeesh/tracker/install/ros_ign_interfaces/include/ros_ign_interfaces/ros_ign_interfaces/msg/detail/gui_camera__functions.h
[1.521s] -- Up-to-date: /home/jagdeesh/tracker/install/ros_ign_interfaces/include/ros_ign_interfaces/ros_ign_interfaces/msg/detail/entity_factory__functions.c
[1.521s] -- Up-to-date: /home/jagdeesh/tracker/install/ros_ign_interfaces/include/ros_ign_interfaces/ros_ign_interfaces/msg/detail/gui_camera__type_support.h
[1.521s] -- Up-to-date: /home/jagdeesh/tracker/install/ros_ign_interfaces/include/ros_ign_interfaces/ros_ign_interfaces/msg/detail/track_visual__functions.c
[1.521s] -- Up-to-date: /home/jagdeesh/tracker/install/ros_ign_interfaces/include/ros_ign_interfaces/ros_ign_interfaces/msg/detail/entity_factory__type_support.h
[1.522s] -- Up-to-date: /home/jagdeesh/tracker/install/ros_ign_interfaces/include/ros_ign_interfaces/ros_ign_interfaces/msg/detail/world_reset__struct.h
[1.522s] -- Up-to-date: /home/jagdeesh/tracker/install/ros_ign_interfaces/include/ros_ign_interfaces/ros_ign_interfaces/msg/detail/track_visual__functions.h
[1.522s] -- Up-to-date: /home/jagdeesh/tracker/install/ros_ign_interfaces/include/ros_ign_interfaces/ros_ign_interfaces/msg/detail/world_reset__type_support.h
[1.522s] -- Up-to-date: /home/jagdeesh/tracker/install/ros_ign_interfaces/include/ros_ign_interfaces/ros_ign_interfaces/msg/detail/video_record__functions.h
[1.522s] -- Up-to-date: /home/jagdeesh/tracker/install/ros_ign_interfaces/include/ros_ign_interfaces/ros_ign_interfaces/msg/detail/world_control__type_support.h
[1.522s] -- Up-to-date: /home/jagdeesh/tracker/install/ros_ign_interfaces/include/ros_ign_interfaces/ros_ign_interfaces/msg/detail/world_control__struct.h
[1.522s] -- Up-to-date: /home/jagdeesh/tracker/install/ros_ign_interfaces/include/ros_ign_interfaces/ros_ign_interfaces/msg/detail/entity__functions.c
[1.522s] -- Up-to-date: /home/jagdeesh/tracker/install/ros_ign_interfaces/include/ros_ign_interfaces/ros_ign_interfaces/msg/detail/video_record__struct.h
[1.522s] -- Up-to-date: /home/jagdeesh/tracker/install/ros_ign_interfaces/include/ros_ign_interfaces/ros_ign_interfaces/msg/detail/entity_factory__struct.h
[1.522s] -- Up-to-date: /home/jagdeesh/tracker/install/ros_ign_interfaces/include/ros_ign_interfaces/ros_ign_interfaces/msg/detail/joint_wrench__struct.h
[1.523s] -- Up-to-date: /home/jagdeesh/tracker/install/ros_ign_interfaces/include/ros_ign_interfaces/ros_ign_interfaces/msg/detail/entity__functions.h
[1.523s] -- Up-to-date: /home/jagdeesh/tracker/install/ros_ign_interfaces/include/ros_ign_interfaces/ros_ign_interfaces/msg/detail/gui_camera__functions.c
[1.523s] -- Up-to-date: /home/jagdeesh/tracker/install/ros_ign_interfaces/include/ros_ign_interfaces/ros_ign_interfaces/msg/detail/light__type_support.h
[1.523s] -- Up-to-date: /home/jagdeesh/tracker/install/ros_ign_interfaces/include/ros_ign_interfaces/ros_ign_interfaces/msg/detail/track_visual__struct.h
[1.523s] -- Up-to-date: /home/jagdeesh/tracker/install/ros_ign_interfaces/include/ros_ign_interfaces/ros_ign_interfaces/msg/detail/entity__struct.h
[1.523s] -- Up-to-date: /home/jagdeesh/tracker/install/ros_ign_interfaces/include/ros_ign_interfaces/ros_ign_interfaces/msg/detail/contacts__functions.h
[1.523s] -- Up-to-date: /home/jagdeesh/tracker/install/ros_ign_interfaces/include/ros_ign_interfaces/ros_ign_interfaces/msg/detail/contact__functions.c
[1.523s] -- Up-to-date: /home/jagdeesh/tracker/install/ros_ign_interfaces/include/ros_ign_interfaces/ros_ign_interfaces/msg/detail/string_vec__struct.h
[1.523s] -- Up-to-date: /home/jagdeesh/tracker/install/ros_ign_interfaces/include/ros_ign_interfaces/ros_ign_interfaces/msg/detail/video_record__type_support.h
[1.523s] -- Up-to-date: /home/jagdeesh/tracker/install/ros_ign_interfaces/include/ros_ign_interfaces/ros_ign_interfaces/msg/detail/video_record__functions.c
[1.524s] -- Up-to-date: /home/jagdeesh/tracker/install/ros_ign_interfaces/include/ros_ign_interfaces/ros_ign_interfaces/msg/detail/joint_wrench__functions.h
[1.524s] -- Up-to-date: /home/jagdeesh/tracker/install/ros_ign_interfaces/include/ros_ign_interfaces/ros_ign_interfaces/msg/detail/light__functions.c
[1.526s] -- Up-to-date: /home/jagdeesh/tracker/install/ros_ign_interfaces/include/ros_ign_interfaces/ros_ign_interfaces/msg/detail/world_control__functions.c
[1.526s] -- Up-to-date: /home/jagdeesh/tracker/install/ros_ign_interfaces/include/ros_ign_interfaces/ros_ign_interfaces/msg/detail/contacts__functions.c
[1.527s] -- Up-to-date: /home/jagdeesh/tracker/install/ros_ign_interfaces/include/ros_ign_interfaces/ros_ign_interfaces/msg/detail/world_control__functions.h
[1.527s] -- Up-to-date: /home/jagdeesh/tracker/install/ros_ign_interfaces/include/ros_ign_interfaces/ros_ign_interfaces/msg/detail/contacts__type_support.h
[1.527s] -- Up-to-date: /home/jagdeesh/tracker/install/ros_ign_interfaces/include/ros_ign_interfaces/ros_ign_interfaces/msg/detail/string_vec__type_support.h
[1.527s] -- Up-to-date: /home/jagdeesh/tracker/install/ros_ign_interfaces/include/ros_ign_interfaces/ros_ign_interfaces/msg/detail/world_reset__functions.c
[1.527s] -- Up-to-date: /home/jagdeesh/tracker/install/ros_ign_interfaces/include/ros_ign_interfaces/ros_ign_interfaces/msg/detail/string_vec__functions.c
[1.527s] -- Up-to-date: /home/jagdeesh/tracker/install/ros_ign_interfaces/include/ros_ign_interfaces/ros_ign_interfaces/msg/light.h
[1.527s] -- Up-to-date: /home/jagdeesh/tracker/install/ros_ign_interfaces/include/ros_ign_interfaces/ros_ign_interfaces/msg/gui_camera.h
[1.528s] -- Up-to-date: /home/jagdeesh/tracker/install/ros_ign_interfaces/include/ros_ign_interfaces/ros_ign_interfaces/msg/entity_factory.h
[1.528s] -- Up-to-date: /home/jagdeesh/tracker/install/ros_ign_interfaces/include/ros_ign_interfaces/ros_ign_interfaces/msg/video_record.h
[1.528s] -- Up-to-date: /home/jagdeesh/tracker/install/ros_ign_interfaces/include/ros_ign_interfaces/ros_ign_interfaces/msg/world_control.h
[1.528s] -- Up-to-date: /home/jagdeesh/tracker/install/ros_ign_interfaces/include/ros_ign_interfaces/ros_ign_interfaces/msg/world_reset.h
[1.528s] -- Up-to-date: /home/jagdeesh/tracker/install/ros_ign_interfaces/include/ros_ign_interfaces/ros_ign_interfaces/msg/contacts.h
[1.528s] -- Up-to-date: /home/jagdeesh/tracker/install/ros_ign_interfaces/include/ros_ign_interfaces/ros_ign_interfaces/msg/entity.h
[1.528s] -- Up-to-date: /home/jagdeesh/tracker/install/ros_ign_interfaces/include/ros_ign_interfaces/ros_ign_interfaces/msg/track_visual.h
[1.528s] -- Up-to-date: /home/jagdeesh/tracker/install/ros_ign_interfaces/share/ros_ign_interfaces/environment/library_path.sh
[1.529s] -- Up-to-date: /home/jagdeesh/tracker/install/ros_ign_interfaces/share/ros_ign_interfaces/environment/library_path.dsv
[1.529s] -- Up-to-date: /home/jagdeesh/tracker/install/ros_ign_interfaces/lib/libros_ign_interfaces__rosidl_generator_c.so
[1.533s] -- Up-to-date: /home/jagdeesh/tracker/install/ros_ign_interfaces/include/ros_ign_interfaces/ros_ign_interfaces
[1.533s] -- Up-to-date: /home/jagdeesh/tracker/install/ros_ign_interfaces/include/ros_ign_interfaces/ros_ign_interfaces/srv
[1.534s] -- Up-to-date: /home/jagdeesh/tracker/install/ros_ign_interfaces/include/ros_ign_interfaces/ros_ign_interfaces/srv/detail
[1.534s] -- Up-to-date: /home/jagdeesh/tracker/install/ros_ign_interfaces/include/ros_ign_interfaces/ros_ign_interfaces/srv/detail/control_world__rosidl_typesupport_fastrtps_c.h
[1.534s] -- Up-to-date: /home/jagdeesh/tracker/install/ros_ign_interfaces/include/ros_ign_interfaces/ros_ign_interfaces/srv/detail/delete_entity__rosidl_typesupport_fastrtps_c.h
[1.534s] -- Up-to-date: /home/jagdeesh/tracker/install/ros_ign_interfaces/include/ros_ign_interfaces/ros_ign_interfaces/srv/detail/spawn_entity__rosidl_typesupport_fastrtps_c.h
[1.534s] -- Up-to-date: /home/jagdeesh/tracker/install/ros_ign_interfaces/include/ros_ign_interfaces/ros_ign_interfaces/srv/detail/set_entity_pose__rosidl_typesupport_fastrtps_c.h
[1.534s] -- Up-to-date: /home/jagdeesh/tracker/install/ros_ign_interfaces/include/ros_ign_interfaces/ros_ign_interfaces/msg
[1.534s] -- Up-to-date: /home/jagdeesh/tracker/install/ros_ign_interfaces/include/ros_ign_interfaces/ros_ign_interfaces/msg/detail
[1.534s] -- Up-to-date: /home/jagdeesh/tracker/install/ros_ign_interfaces/include/ros_ign_interfaces/ros_ign_interfaces/msg/detail/contacts__rosidl_typesupport_fastrtps_c.h
[1.534s] -- Up-to-date: /home/jagdeesh/tracker/install/ros_ign_interfaces/include/ros_ign_interfaces/ros_ign_interfaces/msg/detail/world_reset__rosidl_typesupport_fastrtps_c.h
[1.534s] -- Up-to-date: /home/jagdeesh/tracker/install/ros_ign_interfaces/include/ros_ign_interfaces/ros_ign_interfaces/msg/detail/video_record__rosidl_typesupport_fastrtps_c.h
[1.534s] -- Up-to-date: /home/jagdeesh/tracker/install/ros_ign_interfaces/include/ros_ign_interfaces/ros_ign_interfaces/msg/detail/light__rosidl_typesupport_fastrtps_c.h
[1.534s] -- Up-to-date: /home/jagdeesh/tracker/install/ros_ign_interfaces/include/ros_ign_interfaces/ros_ign_interfaces/msg/detail/joint_wrench__rosidl_typesupport_fastrtps_c.h
[1.535s] -- Up-to-date: /home/jagdeesh/tracker/install/ros_ign_interfaces/include/ros_ign_interfaces/ros_ign_interfaces/msg/detail/gui_camera__rosidl_typesupport_fastrtps_c.h
[1.535s] -- Up-to-date: /home/jagdeesh/tracker/install/ros_ign_interfaces/include/ros_ign_interfaces/ros_ign_interfaces/msg/detail/entity_factory__rosidl_typesupport_fastrtps_c.h
[1.535s] -- Up-to-date: /home/jagdeesh/tracker/install/ros_ign_interfaces/include/ros_ign_interfaces/ros_ign_interfaces/msg/detail/entity__rosidl_typesupport_fastrtps_c.h
[1.535s] -- Up-to-date: /home/jagdeesh/tracker/install/ros_ign_interfaces/include/ros_ign_interfaces/ros_ign_interfaces/msg/detail/track_visual__rosidl_typesupport_fastrtps_c.h
[1.535s] -- Up-to-date: /home/jagdeesh/tracker/install/ros_ign_interfaces/include/ros_ign_interfaces/ros_ign_interfaces/msg/detail/contact__rosidl_typesupport_fastrtps_c.h
[1.535s] -- Up-to-date: /home/jagdeesh/tracker/install/ros_ign_interfaces/include/ros_ign_interfaces/ros_ign_interfaces/msg/detail/string_vec__rosidl_typesupport_fastrtps_c.h
[1.535s] -- Up-to-date: /home/jagdeesh/tracker/install/ros_ign_interfaces/include/ros_ign_interfaces/ros_ign_interfaces/msg/detail/world_control__rosidl_typesupport_fastrtps_c.h
[1.535s] -- Up-to-date: /home/jagdeesh/tracker/install/ros_ign_interfaces/include/ros_ign_interfaces/ros_ign_interfaces/msg/rosidl_typesupport_fastrtps_c__visibility_control.h
[1.535s] -- Up-to-date: /home/jagdeesh/tracker/install/ros_ign_interfaces/lib/libros_ign_interfaces__rosidl_typesupport_fastrtps_c.so
[1.535s] -- Up-to-date: /home/jagdeesh/tracker/install/ros_ign_interfaces/include/ros_ign_interfaces/ros_ign_interfaces
[1.535s] -- Up-to-date: /home/jagdeesh/tracker/install/ros_ign_interfaces/include/ros_ign_interfaces/ros_ign_interfaces/srv
[1.535s] -- Up-to-date: /home/jagdeesh/tracker/install/ros_ign_interfaces/include/ros_ign_interfaces/ros_ign_interfaces/srv/control_world.hpp
[1.535s] -- Up-to-date: /home/jagdeesh/tracker/install/ros_ign_interfaces/include/ros_ign_interfaces/ros_ign_interfaces/srv/delete_entity.hpp
[1.535s] -- Up-to-date: /home/jagdeesh/tracker/install/ros_ign_interfaces/include/ros_ign_interfaces/ros_ign_interfaces/srv/detail
[1.536s] -- Up-to-date: /home/jagdeesh/tracker/install/ros_ign_interfaces/include/ros_ign_interfaces/ros_ign_interfaces/srv/detail/spawn_entity__struct.hpp
[1.536s] -- Up-to-date: /home/jagdeesh/tracker/install/ros_ign_interfaces/include/ros_ign_interfaces/ros_ign_interfaces/srv/detail/control_world__builder.hpp
[1.536s] -- Up-to-date: /home/jagdeesh/tracker/install/ros_ign_interfaces/include/ros_ign_interfaces/ros_ign_interfaces/srv/detail/control_world__struct.hpp
[1.536s] -- Up-to-date: /home/jagdeesh/tracker/install/ros_ign_interfaces/include/ros_ign_interfaces/ros_ign_interfaces/srv/detail/set_entity_pose__builder.hpp
[1.536s] -- Up-to-date: /home/jagdeesh/tracker/install/ros_ign_interfaces/include/ros_ign_interfaces/ros_ign_interfaces/srv/detail/spawn_entity__builder.hpp
[1.536s] -- Up-to-date: /home/jagdeesh/tracker/install/ros_ign_interfaces/include/ros_ign_interfaces/ros_ign_interfaces/srv/detail/set_entity_pose__struct.hpp
[1.536s] -- Up-to-date: /home/jagdeesh/tracker/install/ros_ign_interfaces/include/ros_ign_interfaces/ros_ign_interfaces/srv/detail/control_world__type_support.hpp
[1.536s] -- Up-to-date: /home/jagdeesh/tracker/install/ros_ign_interfaces/include/ros_ign_interfaces/ros_ign_interfaces/srv/detail/delete_entity__builder.hpp
[1.536s] -- Up-to-date: /home/jagdeesh/tracker/install/ros_ign_interfaces/include/ros_ign_interfaces/ros_ign_interfaces/srv/detail/delete_entity__traits.hpp
[1.536s] -- Up-to-date: /home/jagdeesh/tracker/install/ros_ign_interfaces/include/ros_ign_interfaces/ros_ign_interfaces/srv/detail/spawn_entity__traits.hpp
[1.536s] -- Up-to-date: /home/jagdeesh/tracker/install/ros_ign_interfaces/include/ros_ign_interfaces/ros_ign_interfaces/srv/detail/delete_entity__struct.hpp
[1.536s] -- Up-to-date: /home/jagdeesh/tracker/install/ros_ign_interfaces/include/ros_ign_interfaces/ros_ign_interfaces/srv/detail/delete_entity__type_support.hpp
[1.537s] -- Up-to-date: /home/jagdeesh/tracker/install/ros_ign_interfaces/include/ros_ign_interfaces/ros_ign_interfaces/srv/detail/control_world__traits.hpp
[1.537s] -- Up-to-date: /home/jagdeesh/tracker/install/ros_ign_interfaces/include/ros_ign_interfaces/ros_ign_interfaces/srv/detail/set_entity_pose__type_support.hpp
[1.537s] -- Up-to-date: /home/jagdeesh/tracker/install/ros_ign_interfaces/include/ros_ign_interfaces/ros_ign_interfaces/srv/detail/set_entity_pose__traits.hpp
[1.537s] -- Up-to-date: /home/jagdeesh/tracker/install/ros_ign_interfaces/include/ros_ign_interfaces/ros_ign_interfaces/srv/detail/spawn_entity__type_support.hpp
[1.537s] -- Up-to-date: /home/jagdeesh/tracker/install/ros_ign_interfaces/include/ros_ign_interfaces/ros_ign_interfaces/srv/spawn_entity.hpp
[1.538s] -- Up-to-date: /home/jagdeesh/tracker/install/ros_ign_interfaces/include/ros_ign_interfaces/ros_ign_interfaces/srv/set_entity_pose.hpp
[1.538s] -- Up-to-date: /home/jagdeesh/tracker/install/ros_ign_interfaces/include/ros_ign_interfaces/ros_ign_interfaces/msg
[1.542s] -- Up-to-date: /home/jagdeesh/tracker/install/ros_ign_interfaces/include/ros_ign_interfaces/ros_ign_interfaces/msg/world_reset.hpp
[1.542s] -- Up-to-date: /home/jagdeesh/tracker/install/ros_ign_interfaces/include/ros_ign_interfaces/ros_ign_interfaces/msg/track_visual.hpp
[1.542s] -- Up-to-date: /home/jagdeesh/tracker/install/ros_ign_interfaces/include/ros_ign_interfaces/ros_ign_interfaces/msg/rosidl_generator_cpp__visibility_control.hpp
[1.542s] -- Up-to-date: /home/jagdeesh/tracker/install/ros_ign_interfaces/include/ros_ign_interfaces/ros_ign_interfaces/msg/detail
[1.542s] -- Up-to-date: /home/jagdeesh/tracker/install/ros_ign_interfaces/include/ros_ign_interfaces/ros_ign_interfaces/msg/detail/track_visual__traits.hpp
[1.542s] -- Up-to-date: /home/jagdeesh/tracker/install/ros_ign_interfaces/include/ros_ign_interfaces/ros_ign_interfaces/msg/detail/string_vec__type_support.hpp
[1.542s] -- Up-to-date: /home/jagdeesh/tracker/install/ros_ign_interfaces/include/ros_ign_interfaces/ros_ign_interfaces/msg/detail/gui_camera__struct.hpp
[1.542s] -- Up-to-date: /home/jagdeesh/tracker/install/ros_ign_interfaces/include/ros_ign_interfaces/ros_ign_interfaces/msg/detail/gui_camera__builder.hpp
[1.542s] -- Up-to-date: /home/jagdeesh/tracker/install/ros_ign_interfaces/include/ros_ign_interfaces/ros_ign_interfaces/msg/detail/string_vec__builder.hpp
[1.542s] -- Up-to-date: /home/jagdeesh/tracker/install/ros_ign_interfaces/include/ros_ign_interfaces/ros_ign_interfaces/msg/detail/gui_camera__type_support.hpp
[1.542s] -- Up-to-date: /home/jagdeesh/tracker/install/ros_ign_interfaces/include/ros_ign_interfaces/ros_ign_interfaces/msg/detail/video_record__type_support.hpp
[1.542s] -- Up-to-date: /home/jagdeesh/tracker/install/ros_ign_interfaces/include/ros_ign_interfaces/ros_ign_interfaces/msg/detail/contact__traits.hpp
[1.542s] -- Up-to-date: /home/jagdeesh/tracker/install/ros_ign_interfaces/include/ros_ign_interfaces/ros_ign_interfaces/msg/detail/joint_wrench__struct.hpp
[1.543s] -- Up-to-date: /home/jagdeesh/tracker/install/ros_ign_interfaces/include/ros_ign_interfaces/ros_ign_interfaces/msg/detail/contacts__type_support.hpp
[1.543s] -- Up-to-date: /home/jagdeesh/tracker/install/ros_ign_interfaces/include/ros_ign_interfaces/ros_ign_interfaces/msg/detail/contact__builder.hpp
[1.543s] -- Up-to-date: /home/jagdeesh/tracker/install/ros_ign_interfaces/include/ros_ign_interfaces/ros_ign_interfaces/msg/detail/world_control__type_support.hpp
[1.543s] -- Up-to-date: /home/jagdeesh/tracker/install/ros_ign_interfaces/include/ros_ign_interfaces/ros_ign_interfaces/msg/detail/track_visual__builder.hpp
[1.543s] -- Up-to-date: /home/jagdeesh/tracker/install/ros_ign_interfaces/include/ros_ign_interfaces/ros_ign_interfaces/msg/detail/video_record__traits.hpp
[1.543s] -- Up-to-date: /home/jagdeesh/tracker/install/ros_ign_interfaces/include/ros_ign_interfaces/ros_ign_interfaces/msg/detail/contact__type_support.hpp
[1.543s] -- Up-to-date: /home/jagdeesh/tracker/install/ros_ign_interfaces/include/ros_ign_interfaces/ros_ign_interfaces/msg/detail/entity__struct.hpp
[1.543s] -- Up-to-date: /home/jagdeesh/tracker/install/ros_ign_interfaces/include/ros_ign_interfaces/ros_ign_interfaces/msg/detail/joint_wrench__builder.hpp
[1.543s] -- Up-to-date: /home/jagdeesh/tracker/install/ros_ign_interfaces/include/ros_ign_interfaces/ros_ign_interfaces/msg/detail/entity_factory__type_support.hpp
[1.543s] -- Up-to-date: /home/jagdeesh/tracker/install/ros_ign_interfaces/include/ros_ign_interfaces/ros_ign_interfaces/msg/detail/video_record__builder.hpp
[1.543s] -- Up-to-date: /home/jagdeesh/tracker/install/ros_ign_interfaces/include/ros_ign_interfaces/ros_ign_interfaces/msg/detail/contacts__builder.hpp
[1.543s] -- Up-to-date: /home/jagdeesh/tracker/install/ros_ign_interfaces/include/ros_ign_interfaces/ros_ign_interfaces/msg/detail/world_reset__struct.hpp
[1.543s] -- Up-to-date: /home/jagdeesh/tracker/install/ros_ign_interfaces/include/ros_ign_interfaces/ros_ign_interfaces/msg/detail/video_record__struct.hpp
[1.543s] -- Up-to-date: /home/jagdeesh/tracker/install/ros_ign_interfaces/include/ros_ign_interfaces/ros_ign_interfaces/msg/detail/track_visual__type_support.hpp
[1.543s] -- Up-to-date: /home/jagdeesh/tracker/install/ros_ign_interfaces/include/ros_ign_interfaces/ros_ign_interfaces/msg/detail/world_control__struct.hpp
[1.543s] -- Up-to-date: /home/jagdeesh/tracker/install/ros_ign_interfaces/include/ros_ign_interfaces/ros_ign_interfaces/msg/detail/light__type_support.hpp
[1.543s] -- Up-to-date: /home/jagdeesh/tracker/install/ros_ign_interfaces/include/ros_ign_interfaces/ros_ign_interfaces/msg/detail/contacts__struct.hpp
[1.543s] -- Up-to-date: /home/jagdeesh/tracker/install/ros_ign_interfaces/include/ros_ign_interfaces/ros_ign_interfaces/msg/detail/world_reset__traits.hpp
[1.544s] -- Up-to-date: /home/jagdeesh/tracker/install/ros_ign_interfaces/include/ros_ign_interfaces/ros_ign_interfaces/msg/detail/joint_wrench__traits.hpp
[1.544s] -- Up-to-date: /home/jagdeesh/tracker/install/ros_ign_interfaces/include/ros_ign_interfaces/ros_ign_interfaces/msg/detail/world_reset__type_support.hpp
[1.544s] -- Up-to-date: /home/jagdeesh/tracker/install/ros_ign_interfaces/include/ros_ign_interfaces/ros_ign_interfaces/msg/detail/gui_camera__traits.hpp
[1.544s] -- Up-to-date: /home/jagdeesh/tracker/install/ros_ign_interfaces/include/ros_ign_interfaces/ros_ign_interfaces/msg/detail/string_vec__traits.hpp
[1.544s] -- Up-to-date: /home/jagdeesh/tracker/install/ros_ign_interfaces/include/ros_ign_interfaces/ros_ign_interfaces/msg/detail/entity__type_support.hpp
[1.544s] -- Up-to-date: /home/jagdeesh/tracker/install/ros_ign_interfaces/include/ros_ign_interfaces/ros_ign_interfaces/msg/detail/joint_wrench__type_support.hpp
[1.544s] -- Up-to-date: /home/jagdeesh/tracker/install/ros_ign_interfaces/include/ros_ign_interfaces/ros_ign_interfaces/msg/detail/entity_factory__builder.hpp
[1.544s] -- Up-to-date: /home/jagdeesh/tracker/install/ros_ign_interfaces/include/ros_ign_interfaces/ros_ign_interfaces/msg/detail/entity_factory__struct.hpp
[1.544s] -- Up-to-date: /home/jagdeesh/tracker/install/ros_ign_interfaces/include/ros_ign_interfaces/ros_ign_interfaces/msg/detail/track_visual__struct.hpp
[1.544s] -- Up-to-date: /home/jagdeesh/tracker/install/ros_ign_interfaces/include/ros_ign_interfaces/ros_ign_interfaces/msg/detail/world_reset__builder.hpp
[1.544s] -- Up-to-date: /home/jagdeesh/tracker/install/ros_ign_interfaces/include/ros_ign_interfaces/ros_ign_interfaces/msg/detail/contacts__traits.hpp
[1.544s] -- Up-to-date: /home/jagdeesh/tracker/install/ros_ign_interfaces/include/ros_ign_interfaces/ros_ign_interfaces/msg/detail/world_control__builder.hpp
[1.544s] -- Up-to-date: /home/jagdeesh/tracker/install/ros_ign_interfaces/include/ros_ign_interfaces/ros_ign_interfaces/msg/detail/entity__traits.hpp
[1.544s] -- Up-to-date: /home/jagdeesh/tracker/install/ros_ign_interfaces/include/ros_ign_interfaces/ros_ign_interfaces/msg/detail/entity_factory__traits.hpp
[1.544s] -- Up-to-date: /home/jagdeesh/tracker/install/ros_ign_interfaces/include/ros_ign_interfaces/ros_ign_interfaces/msg/detail/world_control__traits.hpp
[1.544s] -- Up-to-date: /home/jagdeesh/tracker/install/ros_ign_interfaces/include/ros_ign_interfaces/ros_ign_interfaces/msg/detail/light__traits.hpp
[1.544s] -- Up-to-date: /home/jagdeesh/tracker/install/ros_ign_interfaces/include/ros_ign_interfaces/ros_ign_interfaces/msg/detail/contact__struct.hpp
[1.544s] -- Up-to-date: /home/jagdeesh/tracker/install/ros_ign_interfaces/include/ros_ign_interfaces/ros_ign_interfaces/msg/detail/light__builder.hpp
[1.544s] -- Up-to-date: /home/jagdeesh/tracker/install/ros_ign_interfaces/include/ros_ign_interfaces/ros_ign_interfaces/msg/detail/string_vec__struct.hpp
[1.544s] -- Up-to-date: /home/jagdeesh/tracker/install/ros_ign_interfaces/include/ros_ign_interfaces/ros_ign_interfaces/msg/detail/light__struct.hpp
[1.545s] -- Up-to-date: /home/jagdeesh/tracker/install/ros_ign_interfaces/include/ros_ign_interfaces/ros_ign_interfaces/msg/detail/entity__builder.hpp
[1.545s] -- Up-to-date: /home/jagdeesh/tracker/install/ros_ign_interfaces/include/ros_ign_interfaces/ros_ign_interfaces/msg/string_vec.hpp
[1.545s] -- Up-to-date: /home/jagdeesh/tracker/install/ros_ign_interfaces/include/ros_ign_interfaces/ros_ign_interfaces/msg/contact.hpp
[1.545s] -- Up-to-date: /home/jagdeesh/tracker/install/ros_ign_interfaces/include/ros_ign_interfaces/ros_ign_interfaces/msg/video_record.hpp
[1.545s] -- Up-to-date: /home/jagdeesh/tracker/install/ros_ign_interfaces/include/ros_ign_interfaces/ros_ign_interfaces/msg/entity_factory.hpp
[1.545s] -- Up-to-date: /home/jagdeesh/tracker/install/ros_ign_interfaces/include/ros_ign_interfaces/ros_ign_interfaces/msg/light.hpp
[1.545s] -- Up-to-date: /home/jagdeesh/tracker/install/ros_ign_interfaces/include/ros_ign_interfaces/ros_ign_interfaces/msg/world_control.hpp
[1.545s] -- Up-to-date: /home/jagdeesh/tracker/install/ros_ign_interfaces/include/ros_ign_interfaces/ros_ign_interfaces/msg/joint_wrench.hpp
[1.545s] -- Up-to-date: /home/jagdeesh/tracker/install/ros_ign_interfaces/include/ros_ign_interfaces/ros_ign_interfaces/msg/contacts.hpp
[1.545s] -- Up-to-date: /home/jagdeesh/tracker/install/ros_ign_interfaces/include/ros_ign_interfaces/ros_ign_interfaces/msg/entity.hpp
[1.545s] -- Up-to-date: /home/jagdeesh/tracker/install/ros_ign_interfaces/include/ros_ign_interfaces/ros_ign_interfaces/msg/gui_camera.hpp
[1.545s] -- Up-to-date: /home/jagdeesh/tracker/install/ros_ign_interfaces/include/ros_ign_interfaces/ros_ign_interfaces
[1.545s] -- Up-to-date: /home/jagdeesh/tracker/install/ros_ign_interfaces/include/ros_ign_interfaces/ros_ign_interfaces/srv
[1.545s] -- Up-to-date: /home/jagdeesh/tracker/install/ros_ign_interfaces/include/ros_ign_interfaces/ros_ign_interfaces/srv/detail
[1.545s] -- Up-to-date: /home/jagdeesh/tracker/install/ros_ign_interfaces/include/ros_ign_interfaces/ros_ign_interfaces/srv/detail/delete_entity__rosidl_typesupport_fastrtps_cpp.hpp
[1.545s] -- Up-to-date: /home/jagdeesh/tracker/install/ros_ign_interfaces/include/ros_ign_interfaces/ros_ign_interfaces/srv/detail/set_entity_pose__rosidl_typesupport_fastrtps_cpp.hpp
[1.545s] -- Up-to-date: /home/jagdeesh/tracker/install/ros_ign_interfaces/include/ros_ign_interfaces/ros_ign_interfaces/srv/detail/control_world__rosidl_typesupport_fastrtps_cpp.hpp
[1.545s] -- Up-to-date: /home/jagdeesh/tracker/install/ros_ign_interfaces/include/ros_ign_interfaces/ros_ign_interfaces/srv/detail/spawn_entity__rosidl_typesupport_fastrtps_cpp.hpp
[1.545s] -- Up-to-date: /home/jagdeesh/tracker/install/ros_ign_interfaces/include/ros_ign_interfaces/ros_ign_interfaces/srv/detail/dds_fastrtps
[1.546s] -- Up-to-date: /home/jagdeesh/tracker/install/ros_ign_interfaces/include/ros_ign_interfaces/ros_ign_interfaces/msg
[1.546s] -- Up-to-date: /home/jagdeesh/tracker/install/ros_ign_interfaces/include/ros_ign_interfaces/ros_ign_interfaces/msg/detail
[1.546s] -- Up-to-date: /home/jagdeesh/tracker/install/ros_ign_interfaces/include/ros_ign_interfaces/ros_ign_interfaces/msg/detail/track_visual__rosidl_typesupport_fastrtps_cpp.hpp
[1.546s] -- Up-to-date: /home/jagdeesh/tracker/install/ros_ign_interfaces/include/ros_ign_interfaces/ros_ign_interfaces/msg/detail/contacts__rosidl_typesupport_fastrtps_cpp.hpp
[1.546s] -- Up-to-date: /home/jagdeesh/tracker/install/ros_ign_interfaces/include/ros_ign_interfaces/ros_ign_interfaces/msg/detail/world_reset__rosidl_typesupport_fastrtps_cpp.hpp
[1.546s] -- Up-to-date: /home/jagdeesh/tracker/install/ros_ign_interfaces/include/ros_ign_interfaces/ros_ign_interfaces/msg/detail/contact__rosidl_typesupport_fastrtps_cpp.hpp
[1.546s] -- Up-to-date: /home/jagdeesh/tracker/install/ros_ign_interfaces/include/ros_ign_interfaces/ros_ign_interfaces/msg/detail/video_record__rosidl_typesupport_fastrtps_cpp.hpp
[1.546s] -- Up-to-date: /home/jagdeesh/tracker/install/ros_ign_interfaces/include/ros_ign_interfaces/ros_ign_interfaces/msg/detail/string_vec__rosidl_typesupport_fastrtps_cpp.hpp
[1.546s] -- Up-to-date: /home/jagdeesh/tracker/install/ros_ign_interfaces/include/ros_ign_interfaces/ros_ign_interfaces/msg/detail/joint_wrench__rosidl_typesupport_fastrtps_cpp.hpp
[1.546s] -- Up-to-date: /home/jagdeesh/tracker/install/ros_ign_interfaces/include/ros_ign_interfaces/ros_ign_interfaces/msg/detail/light__rosidl_typesupport_fastrtps_cpp.hpp
[1.546s] -- Up-to-date: /home/jagdeesh/tracker/install/ros_ign_interfaces/include/ros_ign_interfaces/ros_ign_interfaces/msg/detail/entity__rosidl_typesupport_fastrtps_cpp.hpp
[1.546s] -- Up-to-date: /home/jagdeesh/tracker/install/ros_ign_interfaces/include/ros_ign_interfaces/ros_ign_interfaces/msg/detail/gui_camera__rosidl_typesupport_fastrtps_cpp.hpp
[1.546s] -- Up-to-date: /home/jagdeesh/tracker/install/ros_ign_interfaces/include/ros_ign_interfaces/ros_ign_interfaces/msg/detail/world_control__rosidl_typesupport_fastrtps_cpp.hpp
[1.546s] -- Up-to-date: /home/jagdeesh/tracker/install/ros_ign_interfaces/include/ros_ign_interfaces/ros_ign_interfaces/msg/detail/entity_factory__rosidl_typesupport_fastrtps_cpp.hpp
[1.546s] -- Up-to-date: /home/jagdeesh/tracker/install/ros_ign_interfaces/include/ros_ign_interfaces/ros_ign_interfaces/msg/detail/dds_fastrtps
[1.546s] -- Up-to-date: /home/jagdeesh/tracker/install/ros_ign_interfaces/include/ros_ign_interfaces/ros_ign_interfaces/msg/rosidl_typesupport_fastrtps_cpp__visibility_control.h
[1.546s] -- Up-to-date: /home/jagdeesh/tracker/install/ros_ign_interfaces/lib/libros_ign_interfaces__rosidl_typesupport_fastrtps_cpp.so
[1.546s] -- Up-to-date: /home/jagdeesh/tracker/install/ros_ign_interfaces/include/ros_ign_interfaces/ros_ign_interfaces
[1.546s] -- Up-to-date: /home/jagdeesh/tracker/install/ros_ign_interfaces/include/ros_ign_interfaces/ros_ign_interfaces/srv
[1.547s] -- Up-to-date: /home/jagdeesh/tracker/install/ros_ign_interfaces/include/ros_ign_interfaces/ros_ign_interfaces/srv/detail
[1.547s] -- Up-to-date: /home/jagdeesh/tracker/install/ros_ign_interfaces/include/ros_ign_interfaces/ros_ign_interfaces/srv/detail/set_entity_pose__type_support.c
[1.547s] -- Up-to-date: /home/jagdeesh/tracker/install/ros_ign_interfaces/include/ros_ign_interfaces/ros_ign_interfaces/srv/detail/delete_entity__type_support.c
[1.547s] -- Up-to-date: /home/jagdeesh/tracker/install/ros_ign_interfaces/include/ros_ign_interfaces/ros_ign_interfaces/srv/detail/control_world__rosidl_typesupport_introspection_c.h
[1.547s] -- Up-to-date: /home/jagdeesh/tracker/install/ros_ign_interfaces/include/ros_ign_interfaces/ros_ign_interfaces/srv/detail/set_entity_pose__rosidl_typesupport_introspection_c.h
[1.547s] -- Up-to-date: /home/jagdeesh/tracker/install/ros_ign_interfaces/include/ros_ign_interfaces/ros_ign_interfaces/srv/detail/spawn_entity__type_support.c
[1.547s] -- Up-to-date: /home/jagdeesh/tracker/install/ros_ign_interfaces/include/ros_ign_interfaces/ros_ign_interfaces/srv/detail/control_world__type_support.c
[1.547s] -- Up-to-date: /home/jagdeesh/tracker/install/ros_ign_interfaces/include/ros_ign_interfaces/ros_ign_interfaces/srv/detail/delete_entity__rosidl_typesupport_introspection_c.h
[1.547s] -- Up-to-date: /home/jagdeesh/tracker/install/ros_ign_interfaces/include/ros_ign_interfaces/ros_ign_interfaces/srv/detail/spawn_entity__rosidl_typesupport_introspection_c.h
[1.547s] -- Up-to-date: /home/jagdeesh/tracker/install/ros_ign_interfaces/include/ros_ign_interfaces/ros_ign_interfaces/msg
[1.547s] -- Up-to-date: /home/jagdeesh/tracker/install/ros_ign_interfaces/include/ros_ign_interfaces/ros_ign_interfaces/msg/rosidl_typesupport_introspection_c__visibility_control.h
[1.547s] -- Up-to-date: /home/jagdeesh/tracker/install/ros_ign_interfaces/include/ros_ign_interfaces/ros_ign_interfaces/msg/detail
[1.547s] -- Up-to-date: /home/jagdeesh/tracker/install/ros_ign_interfaces/include/ros_ign_interfaces/ros_ign_interfaces/msg/detail/light__rosidl_typesupport_introspection_c.h
[1.547s] -- Up-to-date: /home/jagdeesh/tracker/install/ros_ign_interfaces/include/ros_ign_interfaces/ros_ign_interfaces/msg/detail/world_control__rosidl_typesupport_introspection_c.h
[1.547s] -- Up-to-date: /home/jagdeesh/tracker/install/ros_ign_interfaces/include/ros_ign_interfaces/ros_ign_interfaces/msg/detail/gui_camera__rosidl_typesupport_introspection_c.h
[1.547s] -- Up-to-date: /home/jagdeesh/tracker/install/ros_ign_interfaces/include/ros_ign_interfaces/ros_ign_interfaces/msg/detail/joint_wrench__type_support.c
[1.547s] -- Up-to-date: /home/jagdeesh/tracker/install/ros_ign_interfaces/include/ros_ign_interfaces/ros_ign_interfaces/msg/detail/entity_factory__rosidl_typesupport_introspection_c.h
[1.547s] -- Up-to-date: /home/jagdeesh/tracker/install/ros_ign_interfaces/include/ros_ign_interfaces/ros_ign_interfaces/msg/detail/contacts__type_support.c
[1.548s] -- Up-to-date: /home/jagdeesh/tracker/install/ros_ign_interfaces/include/ros_ign_interfaces/ros_ign_interfaces/msg/detail/world_control__type_support.c
[1.548s] -- Up-to-date: /home/jagdeesh/tracker/install/ros_ign_interfaces/include/ros_ign_interfaces/ros_ign_interfaces/msg/detail/gui_camera__type_support.c
[1.548s] -- Up-to-date: /home/jagdeesh/tracker/install/ros_ign_interfaces/include/ros_ign_interfaces/ros_ign_interfaces/msg/detail/contact__rosidl_typesupport_introspection_c.h
[1.548s] -- Up-to-date: /home/jagdeesh/tracker/install/ros_ign_interfaces/include/ros_ign_interfaces/ros_ign_interfaces/msg/detail/track_visual__type_support.c
[1.548s] -- Up-to-date: /home/jagdeesh/tracker/install/ros_ign_interfaces/include/ros_ign_interfaces/ros_ign_interfaces/msg/detail/contacts__rosidl_typesupport_introspection_c.h
[1.548s] -- Up-to-date: /home/jagdeesh/tracker/install/ros_ign_interfaces/include/ros_ign_interfaces/ros_ign_interfaces/msg/detail/video_record__type_support.c
[1.548s] -- Up-to-date: /home/jagdeesh/tracker/install/ros_ign_interfaces/include/ros_ign_interfaces/ros_ign_interfaces/msg/detail/string_vec__type_support.c
[1.548s] -- Up-to-date: /home/jagdeesh/tracker/install/ros_ign_interfaces/include/ros_ign_interfaces/ros_ign_interfaces/msg/detail/world_reset__type_support.c
[1.548s] -- Up-to-date: /home/jagdeesh/tracker/install/ros_ign_interfaces/include/ros_ign_interfaces/ros_ign_interfaces/msg/detail/entity_factory__type_support.c
[1.548s] -- Up-to-date: /home/jagdeesh/tracker/install/ros_ign_interfaces/include/ros_ign_interfaces/ros_ign_interfaces/msg/detail/video_record__rosidl_typesupport_introspection_c.h
[1.548s] -- Up-to-date: /home/jagdeesh/tracker/install/ros_ign_interfaces/include/ros_ign_interfaces/ros_ign_interfaces/msg/detail/string_vec__rosidl_typesupport_introspection_c.h
[1.548s] -- Up-to-date: /home/jagdeesh/tracker/install/ros_ign_interfaces/include/ros_ign_interfaces/ros_ign_interfaces/msg/detail/entity__rosidl_typesupport_introspection_c.h
[1.548s] -- Up-to-date: /home/jagdeesh/tracker/install/ros_ign_interfaces/include/ros_ign_interfaces/ros_ign_interfaces/msg/detail/world_reset__rosidl_typesupport_introspection_c.h
[1.548s] -- Up-to-date: /home/jagdeesh/tracker/install/ros_ign_interfaces/include/ros_ign_interfaces/ros_ign_interfaces/msg/detail/light__type_support.c
[1.548s] -- Up-to-date: /home/jagdeesh/tracker/install/ros_ign_interfaces/include/ros_ign_interfaces/ros_ign_interfaces/msg/detail/entity__type_support.c
[1.548s] -- Up-to-date: /home/jagdeesh/tracker/install/ros_ign_interfaces/include/ros_ign_interfaces/ros_ign_interfaces/msg/detail/track_visual__rosidl_typesupport_introspection_c.h
[1.548s] -- Up-to-date: /home/jagdeesh/tracker/install/ros_ign_interfaces/include/ros_ign_interfaces/ros_ign_interfaces/msg/detail/contact__type_support.c
[1.548s] -- Up-to-date: /home/jagdeesh/tracker/install/ros_ign_interfaces/include/ros_ign_interfaces/ros_ign_interfaces/msg/detail/joint_wrench__rosidl_typesupport_introspection_c.h
[1.549s] -- Up-to-date: /home/jagdeesh/tracker/install/ros_ign_interfaces/lib/libros_ign_interfaces__rosidl_typesupport_introspection_c.so
[1.549s] -- Up-to-date: /home/jagdeesh/tracker/install/ros_ign_interfaces/lib/libros_ign_interfaces__rosidl_typesupport_c.so
[1.549s] -- Up-to-date: /home/jagdeesh/tracker/install/ros_ign_interfaces/include/ros_ign_interfaces/ros_ign_interfaces
[1.549s] -- Up-to-date: /home/jagdeesh/tracker/install/ros_ign_interfaces/include/ros_ign_interfaces/ros_ign_interfaces/srv
[1.549s] -- Up-to-date: /home/jagdeesh/tracker/install/ros_ign_interfaces/include/ros_ign_interfaces/ros_ign_interfaces/srv/detail
[1.549s] -- Up-to-date: /home/jagdeesh/tracker/install/ros_ign_interfaces/include/ros_ign_interfaces/ros_ign_interfaces/srv/detail/set_entity_pose__type_support.cpp
[1.549s] -- Up-to-date: /home/jagdeesh/tracker/install/ros_ign_interfaces/include/ros_ign_interfaces/ros_ign_interfaces/srv/detail/spawn_entity__type_support.cpp
[1.549s] -- Up-to-date: /home/jagdeesh/tracker/install/ros_ign_interfaces/include/ros_ign_interfaces/ros_ign_interfaces/srv/detail/delete_entity__rosidl_typesupport_introspection_cpp.hpp
[1.549s] -- Up-to-date: /home/jagdeesh/tracker/install/ros_ign_interfaces/include/ros_ign_interfaces/ros_ign_interfaces/srv/detail/control_world__type_support.cpp
[1.549s] -- Up-to-date: /home/jagdeesh/tracker/install/ros_ign_interfaces/include/ros_ign_interfaces/ros_ign_interfaces/srv/detail/delete_entity__type_support.cpp
[1.549s] -- Up-to-date: /home/jagdeesh/tracker/install/ros_ign_interfaces/include/ros_ign_interfaces/ros_ign_interfaces/srv/detail/control_world__rosidl_typesupport_introspection_cpp.hpp
[1.549s] -- Up-to-date: /home/jagdeesh/tracker/install/ros_ign_interfaces/include/ros_ign_interfaces/ros_ign_interfaces/srv/detail/set_entity_pose__rosidl_typesupport_introspection_cpp.hpp
[1.549s] -- Up-to-date: /home/jagdeesh/tracker/install/ros_ign_interfaces/include/ros_ign_interfaces/ros_ign_interfaces/srv/detail/spawn_entity__rosidl_typesupport_introspection_cpp.hpp
[1.549s] -- Up-to-date: /home/jagdeesh/tracker/install/ros_ign_interfaces/include/ros_ign_interfaces/ros_ign_interfaces/msg
[1.549s] -- Up-to-date: /home/jagdeesh/tracker/install/ros_ign_interfaces/include/ros_ign_interfaces/ros_ign_interfaces/msg/detail
[1.549s] -- Up-to-date: /home/jagdeesh/tracker/install/ros_ign_interfaces/include/ros_ign_interfaces/ros_ign_interfaces/msg/detail/gui_camera__rosidl_typesupport_introspection_cpp.hpp
[1.549s] -- Up-to-date: /home/jagdeesh/tracker/install/ros_ign_interfaces/include/ros_ign_interfaces/ros_ign_interfaces/msg/detail/contacts__rosidl_typesupport_introspection_cpp.hpp
[1.549s] -- Up-to-date: /home/jagdeesh/tracker/install/ros_ign_interfaces/include/ros_ign_interfaces/ros_ign_interfaces/msg/detail/string_vec__rosidl_typesupport_introspection_cpp.hpp
[1.549s] -- Up-to-date: /home/jagdeesh/tracker/install/ros_ign_interfaces/include/ros_ign_interfaces/ros_ign_interfaces/msg/detail/video_record__rosidl_typesupport_introspection_cpp.hpp
[1.550s] -- Up-to-date: /home/jagdeesh/tracker/install/ros_ign_interfaces/include/ros_ign_interfaces/ros_ign_interfaces/msg/detail/entity_factory__type_support.cpp
[1.550s] -- Up-to-date: /home/jagdeesh/tracker/install/ros_ign_interfaces/include/ros_ign_interfaces/ros_ign_interfaces/msg/detail/track_visual__type_support.cpp
[1.550s] -- Up-to-date: /home/jagdeesh/tracker/install/ros_ign_interfaces/include/ros_ign_interfaces/ros_ign_interfaces/msg/detail/string_vec__type_support.cpp
[1.550s] -- Up-to-date: /home/jagdeesh/tracker/install/ros_ign_interfaces/include/ros_ign_interfaces/ros_ign_interfaces/msg/detail/contact__rosidl_typesupport_introspection_cpp.hpp
[1.550s] -- Up-to-date: /home/jagdeesh/tracker/install/ros_ign_interfaces/include/ros_ign_interfaces/ros_ign_interfaces/msg/detail/contact__type_support.cpp
[1.550s] -- Up-to-date: /home/jagdeesh/tracker/install/ros_ign_interfaces/include/ros_ign_interfaces/ros_ign_interfaces/msg/detail/entity__rosidl_typesupport_introspection_cpp.hpp
[1.550s] -- Up-to-date: /home/jagdeesh/tracker/install/ros_ign_interfaces/include/ros_ign_interfaces/ros_ign_interfaces/msg/detail/track_visual__rosidl_typesupport_introspection_cpp.hpp
[1.550s] -- Up-to-date: /home/jagdeesh/tracker/install/ros_ign_interfaces/include/ros_ign_interfaces/ros_ign_interfaces/msg/detail/contacts__type_support.cpp
[1.550s] -- Up-to-date: /home/jagdeesh/tracker/install/ros_ign_interfaces/include/ros_ign_interfaces/ros_ign_interfaces/msg/detail/entity__type_support.cpp
[1.550s] -- Up-to-date: /home/jagdeesh/tracker/install/ros_ign_interfaces/include/ros_ign_interfaces/ros_ign_interfaces/msg/detail/entity_factory__rosidl_typesupport_introspection_cpp.hpp
[1.550s] -- Up-to-date: /home/jagdeesh/tracker/install/ros_ign_interfaces/include/ros_ign_interfaces/ros_ign_interfaces/msg/detail/world_control__rosidl_typesupport_introspection_cpp.hpp
[1.550s] -- Up-to-date: /home/jagdeesh/tracker/install/ros_ign_interfaces/include/ros_ign_interfaces/ros_ign_interfaces/msg/detail/gui_camera__type_support.cpp
[1.550s] -- Up-to-date: /home/jagdeesh/tracker/install/ros_ign_interfaces/include/ros_ign_interfaces/ros_ign_interfaces/msg/detail/light__rosidl_typesupport_introspection_cpp.hpp
[1.550s] -- Up-to-date: /home/jagdeesh/tracker/install/ros_ign_interfaces/include/ros_ign_interfaces/ros_ign_interfaces/msg/detail/light__type_support.cpp
[1.550s] -- Up-to-date: /home/jagdeesh/tracker/install/ros_ign_interfaces/include/ros_ign_interfaces/ros_ign_interfaces/msg/detail/joint_wrench__rosidl_typesupport_introspection_cpp.hpp
[1.551s] -- Up-to-date: /home/jagdeesh/tracker/install/ros_ign_interfaces/include/ros_ign_interfaces/ros_ign_interfaces/msg/detail/world_control__type_support.cpp
[1.551s] -- Up-to-date: /home/jagdeesh/tracker/install/ros_ign_interfaces/include/ros_ign_interfaces/ros_ign_interfaces/msg/detail/world_reset__type_support.cpp
[1.551s] -- Up-to-date: /home/jagdeesh/tracker/install/ros_ign_interfaces/include/ros_ign_interfaces/ros_ign_interfaces/msg/detail/joint_wrench__type_support.cpp
[1.551s] -- Up-to-date: /home/jagdeesh/tracker/install/ros_ign_interfaces/include/ros_ign_interfaces/ros_ign_interfaces/msg/detail/video_record__type_support.cpp
[1.551s] -- Up-to-date: /home/jagdeesh/tracker/install/ros_ign_interfaces/include/ros_ign_interfaces/ros_ign_interfaces/msg/detail/world_reset__rosidl_typesupport_introspection_cpp.hpp
[1.551s] -- Up-to-date: /home/jagdeesh/tracker/install/ros_ign_interfaces/lib/libros_ign_interfaces__rosidl_typesupport_introspection_cpp.so
[1.551s] -- Up-to-date: /home/jagdeesh/tracker/install/ros_ign_interfaces/lib/libros_ign_interfaces__rosidl_typesupport_cpp.so
[1.551s] -- Up-to-date: /home/jagdeesh/tracker/install/ros_ign_interfaces/share/ros_ign_interfaces/environment/pythonpath.sh
[1.551s] -- Up-to-date: /home/jagdeesh/tracker/install/ros_ign_interfaces/share/ros_ign_interfaces/environment/pythonpath.dsv
[1.551s] -- Up-to-date: /home/jagdeesh/tracker/install/ros_ign_interfaces/local/lib/python3.10/dist-packages/ros_ign_interfaces-0.244.20-py3.10.egg-info
[1.551s] -- Installing: /home/jagdeesh/tracker/install/ros_ign_interfaces/local/lib/python3.10/dist-packages/ros_ign_interfaces-0.244.20-py3.10.egg-info/SOURCES.txt
[1.551s] -- Installing: /home/jagdeesh/tracker/install/ros_ign_interfaces/local/lib/python3.10/dist-packages/ros_ign_interfaces-0.244.20-py3.10.egg-info/dependency_links.txt
[1.551s] -- Installing: /home/jagdeesh/tracker/install/ros_ign_interfaces/local/lib/python3.10/dist-packages/ros_ign_interfaces-0.244.20-py3.10.egg-info/top_level.txt
[1.552s] -- Installing: /home/jagdeesh/tracker/install/ros_ign_interfaces/local/lib/python3.10/dist-packages/ros_ign_interfaces-0.244.20-py3.10.egg-info/PKG-INFO
[1.552s] -- Up-to-date: /home/jagdeesh/tracker/install/ros_ign_interfaces/local/lib/python3.10/dist-packages/ros_ign_interfaces
[1.552s] -- Up-to-date: /home/jagdeesh/tracker/install/ros_ign_interfaces/local/lib/python3.10/dist-packages/ros_ign_interfaces/__init__.py
[1.552s] -- Up-to-date: /home/jagdeesh/tracker/install/ros_ign_interfaces/local/lib/python3.10/dist-packages/ros_ign_interfaces/_ros_ign_interfaces_s.ep.rosidl_typesupport_fastrtps_c.c
[1.552s] -- Up-to-date: /home/jagdeesh/tracker/install/ros_ign_interfaces/local/lib/python3.10/dist-packages/ros_ign_interfaces/ros_ign_interfaces_s__rosidl_typesupport_c.cpython-310-x86_64-linux-gnu.so
[1.552s] -- Up-to-date: /home/jagdeesh/tracker/install/ros_ign_interfaces/local/lib/python3.10/dist-packages/ros_ign_interfaces/libros_ign_interfaces__rosidl_generator_py.so
[1.552s] -- Up-to-date: /home/jagdeesh/tracker/install/ros_ign_interfaces/local/lib/python3.10/dist-packages/ros_ign_interfaces/ros_ign_interfaces_s__rosidl_typesupport_introspection_c.cpython-310-x86_64-linux-gnu.so
[1.552s] -- Up-to-date: /home/jagdeesh/tracker/install/ros_ign_interfaces/local/lib/python3.10/dist-packages/ros_ign_interfaces/_ros_ign_interfaces_s.ep.rosidl_typesupport_c.c
[1.552s] -- Up-to-date: /home/jagdeesh/tracker/install/ros_ign_interfaces/local/lib/python3.10/dist-packages/ros_ign_interfaces/srv
[1.552s] -- Up-to-date: /home/jagdeesh/tracker/install/ros_ign_interfaces/local/lib/python3.10/dist-packages/ros_ign_interfaces/srv/_control_world_s.c
[1.552s] -- Up-to-date: /home/jagdeesh/tracker/install/ros_ign_interfaces/local/lib/python3.10/dist-packages/ros_ign_interfaces/srv/__init__.py
[1.552s] -- Up-to-date: /home/jagdeesh/tracker/install/ros_ign_interfaces/local/lib/python3.10/dist-packages/ros_ign_interfaces/srv/_set_entity_pose.py
[1.552s] -- Up-to-date: /home/jagdeesh/tracker/install/ros_ign_interfaces/local/lib/python3.10/dist-packages/ros_ign_interfaces/srv/_delete_entity_s.c
[1.552s] -- Up-to-date: /home/jagdeesh/tracker/install/ros_ign_interfaces/local/lib/python3.10/dist-packages/ros_ign_interfaces/srv/_control_world.py
[1.552s] -- Up-to-date: /home/jagdeesh/tracker/install/ros_ign_interfaces/local/lib/python3.10/dist-packages/ros_ign_interfaces/srv/_spawn_entity.py
[1.552s] -- Up-to-date: /home/jagdeesh/tracker/install/ros_ign_interfaces/local/lib/python3.10/dist-packages/ros_ign_interfaces/srv/_set_entity_pose_s.c
[1.552s] -- Up-to-date: /home/jagdeesh/tracker/install/ros_ign_interfaces/local/lib/python3.10/dist-packages/ros_ign_interfaces/srv/_spawn_entity_s.c
[1.552s] -- Up-to-date: /home/jagdeesh/tracker/install/ros_ign_interfaces/local/lib/python3.10/dist-packages/ros_ign_interfaces/srv/_delete_entity.py
[1.552s] -- Up-to-date: /home/jagdeesh/tracker/install/ros_ign_interfaces/local/lib/python3.10/dist-packages/ros_ign_interfaces/_ros_ign_interfaces_s.ep.rosidl_typesupport_introspection_c.c
[1.553s] -- Up-to-date: /home/jagdeesh/tracker/install/ros_ign_interfaces/local/lib/python3.10/dist-packages/ros_ign_interfaces/msg
[1.553s] -- Up-to-date: /home/jagdeesh/tracker/install/ros_ign_interfaces/local/lib/python3.10/dist-packages/ros_ign_interfaces/msg/__init__.py
[1.553s] -- Up-to-date: /home/jagdeesh/tracker/install/ros_ign_interfaces/local/lib/python3.10/dist-packages/ros_ign_interfaces/msg/_gui_camera.py
[1.553s] -- Up-to-date: /home/jagdeesh/tracker/install/ros_ign_interfaces/local/lib/python3.10/dist-packages/ros_ign_interfaces/msg/_world_reset_s.c
[1.553s] -- Up-to-date: /home/jagdeesh/tracker/install/ros_ign_interfaces/local/lib/python3.10/dist-packages/ros_ign_interfaces/msg/_entity_s.c
[1.553s] -- Up-to-date: /home/jagdeesh/tracker/install/ros_ign_interfaces/local/lib/python3.10/dist-packages/ros_ign_interfaces/msg/_world_control.py
[1.553s] -- Up-to-date: /home/jagdeesh/tracker/install/ros_ign_interfaces/local/lib/python3.10/dist-packages/ros_ign_interfaces/msg/_joint_wrench.py
[1.553s] -- Up-to-date: /home/jagdeesh/tracker/install/ros_ign_interfaces/local/lib/python3.10/dist-packages/ros_ign_interfaces/msg/_entity_factory.py
[1.553s] -- Up-to-date: /home/jagdeesh/tracker/install/ros_ign_interfaces/local/lib/python3.10/dist-packages/ros_ign_interfaces/msg/_video_record.py
[1.553s] -- Up-to-date: /home/jagdeesh/tracker/install/ros_ign_interfaces/local/lib/python3.10/dist-packages/ros_ign_interfaces/msg/_contact.py
[1.553s] -- Up-to-date: /home/jagdeesh/tracker/install/ros_ign_interfaces/local/lib/python3.10/dist-packages/ros_ign_interfaces/msg/_world_reset.py
[1.553s] -- Up-to-date: /home/jagdeesh/tracker/install/ros_ign_interfaces/local/lib/python3.10/dist-packages/ros_ign_interfaces/msg/_light_s.c
[1.553s] -- Up-to-date: /home/jagdeesh/tracker/install/ros_ign_interfaces/local/lib/python3.10/dist-packages/ros_ign_interfaces/msg/_string_vec.py
[1.553s] -- Up-to-date: /home/jagdeesh/tracker/install/ros_ign_interfaces/local/lib/python3.10/dist-packages/ros_ign_interfaces/msg/_joint_wrench_s.c
[1.553s] -- Up-to-date: /home/jagdeesh/tracker/install/ros_ign_interfaces/local/lib/python3.10/dist-packages/ros_ign_interfaces/msg/_track_visual.py
[1.553s] -- Up-to-date: /home/jagdeesh/tracker/install/ros_ign_interfaces/local/lib/python3.10/dist-packages/ros_ign_interfaces/msg/_gui_camera_s.c
[1.553s] -- Up-to-date: /home/jagdeesh/tracker/install/ros_ign_interfaces/local/lib/python3.10/dist-packages/ros_ign_interfaces/msg/_video_record_s.c
[1.553s] -- Up-to-date: /home/jagdeesh/tracker/install/ros_ign_interfaces/local/lib/python3.10/dist-packages/ros_ign_interfaces/msg/_track_visual_s.c
[1.553s] -- Up-to-date: /home/jagdeesh/tracker/install/ros_ign_interfaces/local/lib/python3.10/dist-packages/ros_ign_interfaces/msg/_entity_factory_s.c
[1.553s] -- Up-to-date: /home/jagdeesh/tracker/install/ros_ign_interfaces/local/lib/python3.10/dist-packages/ros_ign_interfaces/msg/_world_control_s.c
[1.554s] -- Up-to-date: /home/jagdeesh/tracker/install/ros_ign_interfaces/local/lib/python3.10/dist-packages/ros_ign_interfaces/msg/_entity.py
[1.554s] -- Up-to-date: /home/jagdeesh/tracker/install/ros_ign_interfaces/local/lib/python3.10/dist-packages/ros_ign_interfaces/msg/_contact_s.c
[1.554s] -- Up-to-date: /home/jagdeesh/tracker/install/ros_ign_interfaces/local/lib/python3.10/dist-packages/ros_ign_interfaces/msg/_light.py
[1.554s] -- Up-to-date: /home/jagdeesh/tracker/install/ros_ign_interfaces/local/lib/python3.10/dist-packages/ros_ign_interfaces/msg/_contacts_s.c
[1.554s] -- Up-to-date: /home/jagdeesh/tracker/install/ros_ign_interfaces/local/lib/python3.10/dist-packages/ros_ign_interfaces/msg/_contacts.py
[1.554s] -- Up-to-date: /home/jagdeesh/tracker/install/ros_ign_interfaces/local/lib/python3.10/dist-packages/ros_ign_interfaces/msg/_string_vec_s.c
[1.554s] -- Up-to-date: /home/jagdeesh/tracker/install/ros_ign_interfaces/local/lib/python3.10/dist-packages/ros_ign_interfaces/ros_ign_interfaces_s__rosidl_typesupport_fastrtps_c.cpython-310-x86_64-linux-gnu.so
[1.605s] Listing '/home/jagdeesh/tracker/install/ros_ign_interfaces/local/lib/python3.10/dist-packages/ros_ign_interfaces'...
[1.605s] Listing '/home/jagdeesh/tracker/install/ros_ign_interfaces/local/lib/python3.10/dist-packages/ros_ign_interfaces/msg'...
[1.605s] Listing '/home/jagdeesh/tracker/install/ros_ign_interfaces/local/lib/python3.10/dist-packages/ros_ign_interfaces/srv'...
[1.615s] -- Up-to-date: /home/jagdeesh/tracker/install/ros_ign_interfaces/local/lib/python3.10/dist-packages/ros_ign_interfaces/ros_ign_interfaces_s__rosidl_typesupport_fastrtps_c.cpython-310-x86_64-linux-gnu.so
[1.616s] -- Up-to-date: /home/jagdeesh/tracker/install/ros_ign_interfaces/local/lib/python3.10/dist-packages/ros_ign_interfaces/ros_ign_interfaces_s__rosidl_typesupport_introspection_c.cpython-310-x86_64-linux-gnu.so
[1.616s] -- Up-to-date: /home/jagdeesh/tracker/install/ros_ign_interfaces/local/lib/python3.10/dist-packages/ros_ign_interfaces/ros_ign_interfaces_s__rosidl_typesupport_c.cpython-310-x86_64-linux-gnu.so
[1.641s] -- Up-to-date: /home/jagdeesh/tracker/install/ros_ign_interfaces/lib/libros_ign_interfaces__rosidl_generator_py.so
[1.641s] -- Up-to-date: /home/jagdeesh/tracker/install/ros_ign_interfaces/share/ament_index/resource_index/rust_packages/ros_ign_interfaces
[1.641s] -- Up-to-date: /home/jagdeesh/tracker/install/ros_ign_interfaces/share/ros_ign_interfaces/rust
[1.641s] -- Up-to-date: /home/jagdeesh/tracker/install/ros_ign_interfaces/share/ros_ign_interfaces/rust/src
[1.641s] -- Up-to-date: /home/jagdeesh/tracker/install/ros_ign_interfaces/share/ros_ign_interfaces/rust/src/srv.rs
[1.641s] -- Up-to-date: /home/jagdeesh/tracker/install/ros_ign_interfaces/share/ros_ign_interfaces/rust/src/srv
[1.641s] -- Up-to-date: /home/jagdeesh/tracker/install/ros_ign_interfaces/share/ros_ign_interfaces/rust/src/srv/rmw.rs
[1.641s] -- Up-to-date: /home/jagdeesh/tracker/install/ros_ign_interfaces/share/ros_ign_interfaces/rust/src/lib.rs
[1.642s] -- Up-to-date: /home/jagdeesh/tracker/install/ros_ign_interfaces/share/ros_ign_interfaces/rust/src/msg
[1.642s] -- Up-to-date: /home/jagdeesh/tracker/install/ros_ign_interfaces/share/ros_ign_interfaces/rust/src/msg/rmw.rs
[1.642s] -- Up-to-date: /home/jagdeesh/tracker/install/ros_ign_interfaces/share/ros_ign_interfaces/rust/src/msg.rs
[1.644s] -- Up-to-date: /home/jagdeesh/tracker/install/ros_ign_interfaces/share/ros_ign_interfaces/rust/Cargo.toml
[1.644s] -- Up-to-date: /home/jagdeesh/tracker/install/ros_ign_interfaces/share/ros_ign_interfaces/rust/build.rs
[1.644s] -- Up-to-date: /home/jagdeesh/tracker/install/ros_ign_interfaces/share/ros_ign_interfaces/msg/Contact.idl
[1.644s] -- Up-to-date: /home/jagdeesh/tracker/install/ros_ign_interfaces/share/ros_ign_interfaces/msg/Contacts.idl
[1.644s] -- Up-to-date: /home/jagdeesh/tracker/install/ros_ign_interfaces/share/ros_ign_interfaces/msg/Entity.idl
[1.644s] -- Up-to-date: /home/jagdeesh/tracker/install/ros_ign_interfaces/share/ros_ign_interfaces/msg/EntityFactory.idl
[1.644s] -- Up-to-date: /home/jagdeesh/tracker/install/ros_ign_interfaces/share/ros_ign_interfaces/msg/GuiCamera.idl
[1.644s] -- Up-to-date: /home/jagdeesh/tracker/install/ros_ign_interfaces/share/ros_ign_interfaces/msg/JointWrench.idl
[1.644s] -- Up-to-date: /home/jagdeesh/tracker/install/ros_ign_interfaces/share/ros_ign_interfaces/msg/Light.idl
[1.644s] -- Up-to-date: /home/jagdeesh/tracker/install/ros_ign_interfaces/share/ros_ign_interfaces/msg/StringVec.idl
[1.644s] -- Up-to-date: /home/jagdeesh/tracker/install/ros_ign_interfaces/share/ros_ign_interfaces/msg/TrackVisual.idl
[1.644s] -- Up-to-date: /home/jagdeesh/tracker/install/ros_ign_interfaces/share/ros_ign_interfaces/msg/VideoRecord.idl
[1.644s] -- Up-to-date: /home/jagdeesh/tracker/install/ros_ign_interfaces/share/ros_ign_interfaces/msg/WorldControl.idl
[1.644s] -- Up-to-date: /home/jagdeesh/tracker/install/ros_ign_interfaces/share/ros_ign_interfaces/msg/WorldReset.idl
[1.644s] -- Up-to-date: /home/jagdeesh/tracker/install/ros_ign_interfaces/share/ros_ign_interfaces/srv/ControlWorld.idl
[1.645s] -- Up-to-date: /home/jagdeesh/tracker/install/ros_ign_interfaces/share/ros_ign_interfaces/srv/DeleteEntity.idl
[1.645s] -- Up-to-date: /home/jagdeesh/tracker/install/ros_ign_interfaces/share/ros_ign_interfaces/srv/SetEntityPose.idl
[1.645s] -- Up-to-date: /home/jagdeesh/tracker/install/ros_ign_interfaces/share/ros_ign_interfaces/srv/SpawnEntity.idl
[1.645s] -- Up-to-date: /home/jagdeesh/tracker/install/ros_ign_interfaces/share/ros_ign_interfaces/msg/Contact.msg
[1.645s] -- Up-to-date: /home/jagdeesh/tracker/install/ros_ign_interfaces/share/ros_ign_interfaces/msg/Contacts.msg
[1.645s] -- Up-to-date: /home/jagdeesh/tracker/install/ros_ign_interfaces/share/ros_ign_interfaces/msg/Entity.msg
[1.645s] -- Up-to-date: /home/jagdeesh/tracker/install/ros_ign_interfaces/share/ros_ign_interfaces/msg/EntityFactory.msg
[1.645s] -- Up-to-date: /home/jagdeesh/tracker/install/ros_ign_interfaces/share/ros_ign_interfaces/msg/GuiCamera.msg
[1.645s] -- Up-to-date: /home/jagdeesh/tracker/install/ros_ign_interfaces/share/ros_ign_interfaces/msg/JointWrench.msg
[1.645s] -- Up-to-date: /home/jagdeesh/tracker/install/ros_ign_interfaces/share/ros_ign_interfaces/msg/Light.msg
[1.645s] -- Up-to-date: /home/jagdeesh/tracker/install/ros_ign_interfaces/share/ros_ign_interfaces/msg/StringVec.msg
[1.645s] -- Up-to-date: /home/jagdeesh/tracker/install/ros_ign_interfaces/share/ros_ign_interfaces/msg/TrackVisual.msg
[1.645s] -- Up-to-date: /home/jagdeesh/tracker/install/ros_ign_interfaces/share/ros_ign_interfaces/msg/VideoRecord.msg
[1.645s] -- Up-to-date: /home/jagdeesh/tracker/install/ros_ign_interfaces/share/ros_ign_interfaces/msg/WorldControl.msg
[1.645s] -- Up-to-date: /home/jagdeesh/tracker/install/ros_ign_interfaces/share/ros_ign_interfaces/msg/WorldReset.msg
[1.645s] -- Up-to-date: /home/jagdeesh/tracker/install/ros_ign_interfaces/share/ros_ign_interfaces/srv/ControlWorld.srv
[1.645s] -- Up-to-date: /home/jagdeesh/tracker/install/ros_ign_interfaces/share/ros_ign_interfaces/srv/ControlWorld_Request.msg
[1.646s] -- Up-to-date: /home/jagdeesh/tracker/install/ros_ign_interfaces/share/ros_ign_interfaces/srv/ControlWorld_Response.msg
[1.646s] -- Up-to-date: /home/jagdeesh/tracker/install/ros_ign_interfaces/share/ros_ign_interfaces/srv/DeleteEntity.srv
[1.646s] -- Up-to-date: /home/jagdeesh/tracker/install/ros_ign_interfaces/share/ros_ign_interfaces/srv/DeleteEntity_Request.msg
[1.646s] -- Up-to-date: /home/jagdeesh/tracker/install/ros_ign_interfaces/share/ros_ign_interfaces/srv/DeleteEntity_Response.msg
[1.646s] -- Up-to-date: /home/jagdeesh/tracker/install/ros_ign_interfaces/share/ros_ign_interfaces/srv/SetEntityPose.srv
[1.646s] -- Up-to-date: /home/jagdeesh/tracker/install/ros_ign_interfaces/share/ros_ign_interfaces/srv/SetEntityPose_Request.msg
[1.646s] -- Up-to-date: /home/jagdeesh/tracker/install/ros_ign_interfaces/share/ros_ign_interfaces/srv/SetEntityPose_Response.msg
[1.646s] -- Up-to-date: /home/jagdeesh/tracker/install/ros_ign_interfaces/share/ros_ign_interfaces/srv/SpawnEntity.srv
[1.646s] -- Up-to-date: /home/jagdeesh/tracker/install/ros_ign_interfaces/share/ros_ign_interfaces/srv/SpawnEntity_Request.msg
[1.646s] -- Up-to-date: /home/jagdeesh/tracker/install/ros_ign_interfaces/share/ros_ign_interfaces/srv/SpawnEntity_Response.msg
[1.646s] -- Up-to-date: /home/jagdeesh/tracker/install/ros_ign_interfaces/share/ament_index/resource_index/package_run_dependencies/ros_ign_interfaces
[1.646s] -- Up-to-date: /home/jagdeesh/tracker/install/ros_ign_interfaces/share/ament_index/resource_index/parent_prefix_path/ros_ign_interfaces
[1.646s] -- Up-to-date: /home/jagdeesh/tracker/install/ros_ign_interfaces/share/ros_ign_interfaces/environment/ament_prefix_path.sh
[1.646s] -- Up-to-date: /home/jagdeesh/tracker/install/ros_ign_interfaces/share/ros_ign_interfaces/environment/ament_prefix_path.dsv
[1.647s] -- Up-to-date: /home/jagdeesh/tracker/install/ros_ign_interfaces/share/ros_ign_interfaces/environment/path.sh
[1.647s] -- Up-to-date: /home/jagdeesh/tracker/install/ros_ign_interfaces/share/ros_ign_interfaces/environment/path.dsv
[1.647s] -- Up-to-date: /home/jagdeesh/tracker/install/ros_ign_interfaces/share/ros_ign_interfaces/local_setup.bash
[1.647s] -- Up-to-date: /home/jagdeesh/tracker/install/ros_ign_interfaces/share/ros_ign_interfaces/local_setup.sh
[1.647s] -- Up-to-date: /home/jagdeesh/tracker/install/ros_ign_interfaces/share/ros_ign_interfaces/local_setup.zsh
[1.647s] -- Up-to-date: /home/jagdeesh/tracker/install/ros_ign_interfaces/share/ros_ign_interfaces/local_setup.dsv
[1.647s] -- Installing: /home/jagdeesh/tracker/install/ros_ign_interfaces/share/ros_ign_interfaces/package.dsv
[1.647s] -- Up-to-date: /home/jagdeesh/tracker/install/ros_ign_interfaces/share/ament_index/resource_index/packages/ros_ign_interfaces
[1.647s] -- Up-to-date: /home/jagdeesh/tracker/install/ros_ign_interfaces/share/ros_ign_interfaces/cmake/export_ros_ign_interfaces__rosidl_generator_cExport.cmake
[1.647s] -- Up-to-date: /home/jagdeesh/tracker/install/ros_ign_interfaces/share/ros_ign_interfaces/cmake/export_ros_ign_interfaces__rosidl_generator_cExport-release.cmake
[1.648s] -- Up-to-date: /home/jagdeesh/tracker/install/ros_ign_interfaces/share/ros_ign_interfaces/cmake/export_ros_ign_interfaces__rosidl_typesupport_fastrtps_cExport.cmake
[1.648s] -- Up-to-date: /home/jagdeesh/tracker/install/ros_ign_interfaces/share/ros_ign_interfaces/cmake/export_ros_ign_interfaces__rosidl_typesupport_fastrtps_cExport-release.cmake
[1.648s] -- Up-to-date: /home/jagdeesh/tracker/install/ros_ign_interfaces/share/ros_ign_interfaces/cmake/export_ros_ign_interfaces__rosidl_generator_cppExport.cmake
[1.648s] -- Up-to-date: /home/jagdeesh/tracker/install/ros_ign_interfaces/share/ros_ign_interfaces/cmake/export_ros_ign_interfaces__rosidl_typesupport_fastrtps_cppExport.cmake
[1.648s] -- Up-to-date: /home/jagdeesh/tracker/install/ros_ign_interfaces/share/ros_ign_interfaces/cmake/export_ros_ign_interfaces__rosidl_typesupport_fastrtps_cppExport-release.cmake
[1.648s] -- Up-to-date: /home/jagdeesh/tracker/install/ros_ign_interfaces/share/ros_ign_interfaces/cmake/ros_ign_interfaces__rosidl_typesupport_introspection_cExport.cmake
[1.648s] -- Up-to-date: /home/jagdeesh/tracker/install/ros_ign_interfaces/share/ros_ign_interfaces/cmake/ros_ign_interfaces__rosidl_typesupport_introspection_cExport-release.cmake
[1.648s] -- Up-to-date: /home/jagdeesh/tracker/install/ros_ign_interfaces/share/ros_ign_interfaces/cmake/ros_ign_interfaces__rosidl_typesupport_cExport.cmake
[1.648s] -- Up-to-date: /home/jagdeesh/tracker/install/ros_ign_interfaces/share/ros_ign_interfaces/cmake/ros_ign_interfaces__rosidl_typesupport_cExport-release.cmake
[1.648s] -- Up-to-date: /home/jagdeesh/tracker/install/ros_ign_interfaces/share/ros_ign_interfaces/cmake/ros_ign_interfaces__rosidl_typesupport_introspection_cppExport.cmake
[1.648s] -- Up-to-date: /home/jagdeesh/tracker/install/ros_ign_interfaces/share/ros_ign_interfaces/cmake/ros_ign_interfaces__rosidl_typesupport_introspection_cppExport-release.cmake
[1.648s] -- Up-to-date: /home/jagdeesh/tracker/install/ros_ign_interfaces/share/ros_ign_interfaces/cmake/ros_ign_interfaces__rosidl_typesupport_cppExport.cmake
[1.648s] -- Up-to-date: /home/jagdeesh/tracker/install/ros_ign_interfaces/share/ros_ign_interfaces/cmake/ros_ign_interfaces__rosidl_typesupport_cppExport-release.cmake
[1.648s] -- Up-to-date: /home/jagdeesh/tracker/install/ros_ign_interfaces/share/ros_ign_interfaces/cmake/export_ros_ign_interfaces__rosidl_generator_pyExport.cmake
[1.649s] -- Up-to-date: /home/jagdeesh/tracker/install/ros_ign_interfaces/share/ros_ign_interfaces/cmake/export_ros_ign_interfaces__rosidl_generator_pyExport-release.cmake
[1.649s] -- Up-to-date: /home/jagdeesh/tracker/install/ros_ign_interfaces/share/ros_ign_interfaces/cmake/rosidl_cmake-extras.cmake
[1.649s] -- Up-to-date: /home/jagdeesh/tracker/install/ros_ign_interfaces/share/ros_ign_interfaces/cmake/ament_cmake_export_dependencies-extras.cmake
[1.649s] -- Up-to-date: /home/jagdeesh/tracker/install/ros_ign_interfaces/share/ros_ign_interfaces/cmake/ament_cmake_export_include_directories-extras.cmake
[1.649s] -- Up-to-date: /home/jagdeesh/tracker/install/ros_ign_interfaces/share/ros_ign_interfaces/cmake/ament_cmake_export_libraries-extras.cmake
[1.649s] -- Up-to-date: /home/jagdeesh/tracker/install/ros_ign_interfaces/share/ros_ign_interfaces/cmake/ament_cmake_export_targets-extras.cmake
[1.649s] -- Up-to-date: /home/jagdeesh/tracker/install/ros_ign_interfaces/share/ros_ign_interfaces/cmake/rosidl_cmake_export_typesupport_targets-extras.cmake
[1.649s] -- Up-to-date: /home/jagdeesh/tracker/install/ros_ign_interfaces/share/ros_ign_interfaces/cmake/rosidl_cmake_export_typesupport_libraries-extras.cmake
[1.649s] -- Up-to-date: /home/jagdeesh/tracker/install/ros_ign_interfaces/share/ros_ign_interfaces/cmake/ros_ign_interfacesConfig.cmake
[1.649s] -- Up-to-date: /home/jagdeesh/tracker/install/ros_ign_interfaces/share/ros_ign_interfaces/cmake/ros_ign_interfacesConfig-version.cmake
[1.649s] -- Up-to-date: /home/jagdeesh/tracker/install/ros_ign_interfaces/share/ros_ign_interfaces/package.xml
[1.649s] Invoked command in '/home/jagdeesh/tracker/build/ros_ign_interfaces' returned '0': AMENT_PREFIX_PATH=/home/jagdeesh/tracker/install/ros_gz_interfaces:${AMENT_PREFIX_PATH} CMAKE_PREFIX_PATH=/home/jagdeesh/tracker/install/ros_gz_interfaces:/opt/ros/humble LD_LIBRARY_PATH=/home/jagdeesh/tracker/install/ros_gz_interfaces/lib:${LD_LIBRARY_PATH} PYTHONPATH=/home/jagdeesh/tracker/install/ros_gz_interfaces/local/lib/python3.10/dist-packages:${PYTHONPATH} /usr/bin/cmake --install /home/jagdeesh/tracker/build/ros_ign_interfaces
