[0.086s] Invoking command in '/home/jagdeesh/tracker/build/example_global_navigation_cpp': AMENT_PREFIX_PATH=/home/jagdeesh/tracker/install/px4_ros2_cpp:/home/jagdeesh/tracker/install/px4_msgs:${AMENT_PREFIX_PATH} CMAKE_PREFIX_PATH=/home/jagdeesh/tracker/install/px4_ros2_cpp:/home/jagdeesh/tracker/install/px4_msgs:/opt/ros/humble LD_LIBRARY_PATH=/home/jagdeesh/tracker/install/px4_ros2_cpp/lib:/home/jagdeesh/tracker/install/px4_msgs/lib:${LD_LIBRARY_PATH} PYTHONPATH=/home/jagdeesh/tracker/install/px4_msgs/local/lib/python3.10/dist-packages:${PYTHONPATH} /usr/bin/cmake /home/jagdeesh/tracker/src/px4-ros2-interface-lib/examples/cpp/navigation/global_navigation -DCMAKE_INSTALL_PREFIX=/home/jagdeesh/tracker/install/example_global_navigation_cpp
[0.228s] -- Found eigen3_cmake_module: 0.1.1 (/opt/ros/humble/share/eigen3_cmake_module/cmake)
[0.228s] -- Found ament_cmake: 1.3.14 (/opt/ros/humble/share/ament_cmake/cmake)
[1.070s] -- Found rclcpp: 16.0.18 (/opt/ros/humble/share/rclcpp/cmake)
[1.251s] -- Found rosidl_generator_c: 3.1.8 (/opt/ros/humble/share/rosidl_generator_c/cmake)
[1.258s] -- Found rosidl_adapter: 3.1.8 (/opt/ros/humble/share/rosidl_adapter/cmake)
[1.276s] -- Found rosidl_generator_cpp: 3.1.8 (/opt/ros/humble/share/rosidl_generator_cpp/cmake)
[1.313s] -- Using all available rosidl_typesupport_c: rosidl_typesupport_fastrtps_c;rosidl_typesupport_introspection_c
[1.358s] -- Using all available rosidl_typesupport_cpp: rosidl_typesupport_fastrtps_cpp;rosidl_typesupport_introspection_cpp
[1.551s] -- Found rmw_implementation_cmake: 6.1.2 (/opt/ros/humble/share/rmw_implementation_cmake/cmake)
[1.559s] -- Found rmw_fastrtps_cpp: 6.2.10 (/opt/ros/humble/share/rmw_fastrtps_cpp/cmake)
[2.327s] -- Using RMW implementation 'rmw_fastrtps_cpp' as default
[2.756s] -- Found px4_ros2_cpp: 0.0.1 (/home/jagdeesh/tracker/install/px4_ros2_cpp/share/px4_ros2_cpp/cmake)
[2.794s] -- Found ament_lint_auto: 0.12.15 (/opt/ros/humble/share/ament_lint_auto/cmake)
[3.014s] -- Added test 'copyright' to check source files copyright and LICENSE
[3.014s] -- Added test 'cppcheck' to perform static code analysis on C / C++ code
[3.014s] -- Configured cppcheck include dirs: /home/jagdeesh/tracker/src/px4-ros2-interface-lib/examples/cpp/navigation/global_navigation/include
[3.015s] -- Configured cppcheck exclude dirs and/or files: 
[3.021s] -- Added test 'cpplint' to check C / C++ code against the Google style
[3.022s] -- Configured cpplint exclude dirs and/or files: 
[3.028s] -- Added test 'lint_cmake' to check CMake code style
[3.035s] -- Added test 'uncrustify' to check C / C++ code style
[3.036s] -- Configured uncrustify additional arguments: 
[3.039s] -- Added test 'xmllint' to check XML markup files
[3.051s] -- Configuring done
[3.115s] -- Generating done
[3.149s] -- Build files have been written to: /home/jagdeesh/tracker/build/example_global_navigation_cpp
[3.355s] Invoked command in '/home/jagdeesh/tracker/build/example_global_navigation_cpp' returned '0': AMENT_PREFIX_PATH=/home/jagdeesh/tracker/install/px4_ros2_cpp:/home/jagdeesh/tracker/install/px4_msgs:${AMENT_PREFIX_PATH} CMAKE_PREFIX_PATH=/home/jagdeesh/tracker/install/px4_ros2_cpp:/home/jagdeesh/tracker/install/px4_msgs:/opt/ros/humble LD_LIBRARY_PATH=/home/jagdeesh/tracker/install/px4_ros2_cpp/lib:/home/jagdeesh/tracker/install/px4_msgs/lib:${LD_LIBRARY_PATH} PYTHONPATH=/home/jagdeesh/tracker/install/px4_msgs/local/lib/python3.10/dist-packages:${PYTHONPATH} /usr/bin/cmake /home/jagdeesh/tracker/src/px4-ros2-interface-lib/examples/cpp/navigation/global_navigation -DCMAKE_INSTALL_PREFIX=/home/jagdeesh/tracker/install/example_global_navigation_cpp
[3.363s] Invoking command in '/home/jagdeesh/tracker/build/example_global_navigation_cpp': AMENT_PREFIX_PATH=/home/jagdeesh/tracker/install/px4_ros2_cpp:/home/jagdeesh/tracker/install/px4_msgs:${AMENT_PREFIX_PATH} CMAKE_PREFIX_PATH=/home/jagdeesh/tracker/install/px4_ros2_cpp:/home/jagdeesh/tracker/install/px4_msgs:/opt/ros/humble LD_LIBRARY_PATH=/home/jagdeesh/tracker/install/px4_ros2_cpp/lib:/home/jagdeesh/tracker/install/px4_msgs/lib:${LD_LIBRARY_PATH} PYTHONPATH=/home/jagdeesh/tracker/install/px4_msgs/local/lib/python3.10/dist-packages:${PYTHONPATH} /usr/bin/cmake --build /home/jagdeesh/tracker/build/example_global_navigation_cpp -- -j12 -l12
[3.460s] [35m[1mConsolidate compiler generated dependencies of target example_global_navigation[0m
[3.512s] [100%] Built target example_global_navigation
[3.674s] Invoked command in '/home/jagdeesh/tracker/build/example_global_navigation_cpp' returned '0': AMENT_PREFIX_PATH=/home/jagdeesh/tracker/install/px4_ros2_cpp:/home/jagdeesh/tracker/install/px4_msgs:${AMENT_PREFIX_PATH} CMAKE_PREFIX_PATH=/home/jagdeesh/tracker/install/px4_ros2_cpp:/home/jagdeesh/tracker/install/px4_msgs:/opt/ros/humble LD_LIBRARY_PATH=/home/jagdeesh/tracker/install/px4_ros2_cpp/lib:/home/jagdeesh/tracker/install/px4_msgs/lib:${LD_LIBRARY_PATH} PYTHONPATH=/home/jagdeesh/tracker/install/px4_msgs/local/lib/python3.10/dist-packages:${PYTHONPATH} /usr/bin/cmake --build /home/jagdeesh/tracker/build/example_global_navigation_cpp -- -j12 -l12
[3.675s] Invoking command in '/home/jagdeesh/tracker/build/example_global_navigation_cpp': AMENT_PREFIX_PATH=/home/jagdeesh/tracker/install/px4_ros2_cpp:/home/jagdeesh/tracker/install/px4_msgs:${AMENT_PREFIX_PATH} CMAKE_PREFIX_PATH=/home/jagdeesh/tracker/install/px4_ros2_cpp:/home/jagdeesh/tracker/install/px4_msgs:/opt/ros/humble LD_LIBRARY_PATH=/home/jagdeesh/tracker/install/px4_ros2_cpp/lib:/home/jagdeesh/tracker/install/px4_msgs/lib:${LD_LIBRARY_PATH} PYTHONPATH=/home/jagdeesh/tracker/install/px4_msgs/local/lib/python3.10/dist-packages:${PYTHONPATH} /usr/bin/cmake --install /home/jagdeesh/tracker/build/example_global_navigation_cpp
[3.704s] -- Install configuration: "Release"
[3.704s] -- Up-to-date: /home/jagdeesh/tracker/install/example_global_navigation_cpp/lib/example_global_navigation_cpp/example_global_navigation
[3.704s] -- Up-to-date: /home/jagdeesh/tracker/install/example_global_navigation_cpp/share/ament_index/resource_index/package_run_dependencies/example_global_navigation_cpp
[3.704s] -- Up-to-date: /home/jagdeesh/tracker/install/example_global_navigation_cpp/share/ament_index/resource_index/parent_prefix_path/example_global_navigation_cpp
[3.704s] -- Up-to-date: /home/jagdeesh/tracker/install/example_global_navigation_cpp/share/example_global_navigation_cpp/environment/ament_prefix_path.sh
[3.705s] -- Installing: /home/jagdeesh/tracker/install/example_global_navigation_cpp/share/example_global_navigation_cpp/environment/ament_prefix_path.dsv
[3.705s] -- Up-to-date: /home/jagdeesh/tracker/install/example_global_navigation_cpp/share/example_global_navigation_cpp/environment/path.sh
[3.705s] -- Installing: /home/jagdeesh/tracker/install/example_global_navigation_cpp/share/example_global_navigation_cpp/environment/path.dsv
[3.705s] -- Up-to-date: /home/jagdeesh/tracker/install/example_global_navigation_cpp/share/example_global_navigation_cpp/local_setup.bash
[3.705s] -- Up-to-date: /home/jagdeesh/tracker/install/example_global_navigation_cpp/share/example_global_navigation_cpp/local_setup.sh
[3.705s] -- Up-to-date: /home/jagdeesh/tracker/install/example_global_navigation_cpp/share/example_global_navigation_cpp/local_setup.zsh
[3.705s] -- Installing: /home/jagdeesh/tracker/install/example_global_navigation_cpp/share/example_global_navigation_cpp/local_setup.dsv
[3.708s] -- Installing: /home/jagdeesh/tracker/install/example_global_navigation_cpp/share/example_global_navigation_cpp/package.dsv
[3.708s] -- Up-to-date: /home/jagdeesh/tracker/install/example_global_navigation_cpp/share/ament_index/resource_index/packages/example_global_navigation_cpp
[3.708s] -- Up-to-date: /home/jagdeesh/tracker/install/example_global_navigation_cpp/share/example_global_navigation_cpp/cmake/example_global_navigation_cppConfig.cmake
[3.713s] -- Up-to-date: /home/jagdeesh/tracker/install/example_global_navigation_cpp/share/example_global_navigation_cpp/cmake/example_global_navigation_cppConfig-version.cmake
[3.716s] -- Up-to-date: /home/jagdeesh/tracker/install/example_global_navigation_cpp/share/example_global_navigation_cpp/package.xml
[3.778s] Invoked command in '/home/jagdeesh/tracker/build/example_global_navigation_cpp' returned '0': AMENT_PREFIX_PATH=/home/jagdeesh/tracker/install/px4_ros2_cpp:/home/jagdeesh/tracker/install/px4_msgs:${AMENT_PREFIX_PATH} CMAKE_PREFIX_PATH=/home/jagdeesh/tracker/install/px4_ros2_cpp:/home/jagdeesh/tracker/install/px4_msgs:/opt/ros/humble LD_LIBRARY_PATH=/home/jagdeesh/tracker/install/px4_ros2_cpp/lib:/home/jagdeesh/tracker/install/px4_msgs/lib:${LD_LIBRARY_PATH} PYTHONPATH=/home/jagdeesh/tracker/install/px4_msgs/local/lib/python3.10/dist-packages:${PYTHONPATH} /usr/bin/cmake --install /home/jagdeesh/tracker/build/example_global_navigation_cpp
