[0.051s] Invoking command in '/home/jagdeesh/tracker/build/example_mode_fw_attitude_cpp': AMENT_PREFIX_PATH=/home/jagdeesh/tracker/install/px4_ros2_cpp:/home/jagdeesh/tracker/install/px4_msgs:${AMENT_PREFIX_PATH} CMAKE_PREFIX_PATH=/home/jagdeesh/tracker/install/px4_ros2_cpp:/home/jagdeesh/tracker/install/px4_msgs:/opt/ros/humble LD_LIBRARY_PATH=/home/jagdeesh/tracker/install/px4_ros2_cpp/lib:/home/jagdeesh/tracker/install/px4_msgs/lib:${LD_LIBRARY_PATH} PYTHONPATH=/home/jagdeesh/tracker/install/px4_msgs/local/lib/python3.10/dist-packages:${PYTHONPATH} /usr/bin/cmake --build /home/jagdeesh/tracker/build/example_mode_fw_attitude_cpp -- -j12 -l12
[0.066s] gmake[1]: Entering directory '/home/jagdeesh/tracker/build/example_mode_fw_attitude_cpp'
[0.099s] gmake[2]: Entering directory '/home/jagdeesh/tracker/build/example_mode_fw_attitude_cpp'
[0.102s] gmake[3]: Entering directory '/home/jagdeesh/tracker/build/example_mode_fw_attitude_cpp'
[0.124s] Consolidate compiler generated dependencies of target example_mode_fw_attitude
[0.126s] gmake[3]: Leaving directory '/home/jagdeesh/tracker/build/example_mode_fw_attitude_cpp'
[0.148s] [100%] Built target example_mode_fw_attitude
[0.149s] gmake[2]: Leaving directory '/home/jagdeesh/tracker/build/example_mode_fw_attitude_cpp'
[0.161s] gmake[1]: Leaving directory '/home/jagdeesh/tracker/build/example_mode_fw_attitude_cpp'
[0.165s] Invoked command in '/home/jagdeesh/tracker/build/example_mode_fw_attitude_cpp' returned '0': AMENT_PREFIX_PATH=/home/jagdeesh/tracker/install/px4_ros2_cpp:/home/jagdeesh/tracker/install/px4_msgs:${AMENT_PREFIX_PATH} CMAKE_PREFIX_PATH=/home/jagdeesh/tracker/install/px4_ros2_cpp:/home/jagdeesh/tracker/install/px4_msgs:/opt/ros/humble LD_LIBRARY_PATH=/home/jagdeesh/tracker/install/px4_ros2_cpp/lib:/home/jagdeesh/tracker/install/px4_msgs/lib:${LD_LIBRARY_PATH} PYTHONPATH=/home/jagdeesh/tracker/install/px4_msgs/local/lib/python3.10/dist-packages:${PYTHONPATH} /usr/bin/cmake --build /home/jagdeesh/tracker/build/example_mode_fw_attitude_cpp -- -j12 -l12
[0.168s] Invoking command in '/home/jagdeesh/tracker/build/example_mode_fw_attitude_cpp': AMENT_PREFIX_PATH=/home/jagdeesh/tracker/install/px4_ros2_cpp:/home/jagdeesh/tracker/install/px4_msgs:${AMENT_PREFIX_PATH} CMAKE_PREFIX_PATH=/home/jagdeesh/tracker/install/px4_ros2_cpp:/home/jagdeesh/tracker/install/px4_msgs:/opt/ros/humble LD_LIBRARY_PATH=/home/jagdeesh/tracker/install/px4_ros2_cpp/lib:/home/jagdeesh/tracker/install/px4_msgs/lib:${LD_LIBRARY_PATH} PYTHONPATH=/home/jagdeesh/tracker/install/px4_msgs/local/lib/python3.10/dist-packages:${PYTHONPATH} /usr/bin/cmake --install /home/jagdeesh/tracker/build/example_mode_fw_attitude_cpp
[0.179s] -- Install configuration: "Release"
[0.180s] -- Up-to-date: /home/jagdeesh/tracker/install/example_mode_fw_attitude_cpp/lib/example_mode_fw_attitude_cpp/example_mode_fw_attitude
[0.180s] -- Up-to-date: /home/jagdeesh/tracker/install/example_mode_fw_attitude_cpp/share/ament_index/resource_index/package_run_dependencies/example_mode_fw_attitude_cpp
[0.181s] -- Up-to-date: /home/jagdeesh/tracker/install/example_mode_fw_attitude_cpp/share/ament_index/resource_index/parent_prefix_path/example_mode_fw_attitude_cpp
[0.181s] -- Up-to-date: /home/jagdeesh/tracker/install/example_mode_fw_attitude_cpp/share/example_mode_fw_attitude_cpp/environment/ament_prefix_path.sh
[0.181s] -- Up-to-date: /home/jagdeesh/tracker/install/example_mode_fw_attitude_cpp/share/example_mode_fw_attitude_cpp/environment/ament_prefix_path.dsv
[0.181s] -- Up-to-date: /home/jagdeesh/tracker/install/example_mode_fw_attitude_cpp/share/example_mode_fw_attitude_cpp/environment/path.sh
[0.181s] -- Up-to-date: /home/jagdeesh/tracker/install/example_mode_fw_attitude_cpp/share/example_mode_fw_attitude_cpp/environment/path.dsv
[0.181s] -- Up-to-date: /home/jagdeesh/tracker/install/example_mode_fw_attitude_cpp/share/example_mode_fw_attitude_cpp/local_setup.bash
[0.181s] -- Up-to-date: /home/jagdeesh/tracker/install/example_mode_fw_attitude_cpp/share/example_mode_fw_attitude_cpp/local_setup.sh
[0.181s] -- Up-to-date: /home/jagdeesh/tracker/install/example_mode_fw_attitude_cpp/share/example_mode_fw_attitude_cpp/local_setup.zsh
[0.181s] -- Up-to-date: /home/jagdeesh/tracker/install/example_mode_fw_attitude_cpp/share/example_mode_fw_attitude_cpp/local_setup.dsv
[0.181s] -- Installing: /home/jagdeesh/tracker/install/example_mode_fw_attitude_cpp/share/example_mode_fw_attitude_cpp/package.dsv
[0.182s] -- Up-to-date: /home/jagdeesh/tracker/install/example_mode_fw_attitude_cpp/share/ament_index/resource_index/packages/example_mode_fw_attitude_cpp
[0.182s] -- Up-to-date: /home/jagdeesh/tracker/install/example_mode_fw_attitude_cpp/share/example_mode_fw_attitude_cpp/cmake/example_mode_fw_attitude_cppConfig.cmake
[0.182s] -- Up-to-date: /home/jagdeesh/tracker/install/example_mode_fw_attitude_cpp/share/example_mode_fw_attitude_cpp/cmake/example_mode_fw_attitude_cppConfig-version.cmake
[0.182s] -- Up-to-date: /home/jagdeesh/tracker/install/example_mode_fw_attitude_cpp/share/example_mode_fw_attitude_cpp/package.xml
[0.184s] Invoked command in '/home/jagdeesh/tracker/build/example_mode_fw_attitude_cpp' returned '0': AMENT_PREFIX_PATH=/home/jagdeesh/tracker/install/px4_ros2_cpp:/home/jagdeesh/tracker/install/px4_msgs:${AMENT_PREFIX_PATH} CMAKE_PREFIX_PATH=/home/jagdeesh/tracker/install/px4_ros2_cpp:/home/jagdeesh/tracker/install/px4_msgs:/opt/ros/humble LD_LIBRARY_PATH=/home/jagdeesh/tracker/install/px4_ros2_cpp/lib:/home/jagdeesh/tracker/install/px4_msgs/lib:${LD_LIBRARY_PATH} PYTHONPATH=/home/jagdeesh/tracker/install/px4_msgs/local/lib/python3.10/dist-packages:${PYTHONPATH} /usr/bin/cmake --install /home/jagdeesh/tracker/build/example_mode_fw_attitude_cpp
