[0.092s] Invoking command in '/home/jagdeesh/tracker/build/example_local_navigation_cpp': AMENT_PREFIX_PATH=/home/jagdeesh/tracker/install/px4_ros2_cpp:/home/jagdeesh/tracker/install/px4_msgs:${AMENT_PREFIX_PATH} CMAKE_PREFIX_PATH=/home/jagdeesh/tracker/install/px4_ros2_cpp:/home/jagdeesh/tracker/install/px4_msgs:/opt/ros/humble LD_LIBRARY_PATH=/home/jagdeesh/tracker/install/px4_ros2_cpp/lib:/home/jagdeesh/tracker/install/px4_msgs/lib:${LD_LIBRARY_PATH} PYTHONPATH=/home/jagdeesh/tracker/install/px4_msgs/local/lib/python3.10/dist-packages:${PYTHONPATH} /usr/bin/cmake --build /home/jagdeesh/tracker/build/example_local_navigation_cpp -- -j12 -l12
[0.252s] [100%] Built target example_local_navigation
[0.303s] Invoked command in '/home/jagdeesh/tracker/build/example_local_navigation_cpp' returned '0': AMENT_PREFIX_PATH=/home/jagdeesh/tracker/install/px4_ros2_cpp:/home/jagdeesh/tracker/install/px4_msgs:${AMENT_PREFIX_PATH} CMAKE_PREFIX_PATH=/home/jagdeesh/tracker/install/px4_ros2_cpp:/home/jagdeesh/tracker/install/px4_msgs:/opt/ros/humble LD_LIBRARY_PATH=/home/jagdeesh/tracker/install/px4_ros2_cpp/lib:/home/jagdeesh/tracker/install/px4_msgs/lib:${LD_LIBRARY_PATH} PYTHONPATH=/home/jagdeesh/tracker/install/px4_msgs/local/lib/python3.10/dist-packages:${PYTHONPATH} /usr/bin/cmake --build /home/jagdeesh/tracker/build/example_local_navigation_cpp -- -j12 -l12
[0.304s] Invoking command in '/home/jagdeesh/tracker/build/example_local_navigation_cpp': AMENT_PREFIX_PATH=/home/jagdeesh/tracker/install/px4_ros2_cpp:/home/jagdeesh/tracker/install/px4_msgs:${AMENT_PREFIX_PATH} CMAKE_PREFIX_PATH=/home/jagdeesh/tracker/install/px4_ros2_cpp:/home/jagdeesh/tracker/install/px4_msgs:/opt/ros/humble LD_LIBRARY_PATH=/home/jagdeesh/tracker/install/px4_ros2_cpp/lib:/home/jagdeesh/tracker/install/px4_msgs/lib:${LD_LIBRARY_PATH} PYTHONPATH=/home/jagdeesh/tracker/install/px4_msgs/local/lib/python3.10/dist-packages:${PYTHONPATH} /usr/bin/cmake --install /home/jagdeesh/tracker/build/example_local_navigation_cpp
[0.432s] -- Install configuration: "Release"
[0.435s] -- Up-to-date: /home/jagdeesh/tracker/install/example_local_navigation_cpp/lib/example_local_navigation_cpp/example_local_navigation
[0.435s] -- Up-to-date: /home/jagdeesh/tracker/install/example_local_navigation_cpp/share/ament_index/resource_index/package_run_dependencies/example_local_navigation_cpp
[0.436s] -- Up-to-date: /home/jagdeesh/tracker/install/example_local_navigation_cpp/share/ament_index/resource_index/parent_prefix_path/example_local_navigation_cpp
[0.436s] -- Up-to-date: /home/jagdeesh/tracker/install/example_local_navigation_cpp/share/example_local_navigation_cpp/environment/ament_prefix_path.sh
[0.437s] -- Up-to-date: /home/jagdeesh/tracker/install/example_local_navigation_cpp/share/example_local_navigation_cpp/environment/ament_prefix_path.dsv
[0.437s] -- Up-to-date: /home/jagdeesh/tracker/install/example_local_navigation_cpp/share/example_local_navigation_cpp/environment/path.sh
[0.437s] -- Up-to-date: /home/jagdeesh/tracker/install/example_local_navigation_cpp/share/example_local_navigation_cpp/environment/path.dsv
[0.437s] -- Up-to-date: /home/jagdeesh/tracker/install/example_local_navigation_cpp/share/example_local_navigation_cpp/local_setup.bash
[0.437s] -- Up-to-date: /home/jagdeesh/tracker/install/example_local_navigation_cpp/share/example_local_navigation_cpp/local_setup.sh
[0.450s] -- Up-to-date: /home/jagdeesh/tracker/install/example_local_navigation_cpp/share/example_local_navigation_cpp/local_setup.zsh
[0.450s] -- Up-to-date: /home/jagdeesh/tracker/install/example_local_navigation_cpp/share/example_local_navigation_cpp/local_setup.dsv
[0.451s] -- Up-to-date: /home/jagdeesh/tracker/install/example_local_navigation_cpp/share/example_local_navigation_cpp/package.dsv
[0.451s] -- Up-to-date: /home/jagdeesh/tracker/install/example_local_navigation_cpp/share/ament_index/resource_index/packages/example_local_navigation_cpp
[0.451s] -- Up-to-date: /home/jagdeesh/tracker/install/example_local_navigation_cpp/share/example_local_navigation_cpp/cmake/example_local_navigation_cppConfig.cmake
[0.451s] -- Up-to-date: /home/jagdeesh/tracker/install/example_local_navigation_cpp/share/example_local_navigation_cpp/cmake/example_local_navigation_cppConfig-version.cmake
[0.451s] -- Up-to-date: /home/jagdeesh/tracker/install/example_local_navigation_cpp/share/example_local_navigation_cpp/package.xml
[0.486s] Invoked command in '/home/jagdeesh/tracker/build/example_local_navigation_cpp' returned '0': AMENT_PREFIX_PATH=/home/jagdeesh/tracker/install/px4_ros2_cpp:/home/jagdeesh/tracker/install/px4_msgs:${AMENT_PREFIX_PATH} CMAKE_PREFIX_PATH=/home/jagdeesh/tracker/install/px4_ros2_cpp:/home/jagdeesh/tracker/install/px4_msgs:/opt/ros/humble LD_LIBRARY_PATH=/home/jagdeesh/tracker/install/px4_ros2_cpp/lib:/home/jagdeesh/tracker/install/px4_msgs/lib:${LD_LIBRARY_PATH} PYTHONPATH=/home/jagdeesh/tracker/install/px4_msgs/local/lib/python3.10/dist-packages:${PYTHONPATH} /usr/bin/cmake --install /home/jagdeesh/tracker/build/example_local_navigation_cpp
