[0.020s] Invoking command in '/home/jagdeesh/tracker/build/ros_ign_gazebo': AMENT_PREFIX_PATH=/home/jagdeesh/tracker/install/ros_gz_sim:${AMENT_PREFIX_PATH} CMAKE_PREFIX_PATH=/home/jagdeesh/tracker/install/ros_gz_sim:/opt/ros/humble LD_LIBRARY_PATH=/home/jagdeesh/tracker/install/ros_gz_sim/lib:${LD_LIBRARY_PATH} /usr/bin/cmake /home/jagdeesh/tracker/src/ros_gz/ros_ign_gazebo -DCMAKE_INSTALL_PREFIX=/home/jagdeesh/tracker/install/ros_ign_gazebo
[0.048s] -- Found ament_cmake: 1.3.14 (/opt/ros/humble/share/ament_cmake/cmake)
[0.353s] -- Found ament_index_cpp: 1.4.1 (/opt/ros/humble/share/ament_index_cpp/cmake)
[0.357s] -- Looking for ignition-gazebo6 -- found version 6.17.1
[0.370s] -- Searching for dependencies of ignition-gazebo6
[0.370s] -- Looking for sdformat12 -- found version 12.9.0
[0.370s] -- Searching for dependencies of sdformat12
[0.379s] -- Checking for module 'tinyxml2'
[0.403s] --   Found tinyxml2, version 9.0.0
[0.460s] -- Looking for ignition-math6 -- found version 6.15.1
[0.461s] -- Searching for dependencies of ignition-math6
[0.464s] -- Looking for ignition-utils1 -- found version 1.5.1
[0.466s] -- Searching for dependencies of ignition-utils1
[0.471s] -- Looking for ignition-plugin1 -- found version 1.4.0
[0.476s] -- Searching for dependencies of ignition-plugin1
[0.476s] -- Searching for <ignition-plugin1> component [loader]
[0.476s] -- Looking for ignition-plugin1-loader -- found version 1.4.0
[0.477s] -- Searching for dependencies of ignition-plugin1-loader
[0.478s] -- Searching for <ignition-plugin1> component [register]
[0.478s] -- Looking for ignition-plugin1-register -- found version 1.4.0
[0.480s] -- Searching for dependencies of ignition-plugin1-register
[0.482s] -- Looking for ignition-transport11 -- found version 11.4.2
[0.484s] -- Searching for dependencies of ignition-transport11
[0.574s] -- Config-file not installed for ZeroMQ -- checking for pkg-config
[0.601s] -- Checking for module 'libzmq >= 4'
[0.652s] --   Found libzmq , version 4.3.4
[0.861s] -- Checking for module 'uuid'
[0.899s] --   Found uuid, version 2.37.2
[0.981s] -- Looking for ignition-utils1 -- found version 1.5.1
[0.982s] -- Searching for dependencies of ignition-utils1
[0.982s] -- Searching for <ignition-utils1> component [cli]
[0.985s] -- Looking for ignition-utils1-cli -- found version 1.5.1
[0.986s] -- Searching for dependencies of ignition-utils1-cli
[0.989s] -- Looking for ignition-msgs8 -- found version 8.7.0
[0.992s] -- Searching for dependencies of ignition-msgs8
[1.046s] -- Found Protobuf: /usr/lib/x86_64-linux-gnu/libprotobuf.so (found suitable version "3.12.4", minimum required is "3") 
[1.048s] -- Looking for ignition-math6 -- found version 6.15.1
[1.102s] -- Searching for <ignition-transport11> component [log]
[1.103s] -- Looking for ignition-transport11-log -- found version 11.4.2
[1.105s] -- Searching for dependencies of ignition-transport11-log
[1.107s] -- Searching for <ignition-transport11> component [parameters]
[1.107s] -- Looking for ignition-transport11-parameters -- found version 11.4.2
[1.111s] -- Searching for dependencies of ignition-transport11-parameters
[1.111s] -- Looking for ignition-msgs8 -- found version 8.7.0
[1.112s] -- Looking for ignition-common4 -- found version 4.8.0
[1.115s] -- Searching for dependencies of ignition-common4
[1.115s] -- Looking for dlfcn.h - found
[1.115s] -- Looking for libdl - found
[1.137s] -- Searching for <ignition-common4> component [profiler]
[1.138s] -- Looking for ignition-common4-profiler -- found version 4.8.0
[1.139s] -- Searching for dependencies of ignition-common4-profiler
[1.140s] -- Searching for <ignition-common4> component [events]
[1.142s] -- Looking for ignition-common4-events -- found version 4.8.0
[1.142s] -- Searching for dependencies of ignition-common4-events
[1.143s] -- Looking for ignition-math6 -- found version 6.15.1
[1.146s] -- Searching for <ignition-common4> component [av]
[1.146s] -- Looking for ignition-common4-av -- found version 4.8.0
[1.147s] -- Searching for dependencies of ignition-common4-av
[1.158s] -- Checking for module 'libswscale'
[1.190s] --   Found libswscale, version 5.9.100
[1.310s] -- Checking for module 'libavdevice >= 56.4.100'
[1.340s] --   Found libavdevice , version 58.13.100
[1.456s] -- Checking for module 'libavformat'
[1.509s] --   Found libavformat, version 58.76.100
[1.642s] -- Checking for module 'libavcodec'
[1.700s] --   Found libavcodec, version 58.134.100
[1.777s] -- Checking for module 'libavutil'
[1.822s] --   Found libavutil, version 56.70.100
[1.899s] -- Looking for ignition-fuel_tools7 -- found version 7.3.1
[1.901s] -- Searching for dependencies of ignition-fuel_tools7
[2.017s] -- Checking for module 'jsoncpp'
[2.059s] --   Found jsoncpp, version 1.9.5
[2.167s] -- Checking for module 'libzip'
[2.218s] --   Found libzip, version 1.7.3
[2.342s] -- Looking for ignition-common4 -- found version 4.8.0
[2.343s] -- Looking for ignition-math6 -- found version 6.15.1
[2.344s] -- Looking for ignition-msgs8 -- found version 8.7.0
[2.352s] -- Looking for ignition-gui6 -- found version 6.9.0
[2.352s] -- Searching for dependencies of ignition-gui6
[2.424s] -- Found Protobuf: /usr/lib/x86_64-linux-gnu/libprotobuf.so (found version "3.12.4") 
[2.448s] -- Looking for ignition-math6 -- found version 6.15.1
[2.450s] -- Looking for ignition-common4 -- found version 4.8.0
[2.450s] -- Looking for ignition-plugin1 -- found version 1.4.0
[2.450s] -- Looking for ignition-transport11 -- found version 11.4.2
[2.450s] -- Looking for ignition-rendering6 -- found version 6.6.4
[2.450s] -- Searching for dependencies of ignition-rendering6
[2.451s] -- Looking for ignition-math6 -- found version 6.15.1
[2.455s] -- Searching for dependencies of ignition-math6
[2.455s] -- Searching for <ignition-math6> component [eigen3]
[2.455s] -- Looking for ignition-math6-eigen3 -- found version 6.15.1
[2.455s] -- Searching for dependencies of ignition-math6-eigen3
[2.457s] -- Looking for ignition-common4 -- found version 4.8.0
[2.461s] -- Searching for dependencies of ignition-common4
[2.461s] -- Looking for dlfcn.h - found
[2.461s] -- Looking for libdl - found
[2.484s] -- Searching for <ignition-common4> component [graphics]
[2.484s] -- Looking for ignition-common4-graphics -- found version 4.8.0
[2.484s] -- Searching for dependencies of ignition-common4-graphics
[2.484s] -- Looking for ignition-math6 -- found version 6.15.1
[2.485s] -- Looking for ignition-utils1 -- found version 1.5.1
[2.488s] -- Searching for <ignition-common4> component [events]
[2.491s] -- Looking for ignition-plugin1 -- found version 1.4.0
[2.491s] -- Searching for dependencies of ignition-plugin1
[2.492s] -- Searching for <ignition-plugin1> component [all]
[2.492s] -- Looking for all libraries of ignition-plugin1 -- found version 1.4.0
[2.494s] -- Looking for ignition-plugin1 -- found version 1.4.0
[2.501s] -- Looking for ignition-msgs8 -- found version 8.7.0
[2.532s] -- Looking for ignition-physics5 -- found version 5.4.0
[2.536s] -- Searching for dependencies of ignition-physics5
[2.536s] -- Looking for ignition-math6 -- found version 6.15.1
[2.537s] -- Looking for ignition-plugin1 -- found version 1.4.0
[2.538s] -- Looking for ignition-utils1 -- found version 1.5.1
[2.540s] -- Searching for <ignition-physics5> component [heightmap]
[2.542s] -- Looking for ignition-physics5-heightmap -- found version 5.4.0
[2.543s] -- Searching for dependencies of ignition-physics5-heightmap
[2.543s] -- Looking for ignition-common4 -- found version 4.8.0
[2.543s] -- Searching for <ignition-physics5> component [mesh]
[2.547s] -- Looking for ignition-physics5-mesh -- found version 5.4.0
[2.547s] -- Searching for dependencies of ignition-physics5-mesh
[2.548s] -- Looking for ignition-common4 -- found version 4.8.0
[2.549s] -- Searching for <ignition-physics5> component [sdf]
[2.549s] -- Looking for ignition-physics5-sdf -- found version 5.4.0
[2.551s] -- Searching for dependencies of ignition-physics5-sdf
[2.552s] -- Looking for sdformat12 -- found version 12.9.0
[2.555s] -- Looking for ignition-sensors6 -- found version 6.9.0
[2.556s] -- Searching for dependencies of ignition-sensors6
[2.601s] -- Looking for ignition-math6 -- found version 6.15.1
[2.601s] -- Looking for ignition-common4 -- found version 4.8.0
[2.603s] -- Looking for ignition-transport11 -- found version 11.4.2
[2.604s] -- Looking for ignition-rendering6 -- found version 6.6.4
[2.607s] -- Looking for ignition-msgs8 -- found version 8.7.0
[2.608s] -- Looking for sdformat12 -- found version 12.9.0
[2.610s] -- Searching for <ignition-sensors6> component [air_pressure]
[2.610s] -- Looking for ignition-sensors6-air_pressure -- found version 6.9.0
[2.611s] -- Searching for dependencies of ignition-sensors6-air_pressure
[2.612s] -- Searching for <ignition-sensors6> component [altimeter]
[2.614s] -- Looking for ignition-sensors6-altimeter -- found version 6.9.0
[2.616s] -- Searching for dependencies of ignition-sensors6-altimeter
[2.616s] -- Searching for <ignition-sensors6> component [imu]
[2.616s] -- Looking for ignition-sensors6-imu -- found version 6.9.0
[2.617s] -- Searching for dependencies of ignition-sensors6-imu
[2.618s] -- Searching for <ignition-sensors6> component [force_torque]
[2.618s] -- Looking for ignition-sensors6-force_torque -- found version 6.9.0
[2.622s] -- Searching for dependencies of ignition-sensors6-force_torque
[2.622s] -- Searching for <ignition-sensors6> component [logical_camera]
[2.622s] -- Looking for ignition-sensors6-logical_camera -- found version 6.9.0
[2.627s] -- Searching for dependencies of ignition-sensors6-logical_camera
[2.627s] -- Searching for <ignition-sensors6> component [magnetometer]
[2.627s] -- Looking for ignition-sensors6-magnetometer -- found version 6.9.0
[2.629s] -- Searching for dependencies of ignition-sensors6-magnetometer
[2.629s] -- Searching for <ignition-sensors6> component [navsat]
[2.629s] -- Looking for ignition-sensors6-navsat -- found version 6.9.0
[2.629s] -- Searching for dependencies of ignition-sensors6-navsat
[2.631s] -- Searching for <ignition-sensors6> component [rendering]
[2.631s] -- Looking for ignition-sensors6-rendering -- found version 6.9.0
[2.635s] -- Searching for dependencies of ignition-sensors6-rendering
[2.635s] -- Searching for <ignition-sensors6> component [lidar]
[2.636s] -- Looking for ignition-sensors6-lidar -- found version 6.9.0
[2.636s] -- Searching for dependencies of ignition-sensors6-lidar
[2.636s] -- Looking for ignition-sensors6 -- found version 6.9.0
[2.637s] -- Searching for <ignition-sensors6> component [gpu_lidar]
[2.641s] -- Looking for ignition-sensors6-gpu_lidar -- found version 6.9.0
[2.641s] -- Searching for dependencies of ignition-sensors6-gpu_lidar
[2.641s] -- Looking for ignition-sensors6 -- found version 6.9.0
[2.642s] -- Searching for <ignition-sensors6> component [camera]
[2.642s] -- Looking for ignition-sensors6-camera -- found version 6.9.0
[2.643s] -- Searching for dependencies of ignition-sensors6-camera
[2.644s] -- Looking for ignition-sensors6 -- found version 6.9.0
[2.646s] -- Searching for <ignition-sensors6> component [boundingbox_camera]
[2.647s] -- Looking for ignition-sensors6-boundingbox_camera -- found version 6.9.0
[2.647s] -- Searching for dependencies of ignition-sensors6-boundingbox_camera
[2.649s] -- Searching for <ignition-sensors6> component [segmentation_camera]
[2.650s] -- Looking for ignition-sensors6-segmentation_camera -- found version 6.9.0
[2.652s] -- Searching for dependencies of ignition-sensors6-segmentation_camera
[2.653s] -- Searching for <ignition-sensors6> component [depth_camera]
[2.653s] -- Looking for ignition-sensors6-depth_camera -- found version 6.9.0
[2.654s] -- Searching for dependencies of ignition-sensors6-depth_camera
[2.654s] -- Looking for ignition-sensors6 -- found version 6.9.0
[2.655s] -- Searching for <ignition-sensors6> component [rgbd_camera]
[2.656s] -- Looking for ignition-sensors6-rgbd_camera -- found version 6.9.0
[2.657s] -- Searching for dependencies of ignition-sensors6-rgbd_camera
[2.658s] -- Looking for ignition-sensors6 -- found version 6.9.0
[2.659s] -- Searching for <ignition-sensors6> component [thermal_camera]
[2.663s] -- Looking for ignition-sensors6-thermal_camera -- found version 6.9.0
[2.663s] -- Searching for dependencies of ignition-sensors6-thermal_camera
[2.664s] -- Looking for ignition-sensors6 -- found version 6.9.0
[2.665s] -- Looking for ignition-rendering6 -- found version 6.6.4
[2.665s] -- Looking for ignition-math6 -- found version 6.15.1
[2.667s] -- Looking for ignition-utils1 -- found version 1.5.1
[2.716s] -- Compiling against Gazebo Fortress
[2.890s] -- Configuring done
[2.918s] -- Generating done
[2.930s] -- Build files have been written to: /home/jagdeesh/tracker/build/ros_ign_gazebo
[3.326s] Invoked command in '/home/jagdeesh/tracker/build/ros_ign_gazebo' returned '0': AMENT_PREFIX_PATH=/home/jagdeesh/tracker/install/ros_gz_sim:${AMENT_PREFIX_PATH} CMAKE_PREFIX_PATH=/home/jagdeesh/tracker/install/ros_gz_sim:/opt/ros/humble LD_LIBRARY_PATH=/home/jagdeesh/tracker/install/ros_gz_sim/lib:${LD_LIBRARY_PATH} /usr/bin/cmake /home/jagdeesh/tracker/src/ros_gz/ros_ign_gazebo -DCMAKE_INSTALL_PREFIX=/home/jagdeesh/tracker/install/ros_ign_gazebo
[3.331s] Invoking command in '/home/jagdeesh/tracker/build/ros_ign_gazebo': AMENT_PREFIX_PATH=/home/jagdeesh/tracker/install/ros_gz_sim:${AMENT_PREFIX_PATH} CMAKE_PREFIX_PATH=/home/jagdeesh/tracker/install/ros_gz_sim:/opt/ros/humble LD_LIBRARY_PATH=/home/jagdeesh/tracker/install/ros_gz_sim/lib:${LD_LIBRARY_PATH} /usr/bin/cmake --build /home/jagdeesh/tracker/build/ros_ign_gazebo -- -j12 -l12
[3.439s] [35m[1mConsolidate compiler generated dependencies of target create[0m
[3.480s] [100%] Built target create
[3.517s] Invoked command in '/home/jagdeesh/tracker/build/ros_ign_gazebo' returned '0': AMENT_PREFIX_PATH=/home/jagdeesh/tracker/install/ros_gz_sim:${AMENT_PREFIX_PATH} CMAKE_PREFIX_PATH=/home/jagdeesh/tracker/install/ros_gz_sim:/opt/ros/humble LD_LIBRARY_PATH=/home/jagdeesh/tracker/install/ros_gz_sim/lib:${LD_LIBRARY_PATH} /usr/bin/cmake --build /home/jagdeesh/tracker/build/ros_ign_gazebo -- -j12 -l12
[3.522s] Invoking command in '/home/jagdeesh/tracker/build/ros_ign_gazebo': AMENT_PREFIX_PATH=/home/jagdeesh/tracker/install/ros_gz_sim:${AMENT_PREFIX_PATH} CMAKE_PREFIX_PATH=/home/jagdeesh/tracker/install/ros_gz_sim:/opt/ros/humble LD_LIBRARY_PATH=/home/jagdeesh/tracker/install/ros_gz_sim/lib:${LD_LIBRARY_PATH} /usr/bin/cmake --install /home/jagdeesh/tracker/build/ros_ign_gazebo
[3.557s] -- Install configuration: "Release"
[3.557s] -- Up-to-date: /home/jagdeesh/tracker/install/ros_ign_gazebo/share/ros_ign_gazebo/launch/ign_gazebo.launch.py
[3.561s] -- Up-to-date: /home/jagdeesh/tracker/install/ros_ign_gazebo/lib/ros_ign_gazebo/create
[3.561s] -- Up-to-date: /home/jagdeesh/tracker/install/ros_ign_gazebo/share/ament_index/resource_index/package_run_dependencies/ros_ign_gazebo
[3.561s] -- Up-to-date: /home/jagdeesh/tracker/install/ros_ign_gazebo/share/ament_index/resource_index/parent_prefix_path/ros_ign_gazebo
[3.561s] -- Up-to-date: /home/jagdeesh/tracker/install/ros_ign_gazebo/share/ros_ign_gazebo/environment/ament_prefix_path.sh
[3.561s] -- Installing: /home/jagdeesh/tracker/install/ros_ign_gazebo/share/ros_ign_gazebo/environment/ament_prefix_path.dsv
[3.562s] -- Up-to-date: /home/jagdeesh/tracker/install/ros_ign_gazebo/share/ros_ign_gazebo/environment/path.sh
[3.562s] -- Installing: /home/jagdeesh/tracker/install/ros_ign_gazebo/share/ros_ign_gazebo/environment/path.dsv
[3.562s] -- Up-to-date: /home/jagdeesh/tracker/install/ros_ign_gazebo/share/ros_ign_gazebo/local_setup.bash
[3.562s] -- Up-to-date: /home/jagdeesh/tracker/install/ros_ign_gazebo/share/ros_ign_gazebo/local_setup.sh
[3.563s] -- Up-to-date: /home/jagdeesh/tracker/install/ros_ign_gazebo/share/ros_ign_gazebo/local_setup.zsh
[3.567s] -- Installing: /home/jagdeesh/tracker/install/ros_ign_gazebo/share/ros_ign_gazebo/local_setup.dsv
[3.567s] -- Installing: /home/jagdeesh/tracker/install/ros_ign_gazebo/share/ros_ign_gazebo/package.dsv
[3.567s] -- Up-to-date: /home/jagdeesh/tracker/install/ros_ign_gazebo/share/ament_index/resource_index/packages/ros_ign_gazebo
[3.568s] -- Up-to-date: /home/jagdeesh/tracker/install/ros_ign_gazebo/share/ros_ign_gazebo/cmake/ament_cmake_export_dependencies-extras.cmake
[3.568s] -- Up-to-date: /home/jagdeesh/tracker/install/ros_ign_gazebo/share/ros_ign_gazebo/cmake/ros_ign_gazeboConfig.cmake
[3.568s] -- Up-to-date: /home/jagdeesh/tracker/install/ros_ign_gazebo/share/ros_ign_gazebo/cmake/ros_ign_gazeboConfig-version.cmake
[3.568s] -- Up-to-date: /home/jagdeesh/tracker/install/ros_ign_gazebo/share/ros_ign_gazebo/package.xml
[3.569s] Invoked command in '/home/jagdeesh/tracker/build/ros_ign_gazebo' returned '0': AMENT_PREFIX_PATH=/home/jagdeesh/tracker/install/ros_gz_sim:${AMENT_PREFIX_PATH} CMAKE_PREFIX_PATH=/home/jagdeesh/tracker/install/ros_gz_sim:/opt/ros/humble LD_LIBRARY_PATH=/home/jagdeesh/tracker/install/ros_gz_sim/lib:${LD_LIBRARY_PATH} /usr/bin/cmake --install /home/jagdeesh/tracker/build/ros_ign_gazebo
